[ SCHEMES ] 0, 0, 0, 0
[EXEC-main] 0, 1
[EXEC-task] 4, 0.100000
[EXEC-skew] -1, 0.050000, 0.950000, -1518217120
[EXEC-OP  ] 0, 0.320000, 35
[NOB MAXPE] : 1000, 2000
expected_invalid : 34860, expected_fp : 5589, maxvalid : 87039
::UUNIFAST GEN::
[0]0.029405
[1]0.028722
[2]0.027141
[3]0.014731
[ALL]0.100000
min_rc,wn,mult : 35 25 1
wp: 673536, wn : 25, rp : 1713976, rn : 18, gcp : 673536 wu: 0.026465, ru: 0.002941, gcu : 0.142307
min_rc,wn,mult : 35 10 3
wp: 620602, wn : 10, rp : 519925, rn : 32, gcp : 1861806 wu: 0.011489, ru: 0.017233, gcu : 0.051482
min_rc,wn,mult : 35 12 2
wp: 394051, wn : 12, rp : 2269617, rn : 44, gcp : 788102 wu: 0.021713, ru: 0.005428, gcu : 0.121620
min_rc,wn,mult : 35 16 2
wp: 1290660, wn : 16, rp : 1995727, rn : 42, gcp : 2581320 wu: 0.008839, ru: 0.005893, gcu : 0.037132
WRsum : 0.100000, utilsum(noblock): 0.452541, utilsum(nogc): 0.008882 totutil : 0.461423
saving 25,673536,18,1713976,673536,0,21758
saving 10,620602,32,519925,1861806,21759,43517
saving 12,394051,44,2269617,788102,43518,65276
saving 16,1290660,42,1995727,2581320,65277,87035
[ SCHEMES ] 0, 0, 0, 0
[EXEC-main] 1, 0
[EXEC-task] 4, 0.100000
[EXEC-skew] -1, 0.050000, 0.950000, -1861748640
[EXEC-OP  ] 0, 0.320000, 35
[NOB MAXPE] : 1000, 2000
expected_invalid : 34860, expected_fp : 5589, maxvalid : 87039
reading 25,673536,18,1713976,673536,0,21758
reading 10,620602,32,519925,1861806,21759,43517
reading 12,394051,44,2269617,788102,43518,65276
reading 16,1290660,42,1995727,2581320,65277,87035
workload generated!
