[ SCHEMES ] 0, 0, 0, 0
[EXEC-main] 0, 1
[EXEC-task] 4, 0.150000
[EXEC-skew] -1, 0.050000, 0.950000, 0
[EXEC-OP  ] 0, 0.320000, 35
[NOB MAXPE] : 1000, 2000
expected_invalid : 34860, expected_fp : 5589, maxvalid : 87039
::UUNIFAST GEN::
[0]0.025194
[1]0.030084
[2]0.040161
[3]0.054562
[ALL]0.150000
min_rc,wn,mult : 35 6 5
wp: 849019, wn : 6, rp : 138923, rn : 10, gcp : 4245095 wu: 0.005039, ru: 0.020155, gcu : 0.022579
min_rc,wn,mult : 35 5 7
wp: 592515, wn : 5, rp : 360661, rn : 31, gcp : 4147605 wu: 0.006017, ru: 0.024067, gcu : 0.023109
min_rc,wn,mult : 35 2 17
wp: 71014, wn : 2, rp : 571701, rn : 41, gcp : 1207238 wu: 0.020080, ru: 0.020080, gcu : 0.079395
min_rc,wn,mult : 35 3 11
wp: 65338, wn : 3, rp : 513179, rn : 40, gcp : 718718 wu: 0.032737, ru: 0.021825, gcu : 0.133361
WRsum : 0.150001, utilsum(noblock): 0.408445, utilsum(nogc): 0.053568 totutil : 0.462013
saving 6,849019,10,138923,4245095,0,21758
saving 5,592515,31,360661,4147605,21759,43517
saving 2,71014,41,571701,1207238,43518,65276
saving 3,65338,40,513179,718718,65277,87035
