[ SCHEMES ] 0, 0, 0, 0
[EXEC-main] 0, 1
[EXEC-task] 4, 0.150000
[EXEC-skew] -1, 0.050000, 0.950000, 0
[EXEC-OP  ] 0, 0.320000, 35
[NOB MAXPE] : 1000, 2000
expected_invalid : 34860, expected_fp : 5589, maxvalid : 87039
::UUNIFAST GEN::
[0]0.011640
[1]0.015789
[2]0.026378
[3]0.096192
[ALL]0.150000
min_rc,wn,mult : 35 5 7
wp: 3062584, wn : 5, rp : 908705, rn : 34, gcp : 21438088 wu: 0.001164, ru: 0.010476, gcu : 0.004471
min_rc,wn,mult : 35 10 3
wp: 1128943, wn : 10, rp : 295562, rn : 10, gcp : 3386829 wu: 0.006316, ru: 0.009473, gcu : 0.028301
min_rc,wn,mult : 35 22 1
wp: 5946525, wn : 22, rp : 224088, rn : 19, gcp : 5946525 wu: 0.002638, ru: 0.023741, gcu : 0.016118
min_rc,wn,mult : 35 12 2
wp: 177894, wn : 12, rp : 197937, rn : 34, gcp : 355788 wu: 0.048096, ru: 0.048096, gcu : 0.269399
WRsum : 0.150000, utilsum(noblock): 0.468289, utilsum(nogc): 0.019675 totutil : 0.487964
saving 5,3062584,34,908705,21438088,0,21758
saving 10,1128943,10,295562,3386829,21759,43517
saving 22,5946525,19,224088,5946525,43518,65276
saving 12,177894,34,197937,355788,65277,87035
