[ SCHEMES ] 0, 0, 0, 0
[EXEC-main] 0, 1
[EXEC-task] 8, 0.200000
[EXEC-skew] -1, -2.000000, -2.000000, 32766
[EXEC-OP  ] 0, 0.320000, 35
[NOB MAXPE] : 1000, 2000
[LAT MODE ] : 0 (0=STATE, 1=FIXED_S, 2=FIXED_E)
expected_invalid : 34720, expected_fp : 5217, maxvalid : 87039
::UUNIFAST GEN::
[0]0.034670
[1]0.032928
[2]0.030977
[3]0.028738
[4]0.026070
[5]0.022674
[6]0.017626
[7]0.006315
[ALL]0.200000
min_rc,wn,mult : 35 7 5
wp: 1439563, wn : 7, rp : 62814, rn : 7, gcp : 7197815 wu: 0.003467, ru: 0.031203, gcu : 0.013316
min_rc,wn,mult : 35 22 1
wp: 1190915, wn : 22, rp : 113377, rn : 8, gcp : 1190915 wu: 0.013171, ru: 0.019757, gcu : 0.080483
min_rc,wn,mult : 35 2 17
wp: 230170, wn : 2, rp : 564934, rn : 50, gcp : 3912890 wu: 0.006195, ru: 0.024782, gcu : 0.024496
min_rc,wn,mult : 35 26 1
wp: 806343, wn : 26, rp : 1997371, rn : 41, gcp : 806343 wu: 0.022990, ru: 0.005748, gcu : 0.118869
min_rc,wn,mult : 35 15 2
wp: 2051179, wn : 15, rp : 577283, rn : 43, gcp : 4102358 wu: 0.005214, ru: 0.020856, gcu : 0.023364
min_rc,wn,mult : 35 11 3
wp: 1153001, wn : 11, rp : 458672, rn : 26, gcp : 3459003 wu: 0.006802, ru: 0.015872, gcu : 0.027710
min_rc,wn,mult : 35 5 7
wp: 674175, wn : 5, rp : 476555, rn : 21, gcp : 4719225 wu: 0.005288, ru: 0.012339, gcu : 0.020310
min_rc,wn,mult : 35 1 35
wp: 188161, wn : 1, rp : 2770962, rn : 25, gcp : 6585635 wu: 0.003789, ru: 0.002526, gcu : 0.014554
WRsum : 0.200000, utilsum(noblock): 0.523104, utilsum(nogc): 0.055720 totutil : 0.578824
saving 7,1439563,7,62814,7197815,0,10878
saving 22,1190915,8,113377,1190915,10879,21757
saving 2,230170,50,564934,3912890,21758,32636
saving 26,806343,41,1997371,806343,32637,43515
saving 15,2051179,43,577283,4102358,43516,54394
saving 11,1153001,26,458672,3459003,54395,65273
saving 5,674175,21,476555,4719225,65274,76152
saving 1,188161,25,2770962,6585635,76153,87031
