[ SCHEMES ] 0, 0, 0, 0
[EXEC-main] 0, 1
[EXEC-task] 8, 0.100000
[EXEC-skew] -1, -2.000000, -2.000000, 32766
[EXEC-OP  ] 0, 0.320000, 35
[NOB MAXPE] : 1000, 2000
[LAT MODE ] : 0 (0=STATE, 1=FIXED_S, 2=FIXED_E)
expected_invalid : 34720, expected_fp : 5217, maxvalid : 87039
::UUNIFAST GEN::
[0]0.000922
[1]0.001065
[2]0.001262
[3]0.001555
[4]0.002035
[5]0.002971
[6]0.005660
[7]0.084530
[ALL]0.100000
min_rc,wn,mult : 35 19 1
wp: 24497158, wn : 19, rp : 22025198, rn : 29, gcp : 24497158 wu: 0.000553, ru: 0.000369, gcu : 0.003913
min_rc,wn,mult : 35 4 8
wp: 3827228, wn : 4, rp : 37699716, rn : 43, gcp : 30617824 wu: 0.000745, ru: 0.000319, gcu : 0.003130
min_rc,wn,mult : 35 16 2
wp: 15061552, wn : 16, rp : 26616488, rn : 48, gcp : 30123104 wu: 0.000757, ru: 0.000505, gcu : 0.003182
min_rc,wn,mult : 35 17 2
wp: 15588407, wn : 17, rp : 17644828, rn : 49, gcp : 31176814 wu: 0.000778, ru: 0.000778, gcu : 0.003074
min_rc,wn,mult : 35 5 7
wp: 1946785, wn : 5, rp : 56421280, rn : 41, gcp : 13627495 wu: 0.001831, ru: 0.000203, gcu : 0.007034
min_rc,wn,mult : 35 10 3
wp: 3000044, wn : 10, rp : 12723892, rn : 27, gcp : 9000132 wu: 0.002377, ru: 0.000594, gcu : 0.010650
min_rc,wn,mult : 35 8 4
wp: 5038516, wn : 8, rp : 1916826, rn : 31, gcp : 20154064 wu: 0.001132, ru: 0.004528, gcu : 0.004756
min_rc,wn,mult : 35 23 1
wp: 277144, wn : 23, rp : 55206, rn : 5, gcp : 277144 wu: 0.059171, ru: 0.025359, gcu : 0.345845
WRsum : 0.100001, utilsum(noblock): 0.481585, utilsum(nogc): 0.063399 totutil : 0.544983
saving 19,24497158,29,22025198,24497158,0,10878
saving 4,3827228,43,37699716,30617824,10879,21757
saving 16,15061552,48,26616488,30123104,21758,32636
saving 17,15588407,49,17644828,31176814,32637,43515
saving 5,1946785,41,56421280,13627495,43516,54394
saving 10,3000044,27,12723892,9000132,54395,65273
saving 8,5038516,31,1916826,20154064,65274,76152
saving 23,277144,5,55206,277144,76153,87031
