[ SCHEMES ] 0, 0, 0, 0
[EXEC-main] 0, 1
[EXEC-task] 8, 0.150000
[EXEC-skew] -1, -2.000000, -2.000000, 32765
[EXEC-OP  ] 0, 0.320000, 35
[NOB MAXPE] : 1000, 2000
[LAT MODE ] : 0 (0=STATE, 1=FIXED_S, 2=FIXED_E)
expected_invalid : 34720, expected_fp : 5217, maxvalid : 87039
::UUNIFAST GEN::
[0]0.008644
[1]0.009457
[2]0.010517
[3]0.011975
[4]0.014150
[5]0.017868
[6]0.026310
[7]0.051077
[ALL]0.150000
min_rc,wn,mult : 35 30 1
wp: 2749446, wn : 30, rp : 6802277, rn : 21, gcp : 2749446 wu: 0.007780, ru: 0.000864, gcu : 0.034861
min_rc,wn,mult : 35 1 35
wp: 94239, wn : 1, rp : 1628371, rn : 11, gcp : 3298365 wu: 0.007566, ru: 0.001891, gcu : 0.029060
min_rc,wn,mult : 35 22 1
wp: 4971478, wn : 22, rp : 1787526, rn : 47, gcp : 4971478 wu: 0.003155, ru: 0.007362, gcu : 0.019280
min_rc,wn,mult : 35 26 1
wp: 5160069, wn : 26, rp : 133608, rn : 4, gcp : 5160069 wu: 0.003593, ru: 0.008383, gcu : 0.018575
min_rc,wn,mult : 35 23 1
wp: 1287737, wn : 23, rp : 5342865, rn : 27, gcp : 1287737 wu: 0.012735, ru: 0.001415, gcu : 0.074432
min_rc,wn,mult : 35 14 2
wp: 798052, wn : 14, rp : 1671470, rn : 32, gcp : 1596104 wu: 0.012508, ru: 0.005361, gcu : 0.060052
min_rc,wn,mult : 35 20 1
wp: 5419943, wn : 20, rp : 35474, rn : 3, gcp : 5419943 wu: 0.002631, ru: 0.023679, gcu : 0.017685
min_rc,wn,mult : 35 14 2
wp: 279183, wn : 14, rp : 858826, rn : 47, gcp : 558366 wu: 0.035754, ru: 0.015323, gcu : 0.171660
WRsum : 0.150000, utilsum(noblock): 0.575604, utilsum(nogc): 0.098664 totutil : 0.674268
saving 30,2749446,21,6802277,2749446,0,10878
saving 1,94239,11,1628371,3298365,10879,21757
saving 22,4971478,47,1787526,4971478,21758,32636
saving 26,5160069,4,133608,5160069,32637,43515
saving 23,1287737,27,5342865,1287737,43516,54394
saving 14,798052,32,1671470,1596104,54395,65273
saving 20,5419943,3,35474,5419943,65274,76152
saving 14,279183,47,858826,558366,76153,87031
