[ SCHEMES ] 0, 0, 0, 0
[EXEC-main] 0, 1
[EXEC-task] 8, 0.300000
[EXEC-skew] -1, -2.000000, -2.000000, 32764
[EXEC-OP  ] 0, 0.320000, 35
[NOB MAXPE] : 1000, 2000
[LAT MODE ] : 0 (0=STATE, 1=FIXED_S, 2=FIXED_E)
expected_invalid : 34720, expected_fp : 5217, maxvalid : 87039
::UUNIFAST GEN::
[0]0.009895
[1]0.011133
[2]0.012797
[3]0.015174
[4]0.018895
[5]0.025709
[6]0.043190
[7]0.163208
[ALL]0.300000
min_rc,wn,mult : 35 18 1
wp: 2161639, wn : 18, rp : 495186, rn : 7, gcp : 2161639 wu: 0.005937, ru: 0.003958, gcu : 0.044341
min_rc,wn,mult : 35 13 2
wp: 1665181, wn : 13, rp : 955741, rn : 19, gcp : 3330362 wu: 0.005566, ru: 0.005566, gcu : 0.028780
min_rc,wn,mult : 35 21 1
wp: 2340117, wn : 21, rp : 743936, rn : 17, gcp : 2340117 wu: 0.006398, ru: 0.006398, gcu : 0.040959
min_rc,wn,mult : 35 5 7
wp: 2349459, wn : 5, rp : 861139, rn : 42, gcp : 16446213 wu: 0.001517, ru: 0.013656, gcu : 0.005828
min_rc,wn,mult : 35 24 1
wp: 1293790, wn : 24, rp : 1185520, rn : 24, gcp : 1293790 wu: 0.013226, ru: 0.005668, gcu : 0.074084
min_rc,wn,mult : 35 6 5
wp: 184890, wn : 6, rp : 1633676, rn : 15, gcp : 924450 wu: 0.023138, ru: 0.002571, gcu : 0.103682
min_rc,wn,mult : 35 18 1
wp: 371436, wn : 18, rp : 97243, rn : 3, gcp : 371436 wu: 0.034552, ru: 0.008638, gcu : 0.258050
min_rc,wn,mult : 35 2 17
wp: 10921, wn : 2, rp : 300231, rn : 35, gcp : 185657 wu: 0.130566, ru: 0.032642, gcu : 0.516269
WRsum : 0.300008, utilsum(noblock): 1.372002, utilsum(nogc): 0.320483 totutil : 1.692485
::UUNIFAST GEN::
[0]0.002497
[1]0.002887
[2]0.003428
[3]0.004229
[4]0.005543
[5]0.008114
[6]0.015533
[7]0.257770
[ALL]0.300000
min_rc,wn,mult : 35 1 35
wp: 356893, wn : 1, rp : 20182272, rn : 36, gcp : 12491255 wu: 0.001998, ru: 0.000499, gcu : 0.007673
min_rc,wn,mult : 35 21 1
wp: 25930080, wn : 21, rp : 3879208, rn : 32, gcp : 25930080 wu: 0.000577, ru: 0.002310, gcu : 0.003696
min_rc,wn,mult : 35 8 4
wp: 2080134, wn : 8, rp : 15929221, rn : 39, gcp : 8320536 wu: 0.002742, ru: 0.000686, gcu : 0.011520
min_rc,wn,mult : 35 12 2
wp: 6744623, wn : 12, rp : 662164, rn : 7, gcp : 13489246 wu: 0.001269, ru: 0.002960, gcu : 0.007106
min_rc,wn,mult : 35 25 1
wp: 4594197, wn : 25, rp : 4041347, rn : 24, gcp : 4594197 wu: 0.003880, ru: 0.001663, gcu : 0.020863
min_rc,wn,mult : 35 29 1
wp: 4247201, wn : 29, rp : 1466606, rn : 17, gcp : 4247201 wu: 0.004868, ru: 0.003246, gcu : 0.022568
min_rc,wn,mult : 35 14 2
wp: 2142127, wn : 14, rp : 1030075, rn : 40, gcp : 4284254 wu: 0.004660, ru: 0.010873, gcu : 0.022372
min_rc,wn,mult : 35 19 1
wp: 58394, wn : 19, rp : 43449, rn : 4, gcp : 58394 wu: 0.231993, ru: 0.025777, gcu : 1.641419
WRsum : 0.300001, utilsum(noblock): 2.037217, utilsum(nogc): 0.080554 totutil : 2.117771
::UUNIFAST GEN::
[0]0.010547
[1]0.011837
[2]0.013568
[3]0.016031
[4]0.019871
[5]0.026861
[6]0.044607
[7]0.156677
[ALL]0.300000
min_rc,wn,mult : 35 9 3
wp: 869151, wn : 9, rp : 3805106, rn : 43, gcp : 2607453 wu: 0.007383, ru: 0.003164, gcu : 0.036760
min_rc,wn,mult : 35 23 1
wp: 1731700, wn : 23, rp : 591348, rn : 5, gcp : 1731700 wu: 0.009470, ru: 0.002367, gcu : 0.055350
min_rc,wn,mult : 35 15 2
wp: 1970690, wn : 15, rp : 1375829, rn : 40, gcp : 3941380 wu: 0.005427, ru: 0.008141, gcu : 0.024319
min_rc,wn,mult : 35 6 5
wp: 444767, wn : 6, rp : 960647, rn : 22, gcp : 2223835 wu: 0.009619, ru: 0.006412, gcu : 0.043101
min_rc,wn,mult : 35 5 7
wp: 448521, wn : 5, rp : 281820, rn : 12, gcp : 3139647 wu: 0.007948, ru: 0.011922, gcu : 0.030529
min_rc,wn,mult : 35 9 3
wp: 398154, wn : 9, rp : 521192, rn : 20, gcp : 1194462 wu: 0.016117, ru: 0.010745, gcu : 0.080244
min_rc,wn,mult : 35 25 1
wp: 3995970, wn : 25, rp : 313848, rn : 45, gcp : 3995970 wu: 0.004461, ru: 0.040147, gcu : 0.023986
min_rc,wn,mult : 35 23 1
wp: 261668, wn : 23, rp : 32763, rn : 11, gcp : 261668 wu: 0.062671, ru: 0.094006, gcu : 0.366300
WRsum : 0.300002, utilsum(noblock): 0.960591, utilsum(nogc): 0.106828 totutil : 1.067419
::UUNIFAST GEN::
[0]0.001457
[1]0.001690
[2]0.002016
[3]0.002501
[4]0.003301
[5]0.004882
[6]0.009518
[7]0.274634
[ALL]0.300000
min_rc,wn,mult : 35 23 1
wp: 37526944, wn : 23, rp : 4119062, rn : 15, gcp : 37526944 wu: 0.000437, ru: 0.001020, gcu : 0.002554
min_rc,wn,mult : 35 6 5
wp: 25306430, wn : 6, rp : 2024409, rn : 11, gcp : 126532150 wu: 0.000169, ru: 0.001521, gcu : 0.000758
min_rc,wn,mult : 35 6 5
wp: 3031546, wn : 6, rp : 2314878, rn : 5, gcp : 15157730 wu: 0.001411, ru: 0.000605, gcu : 0.006323
min_rc,wn,mult : 35 28 1
wp: 26611326, wn : 28, rp : 1599558, rn : 10, gcp : 26611326 wu: 0.000750, ru: 0.001750, gcu : 0.003602
min_rc,wn,mult : 35 5 7
wp: 1542686, wn : 5, rp : 13853167, rn : 49, gcp : 10798802 wu: 0.002311, ru: 0.000990, gcu : 0.008876
min_rc,wn,mult : 35 10 3
wp: 4868057, wn : 10, rp : 1802478, rn : 22, gcp : 14604171 wu: 0.001465, ru: 0.003418, gcu : 0.006563
min_rc,wn,mult : 35 6 5
wp: 1123621, wn : 6, rp : 1617931, rn : 33, gcp : 5618105 wu: 0.003807, ru: 0.005711, gcu : 0.017061
min_rc,wn,mult : 35 14 2
wp: 51923, wn : 14, rp : 10195, rn : 3, gcp : 103846 wu: 0.192244, ru: 0.082390, gcu : 0.922992
WRsum : 0.300005, utilsum(noblock): 1.268734, utilsum(nogc): 0.343306 totutil : 1.612039
::UUNIFAST GEN::
[0]0.103074
[1]0.076418
[2]0.053663
[3]0.034846
[4]0.020016
[5]0.009237
[6]0.002602
[7]0.000144
[ALL]0.300000
min_rc,wn,mult : 35 19 1
wp: 164287, wn : 19, rp : 461805, rn : 34, gcp : 164287 wu: 0.082459, ru: 0.020615, gcu : 0.583424
min_rc,wn,mult : 35 30 1
wp: 699768, wn : 30, rp : 30533, rn : 5, gcp : 699768 wu: 0.030567, ru: 0.045851, gcu : 0.136973
min_rc,wn,mult : 35 22 1
wp: 730768, wn : 22, rp : 165229, rn : 19, gcp : 730768 wu: 0.021465, ru: 0.032198, gcu : 0.131162
min_rc,wn,mult : 35 19 1
wp: 971916, wn : 19, rp : 428551, rn : 32, gcp : 971916 wu: 0.013938, ru: 0.020908, gcu : 0.098619
min_rc,wn,mult : 35 25 1
wp: 1113155, wn : 25, rp : 2517949, rn : 36, gcp : 1113155 wu: 0.016013, ru: 0.004003, gcu : 0.086106
min_rc,wn,mult : 35 14 2
wp: 5403278, wn : 14, rp : 1705101, rn : 45, gcp : 10806556 wu: 0.001847, ru: 0.007390, gcu : 0.008870
min_rc,wn,mult : 35 18 1
wp: 8221182, wn : 18, rp : 12375974, rn : 46, gcp : 8221182 wu: 0.001561, ru: 0.001041, gcu : 0.011659
min_rc,wn,mult : 35 19 1
wp: 156571296, wn : 19, rp : 92229936, rn : 19, gcp : 156571296 wu: 0.000087, ru: 0.000058, gcu : 0.000612
WRsum : 0.300002, utilsum(noblock): 1.357425, utilsum(nogc): 0.114630 totutil : 1.472055
::UUNIFAST GEN::
[0]0.015996
[1]0.017587
[2]0.019673
[3]0.022561
[4]0.026906
[5]0.034427
[6]0.051879
[7]0.110972
[ALL]0.300000
min_rc,wn,mult : 35 22 1
wp: 2451578, wn : 22, rp : 1400365, rn : 48, gcp : 2451578 wu: 0.006398, ru: 0.009597, gcu : 0.039097
min_rc,wn,mult : 35 26 1
wp: 3513567, wn : 26, rp : 864271, rn : 38, gcp : 3513567 wu: 0.005276, ru: 0.012311, gcu : 0.027280
min_rc,wn,mult : 35 14 2
wp: 563776, wn : 14, rp : 2988884, rn : 21, gcp : 1127552 wu: 0.017706, ru: 0.001967, gcu : 0.085006
min_rc,wn,mult : 35 5 7
wp: 1580159, wn : 5, rp : 358533, rn : 26, gcp : 11061113 wu: 0.002256, ru: 0.020305, gcu : 0.008665
min_rc,wn,mult : 35 18 1
wp: 954003, wn : 18, rp : 915795, rn : 44, gcp : 954003 wu: 0.013453, ru: 0.013453, gcu : 0.100470
min_rc,wn,mult : 35 7 5
wp: 241623, wn : 7, rp : 508325, rn : 25, gcp : 1208115 wu: 0.020656, ru: 0.013771, gcu : 0.079338
min_rc,wn,mult : 35 23 1
wp: 632206, wn : 23, rp : 140327, rn : 13, gcp : 632206 wu: 0.025939, ru: 0.025939, gcu : 0.151610
min_rc,wn,mult : 35 28 1
wp: 449752, wn : 28, rp : 29436, rn : 7, gcp : 449752 wu: 0.044389, ru: 0.066583, gcu : 0.213115
WRsum : 0.300002, utilsum(noblock): 1.004584, utilsum(nogc): 0.118902 totutil : 1.123486
::UUNIFAST GEN::
[0]0.014016
[1]0.015526
[2]0.017523
[3]0.020316
[4]0.024572
[5]0.032079
[6]0.050081
[7]0.125887
[ALL]0.300000
min_rc,wn,mult : 35 14 2
wp: 1424406, wn : 14, rp : 1478345, rn : 37, gcp : 2848812 wu: 0.007008, ru: 0.007008, gcu : 0.033645
min_rc,wn,mult : 35 23 1
wp: 1173572, wn : 23, rp : 3606808, rn : 20, gcp : 1173572 wu: 0.013974, ru: 0.001553, gcu : 0.081673
min_rc,wn,mult : 35 6 5
wp: 813794, wn : 6, rp : 388064, rn : 17, gcp : 4068970 wu: 0.005257, ru: 0.012266, gcu : 0.023556
min_rc,wn,mult : 35 23 1
wp: 2018013, wn : 23, rp : 91882, rn : 4, gcp : 2018013 wu: 0.008126, ru: 0.012189, gcu : 0.047497
min_rc,wn,mult : 35 28 1
wp: 8124576, wn : 28, rp : 341847, rn : 27, gcp : 8124576 wu: 0.002457, ru: 0.022115, gcu : 0.011797
min_rc,wn,mult : 35 3 11
wp: 666801, wn : 3, rp : 19396, rn : 2, gcp : 7334811 wu: 0.003208, ru: 0.028871, gcu : 0.013068
min_rc,wn,mult : 35 12 2
wp: 341684, wn : 12, rp : 503182, rn : 45, gcp : 683368 wu: 0.025041, ru: 0.025041, gcu : 0.140260
min_rc,wn,mult : 35 10 3
wp: 62931, wn : 10, rp : 489326, rn : 22, gcp : 188793 wu: 0.113299, ru: 0.012589, gcu : 0.507694
WRsum : 0.300002, utilsum(noblock): 1.159191, utilsum(nogc): 0.180450 totutil : 1.339640
::UUNIFAST GEN::
[0]0.047648
[1]0.046112
[2]0.044353
[3]0.042279
[4]0.039718
[5]0.036280
[6]0.030616
[7]0.012996
[ALL]0.300000
min_rc,wn,mult : 35 4 8
wp: 199519, wn : 4, rp : 75554, rn : 9, gcp : 1596152 wu: 0.014294, ru: 0.033353, gcu : 0.060050
min_rc,wn,mult : 35 2 17
wp: 44178, wn : 2, rp : 20240, rn : 1, gcp : 751026 wu: 0.032278, ru: 0.013833, gcu : 0.127624
min_rc,wn,mult : 35 8 4
wp: 142895, wn : 8, rp : 2462085, rn : 39, gcp : 571580 wu: 0.039917, ru: 0.004435, gcu : 0.167691
min_rc,wn,mult : 35 30 1
wp: 632411, wn : 30, rp : 264909, rn : 8, gcp : 632411 wu: 0.033823, ru: 0.008456, gcu : 0.151561
min_rc,wn,mult : 35 27 1
wp: 538545, wn : 27, rp : 1832916, rn : 26, gcp : 538545 wu: 0.035746, ru: 0.003972, gcu : 0.177978
min_rc,wn,mult : 35 19 1
wp: 1244677, wn : 19, rp : 341787, rn : 31, gcp : 1244677 wu: 0.010884, ru: 0.025396, gcu : 0.077007
min_rc,wn,mult : 35 16 2
wp: 3726200, wn : 16, rp : 71132, rn : 7, gcp : 7452400 wu: 0.003062, ru: 0.027554, gcu : 0.012861
min_rc,wn,mult : 35 18 1
wp: 9875520, wn : 18, rp : 191515, rn : 8, gcp : 9875520 wu: 0.001300, ru: 0.011696, gcu : 0.009706
WRsum : 0.300002, utilsum(noblock): 1.084480, utilsum(nogc): 0.172925 totutil : 1.257405
::UUNIFAST GEN::
[0]0.023645
[1]0.025241
[2]0.027265
[3]0.029957
[4]0.033801
[5]0.039982
[6]0.052501
[7]0.067607
[ALL]0.300000
min_rc,wn,mult : 35 5 7
wp: 1507700, wn : 5, rp : 39472, rn : 3, gcp : 10553900 wu: 0.002365, ru: 0.021281, gcu : 0.009082
min_rc,wn,mult : 35 8 4
wp: 564949, wn : 8, rp : 314301, rn : 17, gcp : 2259796 wu: 0.010096, ru: 0.015145, gcu : 0.042415
min_rc,wn,mult : 35 3 11
wp: 112074, wn : 3, rp : 924257, rn : 27, gcp : 1232814 wu: 0.019086, ru: 0.008180, gcu : 0.077748
min_rc,wn,mult : 35 26 1
wp: 3094114, wn : 26, rp : 315453, rn : 27, gcp : 3094114 wu: 0.005991, ru: 0.023965, gcu : 0.030978
min_rc,wn,mult : 35 3 11
wp: 632819, wn : 3, rp : 156470, rn : 17, gcp : 6961009 wu: 0.003380, ru: 0.030421, gcu : 0.013769
min_rc,wn,mult : 35 24 1
wp: 534996, wn : 24, rp : 840387, rn : 24, gcp : 534996 wu: 0.031985, ru: 0.007996, gcu : 0.179158
min_rc,wn,mult : 35 20 1
wp: 388016, wn : 20, rp : 17777, rn : 1, gcp : 388016 wu: 0.036751, ru: 0.015750, gcu : 0.247023
min_rc,wn,mult : 35 8 4
wp: 120527, wn : 8, rp : 427961, rn : 31, gcp : 482108 wu: 0.047325, ru: 0.020282, gcu : 0.198812
WRsum : 0.300001, utilsum(noblock): 1.098987, utilsum(nogc): 0.196884 totutil : 1.295871
::UUNIFAST GEN::
[0]0.004260
[1]0.004893
[2]0.005765
[3]0.007046
[4]0.009124
[5]0.013128
[6]0.024365
[7]0.231420
[ALL]0.300000
min_rc,wn,mult : 35 20 1
wp: 11159306, wn : 20, rp : 93907, rn : 1, gcp : 11159306 wu: 0.001278, ru: 0.002982, gcu : 0.008589
min_rc,wn,mult : 35 29 1
wp: 4695305, wn : 29, rp : 22317292, rn : 39, gcp : 4695305 wu: 0.004404, ru: 0.000489, gcu : 0.020414
min_rc,wn,mult : 35 25 1
wp: 3435520, wn : 25, rp : 20884880, rn : 43, gcp : 3435520 wu: 0.005188, ru: 0.000576, gcu : 0.027899
min_rc,wn,mult : 35 2 17
wp: 1011957, wn : 2, rp : 447078, rn : 9, gcp : 17203269 wu: 0.001409, ru: 0.005637, gcu : 0.005572
min_rc,wn,mult : 35 26 1
wp: 2539674, wn : 26, rp : 5370333, rn : 35, gcp : 2539674 wu: 0.007299, ru: 0.001825, gcu : 0.037741
min_rc,wn,mult : 35 22 1
wp: 1327615, wn : 22, rp : 2346137, rn : 11, gcp : 1327615 wu: 0.011815, ru: 0.001313, gcu : 0.072196
min_rc,wn,mult : 35 24 1
wp: 780368, wn : 24, rp : 3332711, rn : 29, gcp : 780368 wu: 0.021928, ru: 0.002436, gcu : 0.122825
min_rc,wn,mult : 35 10 3
wp: 61619, wn : 10, rp : 9679, rn : 4, gcp : 184857 wu: 0.115710, ru: 0.115710, gcu : 0.518503
WRsum : 0.300006, utilsum(noblock): 1.113745, utilsum(nogc): 0.361608 totutil : 1.475353
::UUNIFAST GEN::
[0]0.110219
[1]0.078547
[2]0.052644
[3]0.032299
[4]0.017259
[5]0.007213
[6]0.001745
[7]0.000074
[ALL]0.300000
min_rc,wn,mult : 35 14 2
wp: 452824, wn : 14, rp : 63509, rn : 20, gcp : 905648 wu: 0.022044, ru: 0.088175, gcu : 0.105835
min_rc,wn,mult : 35 16 2
wp: 726193, wn : 16, rp : 62383, rn : 14, gcp : 1452386 wu: 0.015709, ru: 0.062837, gcu : 0.065994
min_rc,wn,mult : 35 27 1
wp: 1828398, wn : 27, rp : 106374, rn : 16, gcp : 1828398 wu: 0.010529, ru: 0.042116, gcu : 0.052422
min_rc,wn,mult : 35 26 1
wp: 5739477, wn : 26, rp : 38528, rn : 4, gcp : 5739477 wu: 0.003230, ru: 0.029069, gcu : 0.016700
min_rc,wn,mult : 35 20 1
wp: 1032805, wn : 20, rp : 3731424, rn : 46, gcp : 1032805 wu: 0.013807, ru: 0.003452, gcu : 0.092805
min_rc,wn,mult : 35 14 2
wp: 1537617, wn : 14, rp : 1552712, rn : 4, gcp : 3075234 wu: 0.006492, ru: 0.000721, gcu : 0.031168
min_rc,wn,mult : 35 1 35
wp: 817267, wn : 1, rp : 12195969, rn : 38, gcp : 28604345 wu: 0.000872, ru: 0.000872, gcu : 0.003351
min_rc,wn,mult : 35 22 1
wp: 531871520, wn : 22, rp : 316469120, rn : 50, gcp : 531871520 wu: 0.000029, ru: 0.000044, gcu : 0.000180
WRsum : 0.300002, utilsum(noblock): 0.668457, utilsum(nogc): 0.090843 totutil : 0.759300
saving 14,452824,20,63509,905648,0,10878
saving 16,726193,14,62383,1452386,10879,21757
saving 27,1828398,16,106374,1828398,21758,32636
saving 26,5739477,4,38528,5739477,32637,43515
saving 20,1032805,46,3731424,1032805,43516,54394
saving 14,1537617,4,1552712,3075234,54395,65273
saving 1,817267,38,12195969,28604345,65274,76152
saving 22,531871520,50,316469120,531871520,76153,87031
