[ SCHEMES ] 0, 0, 0, 0
[EXEC-main] 0, 1
[EXEC-task] 8, 0.250000
[EXEC-skew] -1, -2.000000, -2.000000, 32764
[EXEC-OP  ] 0, 0.320000, 35
[NOB MAXPE] : 1000, 2000
[LAT MODE ] : 0 (0=STATE, 1=FIXED_S, 2=FIXED_E)
expected_invalid : 34720, expected_fp : 5217, maxvalid : 87039
::UUNIFAST GEN::
[0]0.017035
[1]0.018413
[2]0.020185
[3]0.022582
[4]0.026082
[5]0.031889
[6]0.044368
[7]0.069447
[ALL]0.250000
min_rc,wn,mult : 35 20 1
wp: 1195858, wn : 20, rp : 1205362, rn : 22, gcp : 1195858 wu: 0.011924, ru: 0.005110, gcu : 0.080151
min_rc,wn,mult : 35 23 1
wp: 4453173, wn : 23, rp : 741335, rn : 39, gcp : 4453173 wu: 0.003683, ru: 0.014730, gcu : 0.021524
min_rc,wn,mult : 35 14 2
wp: 1236339, wn : 14, rp : 346799, rn : 15, gcp : 2472678 wu: 0.008074, ru: 0.012111, gcu : 0.038763
min_rc,wn,mult : 35 27 1
wp: 2841683, wn : 27, rp : 354269, rn : 20, gcp : 2841683 wu: 0.006775, ru: 0.015807, gcu : 0.033730
min_rc,wn,mult : 35 19 1
wp: 577120, wn : 19, rp : 536777, rn : 5, gcp : 577120 wu: 0.023473, ru: 0.002608, gcu : 0.166082
min_rc,wn,mult : 35 30 1
wp: 958226, wn : 30, rp : 439019, rn : 15, gcp : 958226 wu: 0.022322, ru: 0.009567, gcu : 0.100028
min_rc,wn,mult : 35 29 1
wp: 582543, wn : 29, rp : 1262172, rn : 40, gcp : 582543 wu: 0.035494, ru: 0.008874, gcu : 0.164535
min_rc,wn,mult : 35 12 2
wp: 176002, wn : 12, rp : 389744, rn : 29, gcp : 352004 wu: 0.048613, ru: 0.020834, gcu : 0.272295
WRsum : 0.250000, utilsum(noblock): 1.127108, utilsum(nogc): 0.019886 totutil : 1.146994
::UUNIFAST GEN::
[0]0.048588
[1]0.044886
[2]0.040864
[3]0.036422
[4]0.031382
[5]0.025395
[6]0.017514
[7]0.004948
[ALL]0.250000
min_rc,wn,mult : 35 11 3
wp: 538057, wn : 11, rp : 353994, rn : 43, gcp : 1614171 wu: 0.014577, ru: 0.034012, gcu : 0.059380
min_rc,wn,mult : 35 7 5
wp: 370645, wn : 7, rp : 347550, rn : 39, gcp : 1853225 wu: 0.013466, ru: 0.031420, gcu : 0.051720
min_rc,wn,mult : 35 27 1
wp: 4710935, wn : 27, rp : 91358, rn : 12, gcp : 4710935 wu: 0.004086, ru: 0.036778, gcu : 0.020346
min_rc,wn,mult : 35 19 1
wp: 413272, wn : 19, rp : 76876, rn : 1, gcp : 413272 wu: 0.032780, ru: 0.003642, gcu : 0.231927
min_rc,wn,mult : 35 2 17
wp: 454393, wn : 2, rp : 168529, rn : 17, gcp : 7724681 wu: 0.003138, ru: 0.028244, gcu : 0.012408
min_rc,wn,mult : 35 21 1
wp: 1965358, wn : 21, rp : 598546, rn : 38, gcp : 1965358 wu: 0.007618, ru: 0.017776, gcu : 0.048769
min_rc,wn,mult : 35 9 3
wp: 1831986, wn : 9, rp : 859323, rn : 43, gcp : 5495958 wu: 0.003503, ru: 0.014011, gcu : 0.017440
min_rc,wn,mult : 35 8 4
wp: 1921166, wn : 8, rp : 1273143, rn : 9, gcp : 7684664 wu: 0.002969, ru: 0.001979, gcu : 0.012473
WRsum : 0.250001, utilsum(noblock): 0.704464, utilsum(nogc): 0.045528 totutil : 0.749992
saving 11,538057,43,353994,1614171,0,10878
saving 7,370645,39,347550,1853225,10879,21757
saving 27,4710935,12,91358,4710935,21758,32636
saving 19,413272,1,76876,413272,32637,43515
saving 2,454393,17,168529,7724681,43516,54394
saving 21,1965358,38,598546,1965358,54395,65273
saving 9,1831986,43,859323,5495958,65274,76152
saving 8,1921166,9,1273143,7684664,76153,87031
