[ SCHEMES ] 0, 0, 0, 0
[EXEC-main] 0, 1
[EXEC-task] 8, 0.100000
[EXEC-skew] -1, -2.000000, -2.000000, 32766
[EXEC-OP  ] 0, 0.320000, 35
[NOB MAXPE] : 1000, 2000
[LAT MODE ] : 0 (0=STATE, 1=FIXED_S, 2=FIXED_E)
expected_invalid : 34720, expected_fp : 5217, maxvalid : 87039
::UUNIFAST GEN::
[0]0.018070
[1]0.016998
[2]0.015810
[3]0.014464
[4]0.012889
[5]0.010933
[6]0.008151
[7]0.002685
[ALL]0.100000
min_rc,wn,mult : 35 22 1
wp: 8680763, wn : 22, rp : 705903, rn : 41, gcp : 8680763 wu: 0.001807, ru: 0.016263, gcu : 0.011042
min_rc,wn,mult : 35 1 35
wp: 46607, wn : 1, rp : 5436016, rn : 33, gcp : 1631245 wu: 0.015298, ru: 0.001700, gcu : 0.058758
min_rc,wn,mult : 35 29 1
wp: 4359575, wn : 29, rp : 1265050, rn : 50, gcp : 4359575 wu: 0.004743, ru: 0.011067, gcu : 0.021986
min_rc,wn,mult : 35 4 8
wp: 1971752, wn : 4, rp : 1010918, rn : 47, gcp : 15774016 wu: 0.001446, ru: 0.013018, gcu : 0.006076
min_rc,wn,mult : 35 3 11
wp: 207441, wn : 3, rp : 1412040, rn : 13, gcp : 2281851 wu: 0.010311, ru: 0.002578, gcu : 0.042005
min_rc,wn,mult : 35 29 1
wp: 2101462, wn : 29, rp : 11525164, rn : 45, gcp : 2101462 wu: 0.009839, ru: 0.001093, gcu : 0.045611
min_rc,wn,mult : 35 30 1
wp: 8747007, wn : 30, rp : 1128646, rn : 23, gcp : 8747007 wu: 0.002445, ru: 0.005706, gcu : 0.010958
min_rc,wn,mult : 35 11 3
wp: 4867722, wn : 11, rp : 8341474, rn : 32, gcp : 14603166 wu: 0.001611, ru: 0.001074, gcu : 0.006564
WRsum : 0.100000, utilsum(noblock): 0.302999, utilsum(nogc): 0.075096 totutil : 0.378095
saving 22,8680763,41,705903,8680763,0,10878
saving 1,46607,33,5436016,1631245,10879,21757
saving 29,4359575,50,1265050,4359575,21758,32636
saving 4,1971752,47,1010918,15774016,32637,43515
saving 3,207441,13,1412040,2281851,43516,54394
saving 29,2101462,45,11525164,2101462,54395,65273
saving 30,8747007,23,1128646,8747007,65274,76152
saving 11,4867722,32,8341474,14603166,76153,87031
