[ SCHEMES ] 0, 0, 0, 0
[EXEC-main] 0, 1
[EXEC-task] 8, 0.200000
[EXEC-skew] -1, -2.000000, -2.000000, 32765
[EXEC-OP  ] 0, 0.320000, 35
[NOB MAXPE] : 1000, 2000
[LAT MODE ] : 0 (0=STATE, 1=FIXED_S, 2=FIXED_E)
expected_invalid : 34720, expected_fp : 5217, maxvalid : 87039
::UUNIFAST GEN::
[0]0.032014
[1]0.030932
[2]0.029696
[3]0.028242
[4]0.026453
[5]0.024063
[6]0.020165
[7]0.008435
[ALL]0.200000
min_rc,wn,mult : 35 13 2
wp: 482555, wn : 13, rp : 393583, rn : 18, gcp : 965110 wu: 0.019208, ru: 0.012805, gcu : 0.099314
min_rc,wn,mult : 35 16 2
wp: 922016, wn : 16, rp : 90520, rn : 6, gcp : 1844032 wu: 0.012373, ru: 0.018559, gcu : 0.051978
min_rc,wn,mult : 35 28 1
wp: 6722733, wn : 28, rp : 261911, rn : 25, gcp : 6722733 wu: 0.002970, ru: 0.026727, gcu : 0.014257
min_rc,wn,mult : 35 2 17
wp: 504913, wn : 2, rp : 517738, rn : 47, gcp : 8583521 wu: 0.002824, ru: 0.025418, gcu : 0.011167
min_rc,wn,mult : 35 3 11
wp: 202147, wn : 3, rp : 635078, rn : 36, gcp : 2223617 wu: 0.010581, ru: 0.015872, gcu : 0.043105
min_rc,wn,mult : 35 15 2
wp: 1481529, wn : 15, rp : 531937, rn : 32, gcp : 2963058 wu: 0.007219, ru: 0.016844, gcu : 0.032348
min_rc,wn,mult : 35 30 1
wp: 5303857, wn : 30, rp : 52071, rn : 3, gcp : 5303857 wu: 0.004033, ru: 0.016132, gcu : 0.018072
min_rc,wn,mult : 35 29 1
wp: 24514638, wn : 29, rp : 1180330, rn : 32, gcp : 24514638 wu: 0.000843, ru: 0.007591, gcu : 0.003910
WRsum : 0.200000, utilsum(noblock): 0.474151, utilsum(nogc): 0.067216 totutil : 0.541367
saving 13,482555,18,393583,965110,0,10878
saving 16,922016,6,90520,1844032,10879,21757
saving 28,6722733,25,261911,6722733,21758,32636
saving 2,504913,47,517738,8583521,32637,43515
saving 3,202147,36,635078,2223617,43516,54394
saving 15,1481529,32,531937,2963058,54395,65273
saving 30,5303857,3,52071,5303857,65274,76152
saving 29,24514638,32,1180330,24514638,76153,87031
