[ SCHEMES ] 0, 0, 0, 0
[EXEC-main] 0, 1
[EXEC-task] 8, 0.250000
[EXEC-skew] -1, -2.000000, -2.000000, 32766
[EXEC-OP  ] 0, 0.320000, 35
[NOB MAXPE] : 1000, 2000
[LAT MODE ] : 0 (0=STATE, 1=FIXED_S, 2=FIXED_E)
expected_invalid : 34720, expected_fp : 5217, maxvalid : 87039
::UUNIFAST GEN::
[0]0.004357
[1]0.004988
[2]0.005852
[3]0.007115
[4]0.009153
[5]0.013044
[6]0.023798
[7]0.181694
[ALL]0.250000
min_rc,wn,mult : 35 26 1
wp: 7090573, wn : 26, rp : 4658711, rn : 29, gcp : 7090573 wu: 0.002614, ru: 0.001743, gcu : 0.013518
min_rc,wn,mult : 35 6 5
wp: 952997, wn : 6, rp : 6175104, rn : 11, gcp : 4764985 wu: 0.004489, ru: 0.000499, gcu : 0.020115
min_rc,wn,mult : 35 7 5
wp: 947663, wn : 7, rp : 22967214, rn : 48, gcp : 4738315 wu: 0.005267, ru: 0.000585, gcu : 0.020228
min_rc,wn,mult : 35 17 2
wp: 3407128, wn : 17, rp : 865766, rn : 11, gcp : 6814256 wu: 0.003558, ru: 0.003558, gcu : 0.014066
min_rc,wn,mult : 35 1 35
wp: 97377, wn : 1, rp : 4588897, rn : 30, gcp : 3408195 wu: 0.007322, ru: 0.001831, gcu : 0.028123
min_rc,wn,mult : 35 17 2
wp: 2323169, wn : 17, rp : 643993, rn : 18, gcp : 4646338 wu: 0.005217, ru: 0.007826, gcu : 0.020629
min_rc,wn,mult : 35 23 1
wp: 2296962, wn : 23, rp : 722746, rn : 43, gcp : 2296962 wu: 0.007139, ru: 0.016659, gcu : 0.041729
min_rc,wn,mult : 35 2 17
wp: 9810, wn : 2, rp : 146400, rn : 19, gcp : 166770 wu: 0.145355, ru: 0.036339, gcu : 0.574738
WRsum : 0.250007, utilsum(noblock): 0.983153, utilsum(nogc): 0.356779 totutil : 1.339932
::UUNIFAST GEN::
[0]0.048540
[1]0.044852
[2]0.040847
[3]0.036420
[4]0.031396
[5]0.025423
[6]0.017553
[7]0.004970
[ALL]0.250000
min_rc,wn,mult : 35 7 5
wp: 257058, wn : 7, rp : 317267, rn : 33, gcp : 1285290 wu: 0.019416, ru: 0.029124, gcu : 0.074574
min_rc,wn,mult : 35 30 1
wp: 681284, wn : 30, rp : 853171, rn : 41, gcp : 681284 wu: 0.031397, ru: 0.013456, gcu : 0.140689
min_rc,wn,mult : 35 17 2
wp: 1483718, wn : 17, rp : 162803, rn : 19, gcp : 2967436 wu: 0.008169, ru: 0.032677, gcu : 0.032300
min_rc,wn,mult : 35 15 2
wp: 2936585, wn : 15, rp : 273355, rn : 32, gcp : 5873170 wu: 0.003642, ru: 0.032778, gcu : 0.016320
min_rc,wn,mult : 35 21 1
wp: 4769103, wn : 21, rp : 287369, rn : 29, gcp : 4769103 wu: 0.003140, ru: 0.028256, gcu : 0.020098
min_rc,wn,mult : 35 29 1
wp: 2711074, wn : 29, rp : 613620, rn : 39, gcp : 2711074 wu: 0.007627, ru: 0.017796, gcu : 0.035355
min_rc,wn,mult : 35 29 1
wp: 11779928, wn : 29, rp : 319038, rn : 18, gcp : 11779928 wu: 0.001755, ru: 0.015797, gcu : 0.008137
min_rc,wn,mult : 35 7 5
wp: 5020931, wn : 7, rp : 2605532, rn : 37, gcp : 25104655 wu: 0.000994, ru: 0.003976, gcu : 0.003818
WRsum : 0.250000, utilsum(noblock): 0.581290, utilsum(nogc): 0.021498 totutil : 0.602789
saving 7,257058,33,317267,1285290,0,10878
saving 30,681284,41,853171,681284,10879,21757
saving 17,1483718,19,162803,2967436,21758,32636
saving 15,2936585,32,273355,5873170,32637,43515
saving 21,4769103,29,287369,4769103,43516,54394
saving 29,2711074,39,613620,2711074,54395,65273
saving 29,11779928,18,319038,11779928,65274,76152
saving 7,5020931,37,2605532,25104655,76153,87031
