[ SCHEMES ] 0, 0, 0, 0
[EXEC-main] 0, 1
[EXEC-task] 8, 0.200000
[EXEC-skew] -1, -2.000000, -2.000000, 32765
[EXEC-OP  ] 0, 0.320000, 35
[NOB MAXPE] : 1000, 2000
[LAT MODE ] : 0 (0=STATE, 1=FIXED_S, 2=FIXED_E)
expected_invalid : 34720, expected_fp : 5217, maxvalid : 87039
::UUNIFAST GEN::
[0]0.040483
[1]0.036995
[2]0.033253
[3]0.029178
[4]0.024640
[5]0.019387
[6]0.012765
[7]0.003298
[ALL]0.200000
min_rc,wn,mult : 35 1 35
wp: 44030, wn : 1, rp : 403458, rn : 35, gcp : 1541050 wu: 0.016193, ru: 0.024290, gcu : 0.062197
min_rc,wn,mult : 35 6 5
wp: 289090, wn : 6, rp : 479339, rn : 38, gcp : 1445450 wu: 0.014798, ru: 0.022197, gcu : 0.066311
min_rc,wn,mult : 35 1 35
wp: 53604, wn : 1, rp : 519254, rn : 37, gcp : 1876140 wu: 0.013301, ru: 0.019952, gcu : 0.051088
min_rc,wn,mult : 35 5 7
wp: 610907, wn : 5, rp : 119953, rn : 10, gcp : 4276349 wu: 0.005836, ru: 0.023342, gcu : 0.022414
min_rc,wn,mult : 35 3 11
wp: 124011, wn : 3, rp : 265146, rn : 7, gcp : 1364121 wu: 0.017248, ru: 0.007392, gcu : 0.070264
min_rc,wn,mult : 35 7 5
wp: 858142, wn : 7, rp : 82530, rn : 4, gcp : 4290710 wu: 0.005816, ru: 0.013571, gcu : 0.022339
min_rc,wn,mult : 35 7 5
wp: 651644, wn : 7, rp : 1754778, rn : 32, gcp : 3258220 wu: 0.007659, ru: 0.005106, gcu : 0.029418
min_rc,wn,mult : 35 17 2
wp: 7350245, wn : 17, rp : 4075047, rn : 24, gcp : 14700490 wu: 0.001649, ru: 0.001649, gcu : 0.006520
WRsum : 0.200001, utilsum(noblock): 0.530552, utilsum(nogc): 0.079491 totutil : 0.610043
saving 1,44030,35,403458,1541050,0,10878
saving 6,289090,38,479339,1445450,10879,21757
saving 1,53604,37,519254,1876140,21758,32636
saving 5,610907,10,119953,4276349,32637,43515
saving 3,124011,7,265146,1364121,43516,54394
saving 7,858142,4,82530,4290710,54395,65273
saving 7,651644,32,1754778,3258220,65274,76152
saving 17,7350245,24,4075047,14700490,76153,87031
