[ SCHEMES ] 0, 0, 0, 0
[EXEC-main] 0, 1
[EXEC-task] 8, 0.100000
[EXEC-skew] -1, -2.000000, -2.000000, 32766
[EXEC-OP  ] 0, 0.320000, 35
[NOB MAXPE] : 1000, 2000
[LAT MODE ] : 0 (0=STATE, 1=FIXED_S, 2=FIXED_E)
expected_invalid : 34720, expected_fp : 5217, maxvalid : 87039
::UUNIFAST GEN::
[0]0.013880
[1]0.013778
[2]0.013656
[3]0.013504
[4]0.013300
[5]0.012984
[6]0.012258
[7]0.006640
[ALL]0.100000
min_rc,wn,mult : 35 6 5
wp: 342459, wn : 6, rp : 3631129, rn : 18, gcp : 1712295 wu: 0.012492, ru: 0.001388, gcu : 0.055977
min_rc,wn,mult : 35 28 1
wp: 7245026, wn : 28, rp : 990729, rn : 39, gcp : 7245026 wu: 0.002756, ru: 0.011022, gcu : 0.013230
min_rc,wn,mult : 35 1 35
wp: 74588, wn : 1, rp : 2187102, rn : 32, gcp : 2610580 wu: 0.009559, ru: 0.004097, gcu : 0.036716
min_rc,wn,mult : 35 27 1
wp: 1781975, wn : 27, rp : 622039, rn : 6, gcp : 1781975 wu: 0.010803, ru: 0.002701, gcu : 0.053788
min_rc,wn,mult : 35 22 1
wp: 1684800, wn : 22, rp : 1894676, rn : 27, gcp : 1684800 wu: 0.009310, ru: 0.003990, gcu : 0.056890
min_rc,wn,mult : 35 29 1
wp: 1769403, wn : 29, rp : 4312906, rn : 20, gcp : 1769403 wu: 0.011686, ru: 0.001298, gcu : 0.054170
min_rc,wn,mult : 35 14 2
wp: 1163301, wn : 14, rp : 989811, rn : 13, gcp : 2326602 wu: 0.008581, ru: 0.003677, gcu : 0.041197
min_rc,wn,mult : 35 15 2
wp: 3221594, wn : 15, rp : 3964112, rn : 47, gcp : 6443188 wu: 0.003320, ru: 0.003320, gcu : 0.014876
WRsum : 0.100000, utilsum(noblock): 0.426844, utilsum(nogc): 0.046924 totutil : 0.473769
saving 6,342459,18,3631129,1712295,0,10878
saving 28,7245026,39,990729,7245026,10879,21757
saving 1,74588,32,2187102,2610580,21758,32636
saving 27,1781975,6,622039,1781975,32637,43515
saving 22,1684800,27,1894676,1684800,43516,54394
saving 29,1769403,20,4312906,1769403,54395,65273
saving 14,1163301,13,989811,2326602,65274,76152
saving 15,3221594,47,3964112,6443188,76153,87031
