[ SCHEMES ] 0, 0, 0, 0
[EXEC-main] 0, 1
[EXEC-task] 8, 0.250000
[EXEC-skew] -1, -2.000000, -2.000000, 32765
[EXEC-OP  ] 0, 0.320000, 35
[NOB MAXPE] : 1000, 2000
[LAT MODE ] : 0 (0=STATE, 1=FIXED_S, 2=FIXED_E)
expected_invalid : 34720, expected_fp : 5217, maxvalid : 87039
::UUNIFAST GEN::
[0]0.000681
[1]0.000793
[2]0.000948
[3]0.001180
[4]0.001564
[5]0.002328
[6]0.004589
[7]0.237917
[ALL]0.250000
min_rc,wn,mult : 35 2 17
wp: 2615809, wn : 2, rp : 39035360, rn : 19, gcp : 44468753 wu: 0.000545, ru: 0.000136, gcu : 0.002155
min_rc,wn,mult : 35 24 1
wp: 71960360, wn : 24, rp : 8074094, rn : 16, gcp : 71960360 wu: 0.000238, ru: 0.000555, gcu : 0.001332
min_rc,wn,mult : 35 26 1
wp: 97788240, wn : 26, rp : 4800264, rn : 13, gcp : 97788240 wu: 0.000190, ru: 0.000758, gcu : 0.000980
min_rc,wn,mult : 35 5 7
wp: 5036384, wn : 5, rp : 8306855, rn : 14, gcp : 35254688 wu: 0.000708, ru: 0.000472, gcu : 0.002719
min_rc,wn,mult : 35 2 17
wp: 9116145, wn : 2, rp : 5767734, rn : 29, gcp : 154974465 wu: 0.000156, ru: 0.001408, gcu : 0.000618
min_rc,wn,mult : 35 24 1
wp: 10501701, wn : 24, rp : 8820970, rn : 22, gcp : 10501701 wu: 0.001629, ru: 0.000698, gcu : 0.009127
min_rc,wn,mult : 35 22 1
wp: 17089426, wn : 22, rp : 2211624, rn : 29, gcp : 17089426 wu: 0.000918, ru: 0.003672, gcu : 0.005609
min_rc,wn,mult : 35 24 1
wp: 79915, wn : 24, rp : 294220, rn : 25, gcp : 79915 wu: 0.214125, ru: 0.023792, gcu : 1.199387
WRsum : 0.250002, utilsum(noblock): 1.471930, utilsum(nogc): 0.043797 totutil : 1.515726
::UUNIFAST GEN::
[0]0.009186
[1]0.010291
[2]0.011770
[3]0.013872
[4]0.017137
[5]0.023056
[6]0.037965
[7]0.126724
[ALL]0.250000
min_rc,wn,mult : 35 5 7
wp: 1940488, wn : 5, rp : 38102, rn : 1, gcp : 13583416 wu: 0.001837, ru: 0.007349, gcu : 0.007056
min_rc,wn,mult : 35 13 2
wp: 1000757, wn : 13, rp : 816239, rn : 3, gcp : 2001514 wu: 0.009262, ru: 0.001029, gcu : 0.047888
min_rc,wn,mult : 35 15 2
wp: 1135787, wn : 15, rp : 2616718, rn : 22, gcp : 2271574 wu: 0.009416, ru: 0.002354, gcu : 0.042195
min_rc,wn,mult : 35 30 1
wp: 1927504, wn : 30, rp : 3936110, rn : 39, gcp : 1927504 wu: 0.011097, ru: 0.002774, gcu : 0.049727
min_rc,wn,mult : 35 17 2
wp: 785895, wn : 17, rp : 163390, rn : 1, gcp : 1571790 wu: 0.015423, ru: 0.001714, gcu : 0.060981
min_rc,wn,mult : 35 22 1
wp: 2267854, wn : 22, rp : 277590, rn : 16, gcp : 2267854 wu: 0.006917, ru: 0.016139, gcu : 0.042264
min_rc,wn,mult : 35 23 1
wp: 1079877, wn : 23, rp : 577725, rn : 47, gcp : 1079877 wu: 0.015186, ru: 0.022779, gcu : 0.088759
min_rc,wn,mult : 35 16 2
wp: 900226, wn : 16, rp : 44190, rn : 18, gcp : 1800452 wu: 0.012672, ru: 0.114051, gcu : 0.053236
WRsum : 0.250002, utilsum(noblock): 0.642109, utilsum(nogc): 0.091859 totutil : 0.733967
saving 5,1940488,1,38102,13583416,0,10878
saving 13,1000757,3,816239,2001514,10879,21757
saving 15,1135787,22,2616718,2271574,21758,32636
saving 30,1927504,39,3936110,1927504,32637,43515
saving 17,785895,1,163390,1571790,43516,54394
saving 22,2267854,16,277590,2267854,54395,65273
saving 23,1079877,47,577725,1079877,65274,76152
saving 16,900226,18,44190,1800452,76153,87031
