[ SCHEMES ] 0, 0, 0, 0
[EXEC-main] 0, 1
[EXEC-task] 8, 0.100000
[EXEC-skew] -1, -2.000000, -2.000000, 32767
[EXEC-OP  ] 0, 0.320000, 35
[NOB MAXPE] : 1000, 2000
[LAT MODE ] : 0 (0=STATE, 1=FIXED_S, 2=FIXED_E)
expected_invalid : 34720, expected_fp : 5217, maxvalid : 87039
::UUNIFAST GEN::
[0]0.010209
[1]0.010601
[2]0.011082
[3]0.011698
[4]0.012533
[5]0.013778
[6]0.015935
[7]0.014164
[ALL]0.100000
min_rc,wn,mult : 35 3 11
wp: 523810, wn : 3, rp : 228560, rn : 5, gcp : 5761910 wu: 0.004084, ru: 0.006125, gcu : 0.016635
min_rc,wn,mult : 35 21 1
wp: 2354085, wn : 21, rp : 2113063, rn : 32, gcp : 2354085 wu: 0.006360, ru: 0.004240, gcu : 0.040716
min_rc,wn,mult : 35 2 17
wp: 183821, wn : 2, rp : 3537208, rn : 42, gcp : 3124957 wu: 0.007758, ru: 0.003325, gcu : 0.030672
min_rc,wn,mult : 35 2 17
wp: 152377, wn : 2, rp : 4906845, rn : 41, gcp : 2590409 wu: 0.009358, ru: 0.002340, gcu : 0.037001
min_rc,wn,mult : 35 2 17
wp: 227553, wn : 2, rp : 1429788, rn : 32, gcp : 3868401 wu: 0.006267, ru: 0.006267, gcu : 0.024777
min_rc,wn,mult : 35 24 1
wp: 2069991, wn : 24, rp : 1371768, rn : 27, gcp : 2069991 wu: 0.008267, ru: 0.005511, gcu : 0.046304
min_rc,wn,mult : 35 21 1
wp: 1342324, wn : 21, rp : 1171422, rn : 20, gcp : 1342324 wu: 0.011155, ru: 0.004781, gcu : 0.071405
min_rc,wn,mult : 35 13 2
wp: 3272002, wn : 13, rp : 1087255, rn : 44, gcp : 6544004 wu: 0.002833, ru: 0.011331, gcu : 0.014647
WRsum : 0.100000, utilsum(noblock): 0.382158, utilsum(nogc): 0.022969 totutil : 0.405128
saving 3,523810,5,228560,5761910,0,10878
saving 21,2354085,32,2113063,2354085,10879,21757
saving 2,183821,42,3537208,3124957,21758,32636
saving 2,152377,41,4906845,2590409,32637,43515
saving 2,227553,32,1429788,3868401,43516,54394
saving 24,2069991,27,1371768,2069991,54395,65273
saving 21,1342324,20,1171422,1342324,65274,76152
saving 13,3272002,44,1087255,6544004,76153,87031
