[ SCHEMES ] 0, 0, 0, 0
[EXEC-main] 0, 1
[EXEC-task] 8, 0.200000
[EXEC-skew] -1, -2.000000, -2.000000, 32766
[EXEC-OP  ] 0, 0.320000, 35
[NOB MAXPE] : 1000, 2000
[LAT MODE ] : 0 (0=STATE, 1=FIXED_S, 2=FIXED_E)
expected_invalid : 34720, expected_fp : 5217, maxvalid : 87039
::UUNIFAST GEN::
[0]0.027509
[1]0.027349
[2]0.027157
[3]0.026917
[4]0.026589
[5]0.026064
[6]0.024780
[7]0.013635
[ALL]0.200000
min_rc,wn,mult : 35 11 3
wp: 356388, wn : 11, rp : 1374115, rn : 27, gcp : 1069164 wu: 0.022007, ru: 0.005502, gcu : 0.089649
min_rc,wn,mult : 35 22 1
wp: 955917, wn : 22, rp : 511902, rn : 20, gcp : 955917 wu: 0.016409, ru: 0.010940, gcu : 0.100269
min_rc,wn,mult : 35 4 8
wp: 262543, wn : 4, rp : 274940, rn : 16, gcp : 2100344 wu: 0.010863, ru: 0.016294, gcu : 0.045635
min_rc,wn,mult : 35 7 5
wp: 206026, wn : 7, rp : 2808666, rn : 27, gcp : 1030130 wu: 0.024225, ru: 0.002692, gcu : 0.093046
min_rc,wn,mult : 35 27 1
wp: 2413416, wn : 27, rp : 616799, rn : 41, gcp : 2413416 wu: 0.007977, ru: 0.018612, gcu : 0.039715
min_rc,wn,mult : 35 5 7
wp: 341942, wn : 5, rp : 143235, rn : 8, gcp : 2393594 wu: 0.010426, ru: 0.015639, gcu : 0.040044
min_rc,wn,mult : 35 10 3
wp: 719334, wn : 10, rp : 866295, rn : 46, gcp : 2158002 wu: 0.009912, ru: 0.014868, gcu : 0.044416
min_rc,wn,mult : 35 12 2
wp: 3137448, wn : 12, rp : 436367, rn : 17, gcp : 6274896 wu: 0.002727, ru: 0.010908, gcu : 0.015275
WRsum : 0.200000, utilsum(noblock): 0.668048, utilsum(nogc): 0.024435 totutil : 0.692483
saving 11,356388,27,1374115,1069164,0,10878
saving 22,955917,20,511902,955917,10879,21757
saving 4,262543,16,274940,2100344,21758,32636
saving 7,206026,27,2808666,1030130,32637,43515
saving 27,2413416,41,616799,2413416,43516,54394
saving 5,341942,8,143235,2393594,54395,65273
saving 10,719334,46,866295,2158002,65274,76152
saving 12,3137448,17,436367,6274896,76153,87031
