[ SCHEMES ] 0, 0, 0, 0
[EXEC-main] 0, 1
[EXEC-task] 8, 0.250000
[EXEC-skew] -1, -2.000000, -2.000000, 32766
[EXEC-OP  ] 0, 0.320000, 35
[NOB MAXPE] : 1000, 2000
[LAT MODE ] : 0 (0=STATE, 1=FIXED_S, 2=FIXED_E)
expected_invalid : 34720, expected_fp : 5217, maxvalid : 87039
::UUNIFAST GEN::
[0]0.031857
[1]0.032073
[2]0.032326
[3]0.032628
[4]0.032997
[5]0.033433
[6]0.033624
[7]0.021061
[ALL]0.250000
min_rc,wn,mult : 35 13 2
wp: 323281, wn : 13, rp : 3076211, rn : 35, gcp : 646562 wu: 0.028672, ru: 0.003186, gcu : 0.148244
min_rc,wn,mult : 35 21 1
wp: 583543, wn : 21, rp : 916646, rn : 21, gcp : 583543 wu: 0.025659, ru: 0.006415, gcu : 0.164254
min_rc,wn,mult : 35 19 1
wp: 1047678, wn : 19, rp : 678499, rn : 47, gcp : 1047678 wu: 0.012930, ru: 0.019396, gcu : 0.091487
min_rc,wn,mult : 35 9 3
wp: 393337, wn : 9, rp : 360421, rn : 21, gcp : 1180011 wu: 0.016314, ru: 0.016314, gcu : 0.081227
min_rc,wn,mult : 35 7 5
wp: 756289, wn : 7, rp : 265178, rn : 25, gcp : 3781445 wu: 0.006599, ru: 0.026397, gcu : 0.025347
min_rc,wn,mult : 35 11 3
wp: 335124, wn : 11, rp : 251247, rn : 9, gcp : 1005372 wu: 0.023403, ru: 0.010030, gcu : 0.095337
min_rc,wn,mult : 35 16 2
wp: 424099, wn : 16, rp : 458003, rn : 11, gcp : 848198 wu: 0.026899, ru: 0.006725, gcu : 0.113003
min_rc,wn,mult : 35 11 3
wp: 532003, wn : 11, rp : 797699, rn : 18, gcp : 1596009 wu: 0.014742, ru: 0.006318, gcu : 0.060055
WRsum : 0.250000, utilsum(noblock): 1.028955, utilsum(nogc): 0.013931 totutil : 1.042885
::UUNIFAST GEN::
[0]0.025276
[1]0.026277
[2]0.027509
[3]0.029087
[4]0.031234
[5]0.034443
[6]0.040052
[7]0.036122
[ALL]0.250000
min_rc,wn,mult : 35 28 1
wp: 2632824, wn : 28, rp : 253206, rn : 16, gcp : 2632824 wu: 0.007583, ru: 0.017693, gcu : 0.036405
min_rc,wn,mult : 35 3 11
wp: 407008, wn : 3, rp : 346308, rn : 26, gcp : 4477088 wu: 0.005255, ru: 0.021022, gcu : 0.021409
min_rc,wn,mult : 35 15 2
wp: 485975, wn : 15, rp : 508922, rn : 10, gcp : 971950 wu: 0.022007, ru: 0.005502, gcu : 0.098615
min_rc,wn,mult : 35 27 1
wp: 1103051, wn : 27, rp : 770090, rn : 32, gcp : 1103051 wu: 0.017452, ru: 0.011635, gcu : 0.086894
min_rc,wn,mult : 35 15 2
wp: 380463, wn : 15, rp : 2689392, rn : 30, gcp : 760926 wu: 0.028110, ru: 0.003123, gcu : 0.125964
min_rc,wn,mult : 35 16 2
wp: 828035, wn : 16, rp : 13548, rn : 1, gcp : 1656070 wu: 0.013777, ru: 0.020666, gcu : 0.057877
min_rc,wn,mult : 35 22 1
wp: 1305485, wn : 22, rp : 249678, rn : 25, gcp : 1305485 wu: 0.012015, ru: 0.028036, gcu : 0.073420
min_rc,wn,mult : 35 3 11
wp: 84593, wn : 3, rp : 904336, rn : 35, gcp : 930523 wu: 0.025286, ru: 0.010837, gcu : 0.103006
WRsum : 0.250002, utilsum(noblock): 0.853592, utilsum(nogc): 0.258341 totutil : 1.111933
::UUNIFAST GEN::
[0]0.019257
[1]0.020600
[2]0.022307
[3]0.024584
[4]0.027848
[5]0.033124
[6]0.043921
[7]0.058359
[ALL]0.250000
min_rc,wn,mult : 35 17 2
wp: 6294271, wn : 17, rp : 80777, rn : 5, gcp : 12588542 wu: 0.001926, ru: 0.017331, gcu : 0.007614
min_rc,wn,mult : 35 14 2
wp: 1211403, wn : 14, rp : 1042067, rn : 46, gcp : 2422806 wu: 0.008240, ru: 0.012360, gcu : 0.039561
min_rc,wn,mult : 35 3 11
wp: 159814, wn : 3, rp : 376560, rn : 12, gcp : 1757954 wu: 0.013384, ru: 0.008923, gcu : 0.054523
min_rc,wn,mult : 35 5 7
wp: 290025, wn : 5, rp : 888379, rn : 39, gcp : 2030175 wu: 0.012292, ru: 0.012292, gcu : 0.047212
min_rc,wn,mult : 35 19 1
wp: 1621535, wn : 19, rp : 14363, rn : 1, gcp : 1621535 wu: 0.008354, ru: 0.019494, gcu : 0.059110
min_rc,wn,mult : 35 7 5
wp: 188345, wn : 7, rp : 1352493, rn : 32, gcp : 941725 wu: 0.026499, ru: 0.006625, gcu : 0.101780
min_rc,wn,mult : 35 14 2
wp: 378788, wn : 14, rp : 191253, rn : 12, gcp : 757576 wu: 0.026352, ru: 0.017568, gcu : 0.126521
min_rc,wn,mult : 35 29 1
wp: 506155, wn : 29, rp : 223902, rn : 14, gcp : 506155 wu: 0.040851, ru: 0.017508, gcu : 0.189367
WRsum : 0.250001, utilsum(noblock): 0.875690, utilsum(nogc): 0.243682 totutil : 1.119371
::UUNIFAST GEN::
[0]0.036122
[1]0.035601
[2]0.034989
[3]0.034243
[4]0.033281
[5]0.031886
[6]0.029161
[7]0.014717
[ALL]0.250000
min_rc,wn,mult : 35 30 1
wp: 2960774, wn : 30, rp : 387572, rn : 40, gcp : 2960774 wu: 0.007224, ru: 0.028898, gcu : 0.032373
min_rc,wn,mult : 35 14 2
wp: 1401937, wn : 14, rp : 481731, rn : 49, gcp : 2803874 wu: 0.007120, ru: 0.028481, gcu : 0.034184
min_rc,wn,mult : 35 30 1
wp: 2037806, wn : 30, rp : 57161, rn : 5, gcp : 2037806 wu: 0.010497, ru: 0.024492, gcu : 0.047035
min_rc,wn,mult : 35 13 2
wp: 676699, wn : 13, rp : 13627, rn : 1, gcp : 1353398 wu: 0.013697, ru: 0.020546, gcu : 0.070821
min_rc,wn,mult : 35 8 4
wp: 244844, wn : 8, rp : 336532, rn : 12, gcp : 979376 wu: 0.023296, ru: 0.009984, gcu : 0.097867
min_rc,wn,mult : 35 12 2
wp: 894447, wn : 12, rp : 627242, rn : 50, gcp : 1788894 wu: 0.009566, ru: 0.022320, gcu : 0.053580
min_rc,wn,mult : 35 23 1
wp: 1124710, wn : 23, rp : 960177, rn : 50, gcp : 1124710 wu: 0.014581, ru: 0.014581, gcu : 0.085221
min_rc,wn,mult : 35 29 1
wp: 7024656, wn : 29, rp : 808564, rn : 34, gcp : 7024656 wu: 0.002943, ru: 0.011774, gcu : 0.013645
WRsum : 0.250002, utilsum(noblock): 0.684729, utilsum(nogc): 0.256843 totutil : 0.941572
saving 30,2960774,40,387572,2960774,0,10878
saving 14,1401937,49,481731,2803874,10879,21757
saving 30,2037806,5,57161,2037806,21758,32636
saving 13,676699,1,13627,1353398,32637,43515
saving 8,244844,12,336532,979376,43516,54394
saving 12,894447,50,627242,1788894,54395,65273
saving 23,1124710,50,960177,1124710,65274,76152
saving 29,7024656,34,808564,7024656,76153,87031
