[ SCHEMES ] 0, 0, 0, 0
[EXEC-main] 0, 1
[EXEC-task] 8, 0.200000
[EXEC-skew] -1, -2.000000, -2.000000, 32766
[EXEC-OP  ] 0, 0.320000, 35
[NOB MAXPE] : 1000, 2000
[LAT MODE ] : 0 (0=STATE, 1=FIXED_S, 2=FIXED_E)
expected_invalid : 34720, expected_fp : 5217, maxvalid : 87039
::UUNIFAST GEN::
[0]0.031595
[1]0.030610
[2]0.029480
[3]0.028146
[4]0.026495
[5]0.024271
[6]0.020580
[7]0.008825
[ALL]0.200000
min_rc,wn,mult : 35 29 1
wp: 6544465, wn : 29, rp : 226480, rn : 23, gcp : 6544465 wu: 0.003159, ru: 0.028435, gcu : 0.014646
min_rc,wn,mult : 35 2 17
wp: 155289, wn : 2, rp : 640323, rn : 49, gcp : 2639913 wu: 0.009183, ru: 0.021427, gcu : 0.036308
min_rc,wn,mult : 35 24 1
wp: 644959, wn : 24, rp : 1329719, rn : 14, gcp : 644959 wu: 0.026532, ru: 0.002948, gcu : 0.148613
min_rc,wn,mult : 35 25 1
wp: 1055516, wn : 25, rp : 149223, rn : 6, gcp : 1055516 wu: 0.016887, ru: 0.011258, gcu : 0.090808
min_rc,wn,mult : 35 4 8
wp: 134553, wn : 4, rp : 2166445, rn : 41, gcp : 1076424 wu: 0.021196, ru: 0.005299, gcu : 0.089044
min_rc,wn,mult : 35 18 1
wp: 587541, wn : 18, rp : 5537555, rn : 48, gcp : 587541 wu: 0.021844, ru: 0.002427, gcu : 0.163136
min_rc,wn,mult : 35 27 1
wp: 1870854, wn : 27, rp : 1360550, rn : 50, gcp : 1870854 wu: 0.010290, ru: 0.010290, gcu : 0.051233
min_rc,wn,mult : 35 16 2
wp: 2585497, wn : 16, rp : 2411438, rn : 38, gcp : 5170994 wu: 0.004412, ru: 0.004412, gcu : 0.018536
WRsum : 0.200000, utilsum(noblock): 0.812322, utilsum(nogc): 0.026012 totutil : 0.838334
saving 29,6544465,23,226480,6544465,0,10878
saving 2,155289,49,640323,2639913,10879,21757
saving 24,644959,14,1329719,644959,21758,32636
saving 25,1055516,6,149223,1055516,32637,43515
saving 4,134553,41,2166445,1076424,43516,54394
saving 18,587541,48,5537555,587541,54395,65273
saving 27,1870854,50,1360550,1870854,65274,76152
saving 16,2585497,38,2411438,5170994,76153,87031
