[ SCHEMES ] 0, 0, 0, 0
[EXEC-main] 0, 1
[EXEC-task] 8, 0.150000
[EXEC-skew] -1, -2.000000, -2.000000, 32765
[EXEC-OP  ] 0, 0.320000, 35
[NOB MAXPE] : 1000, 2000
[LAT MODE ] : 0 (0=STATE, 1=FIXED_S, 2=FIXED_E)
expected_invalid : 34720, expected_fp : 5217, maxvalid : 87039
::UUNIFAST GEN::
[0]0.000895
[1]0.001037
[2]0.001235
[3]0.001529
[4]0.002014
[5]0.002969
[6]0.005755
[7]0.134566
[ALL]0.150000
min_rc,wn,mult : 35 9 3
wp: 11953856, wn : 9, rp : 28166168, rn : 36, gcp : 35861568 wu: 0.000537, ru: 0.000358, gcu : 0.002673
min_rc,wn,mult : 35 1 35
wp: 1375037, wn : 1, rp : 15659609, rn : 29, gcp : 48126295 wu: 0.000519, ru: 0.000519, gcu : 0.001992
min_rc,wn,mult : 35 2 17
wp: 2886735, wn : 2, rp : 13981572, rn : 37, gcp : 49074495 wu: 0.000494, ru: 0.000741, gcu : 0.001953
min_rc,wn,mult : 35 15 2
wp: 7770825, wn : 15, rp : 89718704, rn : 49, gcp : 15541650 wu: 0.001376, ru: 0.000153, gcu : 0.006167
min_rc,wn,mult : 35 14 2
wp: 12389413, wn : 14, rp : 10889245, rn : 47, gcp : 24778826 wu: 0.000806, ru: 0.001209, gcu : 0.003868
min_rc,wn,mult : 35 26 1
wp: 12487293, wn : 26, rp : 7355768, rn : 39, gcp : 12487293 wu: 0.001485, ru: 0.001485, gcu : 0.007676
min_rc,wn,mult : 35 27 1
wp: 4181433, wn : 27, rp : 12163539, rn : 50, gcp : 4181433 wu: 0.004604, ru: 0.001151, gcu : 0.022923
min_rc,wn,mult : 35 14 2
wp: 123632, wn : 14, rp : 46817, rn : 9, gcp : 247264 wu: 0.080740, ru: 0.053826, gcu : 0.387638
WRsum : 0.150000, utilsum(noblock): 0.584890, utilsum(nogc): 0.074759 totutil : 0.659649
saving 9,11953856,36,28166168,35861568,0,10878
saving 1,1375037,29,15659609,48126295,10879,21757
saving 2,2886735,37,13981572,49074495,21758,32636
saving 15,7770825,49,89718704,15541650,32637,43515
saving 14,12389413,47,10889245,24778826,43516,54394
saving 26,12487293,39,7355768,12487293,54395,65273
saving 27,4181433,50,12163539,4181433,65274,76152
saving 14,123632,9,46817,247264,76153,87031
