[ SCHEMES ] 0, 0, 0, 0
[EXEC-main] 0, 1
[EXEC-task] 8, 0.250000
[EXEC-skew] -1, -2.000000, -2.000000, 32766
[EXEC-OP  ] 0, 0.320000, 35
[NOB MAXPE] : 1000, 2000
[LAT MODE ] : 0 (0=STATE, 1=FIXED_S, 2=FIXED_E)
expected_invalid : 34720, expected_fp : 5217, maxvalid : 87039
::UUNIFAST GEN::
[0]0.000989
[1]0.001149
[2]0.001372
[3]0.001704
[4]0.002254
[5]0.003342
[6]0.006546
[7]0.232646
[ALL]0.250000
min_rc,wn,mult : 35 7 5
wp: 6308070, wn : 7, rp : 63700008, rn : 45, gcp : 31540350 wu: 0.000791, ru: 0.000198, gcu : 0.003039
min_rc,wn,mult : 35 28 1
wp: 21720738, wn : 28, rp : 15841212, rn : 13, gcp : 21720738 wu: 0.000919, ru: 0.000230, gcu : 0.004413
min_rc,wn,mult : 35 19 1
wp: 14108794, wn : 19, rp : 23134520, rn : 34, gcp : 14108794 wu: 0.000960, ru: 0.000412, gcu : 0.006794
min_rc,wn,mult : 35 14 2
wp: 19527298, wn : 14, rp : 9155255, rn : 39, gcp : 39054596 wu: 0.000511, ru: 0.001193, gcu : 0.002454
min_rc,wn,mult : 35 17 2
wp: 13446201, wn : 17, rp : 6005179, rn : 29, gcp : 26892402 wu: 0.000901, ru: 0.001352, gcu : 0.003564
min_rc,wn,mult : 35 26 1
wp: 18492286, wn : 26, rp : 1077336, rn : 9, gcp : 18492286 wu: 0.001002, ru: 0.002339, gcu : 0.005183
min_rc,wn,mult : 35 18 1
wp: 9803439, wn : 18, rp : 748587, rn : 14, gcp : 9803439 wu: 0.001309, ru: 0.005237, gcu : 0.009777
min_rc,wn,mult : 35 29 1
wp: 888776, wn : 29, rp : 9360, rn : 7, gcp : 888776 wu: 0.023265, ru: 0.209381, gcu : 0.107844
WRsum : 0.250021, utilsum(noblock): 0.393088, utilsum(nogc): 0.373932 totutil : 0.767020
saving 7,6308070,45,63700008,31540350,0,10878
saving 28,21720738,13,15841212,21720738,10879,21757
saving 19,14108794,34,23134520,14108794,21758,32636
saving 14,19527298,39,9155255,39054596,32637,43515
saving 17,13446201,29,6005179,26892402,43516,54394
saving 26,18492286,9,1077336,18492286,54395,65273
saving 18,9803439,14,748587,9803439,65274,76152
saving 29,888776,7,9360,888776,76153,87031
