[ SCHEMES ] 0, 0, 0, 0
[EXEC-main] 0, 1
[EXEC-task] 8, 0.150000
[EXEC-skew] -1, -2.000000, -2.000000, 32767
[EXEC-OP  ] 0, 0.320000, 35
[NOB MAXPE] : 1000, 2000
[LAT MODE ] : 0 (0=STATE, 1=FIXED_S, 2=FIXED_E)
expected_invalid : 34720, expected_fp : 5217, maxvalid : 87039
::UUNIFAST GEN::
[0]0.010843
[1]0.011664
[2]0.012714
[3]0.014124
[4]0.016166
[5]0.019514
[6]0.026548
[7]0.038426
[ALL]0.150000
min_rc,wn,mult : 35 18 1
wp: 5917843, wn : 18, rp : 1613873, rn : 50, gcp : 5917843 wu: 0.002169, ru: 0.008675, gcu : 0.016197
min_rc,wn,mult : 35 30 1
wp: 3056403, wn : 30, rp : 180040, rn : 3, gcp : 3056403 wu: 0.006998, ru: 0.004666, gcu : 0.031360
min_rc,wn,mult : 35 9 3
wp: 1261832, wn : 9, rp : 1504944, rn : 41, gcp : 3785496 wu: 0.005085, ru: 0.007628, gcu : 0.025320
min_rc,wn,mult : 35 27 1
wp: 3407425, wn : 27, rp : 1354639, rn : 41, gcp : 3407425 wu: 0.005650, ru: 0.008475, gcu : 0.028129
min_rc,wn,mult : 35 9 3
wp: 1984663, wn : 9, rp : 844340, rn : 39, gcp : 5953989 wu: 0.003233, ru: 0.012933, gcu : 0.016098
min_rc,wn,mult : 35 5 7
wp: 608956, wn : 5, rp : 450952, rn : 22, gcp : 4262692 wu: 0.005854, ru: 0.013660, gcu : 0.022486
min_rc,wn,mult : 35 7 5
wp: 626666, wn : 7, rp : 421879, rn : 28, gcp : 3133330 wu: 0.007964, ru: 0.018584, gcu : 0.030590
min_rc,wn,mult : 35 28 1
wp: 2597723, wn : 28, rp : 337011, rn : 37, gcp : 2597723 wu: 0.007685, ru: 0.030741, gcu : 0.036897
WRsum : 0.150000, utilsum(noblock): 0.357078, utilsum(nogc): 0.019440 totutil : 0.376518
saving 18,5917843,50,1613873,5917843,0,10878
saving 30,3056403,3,180040,3056403,10879,21757
saving 9,1261832,41,1504944,3785496,21758,32636
saving 27,3407425,41,1354639,3407425,32637,43515
saving 9,1984663,39,844340,5953989,43516,54394
saving 5,608956,22,450952,4262692,54395,65273
saving 7,626666,28,421879,3133330,65274,76152
saving 28,2597723,37,337011,2597723,76153,87031
