[ SCHEMES ] 0, 0, 0, 0
[EXEC-main] 0, 1
[EXEC-task] 8, 0.300000
[EXEC-skew] -1, -2.000000, -2.000000, 32765
[EXEC-OP  ] 0, 0.320000, 35
[NOB MAXPE] : 1000, 2000
[LAT MODE ] : 0 (0=STATE, 1=FIXED_S, 2=FIXED_E)
expected_invalid : 34720, expected_fp : 5217, maxvalid : 87039
::UUNIFAST GEN::
[0]0.001896
[1]0.002197
[2]0.002615
[3]0.003236
[4]0.004260
[5]0.006272
[6]0.012135
[7]0.267388
[ALL]0.300000
min_rc,wn,mult : 35 15 2
wp: 8057700, wn : 15, rp : 11813441, rn : 24, gcp : 16115400 wu: 0.001327, ru: 0.000569, gcu : 0.005948
min_rc,wn,mult : 35 14 2
wp: 45434112, wn : 14, rp : 1982476, rn : 14, gcp : 90868224 wu: 0.000220, ru: 0.001977, gcu : 0.001055
min_rc,wn,mult : 35 16 2
wp: 5453008, wn : 16, rp : 535358, rn : 1, gcp : 10906016 wu: 0.002092, ru: 0.000523, gcu : 0.008789
min_rc,wn,mult : 35 12 2
wp: 5287418, wn : 12, rp : 7267419, rn : 42, gcp : 10574836 wu: 0.001618, ru: 0.001618, gcu : 0.009064
min_rc,wn,mult : 35 22 1
wp: 5260640, wn : 22, rp : 6792395, rn : 31, gcp : 5260640 wu: 0.002982, ru: 0.001278, gcu : 0.018220
min_rc,wn,mult : 35 5 7
wp: 2841772, wn : 5, rp : 1506577, rn : 27, gcp : 19892404 wu: 0.001254, ru: 0.005018, gcu : 0.004818
min_rc,wn,mult : 35 5 7
wp: 2937780, wn : 5, rp : 102549, rn : 4, gcp : 20564460 wu: 0.001214, ru: 0.010922, gcu : 0.004661
min_rc,wn,mult : 35 4 8
wp: 15237, wn : 4, rp : 118678, rn : 34, gcp : 121896 wu: 0.187172, ru: 0.080216, gcu : 0.786318
WRsum : 0.300005, utilsum(noblock): 1.138877, utilsum(nogc): 0.229704 totutil : 1.368581
::UUNIFAST GEN::
[0]0.010724
[1]0.012027
[2]0.013775
[3]0.016260
[4]0.020130
[5]0.027164
[6]0.044968
[7]0.154952
[ALL]0.300000
min_rc,wn,mult : 35 23 1
wp: 1911533, wn : 23, rp : 1958275, rn : 15, gcp : 1911533 wu: 0.008579, ru: 0.002145, gcu : 0.050142
min_rc,wn,mult : 35 12 2
wp: 1016243, wn : 12, rp : 1319199, rn : 17, gcp : 2032486 wu: 0.008419, ru: 0.003608, gcu : 0.047159
min_rc,wn,mult : 35 26 1
wp: 3364493, wn : 26, rp : 1422895, rn : 42, gcp : 3364493 wu: 0.005510, ru: 0.008265, gcu : 0.028488
min_rc,wn,mult : 35 1 35
wp: 87699, wn : 1, rp : 172201, rn : 5, gcp : 3069465 wu: 0.008130, ru: 0.008130, gcu : 0.031227
min_rc,wn,mult : 35 17 2
wp: 6021390, wn : 17, rp : 77275, rn : 5, gcp : 12042780 wu: 0.002013, ru: 0.018117, gcu : 0.007959
min_rc,wn,mult : 35 28 1
wp: 2449842, wn : 28, rp : 706826, rn : 48, gcp : 2449842 wu: 0.008149, ru: 0.019015, gcu : 0.039125
min_rc,wn,mult : 35 11 3
wp: 218015, wn : 11, rp : 902862, rn : 29, gcp : 654045 wu: 0.035974, ru: 0.008994, gcu : 0.146548
min_rc,wn,mult : 35 16 2
wp: 81802, wn : 16, rp : 90350, rn : 5, gcp : 163604 wu: 0.139457, ru: 0.015495, gcu : 0.585860
WRsum : 0.300002, utilsum(noblock): 1.236509, utilsum(nogc): 0.045293 totutil : 1.281802
::UUNIFAST GEN::
[0]0.004338
[1]0.004982
[2]0.005868
[3]0.007169
[4]0.009278
[5]0.013339
[6]0.024722
[7]0.230304
[ALL]0.300000
min_rc,wn,mult : 35 28 1
wp: 15339309, wn : 28, rp : 2581651, rn : 28, gcp : 15339309 wu: 0.001301, ru: 0.003037, gcu : 0.006249
min_rc,wn,mult : 35 3 11
wp: 1073335, wn : 3, rp : 4402398, rn : 47, gcp : 11806685 wu: 0.001993, ru: 0.002989, gcu : 0.008118
min_rc,wn,mult : 35 18 1
wp: 10935831, wn : 18, rp : 775409, rn : 13, gcp : 10935831 wu: 0.001174, ru: 0.004694, gcu : 0.008765
min_rc,wn,mult : 35 21 1
wp: 2610887, wn : 21, rp : 5663636, rn : 29, gcp : 2610887 wu: 0.005735, ru: 0.001434, gcu : 0.036711
min_rc,wn,mult : 35 16 2
wp: 12295519, wn : 16, rp : 737692, rn : 22, gcp : 24591038 wu: 0.000928, ru: 0.008350, gcu : 0.003898
min_rc,wn,mult : 35 8 4
wp: 1425376, wn : 8, rp : 839632, rn : 28, gcp : 5701504 wu: 0.004002, ru: 0.009337, gcu : 0.016811
min_rc,wn,mult : 35 24 1
wp: 6921714, wn : 24, rp : 440449, rn : 35, gcp : 6921714 wu: 0.002472, ru: 0.022250, gcu : 0.013848
min_rc,wn,mult : 35 21 1
wp: 216713, wn : 21, rp : 59052, rn : 34, gcp : 216713 wu: 0.069091, ru: 0.161213, gcu : 0.442285
WRsum : 0.300002, utilsum(noblock): 0.836686, utilsum(nogc): 0.059270 totutil : 0.895956
saving 28,15339309,28,2581651,15339309,0,10878
saving 3,1073335,47,4402398,11806685,10879,21757
saving 18,10935831,13,775409,10935831,21758,32636
saving 21,2610887,29,5663636,2610887,32637,43515
saving 16,12295519,22,737692,24591038,43516,54394
saving 8,1425376,28,839632,5701504,54395,65273
saving 24,6921714,35,440449,6921714,65274,76152
saving 21,216713,34,59052,216713,76153,87031
