[ SCHEMES ] 0, 0, 0, 0
[EXEC-main] 0, 1
[EXEC-task] 8, 0.200000
[EXEC-skew] -1, -2.000000, -2.000000, 32765
[EXEC-OP  ] 0, 0.320000, 35
[NOB MAXPE] : 1000, 2000
[LAT MODE ] : 0 (0=STATE, 1=FIXED_S, 2=FIXED_E)
expected_invalid : 34720, expected_fp : 5217, maxvalid : 87039
::UUNIFAST GEN::
[0]0.007581
[1]0.008482
[2]0.009686
[3]0.011394
[4]0.014041
[5]0.018825
[6]0.030807
[7]0.099184
[ALL]0.200000
min_rc,wn,mult : 35 24 1
wp: 7524248, wn : 24, rp : 1213588, rn : 23, gcp : 7524248 wu: 0.002274, ru: 0.005307, gcu : 0.012739
min_rc,wn,mult : 35 1 35
wp: 280204, wn : 1, rp : 47159, rn : 1, gcp : 9807140 wu: 0.002545, ru: 0.005937, gcu : 0.009773
min_rc,wn,mult : 35 3 11
wp: 245366, wn : 3, rp : 4914203, rn : 17, gcp : 2699026 wu: 0.008718, ru: 0.000969, gcu : 0.035512
min_rc,wn,mult : 35 24 1
wp: 2145557, wn : 24, rp : 901087, rn : 11, gcp : 2145557 wu: 0.007976, ru: 0.003418, gcu : 0.044673
min_rc,wn,mult : 35 30 1
wp: 3046756, wn : 30, rp : 1475661, rn : 37, gcp : 3046756 wu: 0.007021, ru: 0.007021, gcu : 0.031459
min_rc,wn,mult : 35 20 1
wp: 3787545, wn : 20, rp : 55777, rn : 3, gcp : 3787545 wu: 0.003765, ru: 0.015060, gcu : 0.025306
min_rc,wn,mult : 35 10 3
wp: 462880, wn : 10, rp : 472618, rn : 26, gcp : 1388640 wu: 0.015404, ru: 0.015404, gcu : 0.069024
min_rc,wn,mult : 35 13 2
wp: 467261, wn : 13, rp : 77633, rn : 22, gcp : 934522 wu: 0.019837, ru: 0.079347, gcu : 0.102565
WRsum : 0.200000, utilsum(noblock): 0.531052, utilsum(nogc): 0.074217 totutil : 0.605269
saving 24,7524248,23,1213588,7524248,0,10878
saving 1,280204,1,47159,9807140,10879,21757
saving 3,245366,17,4914203,2699026,21758,32636
saving 24,2145557,11,901087,2145557,32637,43515
saving 30,3046756,37,1475661,3046756,43516,54394
saving 20,3787545,3,55777,3787545,54395,65273
saving 10,462880,26,472618,1388640,65274,76152
saving 13,467261,22,77633,934522,76153,87031
