[ SCHEMES ] 0, 0, 0, 0
[EXEC-main] 0, 1
[EXEC-task] 8, 0.250000
[EXEC-skew] -1, -2.000000, -2.000000, 32764
[EXEC-OP  ] 0, 0.320000, 35
[NOB MAXPE] : 1000, 2000
[LAT MODE ] : 0 (0=STATE, 1=FIXED_S, 2=FIXED_E)
expected_invalid : 34720, expected_fp : 5217, maxvalid : 87039
::UUNIFAST GEN::
[0]0.008935
[1]0.010021
[2]0.011477
[3]0.013548
[4]0.016772
[5]0.022633
[6]0.037470
[7]0.129145
[ALL]0.250000
min_rc,wn,mult : 35 20 1
wp: 2280052, wn : 20, rp : 1044624, rn : 10, gcp : 2280052 wu: 0.006254, ru: 0.002680, gcu : 0.042038
min_rc,wn,mult : 35 22 1
wp: 2608862, wn : 22, rp : 1397070, rn : 20, gcp : 2608862 wu: 0.006013, ru: 0.004008, gcu : 0.036740
min_rc,wn,mult : 35 20 1
wp: 1553128, wn : 20, rp : 3293591, rn : 27, gcp : 1553128 wu: 0.009181, ru: 0.002295, gcu : 0.061714
min_rc,wn,mult : 35 2 17
wp: 1052577, wn : 2, rp : 987457, rn : 43, gcp : 17893809 wu: 0.001355, ru: 0.012193, gcu : 0.005357
min_rc,wn,mult : 35 27 1
wp: 2869466, wn : 27, rp : 139118, rn : 5, gcp : 2869466 wu: 0.006709, ru: 0.010063, gcu : 0.033403
min_rc,wn,mult : 35 28 1
wp: 1764125, wn : 28, rp : 692784, rn : 28, gcp : 1764125 wu: 0.011317, ru: 0.011317, gcu : 0.054332
min_rc,wn,mult : 35 11 3
wp: 232572, wn : 11, rp : 747268, rn : 10, gcp : 697716 wu: 0.033723, ru: 0.003747, gcu : 0.137375
min_rc,wn,mult : 35 5 7
wp: 39435, wn : 5, rp : 187903, rn : 26, gcp : 276045 wu: 0.090401, ru: 0.038743, gcu : 0.347222
WRsum : 0.250001, utilsum(noblock): 0.968182, utilsum(nogc): 0.088754 totutil : 1.056936
::UUNIFAST GEN::
[0]0.016883
[1]0.018261
[2]0.020035
[3]0.022437
[4]0.025949
[5]0.031787
[6]0.044372
[7]0.070277
[ALL]0.250000
min_rc,wn,mult : 35 12 2
wp: 1013589, wn : 12, rp : 862427, rn : 26, gcp : 2027178 wu: 0.008441, ru: 0.008441, gcu : 0.047282
min_rc,wn,mult : 35 8 4
wp: 347068, wn : 8, rp : 5366664, rn : 35, gcp : 1388272 wu: 0.016435, ru: 0.001826, gcu : 0.069042
min_rc,wn,mult : 35 27 1
wp: 1921746, wn : 27, rp : 1229854, rn : 44, gcp : 1921746 wu: 0.010017, ru: 0.010017, gcu : 0.049876
min_rc,wn,mult : 35 18 1
wp: 5719955, wn : 18, rp : 207987, rn : 15, gcp : 5719955 wu: 0.002244, ru: 0.020194, gcu : 0.016757
min_rc,wn,mult : 35 8 4
wp: 366357, wn : 8, rp : 1132985, rn : 42, gcp : 1465428 wu: 0.015569, ru: 0.010380, gcu : 0.065407
min_rc,wn,mult : 35 1 35
wp: 56076, wn : 1, rp : 528516, rn : 36, gcp : 1962660 wu: 0.012715, ru: 0.019072, gcu : 0.048836
min_rc,wn,mult : 35 19 1
wp: 381634, wn : 19, rp : 1325170, rn : 42, gcp : 381634 wu: 0.035497, ru: 0.008874, gcu : 0.251154
min_rc,wn,mult : 35 16 2
wp: 541100, wn : 16, rp : 113836, rn : 20, gcp : 1082200 wu: 0.021083, ru: 0.049194, gcu : 0.088569
WRsum : 0.250000, utilsum(noblock): 0.886923, utilsum(nogc): 0.062415 totutil : 0.949338
saving 12,1013589,26,862427,2027178,0,10878
saving 8,347068,35,5366664,1388272,10879,21757
saving 27,1921746,44,1229854,1921746,21758,32636
saving 18,5719955,15,207987,5719955,32637,43515
saving 8,366357,42,1132985,1465428,43516,54394
saving 1,56076,36,528516,1962660,54395,65273
saving 19,381634,42,1325170,381634,65274,76152
saving 16,541100,20,113836,1082200,76153,87031
