[ SCHEMES ] 0, 0, 0, 0
[EXEC-main] 0, 1
[EXEC-task] 8, 0.200000
[EXEC-skew] -1, -2.000000, -2.000000, 32764
[EXEC-OP  ] 0, 0.320000, 35
[NOB MAXPE] : 1000, 2000
[LAT MODE ] : 0 (0=STATE, 1=FIXED_S, 2=FIXED_E)
expected_invalid : 34720, expected_fp : 5217, maxvalid : 87039
::UUNIFAST GEN::
[0]0.033508
[1]0.032066
[2]0.030436
[3]0.028546
[4]0.026262
[5]0.023295
[6]0.018715
[7]0.007171
[ALL]0.200000
min_rc,wn,mult : 35 26 1
wp: 614706, wn : 26, rp : 1086296, rn : 13, gcp : 614706 wu: 0.030158, ru: 0.003351, gcu : 0.155927
min_rc,wn,mult : 35 26 1
wp: 722649, wn : 26, rp : 654898, rn : 15, gcp : 722649 wu: 0.025653, ru: 0.006413, gcu : 0.132636
min_rc,wn,mult : 35 8 4
wp: 208232, wn : 8, rp : 1195947, rn : 13, gcp : 832928 wu: 0.027392, ru: 0.003044, gcu : 0.115075
min_rc,wn,mult : 35 19 1
wp: 527303, wn : 19, rp : 490442, rn : 5, gcp : 527303 wu: 0.025691, ru: 0.002855, gcu : 0.181772
min_rc,wn,mult : 35 1 35
wp: 38784, wn : 1, rp : 390929, rn : 11, gcp : 1357440 wu: 0.018384, ru: 0.007879, gcu : 0.070610
min_rc,wn,mult : 35 1 35
wp: 306071, wn : 1, rp : 467429, rn : 35, gcp : 10712485 wu: 0.002330, ru: 0.020966, gcu : 0.008947
min_rc,wn,mult : 35 17 2
wp: 3238324, wn : 17, rp : 710662, rn : 38, gcp : 6476648 wu: 0.003743, ru: 0.014972, gcu : 0.014799
min_rc,wn,mult : 35 24 1
wp: 3976857, wn : 24, rp : 97608, rn : 1, gcp : 3976857 wu: 0.004303, ru: 0.002869, gcu : 0.024102
WRsum : 0.200001, utilsum(noblock): 0.903868, utilsum(nogc): 0.090243 totutil : 0.994111
saving 26,614706,13,1086296,614706,0,10878
saving 26,722649,15,654898,722649,10879,21757
saving 8,208232,13,1195947,832928,21758,32636
saving 19,527303,5,490442,527303,32637,43515
saving 1,38784,11,390929,1357440,43516,54394
saving 1,306071,35,467429,10712485,54395,65273
saving 17,3238324,38,710662,6476648,65274,76152
saving 24,3976857,1,97608,3976857,76153,87031
