[ SCHEMES ] 0, 0, 0, 0
[EXEC-main] 0, 1
[EXEC-task] 8, 0.150000
[EXEC-skew] -1, -2.000000, -2.000000, 32766
[EXEC-OP  ] 0, 0.320000, 35
[NOB MAXPE] : 1000, 2000
[LAT MODE ] : 0 (0=STATE, 1=FIXED_S, 2=FIXED_E)
expected_invalid : 34720, expected_fp : 5217, maxvalid : 87039
::UUNIFAST GEN::
[0]0.008245
[1]0.009048
[2]0.010099
[3]0.011550
[4]0.013725
[5]0.017474
[6]0.026100
[7]0.053760
[ALL]0.150000
min_rc,wn,mult : 35 24 1
wp: 10377243, wn : 24, rp : 424501, rn : 10, gcp : 10377243 wu: 0.001649, ru: 0.006596, gcu : 0.009236
min_rc,wn,mult : 35 7 5
wp: 1379018, wn : 7, rp : 1702013, rn : 33, gcp : 6895090 wu: 0.003619, ru: 0.005429, gcu : 0.013901
min_rc,wn,mult : 35 25 1
wp: 2941807, wn : 25, rp : 1455637, rn : 21, gcp : 2941807 wu: 0.006059, ru: 0.004039, gcu : 0.032582
min_rc,wn,mult : 35 5 7
wp: 440954, wn : 5, rp : 2505135, rn : 31, gcp : 3086678 wu: 0.008085, ru: 0.003465, gcu : 0.031052
min_rc,wn,mult : 35 8 4
wp: 692648, wn : 8, rp : 2193064, rn : 43, gcp : 2770592 wu: 0.008235, ru: 0.005490, gcu : 0.034595
min_rc,wn,mult : 35 7 5
wp: 317363, wn : 7, rp : 4967433, rn : 31, gcp : 1586815 wu: 0.015726, ru: 0.001747, gcu : 0.060403
min_rc,wn,mult : 35 13 2
wp: 1775681, wn : 13, rp : 496171, rn : 37, gcp : 3551362 wu: 0.005220, ru: 0.020880, gcu : 0.026989
min_rc,wn,mult : 35 15 2
wp: 994700, wn : 15, rp : 195312, rn : 30, gcp : 1989400 wu: 0.010752, ru: 0.043008, gcu : 0.048180
WRsum : 0.150000, utilsum(noblock): 0.406940, utilsum(nogc): 0.017920 totutil : 0.424860
saving 24,10377243,10,424501,10377243,0,10878
saving 7,1379018,33,1702013,6895090,10879,21757
saving 25,2941807,21,1455637,2941807,21758,32636
saving 5,440954,31,2505135,3086678,32637,43515
saving 8,692648,43,2193064,2770592,43516,54394
saving 7,317363,31,4967433,1586815,54395,65273
saving 13,1775681,37,496171,3551362,65274,76152
saving 15,994700,30,195312,1989400,76153,87031
