[ SCHEMES ] 0, 0, 0, 0
[EXEC-main] 0, 1
[EXEC-task] 8, 0.150000
[EXEC-skew] -1, -2.000000, -2.000000, 32767
[EXEC-OP  ] 0, 0.320000, 35
[NOB MAXPE] : 1000, 2000
[LAT MODE ] : 0 (0=STATE, 1=FIXED_S, 2=FIXED_E)
expected_invalid : 34720, expected_fp : 5217, maxvalid : 87039
::UUNIFAST GEN::
[0]0.008790
[1]0.009606
[2]0.010669
[3]0.012128
[4]0.014300
[5]0.018005
[6]0.026373
[7]0.050129
[ALL]0.150000
min_rc,wn,mult : 35 2 17
wp: 270378, wn : 2, rp : 1751962, rn : 22, gcp : 4596426 wu: 0.005274, ru: 0.003516, gcu : 0.020853
min_rc,wn,mult : 35 11 3
wp: 4082230, wn : 11, rp : 837994, rn : 23, gcp : 12246690 wu: 0.001921, ru: 0.007685, gcu : 0.007827
min_rc,wn,mult : 35 18 1
wp: 1503673, wn : 18, rp : 1574674, rn : 12, gcp : 1503673 wu: 0.008535, ru: 0.002134, gcu : 0.063743
min_rc,wn,mult : 35 7 5
wp: 2057608, wn : 7, rp : 606027, rn : 21, gcp : 10288040 wu: 0.002426, ru: 0.009703, gcu : 0.009317
min_rc,wn,mult : 35 30 1
wp: 2136816, wn : 30, rp : 3067531, rn : 47, gcp : 2136816 wu: 0.010010, ru: 0.004290, gcu : 0.044856
min_rc,wn,mult : 35 15 2
wp: 990004, wn : 15, rp : 1399613, rn : 36, gcp : 1980008 wu: 0.010803, ru: 0.007202, gcu : 0.048408
min_rc,wn,mult : 35 1 35
wp: 33794, wn : 1, rp : 530851, rn : 10, gcp : 1182790 wu: 0.021098, ru: 0.005275, gcu : 0.081036
min_rc,wn,mult : 35 25 1
wp: 444482, wn : 25, rp : 586492, rn : 21, gcp : 444482 wu: 0.040103, ru: 0.010026, gcu : 0.215642
WRsum : 0.150000, utilsum(noblock): 0.641682, utilsum(nogc): 0.103569 totutil : 0.745251
saving 2,270378,22,1751962,4596426,0,10878
saving 11,4082230,23,837994,12246690,10879,21757
saving 18,1503673,12,1574674,1503673,21758,32636
saving 7,2057608,21,606027,10288040,32637,43515
saving 30,2136816,47,3067531,2136816,43516,54394
saving 15,990004,36,1399613,1980008,54395,65273
saving 1,33794,10,530851,1182790,65274,76152
saving 25,444482,21,586492,444482,76153,87031
