[ SCHEMES ] 0, 0, 0, 0
[EXEC-main] 0, 1
[EXEC-task] 8, 0.250000
[EXEC-skew] -1, -2.000000, -2.000000, 32765
[EXEC-OP  ] 0, 0.320000, 35
[NOB MAXPE] : 1000, 2000
[LAT MODE ] : 0 (0=STATE, 1=FIXED_S, 2=FIXED_E)
expected_invalid : 34720, expected_fp : 5217, maxvalid : 87039
::UUNIFAST GEN::
[0]0.023850
[1]0.024965
[2]0.026347
[3]0.028136
[4]0.030601
[5]0.034361
[6]0.041223
[7]0.040517
[ALL]0.250000
min_rc,wn,mult : 35 3 11
wp: 112108, wn : 3, rp : 1819726, rn : 31, gcp : 1233188 wu: 0.019080, ru: 0.004770, gcu : 0.077725
min_rc,wn,mult : 35 19 1
wp: 678310, wn : 19, rp : 1738461, rn : 31, gcp : 678310 wu: 0.019972, ru: 0.004993, gcu : 0.141306
min_rc,wn,mult : 35 8 4
wp: 360822, wn : 8, rp : 770479, rn : 29, gcp : 1443288 wu: 0.015808, ru: 0.010539, gcu : 0.066410
min_rc,wn,mult : 35 27 1
wp: 977440, wn : 27, rp : 1658600, rn : 50, gcp : 977440 wu: 0.019695, ru: 0.008441, gcu : 0.098061
min_rc,wn,mult : 35 23 1
wp: 1071792, wn : 23, rp : 549000, rn : 30, gcp : 1071792 wu: 0.015301, ru: 0.015301, gcu : 0.089429
min_rc,wn,mult : 35 30 1
wp: 889301, wn : 30, rp : 923531, rn : 34, gcp : 889301 wu: 0.024053, ru: 0.010308, gcu : 0.107780
min_rc,wn,mult : 35 28 1
wp: 605359, wn : 28, rp : 169806, rn : 5, gcp : 605359 wu: 0.032979, ru: 0.008245, gcu : 0.158334
min_rc,wn,mult : 35 10 3
wp: 1759759, wn : 10, rp : 107499, rn : 14, gcp : 5279277 wu: 0.004052, ru: 0.036465, gcu : 0.018156
WRsum : 0.250000, utilsum(noblock): 1.007201, utilsum(nogc): 0.032558 totutil : 1.039759
::UUNIFAST GEN::
[0]0.006238
[1]0.007081
[2]0.008226
[3]0.009882
[4]0.012514
[5]0.017440
[6]0.030577
[7]0.158042
[ALL]0.250000
min_rc,wn,mult : 35 9 3
wp: 2571880, wn : 9, rp : 3665908, rn : 49, gcp : 7715640 wu: 0.002495, ru: 0.003743, gcu : 0.012423
min_rc,wn,mult : 35 16 2
wp: 3222219, wn : 16, rp : 3084382, rn : 39, gcp : 6444438 wu: 0.003540, ru: 0.003540, gcu : 0.014873
min_rc,wn,mult : 35 10 3
wp: 8667612, wn : 10, rp : 832047, rn : 22, gcp : 26002836 wu: 0.000823, ru: 0.007403, gcu : 0.003686
min_rc,wn,mult : 35 20 1
wp: 1803847, wn : 20, rp : 283353, rn : 2, gcp : 1803847 wu: 0.007905, ru: 0.001976, gcu : 0.053136
min_rc,wn,mult : 35 28 1
wp: 7976742, wn : 28, rp : 839068, rn : 30, gcp : 7976742 wu: 0.002503, ru: 0.010011, gcu : 0.012016
min_rc,wn,mult : 35 24 1
wp: 1226463, wn : 24, rp : 2568750, rn : 32, gcp : 1226463 wu: 0.013952, ru: 0.003488, gcu : 0.078151
min_rc,wn,mult : 35 8 4
wp: 1865431, wn : 8, rp : 111920, rn : 11, gcp : 7461724 wu: 0.003058, ru: 0.027520, gcu : 0.012845
min_rc,wn,mult : 35 8 4
wp: 60152, wn : 8, rp : 194884, rn : 44, gcp : 240608 wu: 0.094825, ru: 0.063217, gcu : 0.398362
WRsum : 0.250001, utilsum(noblock): 0.835493, utilsum(nogc): 0.058186 totutil : 0.893679
saving 9,2571880,49,3665908,7715640,0,10878
saving 16,3222219,39,3084382,6444438,10879,21757
saving 10,8667612,22,832047,26002836,21758,32636
saving 20,1803847,2,283353,1803847,32637,43515
saving 28,7976742,30,839068,7976742,43516,54394
saving 24,1226463,32,2568750,1226463,54395,65273
saving 8,1865431,11,111920,7461724,65274,76152
saving 8,60152,44,194884,240608,76153,87031
