[ SCHEMES ] 0, 0, 0, 0
[EXEC-main] 0, 1
[EXEC-task] 8, 0.200000
[EXEC-skew] -1, -2.000000, -2.000000, 32767
[EXEC-OP  ] 0, 0.320000, 35
[NOB MAXPE] : 1000, 2000
[LAT MODE ] : 0 (0=STATE, 1=FIXED_S, 2=FIXED_E)
expected_invalid : 34720, expected_fp : 5217, maxvalid : 87039
::UUNIFAST GEN::
[0]0.010116
[1]0.011158
[2]0.012527
[3]0.014432
[4]0.017312
[5]0.022337
[6]0.034157
[7]0.077961
[ALL]0.200000
min_rc,wn,mult : 35 28 1
wp: 2819161, wn : 28, rp : 276776, rn : 3, gcp : 2819161 wu: 0.007082, ru: 0.003035, gcu : 0.033999
min_rc,wn,mult : 35 26 1
wp: 4153653, wn : 26, rp : 878321, rn : 21, gcp : 4153653 wu: 0.004463, ru: 0.006695, gcu : 0.023076
min_rc,wn,mult : 35 28 1
wp: 1770727, wn : 28, rp : 223514, rn : 1, gcp : 1770727 wu: 0.011274, ru: 0.001253, gcu : 0.054130
min_rc,wn,mult : 35 29 1
wp: 2387943, wn : 29, rp : 2134216, rn : 44, gcp : 2387943 wu: 0.008659, ru: 0.005773, gcu : 0.040139
min_rc,wn,mult : 35 19 1
wp: 978162, wn : 19, rp : 3962614, rn : 49, gcp : 978162 wu: 0.013849, ru: 0.003462, gcu : 0.097989
min_rc,wn,mult : 35 17 2
wp: 5426537, wn : 17, rp : 487492, rn : 35, gcp : 10853074 wu: 0.002234, ru: 0.020103, gcu : 0.008832
min_rc,wn,mult : 35 21 1
wp: 1461174, wn : 21, rp : 444997, rn : 38, gcp : 1461174 wu: 0.010247, ru: 0.023910, gcu : 0.065597
min_rc,wn,mult : 35 28 1
wp: 320094, wn : 28, rp : 538728, rn : 30, gcp : 320094 wu: 0.062369, ru: 0.015592, gcu : 0.299440
WRsum : 0.200000, utilsum(noblock): 0.823201, utilsum(nogc): 0.015659 totutil : 0.838860
saving 28,2819161,3,276776,2819161,0,10878
saving 26,4153653,21,878321,4153653,10879,21757
saving 28,1770727,1,223514,1770727,21758,32636
saving 29,2387943,44,2134216,2387943,32637,43515
saving 19,978162,49,3962614,978162,43516,54394
saving 17,5426537,35,487492,10853074,54395,65273
saving 21,1461174,38,444997,1461174,65274,76152
saving 28,320094,30,538728,320094,76153,87031
