[ SCHEMES ] 0, 0, 0, 0
[EXEC-main] 0, 1
[EXEC-task] 8, 0.200000
[EXEC-skew] -1, -2.000000, -2.000000, 32767
[EXEC-OP  ] 0, 0.320000, 35
[NOB MAXPE] : 1000, 2000
[LAT MODE ] : 0 (0=STATE, 1=FIXED_S, 2=FIXED_E)
expected_invalid : 34720, expected_fp : 5217, maxvalid : 87039
::UUNIFAST GEN::
[0]0.044058
[1]0.039292
[2]0.034314
[3]0.029067
[4]0.023462
[5]0.017331
[6]0.010290
[7]0.002186
[ALL]0.200000
min_rc,wn,mult : 35 5 7
wp: 89906, wn : 5, rp : 2033686, rn : 32, gcp : 629342 wu: 0.039652, ru: 0.004406, gcu : 0.152300
min_rc,wn,mult : 35 15 2
wp: 340242, wn : 15, rp : 605723, rn : 17, gcp : 680484 wu: 0.031433, ru: 0.007858, gcu : 0.140854
min_rc,wn,mult : 35 17 2
wp: 3532402, wn : 17, rp : 72533, rn : 8, gcp : 7064804 wu: 0.003431, ru: 0.030882, gcu : 0.013567
min_rc,wn,mult : 35 3 11
wp: 183969, wn : 3, rp : 610077, rn : 38, gcp : 2023659 wu: 0.011627, ru: 0.017440, gcu : 0.047364
min_rc,wn,mult : 35 23 1
wp: 3494799, wn : 23, rp : 537038, rn : 36, gcp : 3494799 wu: 0.004692, ru: 0.018770, gcu : 0.027426
min_rc,wn,mult : 35 27 1
wp: 2221595, wn : 27, rp : 904748, rn : 28, gcp : 2221595 wu: 0.008665, ru: 0.008665, gcu : 0.043144
min_rc,wn,mult : 35 3 11
wp: 2078621, wn : 3, rp : 906987, rn : 30, gcp : 22864831 wu: 0.001029, ru: 0.009261, gcu : 0.004192
min_rc,wn,mult : 35 11 3
wp: 7176168, wn : 11, rp : 3586711, rn : 14, gcp : 21528504 wu: 0.001093, ru: 0.001093, gcu : 0.004452
WRsum : 0.200001, utilsum(noblock): 0.633301, utilsum(nogc): 0.048254 totutil : 0.681555
saving 5,89906,32,2033686,629342,0,10878
saving 15,340242,17,605723,680484,10879,21757
saving 17,3532402,8,72533,7064804,21758,32636
saving 3,183969,38,610077,2023659,32637,43515
saving 23,3494799,36,537038,3494799,43516,54394
saving 27,2221595,28,904748,2221595,54395,65273
saving 3,2078621,30,906987,22864831,65274,76152
saving 11,7176168,14,3586711,21528504,76153,87031
