[ SCHEMES ] 0, 0, 0, 0
[EXEC-main] 0, 1
[EXEC-task] 8, 0.300000
[EXEC-skew] -1, -2.000000, -2.000000, 32767
[EXEC-OP  ] 0, 0.320000, 35
[NOB MAXPE] : 1000, 2000
[LAT MODE ] : 0 (0=STATE, 1=FIXED_S, 2=FIXED_E)
expected_invalid : 34720, expected_fp : 5217, maxvalid : 87039
::UUNIFAST GEN::
[0]0.062066
[1]0.056377
[2]0.050312
[3]0.043763
[4]0.036545
[5]0.028306
[6]0.018164
[7]0.004467
[ALL]0.300000
min_rc,wn,mult : 35 22 1
wp: 280811, wn : 22, rp : 225566, rn : 5, gcp : 280811 wu: 0.055859, ru: 0.006207, gcu : 0.341329
min_rc,wn,mult : 35 10 3
wp: 632355, wn : 10, rp : 12416, rn : 2, gcp : 1897065 wu: 0.011275, ru: 0.045101, gcu : 0.050525
min_rc,wn,mult : 35 13 2
wp: 614097, wn : 13, rp : 47702, rn : 6, gcp : 1228194 wu: 0.015094, ru: 0.035219, gcu : 0.078041
min_rc,wn,mult : 35 26 1
wp: 1059001, wn : 26, rp : 415877, rn : 39, gcp : 1059001 wu: 0.017505, ru: 0.026258, gcu : 0.090509
min_rc,wn,mult : 35 9 3
wp: 195101, wn : 9, rp : 3830892, rn : 50, gcp : 585303 wu: 0.032891, ru: 0.003655, gcu : 0.163760
min_rc,wn,mult : 35 21 1
wp: 2644848, wn : 21, rp : 111283, rn : 9, gcp : 2644848 wu: 0.005661, ru: 0.022645, gcu : 0.036240
min_rc,wn,mult : 35 24 1
wp: 1884184, wn : 24, rp : 1294881, rn : 42, gcp : 1884184 wu: 0.009082, ru: 0.009082, gcu : 0.050870
min_rc,wn,mult : 35 8 4
wp: 1596010, wn : 8, rp : 12535284, rn : 40, gcp : 6384040 wu: 0.003574, ru: 0.000893, gcu : 0.015014
WRsum : 0.300003, utilsum(noblock): 1.126290, utilsum(nogc): 0.281894 totutil : 1.408184
::UUNIFAST GEN::
[0]0.035641
[1]0.036266
[2]0.037014
[3]0.037939
[4]0.039135
[5]0.040777
[6]0.043016
[7]0.030212
[ALL]0.300000
min_rc,wn,mult : 35 7 5
wp: 175042, wn : 7, rp : 903442, rn : 23, gcp : 875210 wu: 0.028513, ru: 0.007128, gcu : 0.109515
min_rc,wn,mult : 35 15 2
wp: 1474515, wn : 15, rp : 221970, rn : 23, gcp : 2949030 wu: 0.007253, ru: 0.029013, gcu : 0.032502
min_rc,wn,mult : 35 28 1
wp: 674205, wn : 28, rp : 1096884, rn : 29, gcp : 674205 wu: 0.029611, ru: 0.007403, gcu : 0.142166
min_rc,wn,mult : 35 8 4
wp: 214782, wn : 8, rp : 762633, rn : 31, gcp : 859128 wu: 0.026557, ru: 0.011382, gcu : 0.111565
min_rc,wn,mult : 35 12 2
wp: 242919, wn : 12, rp : 2575697, rn : 36, gcp : 485838 wu: 0.035222, ru: 0.003914, gcu : 0.197286
min_rc,wn,mult : 35 29 1
wp: 2535372, wn : 29, rp : 205998, rn : 24, gcp : 2535372 wu: 0.008155, ru: 0.032622, gcu : 0.037805
min_rc,wn,mult : 35 7 5
wp: 145034, wn : 7, rp : 813657, rn : 25, gcp : 725170 wu: 0.034413, ru: 0.008603, gcu : 0.132175
min_rc,wn,mult : 35 27 1
wp: 707995, wn : 27, rp : 3058381, rn : 33, gcp : 707995 wu: 0.027191, ru: 0.003021, gcu : 0.135381
WRsum : 0.300000, utilsum(noblock): 1.198395, utilsum(nogc): 0.024132 totutil : 1.222528
::UUNIFAST GEN::
[0]0.077773
[1]0.065641
[2]0.053713
[3]0.042026
[4]0.030637
[5]0.019641
[6]0.009275
[7]0.001293
[ALL]0.300000
min_rc,wn,mult : 35 7 5
wp: 71304, wn : 7, rp : 1440095, rn : 40, gcp : 356520 wu: 0.069995, ru: 0.007777, gcu : 0.268846
min_rc,wn,mult : 35 26 1
wp: 706034, wn : 26, rp : 234608, rn : 33, gcp : 706034 wu: 0.026257, ru: 0.039385, gcu : 0.135757
min_rc,wn,mult : 35 2 17
wp: 132741, wn : 2, rp : 39096, rn : 6, gcp : 2256597 wu: 0.010743, ru: 0.042971, gcu : 0.042475
min_rc,wn,mult : 35 8 4
wp: 1357240, wn : 8, rp : 222082, rn : 30, gcp : 5428960 wu: 0.004203, ru: 0.037824, gcu : 0.017655
min_rc,wn,mult : 35 6 5
wp: 174545, wn : 6, rp : 411272, rn : 9, gcp : 872725 wu: 0.024509, ru: 0.006127, gcu : 0.109827
min_rc,wn,mult : 35 5 7
wp: 363013, wn : 5, rp : 1111951, rn : 39, gcp : 2541091 wu: 0.009821, ru: 0.009821, gcu : 0.037720
min_rc,wn,mult : 35 8 4
wp: 1229968, wn : 8, rp : 1569805, rn : 26, gcp : 4919872 wu: 0.004638, ru: 0.004638, gcu : 0.019482
min_rc,wn,mult : 35 6 5
wp: 8268641, wn : 6, rp : 721589, rn : 2, gcp : 41343205 wu: 0.000517, ru: 0.000776, gcu : 0.002318
WRsum : 0.300001, utilsum(noblock): 0.934082, utilsum(nogc): 0.089523 totutil : 1.023605
::UUNIFAST GEN::
[0]0.061396
[1]0.055937
[2]0.050099
[3]0.043768
[4]0.036755
[5]0.028693
[6]0.018651
[7]0.004701
[ALL]0.300000
min_rc,wn,mult : 35 16 2
wp: 619364, wn : 16, rp : 208481, rn : 32, gcp : 1238728 wu: 0.018419, ru: 0.042977, gcu : 0.077377
min_rc,wn,mult : 35 11 3
wp: 467370, wn : 11, rp : 121565, rn : 17, gcp : 1402110 wu: 0.016781, ru: 0.039156, gcu : 0.068361
min_rc,wn,mult : 35 17 2
wp: 1209705, wn : 17, rp : 41917, rn : 6, gcp : 2419410 wu: 0.010020, ru: 0.040079, gcu : 0.039617
min_rc,wn,mult : 35 12 2
wp: 390969, wn : 12, rp : 498992, rn : 39, gcp : 781938 wu: 0.021884, ru: 0.021884, gcu : 0.122579
min_rc,wn,mult : 35 6 5
wp: 232784, wn : 6, rp : 700855, rn : 46, gcp : 1163920 wu: 0.018378, ru: 0.018378, gcu : 0.082350
min_rc,wn,mult : 35 5 7
wp: 248495, wn : 5, rp : 487929, rn : 25, gcp : 1739465 wu: 0.014346, ru: 0.014346, gcu : 0.055103
min_rc,wn,mult : 35 2 17
wp: 382293, wn : 2, rp : 619283, rn : 33, gcp : 6498981 wu: 0.003730, ru: 0.014920, gcu : 0.014748
min_rc,wn,mult : 35 28 1
wp: 7077542, wn : 28, rp : 3424617, rn : 23, gcp : 7077542 wu: 0.002821, ru: 0.001881, gcu : 0.013543
WRsum : 0.300000, utilsum(noblock): 0.773677, utilsum(nogc): 0.083498 totutil : 0.857175
saving 16,619364,32,208481,1238728,0,10878
saving 11,467370,17,121565,1402110,10879,21757
saving 17,1209705,6,41917,2419410,21758,32636
saving 12,390969,39,498992,781938,32637,43515
saving 6,232784,46,700855,1163920,43516,54394
saving 5,248495,25,487929,1739465,54395,65273
saving 2,382293,33,619283,6498981,65274,76152
saving 28,7077542,23,3424617,7077542,76153,87031
