[ SCHEMES ] 0, 0, 0, 0
[EXEC-main] 0, 1
[EXEC-task] 8, 0.200000
[EXEC-skew] -1, -2.000000, -2.000000, 32766
[EXEC-OP  ] 0, 0.320000, 35
[NOB MAXPE] : 1000, 2000
[LAT MODE ] : 0 (0=STATE, 1=FIXED_S, 2=FIXED_E)
expected_invalid : 34720, expected_fp : 5217, maxvalid : 87039
::UUNIFAST GEN::
[0]0.006348
[1]0.007152
[2]0.008235
[3]0.009784
[4]0.012215
[5]0.016682
[6]0.028212
[7]0.111371
[ALL]0.200000
min_rc,wn,mult : 35 30 1
wp: 4211764, wn : 30, rp : 2205318, rn : 10, gcp : 4211764 wu: 0.005079, ru: 0.001270, gcu : 0.022757
min_rc,wn,mult : 35 13 2
wp: 4319936, wn : 13, rp : 2125246, rn : 38, gcp : 8639872 wu: 0.002146, ru: 0.005006, gcu : 0.011094
min_rc,wn,mult : 35 25 1
wp: 7215380, wn : 25, rp : 825771, rn : 17, gcp : 7215380 wu: 0.002470, ru: 0.005764, gcu : 0.013284
min_rc,wn,mult : 35 25 1
wp: 2602647, wn : 25, rp : 1144726, rn : 12, gcp : 2602647 wu: 0.006849, ru: 0.002935, gcu : 0.036828
min_rc,wn,mult : 35 25 1
wp: 2432089, wn : 25, rp : 57305, rn : 1, gcp : 2432089 wu: 0.007329, ru: 0.004886, gcu : 0.039410
min_rc,wn,mult : 35 1 35
wp: 53424, wn : 1, rp : 2517617, rn : 30, gcp : 1869840 wu: 0.013346, ru: 0.003336, gcu : 0.051261
min_rc,wn,mult : 35 21 1
wp: 758184, wn : 21, rp : 1587970, rn : 48, gcp : 758184 wu: 0.019748, ru: 0.008464, gcu : 0.126419
min_rc,wn,mult : 35 11 3
wp: 352110, wn : 11, rp : 53424, rn : 17, gcp : 1056330 wu: 0.022274, ru: 0.089097, gcu : 0.090738
WRsum : 0.200002, utilsum(noblock): 0.591792, utilsum(nogc): 0.065514 totutil : 0.657306
saving 30,4211764,10,2205318,4211764,0,10878
saving 13,4319936,38,2125246,8639872,10879,21757
saving 25,7215380,17,825771,7215380,21758,32636
saving 25,2602647,12,1144726,2602647,32637,43515
saving 25,2432089,1,57305,2432089,43516,54394
saving 1,53424,30,2517617,1869840,54395,65273
saving 21,758184,48,1587970,758184,65274,76152
saving 11,352110,17,53424,1056330,76153,87031
