[ SCHEMES ] 0, 0, 0, 0
[EXEC-main] 0, 1
[EXEC-task] 8, 0.150000
[EXEC-skew] -1, -2.000000, -2.000000, 32767
[EXEC-OP  ] 0, 0.320000, 35
[NOB MAXPE] : 1000, 2000
[LAT MODE ] : 0 (0=STATE, 1=FIXED_S, 2=FIXED_E)
expected_invalid : 34720, expected_fp : 5217, maxvalid : 87039
::UUNIFAST GEN::
[0]0.024916
[1]0.023888
[2]0.022723
[3]0.021369
[4]0.019728
[5]0.017584
[6]0.014242
[7]0.005550
[ALL]0.150000
min_rc,wn,mult : 35 18 1
wp: 5150951, wn : 18, rp : 249730, rn : 20, gcp : 5150951 wu: 0.002492, ru: 0.022424, gcu : 0.018608
min_rc,wn,mult : 35 14 2
wp: 464302, wn : 14, rp : 820506, rn : 7, gcp : 928604 wu: 0.021499, ru: 0.002389, gcu : 0.103218
min_rc,wn,mult : 35 8 4
wp: 278910, wn : 8, rp : 985771, rn : 8, gcp : 1115640 wu: 0.020451, ru: 0.002272, gcu : 0.085914
min_rc,wn,mult : 35 30 1
wp: 3336567, wn : 30, rp : 486680, rn : 26, gcp : 3336567 wu: 0.006411, ru: 0.014958, gcu : 0.028727
min_rc,wn,mult : 35 15 2
wp: 1807077, wn : 15, rp : 750203, rn : 37, gcp : 3614154 wu: 0.005918, ru: 0.013810, gcu : 0.026520
min_rc,wn,mult : 35 24 1
wp: 1621899, wn : 24, rp : 1791368, rn : 45, gcp : 1621899 wu: 0.010551, ru: 0.007034, gcu : 0.059097
min_rc,wn,mult : 35 2 17
wp: 1001260, wn : 2, rp : 1092227, rn : 50, gcp : 17021420 wu: 0.001424, ru: 0.012818, gcu : 0.005631
min_rc,wn,mult : 35 9 3
wp: 3854342, wn : 9, rp : 1369471, rn : 19, gcp : 11563026 wu: 0.001665, ru: 0.003885, gcu : 0.008289
WRsum : 0.150000, utilsum(noblock): 0.486005, utilsum(nogc): 0.014015 totutil : 0.500020
saving 18,5150951,20,249730,5150951,0,10878
saving 14,464302,7,820506,928604,10879,21757
saving 8,278910,8,985771,1115640,21758,32636
saving 30,3336567,26,486680,3336567,32637,43515
saving 15,1807077,37,750203,3614154,43516,54394
saving 24,1621899,45,1791368,1621899,54395,65273
saving 2,1001260,50,1092227,17021420,65274,76152
saving 9,3854342,19,1369471,11563026,76153,87031
