[ SCHEMES ] 0, 0, 0, 0
[EXEC-main] 0, 1
[EXEC-task] 8, 0.100000
[EXEC-skew] -1, -2.000000, -2.000000, 32765
[EXEC-OP  ] 0, 0.320000, 35
[NOB MAXPE] : 1000, 2000
[LAT MODE ] : 0 (0=STATE, 1=FIXED_S, 2=FIXED_E)
expected_invalid : 34720, expected_fp : 5217, maxvalid : 87039
::UUNIFAST GEN::
[0]0.017257
[1]0.016407
[2]0.015453
[3]0.014357
[4]0.013049
[5]0.011379
[6]0.008885
[7]0.003212
[ALL]0.100000
min_rc,wn,mult : 35 28 1
wp: 11568353, wn : 28, rp : 396608, rn : 22, gcp : 11568353 wu: 0.001726, ru: 0.015532, gcu : 0.008285
min_rc,wn,mult : 35 7 5
wp: 3041986, wn : 7, rp : 720557, rn : 38, gcp : 15209930 wu: 0.001641, ru: 0.014766, gcu : 0.006302
min_rc,wn,mult : 35 27 1
wp: 1557199, wn : 27, rp : 4167416, rn : 46, gcp : 1557199 wu: 0.012363, ru: 0.003091, gcu : 0.061552
min_rc,wn,mult : 35 28 1
wp: 1545034, wn : 28, rp : 5460709, rn : 28, gcp : 1545034 wu: 0.012921, ru: 0.001436, gcu : 0.062037
min_rc,wn,mult : 35 15 2
wp: 1170857, wn : 15, rp : 1072875, rn : 15, gcp : 2341714 wu: 0.009134, ru: 0.003915, gcu : 0.040931
min_rc,wn,mult : 35 1 35
wp: 626585, wn : 1, rp : 492128, rn : 18, gcp : 21930475 wu: 0.001138, ru: 0.010241, gcu : 0.004371
min_rc,wn,mult : 35 24 1
wp: 3851893, wn : 24, rp : 2395053, rn : 38, gcp : 3851893 wu: 0.004442, ru: 0.004442, gcu : 0.024884
min_rc,wn,mult : 35 27 1
wp: 9988959, wn : 27, rp : 653788, rn : 3, gcp : 9988959 wu: 0.001927, ru: 0.001285, gcu : 0.009595
WRsum : 0.100000, utilsum(noblock): 0.317957, utilsum(nogc): 0.008825 totutil : 0.326782
saving 28,11568353,22,396608,11568353,0,10878
saving 7,3041986,38,720557,15209930,10879,21757
saving 27,1557199,46,4167416,1557199,21758,32636
saving 28,1545034,28,5460709,1545034,32637,43515
saving 15,1170857,15,1072875,2341714,43516,54394
saving 1,626585,18,492128,21930475,54395,65273
saving 24,3851893,38,2395053,3851893,65274,76152
saving 27,9988959,3,653788,9988959,76153,87031
