[ SCHEMES ] 0, 0, 0, 0
[EXEC-main] 0, 1
[EXEC-task] 8, 0.150000
[EXEC-skew] -1, -2.000000, -2.000000, 32764
[EXEC-OP  ] 0, 0.320000, 35
[NOB MAXPE] : 1000, 2000
[LAT MODE ] : 0 (0=STATE, 1=FIXED_S, 2=FIXED_E)
expected_invalid : 34720, expected_fp : 5217, maxvalid : 87039
::UUNIFAST GEN::
[0]0.007880
[1]0.008672
[2]0.009710
[3]0.011151
[4]0.013320
[5]0.017085
[6]0.025854
[7]0.056328
[ALL]0.150000
min_rc,wn,mult : 35 12 2
wp: 1206427, wn : 12, rp : 16700472, rn : 47, gcp : 2412854 wu: 0.007092, ru: 0.000788, gcu : 0.039724
min_rc,wn,mult : 35 8 4
wp: 822215, wn : 8, rp : 322889, rn : 2, gcp : 3288860 wu: 0.006937, ru: 0.001734, gcu : 0.029144
min_rc,wn,mult : 35 22 1
wp: 4038424, wn : 22, rp : 624755, rn : 13, gcp : 4038424 wu: 0.003884, ru: 0.005826, gcu : 0.023734
min_rc,wn,mult : 35 11 3
wp: 1004818, wn : 11, rp : 837028, rn : 10, gcp : 3014454 wu: 0.007805, ru: 0.003345, gcu : 0.031796
min_rc,wn,mult : 35 23 1
wp: 1367926, wn : 23, rp : 3153096, rn : 15, gcp : 1367926 wu: 0.011988, ru: 0.001332, gcu : 0.070069
min_rc,wn,mult : 35 26 1
wp: 2170133, wn : 26, rp : 1409451, rn : 43, gcp : 2170133 wu: 0.008542, ru: 0.008542, gcu : 0.044167
min_rc,wn,mult : 35 22 1
wp: 1213421, wn : 22, rp : 151619, rn : 7, gcp : 1213421 wu: 0.012927, ru: 0.012927, gcu : 0.078991
min_rc,wn,mult : 35 10 3
wp: 632897, wn : 10, rp : 198834, rn : 32, gcp : 1898691 wu: 0.011266, ru: 0.045063, gcu : 0.050482
WRsum : 0.150000, utilsum(noblock): 0.518107, utilsum(nogc): 0.023084 totutil : 0.541192
saving 12,1206427,47,16700472,2412854,0,10878
saving 8,822215,2,322889,3288860,10879,21757
saving 22,4038424,13,624755,4038424,21758,32636
saving 11,1004818,10,837028,3014454,32637,43515
saving 23,1367926,15,3153096,1367926,43516,54394
saving 26,2170133,43,1409451,2170133,54395,65273
saving 22,1213421,7,151619,1213421,65274,76152
saving 10,632897,32,198834,1898691,76153,87031
