[ SCHEMES ] 0, 0, 0, 0
[EXEC-main] 0, 1
[EXEC-task] 8, 0.300000
[EXEC-skew] -1, -2.000000, -2.000000, 32764
[EXEC-OP  ] 0, 0.320000, 35
[NOB MAXPE] : 1000, 2000
[LAT MODE ] : 0 (0=STATE, 1=FIXED_S, 2=FIXED_E)
expected_invalid : 34720, expected_fp : 5217, maxvalid : 87039
::UUNIFAST GEN::
[0]0.015434
[1]0.017005
[2]0.019070
[3]0.021938
[4]0.026268
[5]0.033803
[6]0.051454
[7]0.115028
[ALL]0.300000
min_rc,wn,mult : 35 21 1
wp: 3233861, wn : 21, rp : 1114454, rn : 43, gcp : 3233861 wu: 0.004630, ru: 0.010803, gcu : 0.029639
min_rc,wn,mult : 35 7 5
wp: 586996, wn : 7, rp : 493966, rn : 15, gcp : 2934980 wu: 0.008503, ru: 0.008503, gcu : 0.032657
min_rc,wn,mult : 35 7 5
wp: 290795, wn : 7, rp : 6753965, rn : 46, gcp : 1453975 wu: 0.017163, ru: 0.001907, gcu : 0.065922
min_rc,wn,mult : 35 19 1
wp: 1543786, wn : 19, rp : 63816, rn : 3, gcp : 1543786 wu: 0.008775, ru: 0.013163, gcu : 0.062087
min_rc,wn,mult : 35 11 3
wp: 597156, wn : 11, rp : 213188, rn : 10, gcp : 1791468 wu: 0.013134, ru: 0.013134, gcu : 0.053503
min_rc,wn,mult : 35 25 1
wp: 2636586, wn : 25, rp : 414162, rn : 40, gcp : 2636586 wu: 0.006761, ru: 0.027043, gcu : 0.036353
min_rc,wn,mult : 35 27 1
wp: 534487, wn : 27, rp : 90696, rn : 5, gcp : 534487 wu: 0.036018, ru: 0.015436, gcu : 0.179329
min_rc,wn,mult : 35 14 2
wp: 108473, wn : 14, rp : 267760, rn : 22, gcp : 216946 wu: 0.092023, ru: 0.023006, gcu : 0.441810
WRsum : 0.300001, utilsum(noblock): 1.201302, utilsum(nogc): 0.054845 totutil : 1.256147
::UUNIFAST GEN::
[0]0.005381
[1]0.006156
[2]0.007218
[3]0.008769
[4]0.011268
[5]0.016035
[6]0.029177
[7]0.215996
[ALL]0.300000
min_rc,wn,mult : 35 17 2
wp: 3217785, wn : 17, rp : 1214091, rn : 7, gcp : 6435570 wu: 0.003767, ru: 0.001614, gcu : 0.014894
min_rc,wn,mult : 35 10 3
wp: 3860575, wn : 10, rp : 2728933, rn : 42, gcp : 11581725 wu: 0.001847, ru: 0.004309, gcu : 0.008276
min_rc,wn,mult : 35 30 1
wp: 5926903, wn : 30, rp : 2637873, rn : 34, gcp : 5926903 wu: 0.003609, ru: 0.003609, gcu : 0.016172
min_rc,wn,mult : 35 29 1
wp: 23579732, wn : 29, rp : 1702974, rn : 48, gcp : 23579732 wu: 0.000877, ru: 0.007892, gcu : 0.004065
min_rc,wn,mult : 35 5 7
wp: 451969, wn : 5, rp : 3810153, rn : 46, gcp : 3163783 wu: 0.007888, ru: 0.003380, gcu : 0.030296
min_rc,wn,mult : 35 23 1
wp: 1136367, wn : 23, rp : 8731157, rn : 50, gcp : 1136367 wu: 0.014431, ru: 0.001603, gcu : 0.084347
min_rc,wn,mult : 35 25 1
wp: 1527337, wn : 25, rp : 143951, rn : 9, gcp : 1527337 wu: 0.011671, ru: 0.017506, gcu : 0.062756
min_rc,wn,mult : 35 19 1
wp: 156796, wn : 19, rp : 105865, rn : 49, gcp : 156796 wu: 0.086399, ru: 0.129598, gcu : 0.611297
WRsum : 0.300002, utilsum(noblock): 1.132104, utilsum(nogc): 0.033061 totutil : 1.165165
::UUNIFAST GEN::
[0]0.008589
[1]0.009711
[2]0.011227
[3]0.013406
[4]0.016847
[5]0.023223
[6]0.039928
[7]0.177069
[ALL]0.300000
min_rc,wn,mult : 35 5 7
wp: 592923, wn : 5, rp : 2173221, rn : 20, gcp : 4150461 wu: 0.006013, ru: 0.002577, gcu : 0.023094
min_rc,wn,mult : 35 26 1
wp: 2386299, wn : 26, rp : 4325152, rn : 30, gcp : 2386299 wu: 0.007769, ru: 0.001942, gcu : 0.040166
min_rc,wn,mult : 35 12 2
wp: 1905297, wn : 12, rp : 1579583, rn : 38, gcp : 3810594 wu: 0.004491, ru: 0.006736, gcu : 0.025153
min_rc,wn,mult : 35 21 1
wp: 1861456, wn : 21, rp : 1514228, rn : 29, gcp : 1861456 wu: 0.008044, ru: 0.005362, gcu : 0.051491
min_rc,wn,mult : 35 13 2
wp: 611319, wn : 13, rp : 2493027, rn : 15, gcp : 1222638 wu: 0.015162, ru: 0.001685, gcu : 0.078395
min_rc,wn,mult : 35 11 3
wp: 375248, wn : 11, rp : 1687971, rn : 14, gcp : 1125744 wu: 0.020901, ru: 0.002322, gcu : 0.085143
min_rc,wn,mult : 35 15 2
wp: 669641, wn : 15, rp : 105189, rn : 9, gcp : 1339282 wu: 0.015971, ru: 0.023957, gcu : 0.071567
min_rc,wn,mult : 35 30 1
wp: 402667, wn : 30, rp : 18072, rn : 8, gcp : 402667 wu: 0.053121, ru: 0.123948, gcu : 0.238035
WRsum : 0.300001, utilsum(noblock): 0.913046, utilsum(nogc): 0.193670 totutil : 1.106716
::UUNIFAST GEN::
[0]0.009064
[1]0.010229
[2]0.011801
[3]0.014056
[4]0.017605
[5]0.024154
[6]0.041181
[7]0.171911
[ALL]0.300000
min_rc,wn,mult : 35 19 1
wp: 1660715, wn : 19, rp : 926774, rn : 3, gcp : 1660715 wu: 0.008157, ru: 0.000906, gcu : 0.057716
min_rc,wn,mult : 35 29 1
wp: 10107247, wn : 29, rp : 171085, rn : 5, gcp : 10107247 wu: 0.002046, ru: 0.008183, gcu : 0.009483
min_rc,wn,mult : 35 3 11
wp: 226570, wn : 3, rp : 2847222, rn : 24, gcp : 2492270 wu: 0.009441, ru: 0.002360, gcu : 0.038459
min_rc,wn,mult : 35 28 1
wp: 2840633, wn : 28, rp : 199202, rn : 5, gcp : 2840633 wu: 0.007028, ru: 0.007028, gcu : 0.033742
min_rc,wn,mult : 35 9 3
wp: 455619, wn : 9, rp : 3339930, rn : 42, gcp : 1366857 wu: 0.014084, ru: 0.003521, gcu : 0.070124
min_rc,wn,mult : 35 21 1
wp: 3099499, wn : 21, rp : 289808, rn : 20, gcp : 3099499 wu: 0.004831, ru: 0.019323, gcu : 0.030924
min_rc,wn,mult : 35 25 1
wp: 4328468, wn : 25, rp : 271971, rn : 36, gcp : 4328468 wu: 0.004118, ru: 0.037063, gcu : 0.022144
min_rc,wn,mult : 35 5 7
wp: 29625, wn : 5, rp : 271458, rn : 50, gcp : 207375 wu: 0.120337, ru: 0.051573, gcu : 0.462201
WRsum : 0.300000, utilsum(noblock): 1.024793, utilsum(nogc): 0.118143 totutil : 1.142936
::UUNIFAST GEN::
[0]0.015198
[1]0.016761
[2]0.018816
[3]0.021673
[4]0.025995
[5]0.033532
[6]0.051256
[7]0.116769
[ALL]0.300000
min_rc,wn,mult : 35 18 1
wp: 1407427, wn : 18, rp : 1335707, rn : 29, gcp : 1407427 wu: 0.009119, ru: 0.006079, gcu : 0.068102
min_rc,wn,mult : 35 18 1
wp: 2552415, wn : 18, rp : 811426, rn : 34, gcp : 2552415 wu: 0.005028, ru: 0.011732, gcu : 0.037552
min_rc,wn,mult : 35 28 1
wp: 1178909, wn : 28, rp : 5357174, rn : 36, gcp : 1178909 wu: 0.016934, ru: 0.001882, gcu : 0.081303
min_rc,wn,mult : 35 26 1
wp: 8553320, wn : 26, rp : 574179, rn : 40, gcp : 8553320 wu: 0.002167, ru: 0.019506, gcu : 0.011206
min_rc,wn,mult : 35 28 1
wp: 1097142, wn : 28, rp : 538569, rn : 15, gcp : 1097142 wu: 0.018196, ru: 0.007798, gcu : 0.087362
min_rc,wn,mult : 35 17 2
wp: 1807386, wn : 17, rp : 198318, rn : 19, gcp : 3614772 wu: 0.006706, ru: 0.026825, gcu : 0.026516
min_rc,wn,mult : 35 17 2
wp: 337826, wn : 17, rp : 182091, rn : 10, gcp : 675652 wu: 0.035879, ru: 0.015377, gcu : 0.141861
min_rc,wn,mult : 35 7 5
wp: 53428, wn : 7, rp : 383662, rn : 32, gcp : 267140 wu: 0.093415, ru: 0.023354, gcu : 0.358797
WRsum : 0.300000, utilsum(noblock): 1.112701, utilsum(nogc): 0.065509 totutil : 1.178210
::UUNIFAST GEN::
[0]0.011345
[1]0.012694
[2]0.014498
[3]0.017057
[4]0.021024
[5]0.028194
[6]0.046162
[7]0.149027
[ALL]0.300000
min_rc,wn,mult : 35 27 1
wp: 8484719, wn : 27, rp : 524482, rn : 17, gcp : 8484719 wu: 0.002269, ru: 0.009076, gcu : 0.011297
min_rc,wn,mult : 35 16 2
wp: 2246693, wn : 16, rp : 514670, rn : 14, gcp : 4493386 wu: 0.005078, ru: 0.007617, gcu : 0.021331
min_rc,wn,mult : 35 26 1
wp: 1826612, wn : 26, rp : 2896883, rn : 45, gcp : 1826612 wu: 0.010149, ru: 0.004350, gcu : 0.052474
min_rc,wn,mult : 35 5 7
wp: 232234, wn : 5, rp : 4596485, rn : 28, gcp : 1625638 wu: 0.015351, ru: 0.001706, gcu : 0.058961
min_rc,wn,mult : 35 2 17
wp: 75364, wn : 2, rp : 2130911, rn : 16, gcp : 1281188 wu: 0.018921, ru: 0.002102, gcu : 0.074813
min_rc,wn,mult : 35 19 1
wp: 686416, wn : 19, rp : 165519, rn : 5, gcp : 686416 wu: 0.019736, ru: 0.008458, gcu : 0.139637
min_rc,wn,mult : 35 8 4
wp: 308913, wn : 8, rp : 202187, rn : 20, gcp : 1235652 wu: 0.018465, ru: 0.027697, gcu : 0.077570
min_rc,wn,mult : 35 24 1
wp: 382750, wn : 24, rp : 101995, rn : 38, gcp : 382750 wu: 0.044708, ru: 0.104319, gcu : 0.250422
WRsum : 0.300000, utilsum(noblock): 0.986504, utilsum(nogc): 0.046441 totutil : 1.032945
::UUNIFAST GEN::
[0]0.024741
[1]0.026297
[2]0.028262
[3]0.030860
[4]0.034541
[5]0.040394
[6]0.052001
[7]0.062905
[ALL]0.300000
min_rc,wn,mult : 35 20 1
wp: 720470, wn : 20, rp : 848801, rn : 15, gcp : 720470 wu: 0.019793, ru: 0.004948, gcu : 0.133037
min_rc,wn,mult : 35 21 1
wp: 1138740, wn : 21, rp : 447191, rn : 21, gcp : 1138740 wu: 0.013149, ru: 0.013149, gcu : 0.084171
min_rc,wn,mult : 35 9 3
wp: 567631, wn : 9, rp : 643970, rn : 39, gcp : 1702893 wu: 0.011305, ru: 0.016957, gcu : 0.056286
min_rc,wn,mult : 35 17 2
wp: 654631, wn : 17, rp : 113416, rn : 5, gcp : 1309262 wu: 0.018516, ru: 0.012344, gcu : 0.073208
min_rc,wn,mult : 35 4 8
wp: 275230, wn : 4, rp : 567445, rn : 49, gcp : 2201840 wu: 0.010362, ru: 0.024179, gcu : 0.043531
min_rc,wn,mult : 35 8 4
wp: 1412107, wn : 8, rp : 215656, rn : 28, gcp : 5648428 wu: 0.004039, ru: 0.036354, gcu : 0.016969
min_rc,wn,mult : 35 1 35
wp: 19587, wn : 1, rp : 771786, rn : 43, gcp : 685545 wu: 0.036400, ru: 0.015600, gcu : 0.139814
min_rc,wn,mult : 35 11 3
wp: 311699, wn : 11, rp : 356091, rn : 48, gcp : 935097 wu: 0.025162, ru: 0.037743, gcu : 0.102502
WRsum : 0.300002, utilsum(noblock): 0.949520, utilsum(nogc): 0.178690 totutil : 1.128210
::UUNIFAST GEN::
[0]0.019358
[1]0.021012
[2]0.023148
[3]0.026055
[4]0.030330
[5]0.037499
[6]0.053200
[7]0.089400
[ALL]0.300000
min_rc,wn,mult : 35 29 1
wp: 1780208, wn : 29, rp : 1229452, rn : 34, gcp : 1780208 wu: 0.011615, ru: 0.007743, gcu : 0.053841
min_rc,wn,mult : 35 28 1
wp: 1583573, wn : 28, rp : 832875, rn : 25, gcp : 1583573 wu: 0.012607, ru: 0.008405, gcu : 0.060527
min_rc,wn,mult : 35 17 2
wp: 1309084, wn : 17, rp : 786249, rn : 39, gcp : 2618168 wu: 0.009259, ru: 0.013889, gcu : 0.036609
min_rc,wn,mult : 35 29 1
wp: 1322673, wn : 29, rp : 295533, rn : 11, gcp : 1322673 wu: 0.015633, ru: 0.010422, gcu : 0.072466
min_rc,wn,mult : 35 8 4
wp: 235082, wn : 8, rp : 46159, rn : 1, gcp : 940328 wu: 0.024264, ru: 0.006066, gcu : 0.101931
min_rc,wn,mult : 35 16 2
wp: 760561, wn : 16, rp : 62224, rn : 5, gcp : 1521122 wu: 0.014999, ru: 0.022499, gcu : 0.063012
min_rc,wn,mult : 35 19 1
wp: 636608, wn : 19, rp : 43859, rn : 5, gcp : 636608 wu: 0.021280, ru: 0.031920, gcu : 0.150562
min_rc,wn,mult : 35 18 1
wp: 358894, wn : 18, rp : 172260, rn : 33, gcp : 358894 wu: 0.035760, ru: 0.053640, gcu : 0.267068
WRsum : 0.300001, utilsum(noblock): 1.106018, utilsum(nogc): 0.079801 totutil : 1.185819
::UUNIFAST GEN::
[0]0.103763
[1]0.076641
[2]0.053581
[3]0.034606
[4]0.019742
[5]0.009025
[6]0.002505
[7]0.000135
[ALL]0.300000
min_rc,wn,mult : 35 5 7
wp: 85892, wn : 5, rp : 103440, rn : 23, gcp : 601244 wu: 0.041505, ru: 0.062258, gcu : 0.159418
min_rc,wn,mult : 35 22 1
wp: 255835, wn : 22, rp : 200937, rn : 11, gcp : 255835 wu: 0.061313, ru: 0.015328, gcu : 0.374652
min_rc,wn,mult : 35 12 2
wp: 399205, wn : 12, rp : 400636, rn : 46, gcp : 798410 wu: 0.021433, ru: 0.032149, gcu : 0.120050
min_rc,wn,mult : 35 10 3
wp: 294331, wn : 10, rp : 539400, rn : 20, gcp : 882993 wu: 0.024224, ru: 0.010382, gcu : 0.108550
min_rc,wn,mult : 35 18 1
wp: 812590, wn : 18, rp : 709133, rn : 10, gcp : 812590 wu: 0.015794, ru: 0.003948, gcu : 0.117955
min_rc,wn,mult : 35 9 3
wp: 1777543, wn : 9, rp : 1034153, rn : 20, gcp : 5332629 wu: 0.003610, ru: 0.005415, gcu : 0.017974
min_rc,wn,mult : 35 8 4
wp: 2529636, wn : 8, rp : 23469206, rn : 21, gcp : 10118544 wu: 0.002255, ru: 0.000251, gcu : 0.009473
min_rc,wn,mult : 35 23 1
wp: 403978048, wn : 23, rp : 79815168, rn : 27, gcp : 403978048 wu: 0.000041, ru: 0.000095, gcu : 0.000237
WRsum : 0.300001, utilsum(noblock): 1.208309, utilsum(nogc): 0.040749 totutil : 1.249058
::UUNIFAST GEN::
[0]0.034491
[1]0.035260
[2]0.036187
[3]0.037344
[4]0.038861
[5]0.040995
[6]0.044171
[7]0.032691
[ALL]0.300000
min_rc,wn,mult : 35 2 17
wp: 82689, wn : 2, rp : 389672, rn : 24, gcp : 1405713 wu: 0.017245, ru: 0.017245, gcu : 0.068185
min_rc,wn,mult : 35 24 1
wp: 2426543, wn : 24, rp : 258082, rn : 26, gcp : 2426543 wu: 0.007052, ru: 0.028208, gcu : 0.039500
min_rc,wn,mult : 35 28 1
wp: 1103371, wn : 28, rp : 742802, rn : 48, gcp : 1103371 wu: 0.018094, ru: 0.018094, gcu : 0.086869
min_rc,wn,mult : 35 12 2
wp: 763705, wn : 12, rp : 107111, rn : 10, gcp : 1527410 wu: 0.011203, ru: 0.026141, gcu : 0.062753
min_rc,wn,mult : 35 23 1
wp: 1054983, wn : 23, rp : 84060, rn : 7, gcp : 1054983 wu: 0.015544, ru: 0.023316, gcu : 0.090854
min_rc,wn,mult : 35 24 1
wp: 4174152, wn : 24, rp : 220080, rn : 29, gcp : 4174152 wu: 0.004100, ru: 0.036896, gcu : 0.022963
min_rc,wn,mult : 35 4 8
wp: 80708, wn : 4, rp : 1204399, rn : 38, gcp : 645664 wu: 0.035337, ru: 0.008834, gcu : 0.148450
min_rc,wn,mult : 35 12 2
wp: 290807, wn : 12, rp : 856514, rn : 10, gcp : 581614 wu: 0.029422, ru: 0.003269, gcu : 0.164798
WRsum : 0.300001, utilsum(noblock): 0.984373, utilsum(nogc): 0.043366 totutil : 1.027739
::UUNIFAST GEN::
[0]0.028672
[1]0.030006
[2]0.031660
[3]0.033800
[4]0.036746
[5]0.041238
[6]0.049427
[7]0.048449
[ALL]0.300000
min_rc,wn,mult : 35 10 3
wp: 621678, wn : 10, rp : 423171, rn : 26, gcp : 1865034 wu: 0.011469, ru: 0.017203, gcu : 0.051393
min_rc,wn,mult : 35 18 1
wp: 1425696, wn : 18, rp : 599872, rn : 45, gcp : 1425696 wu: 0.009002, ru: 0.021004, gcu : 0.067230
min_rc,wn,mult : 35 19 1
wp: 611264, wn : 19, rp : 619070, rn : 21, gcp : 611264 wu: 0.022162, ru: 0.009498, gcu : 0.156805
min_rc,wn,mult : 35 12 2
wp: 316421, wn : 12, rp : 1905335, rn : 46, gcp : 632842 wu: 0.027040, ru: 0.006760, gcu : 0.151458
min_rc,wn,mult : 35 10 3
wp: 1940323, wn : 10, rp : 380989, rn : 45, gcp : 5820969 wu: 0.003675, ru: 0.033072, gcu : 0.016466
min_rc,wn,mult : 35 13 2
wp: 749221, wn : 13, rp : 38798, rn : 4, gcp : 1498442 wu: 0.012372, ru: 0.028867, gcu : 0.063966
min_rc,wn,mult : 35 5 7
wp: 120210, wn : 5, rp : 169947, rn : 12, gcp : 841470 wu: 0.029656, ru: 0.019771, gcu : 0.113907
min_rc,wn,mult : 35 21 1
wp: 772613, wn : 21, rp : 385283, rn : 40, gcp : 772613 wu: 0.019380, ru: 0.029070, gcu : 0.124058
WRsum : 0.300001, utilsum(noblock): 1.045283, utilsum(nogc): 0.090211 totutil : 1.135494
::UUNIFAST GEN::
[0]0.007651
[1]0.008680
[2]0.010076
[3]0.012094
[4]0.015297
[5]0.021285
[6]0.037208
[7]0.187708
[ALL]0.300000
min_rc,wn,mult : 35 10 3
wp: 1553165, wn : 10, rp : 3842614, rn : 42, gcp : 4659495 wu: 0.004591, ru: 0.003060, gcu : 0.020571
min_rc,wn,mult : 35 9 3
wp: 2464301, wn : 9, rp : 737331, rn : 16, gcp : 7392903 wu: 0.002604, ru: 0.006076, gcu : 0.012965
min_rc,wn,mult : 35 10 3
wp: 1179319, wn : 10, rp : 3056636, rn : 44, gcp : 3537957 wu: 0.006046, ru: 0.004031, gcu : 0.027092
min_rc,wn,mult : 35 27 1
wp: 1989775, wn : 27, rp : 4398984, rn : 38, gcp : 1989775 wu: 0.009675, ru: 0.002419, gcu : 0.048171
min_rc,wn,mult : 35 16 2
wp: 2485813, wn : 16, rp : 261481, rn : 10, gcp : 4971626 wu: 0.004589, ru: 0.010708, gcu : 0.019279
min_rc,wn,mult : 35 19 1
wp: 795580, wn : 19, rp : 328873, rn : 5, gcp : 795580 wu: 0.017028, ru: 0.004257, gcu : 0.120477
min_rc,wn,mult : 35 20 1
wp: 479060, wn : 20, rp : 1843676, rn : 49, gcp : 479060 wu: 0.029767, ru: 0.007442, gcu : 0.200077
min_rc,wn,mult : 35 2 17
wp: 9496, wn : 2, rp : 29833, rn : 4, gcp : 161432 wu: 0.150167, ru: 0.037542, gcu : 0.593742
WRsum : 0.300002, utilsum(noblock): 1.342376, utilsum(nogc): 0.368576 totutil : 1.710953
::UUNIFAST GEN::
[0]0.013634
[1]0.015126
[2]0.017100
[3]0.019867
[4]0.024095
[5]0.031576
[6]0.049634
[7]0.128968
[ALL]0.300000
min_rc,wn,mult : 35 18 1
wp: 1882588, wn : 18, rp : 1560756, rn : 38, gcp : 1882588 wu: 0.006817, ru: 0.006817, gcu : 0.050913
min_rc,wn,mult : 35 27 1
wp: 1818199, wn : 27, rp : 617053, rn : 10, gcp : 1818199 wu: 0.010588, ru: 0.004538, gcu : 0.052716
min_rc,wn,mult : 35 6 5
wp: 2501763, wn : 6, rp : 18193, rn : 1, gcp : 12508815 wu: 0.001710, ru: 0.015390, gcu : 0.007663
min_rc,wn,mult : 35 6 5
wp: 717773, wn : 6, rp : 382544, rn : 19, gcp : 3588865 wu: 0.005960, ru: 0.013907, gcu : 0.026707
min_rc,wn,mult : 35 7 5
wp: 345235, wn : 7, rp : 348624, rn : 12, gcp : 1726175 wu: 0.014457, ru: 0.009638, gcu : 0.055527
min_rc,wn,mult : 35 4 8
wp: 451604, wn : 4, rp : 11084, rn : 1, gcp : 3612832 wu: 0.006315, ru: 0.025261, gcu : 0.026530
min_rc,wn,mult : 35 11 3
wp: 790089, wn : 11, rp : 77568, rn : 11, gcp : 2370267 wu: 0.009927, ru: 0.039707, gcu : 0.040438
min_rc,wn,mult : 35 29 1
wp: 229037, wn : 29, rp : 123027, rn : 17, gcp : 229037 wu: 0.090278, ru: 0.038691, gcu : 0.418487
WRsum : 0.300002, utilsum(noblock): 0.978983, utilsum(nogc): 0.315770 totutil : 1.294754
::UUNIFAST GEN::
[0]0.005475
[1]0.006261
[2]0.007338
[3]0.008911
[4]0.011443
[5]0.016268
[6]0.029552
[7]0.214752
[ALL]0.300000
min_rc,wn,mult : 35 8 4
wp: 10418273, wn : 8, rp : 56823, rn : 1, gcp : 41673092 wu: 0.000547, ru: 0.004927, gcu : 0.002300
min_rc,wn,mult : 35 13 2
wp: 1644838, wn : 13, rp : 21465062, rn : 48, gcp : 3289676 wu: 0.005635, ru: 0.000626, gcu : 0.029136
min_rc,wn,mult : 35 30 1
wp: 7287259, wn : 30, rp : 2353000, rn : 37, gcp : 7287259 wu: 0.002935, ru: 0.004403, gcu : 0.013153
min_rc,wn,mult : 35 19 1
wp: 1900414, wn : 19, rp : 7541617, rn : 48, gcp : 1900414 wu: 0.007128, ru: 0.001782, gcu : 0.050436
min_rc,wn,mult : 35 16 2
wp: 1246214, wn : 16, rp : 6117463, rn : 50, gcp : 2492428 wu: 0.009154, ru: 0.002289, gcu : 0.038456
min_rc,wn,mult : 35 22 1
wp: 1205294, wn : 22, rp : 1549071, rn : 18, gcp : 1205294 wu: 0.013014, ru: 0.003254, gcu : 0.079523
min_rc,wn,mult : 35 28 1
wp: 3377755, wn : 28, rp : 367147, rn : 31, gcp : 3377755 wu: 0.005910, ru: 0.023642, gcu : 0.028377
min_rc,wn,mult : 35 23 1
wp: 763623, wn : 23, rp : 49255, rn : 34, gcp : 763623 wu: 0.021475, ru: 0.193277, gcu : 0.125519
WRsum : 0.300003, utilsum(noblock): 0.666903, utilsum(nogc): 0.071059 totutil : 0.737962
saving 8,10418273,1,56823,41673092,0,10878
saving 13,1644838,48,21465062,3289676,10879,21757
saving 30,7287259,37,2353000,7287259,21758,32636
saving 19,1900414,48,7541617,1900414,32637,43515
saving 16,1246214,50,6117463,2492428,43516,54394
saving 22,1205294,18,1549071,1205294,54395,65273
saving 28,3377755,31,367147,3377755,65274,76152
saving 23,763623,34,49255,763623,76153,87031
