[ SCHEMES ] 0, 0, 0, 0
[EXEC-main] 0, 1
[EXEC-task] 8, 0.150000
[EXEC-skew] -1, -2.000000, -2.000000, 32765
[EXEC-OP  ] 0, 0.320000, 35
[NOB MAXPE] : 1000, 2000
[LAT MODE ] : 0 (0=STATE, 1=FIXED_S, 2=FIXED_E)
expected_invalid : 34720, expected_fp : 5217, maxvalid : 87039
::UUNIFAST GEN::
[0]0.031701
[1]0.028621
[2]0.025360
[3]0.021867
[4]0.018056
[5]0.013768
[6]0.008611
[7]0.002017
[ALL]0.150000
min_rc,wn,mult : 35 2 17
wp: 56228, wn : 2, rp : 1369053, rn : 31, gcp : 955876 wu: 0.025361, ru: 0.006340, gcu : 0.100273
min_rc,wn,mult : 35 27 1
wp: 2242073, wn : 27, rp : 531081, rn : 38, gcp : 2242073 wu: 0.008586, ru: 0.020035, gcu : 0.042750
min_rc,wn,mult : 35 14 2
wp: 656018, wn : 14, rp : 607254, rn : 22, gcp : 1312036 wu: 0.015216, ru: 0.010144, gcu : 0.073054
min_rc,wn,mult : 35 10 3
wp: 3260652, wn : 10, rp : 227641, rn : 16, gcp : 9781956 wu: 0.002187, ru: 0.019680, gcu : 0.009799
min_rc,wn,mult : 35 22 1
wp: 2895755, wn : 22, rp : 265834, rn : 12, gcp : 2895755 wu: 0.005417, ru: 0.012639, gcu : 0.033100
min_rc,wn,mult : 35 16 2
wp: 2761966, wn : 16, rp : 1307382, rn : 45, gcp : 5523932 wu: 0.004130, ru: 0.009638, gcu : 0.017352
min_rc,wn,mult : 35 18 1
wp: 7452494, wn : 18, rp : 934900, rn : 23, gcp : 7452494 wu: 0.001722, ru: 0.006888, gcu : 0.012861
min_rc,wn,mult : 35 1 35
wp: 1178442, wn : 1, rp : 5950061, rn : 30, gcp : 41245470 wu: 0.000605, ru: 0.001412, gcu : 0.002324
WRsum : 0.150001, utilsum(noblock): 0.441513, utilsum(nogc): 0.062247 totutil : 0.503760
saving 2,56228,31,1369053,955876,0,10878
saving 27,2242073,38,531081,2242073,10879,21757
saving 14,656018,22,607254,1312036,21758,32636
saving 10,3260652,16,227641,9781956,32637,43515
saving 22,2895755,12,265834,2895755,43516,54394
saving 16,2761966,45,1307382,5523932,54395,65273
saving 18,7452494,23,934900,7452494,65274,76152
saving 1,1178442,30,5950061,41245470,76153,87031
