[ SCHEMES ] 0, 0, 0, 0
[EXEC-main] 0, 1
[EXEC-task] 8, 0.250000
[EXEC-skew] -1, -2.000000, -2.000000, 32766
[EXEC-OP  ] 0, 0.320000, 35
[NOB MAXPE] : 1000, 2000
[LAT MODE ] : 0 (0=STATE, 1=FIXED_S, 2=FIXED_E)
expected_invalid : 34720, expected_fp : 5217, maxvalid : 87039
::UUNIFAST GEN::
[0]0.032967
[1]0.033009
[2]0.033053
[3]0.033097
[4]0.033128
[5]0.033084
[6]0.032463
[7]0.019198
[ALL]0.250000
min_rc,wn,mult : 35 29 1
wp: 1567987, wn : 29, rp : 481283, rn : 34, gcp : 1567987 wu: 0.013187, ru: 0.019780, gcu : 0.061129
min_rc,wn,mult : 35 6 5
wp: 324004, wn : 6, rp : 197927, rn : 14, gcp : 1620020 wu: 0.013204, ru: 0.019805, gcu : 0.059165
min_rc,wn,mult : 35 11 3
wp: 296606, wn : 11, rp : 1990740, rn : 47, gcp : 889818 wu: 0.026442, ru: 0.006611, gcu : 0.107718
min_rc,wn,mult : 35 26 1
wp: 1867026, wn : 26, rp : 531767, rn : 44, gcp : 1867026 wu: 0.009929, ru: 0.023168, gcu : 0.051338
min_rc,wn,mult : 35 18 1
wp: 1291336, wn : 18, rp : 555413, rn : 46, gcp : 1291336 wu: 0.009939, ru: 0.023190, gcu : 0.074225
min_rc,wn,mult : 35 1 35
wp: 107755, wn : 1, rp : 126948, rn : 12, gcp : 3771425 wu: 0.006617, ru: 0.026467, gcu : 0.025415
min_rc,wn,mult : 35 2 17
wp: 146423, wn : 2, rp : 147861, rn : 12, gcp : 2489191 wu: 0.009739, ru: 0.022724, gcu : 0.038506
min_rc,wn,mult : 35 4 8
wp: 165063, wn : 4, rp : 2479424, rn : 17, gcp : 1320504 wu: 0.017278, ru: 0.001920, gcu : 0.072585
WRsum : 0.250000, utilsum(noblock): 0.740080, utilsum(nogc): 0.032481 totutil : 0.772561
saving 29,1567987,34,481283,1567987,0,10878
saving 6,324004,14,197927,1620020,10879,21757
saving 11,296606,47,1990740,889818,21758,32636
saving 26,1867026,44,531767,1867026,32637,43515
saving 18,1291336,46,555413,1291336,43516,54394
saving 1,107755,12,126948,3771425,54395,65273
saving 2,146423,12,147861,2489191,65274,76152
saving 4,165063,17,2479424,1320504,76153,87031
