[ SCHEMES ] 0, 0, 0, 0
[EXEC-main] 0, 1
[EXEC-task] 8, 0.200000
[EXEC-skew] -1, -2.000000, -2.000000, 32764
[EXEC-OP  ] 0, 0.320000, 35
[NOB MAXPE] : 1000, 2000
[LAT MODE ] : 0 (0=STATE, 1=FIXED_S, 2=FIXED_E)
expected_invalid : 34720, expected_fp : 5217, maxvalid : 87039
::UUNIFAST GEN::
[0]0.009787
[1]0.010815
[2]0.012169
[3]0.014057
[4]0.016922
[5]0.021943
[6]0.033854
[7]0.080453
[ALL]0.200000
min_rc,wn,mult : 35 29 1
wp: 7042274, wn : 29, rp : 1880028, rn : 46, gcp : 7042274 wu: 0.002936, ru: 0.006851, gcu : 0.013611
min_rc,wn,mult : 35 22 1
wp: 2900890, wn : 22, rp : 362472, rn : 7, gcp : 2900890 wu: 0.005407, ru: 0.005407, gcu : 0.033041
min_rc,wn,mult : 35 17 2
wp: 1422934, wn : 17, rp : 2377623, rn : 31, gcp : 2845868 wu: 0.008518, ru: 0.003651, gcu : 0.033680
min_rc,wn,mult : 35 9 3
wp: 1521648, wn : 9, rp : 1308944, rn : 46, gcp : 4564944 wu: 0.004217, ru: 0.009840, gcu : 0.020997
min_rc,wn,mult : 35 29 1
wp: 2036481, wn : 29, rp : 1985562, rn : 48, gcp : 2036481 wu: 0.010153, ru: 0.006769, gcu : 0.047066
min_rc,wn,mult : 35 26 1
wp: 1206874, wn : 26, rp : 127601, rn : 3, gcp : 1206874 wu: 0.015360, ru: 0.006583, gcu : 0.079419
min_rc,wn,mult : 35 30 1
wp: 1579586, wn : 30, rp : 344619, rn : 25, gcp : 1579586 wu: 0.013542, ru: 0.020312, gcu : 0.060680
min_rc,wn,mult : 35 21 1
wp: 206787, wn : 21, rp : 139211, rn : 4, gcp : 206787 wu: 0.072408, ru: 0.008045, gcu : 0.463516
WRsum : 0.200000, utilsum(noblock): 0.952010, utilsum(nogc): 0.027429 totutil : 0.979439
saving 29,7042274,46,1880028,7042274,0,10878
saving 22,2900890,7,362472,2900890,10879,21757
saving 17,1422934,31,2377623,2845868,21758,32636
saving 9,1521648,46,1308944,4564944,32637,43515
saving 29,2036481,48,1985562,2036481,43516,54394
saving 26,1206874,3,127601,1206874,54395,65273
saving 30,1579586,25,344619,1579586,65274,76152
saving 21,206787,4,139211,206787,76153,87031
