[ SCHEMES ] 0, 0, 0, 0
[EXEC-main] 0, 1
[EXEC-task] 8, 0.100000
[EXEC-skew] -1, -2.000000, -2.000000, 32764
[EXEC-OP  ] 0, 0.320000, 35
[NOB MAXPE] : 1000, 2000
[LAT MODE ] : 0 (0=STATE, 1=FIXED_S, 2=FIXED_E)
expected_invalid : 34720, expected_fp : 5217, maxvalid : 87039
::UUNIFAST GEN::
[0]0.031007
[1]0.024248
[2]0.018133
[3]0.012713
[4]0.008053
[5]0.004251
[6]0.001476
[7]0.000119
[ALL]0.100000
min_rc,wn,mult : 35 4 8
wp: 229947, wn : 4, rp : 331106, rn : 22, gcp : 1839576 wu: 0.012403, ru: 0.018604, gcu : 0.052104
min_rc,wn,mult : 35 15 2
wp: 551332, wn : 15, rp : 115473, rn : 2, gcp : 1102664 wu: 0.019398, ru: 0.004850, gcu : 0.086925
min_rc,wn,mult : 35 21 1
wp: 2064290, wn : 21, rp : 154411, rn : 6, gcp : 2064290 wu: 0.007253, ru: 0.010880, gcu : 0.046432
min_rc,wn,mult : 35 28 1
wp: 3140798, wn : 28, rp : 484555, rn : 11, gcp : 3140798 wu: 0.006356, ru: 0.006356, gcu : 0.030517
min_rc,wn,mult : 35 27 1
wp: 4781167, wn : 27, rp : 1599434, rn : 23, gcp : 4781167 wu: 0.004026, ru: 0.004026, gcu : 0.020047
min_rc,wn,mult : 35 4 8
wp: 2236199, wn : 4, rp : 2728602, rn : 29, gcp : 17889592 wu: 0.001275, ru: 0.002976, gcu : 0.005358
min_rc,wn,mult : 35 11 3
wp: 6642101, wn : 11, rp : 47425432, rn : 50, gcp : 19926303 wu: 0.001181, ru: 0.000295, gcu : 0.004810
min_rc,wn,mult : 35 30 1
wp: 1802655232, wn : 30, rp : 52438152, rn : 20, gcp : 1802655232 wu: 0.000012, ru: 0.000107, gcu : 0.000053
WRsum : 0.100000, utilsum(noblock): 0.346247, utilsum(nogc): 0.030310 totutil : 0.376557
saving 4,229947,22,331106,1839576,0,10878
saving 15,551332,2,115473,1102664,10879,21757
saving 21,2064290,6,154411,2064290,21758,32636
saving 28,3140798,11,484555,3140798,32637,43515
saving 27,4781167,23,1599434,4781167,43516,54394
saving 4,2236199,29,2728602,17889592,54395,65273
saving 11,6642101,50,47425432,19926303,65274,76152
saving 30,1802655232,20,52438152,1802655232,76153,87031
