[ SCHEMES ] 0, 0, 0, 0
[EXEC-main] 0, 1
[EXEC-task] 8, 0.250000
[EXEC-skew] -1, -2.000000, -2.000000, 32767
[EXEC-OP  ] 0, 0.320000, 35
[NOB MAXPE] : 1000, 2000
[LAT MODE ] : 0 (0=STATE, 1=FIXED_S, 2=FIXED_E)
expected_invalid : 34720, expected_fp : 5217, maxvalid : 87039
::UUNIFAST GEN::
[0]0.004395
[1]0.005030
[2]0.005900
[3]0.007172
[4]0.009223
[5]0.013138
[6]0.023952
[7]0.181189
[ALL]0.250000
min_rc,wn,mult : 35 19 1
wp: 6164598, wn : 19, rp : 3949857, rn : 31, gcp : 6164598 wu: 0.002198, ru: 0.002198, gcu : 0.015548
min_rc,wn,mult : 35 8 4
wp: 3779949, wn : 8, rp : 3976103, rn : 50, gcp : 15119796 wu: 0.001509, ru: 0.003521, gcu : 0.006339
min_rc,wn,mult : 35 1 35
wp: 151052, wn : 1, rp : 5457382, rn : 23, gcp : 5286820 wu: 0.004720, ru: 0.001180, gcu : 0.018130
min_rc,wn,mult : 35 8 4
wp: 7952871, wn : 8, rp : 2168852, rn : 50, gcp : 31811484 wu: 0.000717, ru: 0.006455, gcu : 0.003013
min_rc,wn,mult : 35 26 1
wp: 20099344, wn : 26, rp : 1585376, rn : 47, gcp : 20099344 wu: 0.000922, ru: 0.008301, gcu : 0.004769
min_rc,wn,mult : 35 29 1
wp: 15737784, wn : 29, rp : 805101, rn : 34, gcp : 15737784 wu: 0.001314, ru: 0.011825, gcu : 0.006090
min_rc,wn,mult : 35 3 11
wp: 223258, wn : 3, rp : 623468, rn : 32, gcp : 2455838 wu: 0.009581, ru: 0.014371, gcu : 0.039029
min_rc,wn,mult : 35 16 2
wp: 104936, wn : 16, rp : 30907, rn : 8, gcp : 209872 wu: 0.108713, ru: 0.072475, gcu : 0.456702
WRsum : 0.250001, utilsum(noblock): 0.799622, utilsum(nogc): 0.113243 totutil : 0.912864
saving 19,6164598,31,3949857,6164598,0,10878
saving 8,3779949,50,3976103,15119796,10879,21757
saving 1,151052,23,5457382,5286820,21758,32636
saving 8,7952871,50,2168852,31811484,32637,43515
saving 26,20099344,47,1585376,20099344,43516,54394
saving 29,15737784,34,805101,15737784,54395,65273
saving 3,223258,32,623468,2455838,65274,76152
saving 16,104936,8,30907,209872,76153,87031
