[ SCHEMES ] 0, 0, 0, 0
[EXEC-main] 0, 1
[EXEC-task] 8, 0.100000
[EXEC-skew] -1, -2.000000, -2.000000, 32767
[EXEC-OP  ] 0, 0.320000, 35
[NOB MAXPE] : 1000, 2000
[LAT MODE ] : 0 (0=STATE, 1=FIXED_S, 2=FIXED_E)
expected_invalid : 34720, expected_fp : 5217, maxvalid : 87039
::UUNIFAST GEN::
[0]0.010524
[1]0.010887
[2]0.011330
[3]0.011894
[4]0.012653
[5]0.013771
[6]0.015653
[7]0.013288
[ALL]0.100000
min_rc,wn,mult : 35 9 3
wp: 3048661, wn : 9, rp : 199538, rn : 6, gcp : 9145983 wu: 0.002105, ru: 0.008419, gcu : 0.010480
min_rc,wn,mult : 35 17 2
wp: 5566823, wn : 17, rp : 1414554, rn : 44, gcp : 11133646 wu: 0.002177, ru: 0.008709, gcu : 0.008609
min_rc,wn,mult : 35 26 1
wp: 2337367, wn : 26, rp : 1812264, rn : 22, gcp : 2337367 wu: 0.007931, ru: 0.003399, gcu : 0.041007
min_rc,wn,mult : 35 12 2
wp: 7193508, wn : 12, rp : 130784, rn : 5, gcp : 14387016 wu: 0.001189, ru: 0.010705, gcu : 0.006662
min_rc,wn,mult : 35 15 2
wp: 1056553, wn : 15, rp : 4647057, rn : 42, gcp : 2113106 wu: 0.010123, ru: 0.002531, gcu : 0.045359
min_rc,wn,mult : 35 13 2
wp: 1121840, wn : 13, rp : 1270829, rn : 25, gcp : 2243680 wu: 0.008262, ru: 0.005508, gcu : 0.042720
min_rc,wn,mult : 35 23 1
wp: 2095281, wn : 23, rp : 787056, rn : 22, gcp : 2095281 wu: 0.007827, ru: 0.007827, gcu : 0.045745
min_rc,wn,mult : 35 23 1
wp: 3085382, wn : 23, rp : 772646, rn : 22, gcp : 3085382 wu: 0.005315, ru: 0.007973, gcu : 0.031066
WRsum : 0.100000, utilsum(noblock): 0.331648, utilsum(nogc): 0.026762 totutil : 0.358410
saving 9,3048661,6,199538,9145983,0,10878
saving 17,5566823,44,1414554,11133646,10879,21757
saving 26,2337367,22,1812264,2337367,21758,32636
saving 12,7193508,5,130784,14387016,32637,43515
saving 15,1056553,42,4647057,2113106,43516,54394
saving 13,1121840,25,1270829,2243680,54395,65273
saving 23,2095281,22,787056,2095281,65274,76152
saving 23,3085382,22,772646,3085382,76153,87031
