[ SCHEMES ] 0, 0, 0, 0
[EXEC-main] 0, 1
[EXEC-task] 8, 0.200000
[EXEC-skew] -1, -2.000000, -2.000000, 32764
[EXEC-OP  ] 0, 0.320000, 35
[NOB MAXPE] : 1000, 2000
[LAT MODE ] : 0 (0=STATE, 1=FIXED_S, 2=FIXED_E)
expected_invalid : 34720, expected_fp : 5217, maxvalid : 87039
::UUNIFAST GEN::
[0]0.003079
[1]0.003533
[2]0.004155
[3]0.005069
[4]0.006548
[5]0.009388
[6]0.017314
[7]0.150914
[ALL]0.200000
min_rc,wn,mult : 35 4 8
wp: 3087405, wn : 4, rp : 3117716, rn : 24, gcp : 24699240 wu: 0.000924, ru: 0.002155, gcu : 0.003881
min_rc,wn,mult : 35 3 11
wp: 672798, wn : 3, rp : 4755829, rn : 6, gcp : 7400778 wu: 0.003179, ru: 0.000353, gcu : 0.012951
min_rc,wn,mult : 35 22 1
wp: 18873952, wn : 22, rp : 1768756, rn : 21, gcp : 18873952 wu: 0.000831, ru: 0.003324, gcu : 0.005078
min_rc,wn,mult : 35 18 1
wp: 6329666, wn : 18, rp : 1749198, rn : 19, gcp : 6329666 wu: 0.002028, ru: 0.003041, gcu : 0.015143
min_rc,wn,mult : 35 25 1
wp: 3402723, wn : 25, rp : 1069018, rn : 5, gcp : 3402723 wu: 0.005238, ru: 0.001310, gcu : 0.028168
min_rc,wn,mult : 35 1 35
wp: 379733, wn : 1, rp : 186405, rn : 5, gcp : 13290655 wu: 0.001878, ru: 0.007511, gcu : 0.007212
min_rc,wn,mult : 35 29 1
wp: 2985613, wn : 29, rp : 700787, rn : 26, gcp : 2985613 wu: 0.006926, ru: 0.010388, gcu : 0.032104
min_rc,wn,mult : 35 8 4
wp: 47245, wn : 8, rp : 371072, rn : 40, gcp : 188980 wu: 0.120731, ru: 0.030183, gcu : 0.507191
WRsum : 0.200001, utilsum(noblock): 0.811729, utilsum(nogc): 0.074082 totutil : 0.885811
saving 4,3087405,24,3117716,24699240,0,10878
saving 3,672798,6,4755829,7400778,10879,21757
saving 22,18873952,21,1768756,18873952,21758,32636
saving 18,6329666,19,1749198,6329666,32637,43515
saving 25,3402723,5,1069018,3402723,43516,54394
saving 1,379733,5,186405,13290655,54395,65273
saving 29,2985613,26,700787,2985613,65274,76152
saving 8,47245,40,371072,188980,76153,87031
