[ SCHEMES ] 0, 0, 0, 0
[EXEC-main] 0, 1
[EXEC-task] 8, 0.100000
[EXEC-skew] -1, -2.000000, -2.000000, 32767
[EXEC-OP  ] 0, 0.320000, 35
[NOB MAXPE] : 1000, 2000
[LAT MODE ] : 0 (0=STATE, 1=FIXED_S, 2=FIXED_E)
expected_invalid : 34720, expected_fp : 5217, maxvalid : 87039
::UUNIFAST GEN::
[0]0.003685
[1]0.004128
[2]0.004721
[3]0.005563
[4]0.006871
[5]0.009241
[6]0.015207
[7]0.050584
[ALL]0.100000
min_rc,wn,mult : 35 14 2
wp: 27085188, wn : 14, rp : 3967598, rn : 47, gcp : 54170376 wu: 0.000369, ru: 0.003317, gcu : 0.001769
min_rc,wn,mult : 35 2 17
wp: 383797, wn : 2, rp : 6104158, rn : 9, gcp : 6524549 wu: 0.003716, ru: 0.000413, gcu : 0.014691
min_rc,wn,mult : 35 5 7
wp: 1510242, wn : 5, rp : 237233, rn : 2, gcp : 10571694 wu: 0.002361, ru: 0.002361, gcu : 0.009067
min_rc,wn,mult : 35 30 1
wp: 7690326, wn : 30, rp : 2315367, rn : 23, gcp : 7690326 wu: 0.002781, ru: 0.002781, gcu : 0.012464
min_rc,wn,mult : 35 12 2
wp: 1778986, wn : 12, rp : 5162025, rn : 38, gcp : 3557972 wu: 0.004809, ru: 0.002061, gcu : 0.026939
min_rc,wn,mult : 35 27 1
wp: 6944352, wn : 27, rp : 1082180, rn : 25, gcp : 6944352 wu: 0.002772, ru: 0.006468, gcu : 0.013802
min_rc,wn,mult : 35 29 1
wp: 1699600, wn : 29, rp : 4050699, rn : 44, gcp : 1699600 wu: 0.012166, ru: 0.003041, gcu : 0.056395
min_rc,wn,mult : 35 17 2
wp: 342317, wn : 17, rp : 608890, rn : 33, gcp : 684634 wu: 0.035409, ru: 0.015175, gcu : 0.140000
WRsum : 0.100000, utilsum(noblock): 0.375127, utilsum(nogc): 0.014753 totutil : 0.389881
saving 14,27085188,47,3967598,54170376,0,10878
saving 2,383797,9,6104158,6524549,10879,21757
saving 5,1510242,2,237233,10571694,21758,32636
saving 30,7690326,23,2315367,7690326,32637,43515
saving 12,1778986,38,5162025,3557972,43516,54394
saving 27,6944352,25,1082180,6944352,54395,65273
saving 29,1699600,44,4050699,1699600,65274,76152
saving 17,342317,33,608890,684634,76153,87031
