[ SCHEMES ] 0, 0, 0, 0
[EXEC-main] 0, 1
[EXEC-task] 8, 0.200000
[EXEC-skew] -1, -2.000000, -2.000000, 32765
[EXEC-OP  ] 0, 0.320000, 35
[NOB MAXPE] : 1000, 2000
[LAT MODE ] : 0 (0=STATE, 1=FIXED_S, 2=FIXED_E)
expected_invalid : 34720, expected_fp : 5217, maxvalid : 87039
::UUNIFAST GEN::
[0]0.007006
[1]0.007864
[2]0.009015
[3]0.010654
[4]0.013210
[5]0.017864
[6]0.029685
[7]0.104703
[ALL]0.200000
min_rc,wn,mult : 35 9 3
wp: 1831875, wn : 9, rp : 2717696, rn : 34, gcp : 5495625 wu: 0.003503, ru: 0.003503, gcu : 0.017441
min_rc,wn,mult : 35 11 3
wp: 1994654, wn : 11, rp : 427262, rn : 6, gcp : 5983962 wu: 0.003932, ru: 0.003932, gcu : 0.016018
min_rc,wn,mult : 35 22 1
wp: 2174985, wn : 22, rp : 6367163, rn : 41, gcp : 2174985 wu: 0.007212, ru: 0.001803, gcu : 0.044069
min_rc,wn,mult : 35 28 1
wp: 2342323, wn : 28, rp : 4599232, rn : 35, gcp : 2342323 wu: 0.008523, ru: 0.002131, gcu : 0.040920
min_rc,wn,mult : 35 9 3
wp: 809643, wn : 9, rp : 1430786, rn : 27, gcp : 2428929 wu: 0.007926, ru: 0.005284, gcu : 0.039461
min_rc,wn,mult : 35 27 1
wp: 1347088, wn : 27, rp : 3369995, rn : 43, gcp : 1347088 wu: 0.014291, ru: 0.003573, gcu : 0.071153
min_rc,wn,mult : 35 27 1
wp: 810630, wn : 27, rp : 2310913, rn : 49, gcp : 810630 wu: 0.023748, ru: 0.005937, gcu : 0.118240
min_rc,wn,mult : 35 4 8
wp: 136194, wn : 4, rp : 46799, rn : 14, gcp : 1089552 wu: 0.020941, ru: 0.083762, gcu : 0.087971
WRsum : 0.200000, utilsum(noblock): 0.635274, utilsum(nogc): 0.074788 totutil : 0.710062
saving 9,1831875,34,2717696,5495625,0,10878
saving 11,1994654,6,427262,5983962,10879,21757
saving 22,2174985,41,6367163,2174985,21758,32636
saving 28,2342323,35,4599232,2342323,32637,43515
saving 9,809643,27,1430786,2428929,43516,54394
saving 27,1347088,43,3369995,1347088,54395,65273
saving 27,810630,49,2310913,810630,65274,76152
saving 4,136194,14,46799,1089552,76153,87031
