[ SCHEMES ] 0, 0, 0, 0
[EXEC-main] 0, 1
[EXEC-task] 8, 0.100000
[EXEC-skew] -1, -2.000000, -2.000000, 32767
[EXEC-OP  ] 0, 0.320000, 35
[NOB MAXPE] : 1000, 2000
[LAT MODE ] : 0 (0=STATE, 1=FIXED_S, 2=FIXED_E)
expected_invalid : 34720, expected_fp : 5217, maxvalid : 87039
::UUNIFAST GEN::
[0]0.013337
[1]0.013329
[2]0.013317
[3]0.013299
[4]0.013265
[5]0.013183
[6]0.012828
[7]0.007442
[ALL]0.100000
min_rc,wn,mult : 35 1 35
wp: 89102, wn : 1, rp : 892274, rn : 17, gcp : 3118570 wu: 0.008002, ru: 0.005335, gcu : 0.030735
min_rc,wn,mult : 35 19 1
wp: 1270483, wn : 19, rp : 3466234, rn : 33, gcp : 1270483 wu: 0.010663, ru: 0.002666, gcu : 0.075443
min_rc,wn,mult : 35 19 1
wp: 1130294, wn : 19, rp : 8410251, rn : 40, gcp : 1130294 wu: 0.011985, ru: 0.001332, gcu : 0.084800
min_rc,wn,mult : 35 2 17
wp: 1072263, wn : 2, rp : 327510, rn : 14, gcp : 18228471 wu: 0.001330, ru: 0.011969, gcu : 0.005258
min_rc,wn,mult : 35 30 1
wp: 2687453, wn : 30, rp : 2269070, rn : 43, gcp : 2687453 wu: 0.007959, ru: 0.005306, gcu : 0.035665
min_rc,wn,mult : 35 19 1
wp: 2055236, wn : 19, rp : 1996523, rn : 47, gcp : 2055236 wu: 0.006591, ru: 0.006591, gcu : 0.046636
min_rc,wn,mult : 35 28 1
wp: 15562742, wn : 28, rp : 291028, rn : 12, gcp : 15562742 wu: 0.001283, ru: 0.011545, gcu : 0.006159
min_rc,wn,mult : 35 10 3
wp: 9580344, wn : 10, rp : 1713921, rn : 41, gcp : 28741032 wu: 0.000744, ru: 0.006698, gcu : 0.003335
WRsum : 0.100000, utilsum(noblock): 0.388032, utilsum(nogc): 0.039281 totutil : 0.427313
saving 1,89102,17,892274,3118570,0,10878
saving 19,1270483,33,3466234,1270483,10879,21757
saving 19,1130294,40,8410251,1130294,21758,32636
saving 2,1072263,14,327510,18228471,32637,43515
saving 30,2687453,43,2269070,2687453,43516,54394
saving 19,2055236,47,1996523,2055236,54395,65273
saving 28,15562742,12,291028,15562742,65274,76152
saving 10,9580344,41,1713921,28741032,76153,87031
