[ SCHEMES ] 0, 0, 0, 0
[EXEC-main] 0, 1
[EXEC-task] 8, 0.100000
[EXEC-skew] -1, -2.000000, -2.000000, 32764
[EXEC-OP  ] 0, 0.320000, 35
[NOB MAXPE] : 1000, 2000
[LAT MODE ] : 0 (0=STATE, 1=FIXED_S, 2=FIXED_E)
expected_invalid : 34720, expected_fp : 5217, maxvalid : 87039
::UUNIFAST GEN::
[0]0.010287
[1]0.010672
[2]0.011144
[3]0.011748
[4]0.012564
[5]0.013777
[6]0.015866
[7]0.013941
[ALL]0.100000
min_rc,wn,mult : 35 20 1
wp: 2772309, wn : 20, rp : 2395150, rn : 44, gcp : 2772309 wu: 0.005144, ru: 0.005144, gcu : 0.034574
min_rc,wn,mult : 35 7 5
wp: 935323, wn : 7, rp : 1101923, rn : 21, gcp : 4676615 wu: 0.005336, ru: 0.005336, gcu : 0.020495
min_rc,wn,mult : 35 26 1
wp: 1848249, wn : 26, rp : 7788610, rn : 31, gcp : 1848249 wu: 0.010030, ru: 0.001114, gcu : 0.051859
min_rc,wn,mult : 35 23 1
wp: 3489866, wn : 23, rp : 1946499, rn : 49, gcp : 3489866 wu: 0.004699, ru: 0.007049, gcu : 0.027465
min_rc,wn,mult : 35 24 1
wp: 1513287, wn : 24, rp : 3119961, rn : 14, gcp : 1513287 wu: 0.011308, ru: 0.001256, gcu : 0.063338
min_rc,wn,mult : 35 22 1
wp: 5692681, wn : 22, rp : 914545, rn : 36, gcp : 5692681 wu: 0.002755, ru: 0.011022, gcu : 0.016837
min_rc,wn,mult : 35 28 1
wp: 4194315, wn : 28, rp : 201690, rn : 8, gcp : 4194315 wu: 0.004760, ru: 0.011106, gcu : 0.022852
min_rc,wn,mult : 35 23 1
wp: 2940843, wn : 23, rp : 401700, rn : 12, gcp : 2940843 wu: 0.005576, ru: 0.008364, gcu : 0.032592
WRsum : 0.100000, utilsum(noblock): 0.370013, utilsum(nogc): 0.017353 totutil : 0.387367
saving 20,2772309,44,2395150,2772309,0,10878
saving 7,935323,21,1101923,4676615,10879,21757
saving 26,1848249,31,7788610,1848249,21758,32636
saving 23,3489866,49,1946499,3489866,32637,43515
saving 24,1513287,14,3119961,1513287,43516,54394
saving 22,5692681,36,914545,5692681,54395,65273
saving 28,4194315,8,201690,4194315,65274,76152
saving 23,2940843,12,401700,2940843,76153,87031
