[ SCHEMES ] 0, 0, 0, 0
[EXEC-main] 0, 1
[EXEC-task] 8, 0.200000
[EXEC-skew] -1, -2.000000, -2.000000, 32767
[EXEC-OP  ] 0, 0.320000, 35
[NOB MAXPE] : 1000, 2000
[LAT MODE ] : 0 (0=STATE, 1=FIXED_S, 2=FIXED_E)
expected_invalid : 34720, expected_fp : 5217, maxvalid : 87039
::UUNIFAST GEN::
[0]0.003817
[1]0.004362
[2]0.005106
[3]0.006192
[4]0.007938
[5]0.011257
[6]0.020359
[7]0.140970
[ALL]0.200000
min_rc,wn,mult : 35 16 2
wp: 3320516, wn : 16, rp : 23471812, rn : 32, gcp : 6641032 wu: 0.003436, ru: 0.000382, gcu : 0.014433
min_rc,wn,mult : 35 6 5
wp: 3269458, wn : 6, rp : 3668396, rn : 40, gcp : 16347290 wu: 0.001308, ru: 0.003053, gcu : 0.005863
min_rc,wn,mult : 35 25 1
wp: 11636435, wn : 25, rp : 3446865, rn : 44, gcp : 11636435 wu: 0.001532, ru: 0.003574, gcu : 0.008237
min_rc,wn,mult : 35 8 4
wp: 1842406, wn : 8, rp : 1899255, rn : 21, gcp : 7369624 wu: 0.003096, ru: 0.003096, gcu : 0.013006
min_rc,wn,mult : 35 16 2
wp: 1796504, wn : 16, rp : 5291248, rn : 30, gcp : 3593008 wu: 0.006350, ru: 0.001588, gcu : 0.026677
min_rc,wn,mult : 35 28 1
wp: 4433738, wn : 28, rp : 2031353, rn : 49, gcp : 4433738 wu: 0.004503, ru: 0.006754, gcu : 0.021618
min_rc,wn,mult : 35 29 1
wp: 3385409, wn : 29, rp : 766248, rn : 39, gcp : 3385409 wu: 0.006108, ru: 0.014251, gcu : 0.028312
min_rc,wn,mult : 35 30 1
wp: 1517347, wn : 30, rp : 103726, rn : 47, gcp : 1517347 wu: 0.014097, ru: 0.126873, gcu : 0.063169
WRsum : 0.200000, utilsum(noblock): 0.381315, utilsum(nogc): 0.033743 totutil : 0.415058
saving 16,3320516,32,23471812,6641032,0,10878
saving 6,3269458,40,3668396,16347290,10879,21757
saving 25,11636435,44,3446865,11636435,21758,32636
saving 8,1842406,21,1899255,7369624,32637,43515
saving 16,1796504,30,5291248,3593008,43516,54394
saving 28,4433738,49,2031353,4433738,54395,65273
saving 29,3385409,39,766248,3385409,65274,76152
saving 30,1517347,47,103726,1517347,76153,87031
