[ SCHEMES ] 0, 0, 0, 0
[EXEC-main] 0, 1
[EXEC-task] 8, 0.200000
[EXEC-skew] -1, -2.000000, -2.000000, 32765
[EXEC-OP  ] 0, 0.320000, 35
[NOB MAXPE] : 1000, 2000
[LAT MODE ] : 0 (0=STATE, 1=FIXED_S, 2=FIXED_E)
expected_invalid : 34720, expected_fp : 5217, maxvalid : 87039
::UUNIFAST GEN::
[0]0.006499
[1]0.007316
[2]0.008415
[3]0.009985
[4]0.012447
[5]0.016961
[6]0.028568
[7]0.109810
[ALL]0.200000
min_rc,wn,mult : 35 3 11
wp: 365705, wn : 3, rp : 5600982, rn : 13, gcp : 4022755 wu: 0.005849, ru: 0.000650, gcu : 0.023827
min_rc,wn,mult : 35 28 1
wp: 27289682, wn : 28, rp : 1956249, rn : 46, gcp : 27289682 wu: 0.000732, ru: 0.006584, gcu : 0.003512
min_rc,wn,mult : 35 28 1
wp: 11862787, wn : 28, rp : 1871758, rn : 45, gcp : 11862787 wu: 0.001683, ru: 0.006732, gcu : 0.008080
min_rc,wn,mult : 35 4 8
wp: 1428080, wn : 4, rp : 771123, rn : 22, gcp : 11424640 wu: 0.001997, ru: 0.007988, gcu : 0.008390
min_rc,wn,mult : 35 24 1
wp: 3436993, wn : 24, rp : 1349731, rn : 36, gcp : 3436993 wu: 0.004979, ru: 0.007468, gcu : 0.027887
min_rc,wn,mult : 35 2 17
wp: 140127, wn : 2, rp : 1320700, rn : 32, gcp : 2382159 wu: 0.010176, ru: 0.006784, gcu : 0.040236
min_rc,wn,mult : 35 12 2
wp: 427851, wn : 12, rp : 1568187, rn : 48, gcp : 855702 wu: 0.019998, ru: 0.008570, gcu : 0.112012
min_rc,wn,mult : 35 5 7
wp: 54108, wn : 5, rp : 146616, rn : 23, gcp : 378756 wu: 0.065886, ru: 0.043924, gcu : 0.253063
WRsum : 0.200001, utilsum(noblock): 0.677008, utilsum(nogc): 0.064685 totutil : 0.741693
saving 3,365705,13,5600982,4022755,0,10878
saving 28,27289682,46,1956249,27289682,10879,21757
saving 28,11862787,45,1871758,11862787,21758,32636
saving 4,1428080,22,771123,11424640,32637,43515
saving 24,3436993,36,1349731,3436993,43516,54394
saving 2,140127,32,1320700,2382159,54395,65273
saving 12,427851,48,1568187,855702,65274,76152
saving 5,54108,23,146616,378756,76153,87031
