[ SCHEMES ] 0, 0, 0, 0
[EXEC-main] 0, 1
[EXEC-task] 8, 0.250000
[EXEC-skew] -1, -2.000000, -2.000000, 32765
[EXEC-OP  ] 0, 0.320000, 35
[NOB MAXPE] : 1000, 2000
[LAT MODE ] : 0 (0=STATE, 1=FIXED_S, 2=FIXED_E)
expected_invalid : 34720, expected_fp : 5217, maxvalid : 87039
::UUNIFAST GEN::
[0]0.041409
[1]0.039725
[2]0.037815
[3]0.035593
[4]0.032896
[5]0.029368
[6]0.023849
[7]0.009344
[ALL]0.250000
min_rc,wn,mult : 35 11 3
wp: 631341, wn : 11, rp : 28979, rn : 3, gcp : 1894023 wu: 0.012423, ru: 0.028986, gcu : 0.050606
min_rc,wn,mult : 35 16 2
wp: 319086, wn : 16, rp : 775338, rn : 11, gcp : 638172 wu: 0.035752, ru: 0.003972, gcu : 0.150193
min_rc,wn,mult : 35 20 1
wp: 628492, wn : 20, rp : 851506, rn : 46, gcp : 628492 wu: 0.022689, ru: 0.015126, gcu : 0.152506
min_rc,wn,mult : 35 22 1
wp: 4407035, wn : 22, rp : 8740, rn : 1, gcp : 4407035 wu: 0.003559, ru: 0.032034, gcu : 0.021749
min_rc,wn,mult : 35 15 2
wp: 1625559, wn : 15, rp : 21278, rn : 2, gcp : 3251118 wu: 0.006579, ru: 0.026317, gcu : 0.029482
min_rc,wn,mult : 35 30 1
wp: 1213898, wn : 30, rp : 1001082, rn : 42, gcp : 1213898 wu: 0.017621, ru: 0.011747, gcu : 0.078960
min_rc,wn,mult : 35 27 1
wp: 1008996, wn : 27, rp : 2641600, rn : 45, gcp : 1008996 wu: 0.019079, ru: 0.004770, gcu : 0.094994
min_rc,wn,mult : 35 6 5
wp: 508701, wn : 6, rp : 9289326, rn : 31, gcp : 2543505 wu: 0.008410, ru: 0.000934, gcu : 0.037684
WRsum : 0.250004, utilsum(noblock): 0.866179, utilsum(nogc): 0.400458 totutil : 1.266636
::UUNIFAST GEN::
[0]0.031036
[1]0.031373
[2]0.031773
[3]0.032259
[4]0.032871
[5]0.033663
[6]0.034478
[7]0.022548
[ALL]0.250000
min_rc,wn,mult : 35 21 1
wp: 536050, wn : 21, rp : 90218, rn : 1, gcp : 536050 wu: 0.027932, ru: 0.003104, gcu : 0.178806
min_rc,wn,mult : 35 5 7
wp: 378774, wn : 5, rp : 25499, rn : 2, gcp : 2651418 wu: 0.009412, ru: 0.021961, gcu : 0.036150
min_rc,wn,mult : 35 15 2
wp: 673221, wn : 15, rp : 123376, rn : 7, gcp : 1346442 wu: 0.015886, ru: 0.015886, gcu : 0.071187
min_rc,wn,mult : 35 23 1
wp: 2541802, wn : 23, rp : 184446, rn : 17, gcp : 2541802 wu: 0.006452, ru: 0.025807, gcu : 0.037709
min_rc,wn,mult : 35 12 2
wp: 325365, wn : 12, rp : 511093, rn : 12, gcp : 650730 wu: 0.026297, ru: 0.006574, gcu : 0.147295
min_rc,wn,mult : 35 25 1
wp: 661886, wn : 25, rp : 582237, rn : 14, gcp : 661886 wu: 0.026931, ru: 0.006733, gcu : 0.144812
min_rc,wn,mult : 35 9 3
wp: 206798, wn : 9, rp : 1218165, rn : 15, gcp : 620394 wu: 0.031030, ru: 0.003448, gcu : 0.154497
min_rc,wn,mult : 35 30 1
wp: 3162145, wn : 30, rp : 124179, rn : 7, gcp : 3162145 wu: 0.006764, ru: 0.015784, gcu : 0.030311
WRsum : 0.250001, utilsum(noblock): 1.050768, utilsum(nogc): 0.137260 totutil : 1.188028
::UUNIFAST GEN::
[0]0.003991
[1]0.004576
[2]0.005379
[3]0.006556
[4]0.008458
[5]0.012107
[6]0.022261
[7]0.186672
[ALL]0.250000
min_rc,wn,mult : 35 21 1
wp: 18756952, wn : 21, rp : 2192257, rn : 25, gcp : 18756952 wu: 0.000798, ru: 0.003193, gcu : 0.005110
min_rc,wn,mult : 35 23 1
wp: 11945465, wn : 23, rp : 786700, rn : 9, gcp : 11945465 wu: 0.001373, ru: 0.003203, gcu : 0.008024
min_rc,wn,mult : 35 13 2
wp: 8615803, wn : 13, rp : 715737, rn : 11, gcp : 17231606 wu: 0.001076, ru: 0.004303, gcu : 0.005562
min_rc,wn,mult : 35 10 3
wp: 5438083, wn : 10, rp : 694061, rn : 13, gcp : 16314249 wu: 0.001311, ru: 0.005244, gcu : 0.005875
min_rc,wn,mult : 35 16 2
wp: 3371757, wn : 16, rp : 1158598, rn : 21, gcp : 6743514 wu: 0.003383, ru: 0.005075, gcu : 0.014214
min_rc,wn,mult : 35 8 4
wp: 942278, wn : 8, rp : 1711431, rn : 37, gcp : 3769112 wu: 0.006053, ru: 0.006053, gcu : 0.025430
min_rc,wn,mult : 35 12 2
wp: 3843561, wn : 12, rp : 698792, rn : 50, gcp : 7687122 wu: 0.002226, ru: 0.020035, gcu : 0.012469
min_rc,wn,mult : 35 6 5
wp: 28646, wn : 6, rp : 97497, rn : 13, gcp : 143230 wu: 0.149338, ru: 0.037334, gcu : 0.669196
WRsum : 0.250003, utilsum(noblock): 0.995883, utilsum(nogc): 0.122181 totutil : 1.118064
::UUNIFAST GEN::
[0]0.009946
[1]0.011105
[2]0.012650
[3]0.014834
[4]0.018208
[5]0.024274
[6]0.039328
[7]0.119654
[ALL]0.250000
min_rc,wn,mult : 35 17 2
wp: 12186501, wn : 17, rp : 907097, rn : 29, gcp : 24373002 wu: 0.000995, ru: 0.008952, gcu : 0.003933
min_rc,wn,mult : 35 5 7
wp: 1070094, wn : 5, rp : 468260, rn : 13, gcp : 7490658 wu: 0.003331, ru: 0.007773, gcu : 0.012796
min_rc,wn,mult : 35 18 1
wp: 3381836, wn : 18, rp : 1201587, rn : 38, gcp : 3381836 wu: 0.003795, ru: 0.008855, gcu : 0.028342
min_rc,wn,mult : 35 10 3
wp: 961298, wn : 10, rp : 1736538, rn : 46, gcp : 2883894 wu: 0.007417, ru: 0.007417, gcu : 0.033236
min_rc,wn,mult : 35 15 2
wp: 1468409, wn : 15, rp : 153774, rn : 6, gcp : 2936818 wu: 0.007283, ru: 0.010925, gcu : 0.032637
min_rc,wn,mult : 35 16 2
wp: 939933, wn : 16, rp : 461397, rn : 20, gcp : 1879866 wu: 0.012137, ru: 0.012137, gcu : 0.050987
min_rc,wn,mult : 35 1 35
wp: 30215, wn : 1, rp : 711960, rn : 40, gcp : 1057525 wu: 0.023597, ru: 0.015731, gcu : 0.090635
min_rc,wn,mult : 35 1 35
wp: 7448, wn : 1, rp : 327610, rn : 28, gcp : 260680 wu: 0.095723, ru: 0.023931, gcu : 0.367688
WRsum : 0.250008, utilsum(noblock): 0.870262, utilsum(nogc): 0.469925 totutil : 1.340187
::UUNIFAST GEN::
[0]0.010363
[1]0.011548
[2]0.013126
[3]0.015350
[4]0.018776
[5]0.024905
[6]0.039992
[7]0.115941
[ALL]0.250000
min_rc,wn,mult : 35 29 1
wp: 2216993, wn : 29, rp : 7565463, rn : 28, gcp : 2216993 wu: 0.009327, ru: 0.001036, gcu : 0.043234
min_rc,wn,mult : 35 1 35
wp: 77175, wn : 1, rp : 606145, rn : 5, gcp : 2701125 wu: 0.009239, ru: 0.002310, gcu : 0.035485
min_rc,wn,mult : 35 10 3
wp: 905340, wn : 10, rp : 1759890, rn : 33, gcp : 2716020 wu: 0.007875, ru: 0.005250, gcu : 0.035290
min_rc,wn,mult : 35 6 5
wp: 398133, wn : 6, rp : 2918526, rn : 48, gcp : 1990665 wu: 0.010745, ru: 0.004605, gcu : 0.048149
min_rc,wn,mult : 35 23 1
wp: 970470, wn : 23, rp : 5219557, rn : 35, gcp : 970470 wu: 0.016898, ru: 0.001878, gcu : 0.098766
min_rc,wn,mult : 35 25 1
wp: 1789331, wn : 25, rp : 599622, rn : 32, gcp : 1789331 wu: 0.009962, ru: 0.014943, gcu : 0.053567
min_rc,wn,mult : 35 1 35
wp: 25469, wn : 1, rp : 910181, rn : 39, gcp : 891415 wu: 0.027994, ru: 0.011998, gcu : 0.107525
min_rc,wn,mult : 35 16 2
wp: 109328, wn : 16, rp : 265653, rn : 11, gcp : 218656 wu: 0.104347, ru: 0.011594, gcu : 0.438355
WRsum : 0.250001, utilsum(noblock): 1.110371, utilsum(nogc): 0.137422 totutil : 1.247793
::UUNIFAST GEN::
[0]0.011110
[1]0.012339
[2]0.013968
[3]0.016256
[4]0.019757
[5]0.025971
[6]0.041044
[7]0.109555
[ALL]0.250000
min_rc,wn,mult : 35 12 2
wp: 1925344, wn : 12, rp : 462058, rn : 11, gcp : 3850688 wu: 0.004444, ru: 0.006666, gcu : 0.024891
min_rc,wn,mult : 35 10 3
wp: 825497, wn : 10, rp : 3555156, rn : 47, gcp : 2476491 wu: 0.008637, ru: 0.003702, gcu : 0.038704
min_rc,wn,mult : 35 30 1
wp: 3828301, wn : 30, rp : 902040, rn : 27, gcp : 3828301 wu: 0.005587, ru: 0.008381, gcu : 0.025037
min_rc,wn,mult : 35 23 1
wp: 3362738, wn : 23, rp : 762814, rn : 31, gcp : 3362738 wu: 0.004877, ru: 0.011379, gcu : 0.028503
min_rc,wn,mult : 35 2 17
wp: 120293, wn : 2, rp : 531452, rn : 15, gcp : 2044981 wu: 0.011854, ru: 0.007903, gcu : 0.046870
min_rc,wn,mult : 35 29 1
wp: 2653839, wn : 29, rp : 215623, rn : 14, gcp : 2653839 wu: 0.007791, ru: 0.018180, gcu : 0.036117
min_rc,wn,mult : 35 22 1
wp: 1910868, wn : 22, rp : 426370, rn : 50, gcp : 1910868 wu: 0.008209, ru: 0.032835, gcu : 0.050160
min_rc,wn,mult : 35 8 4
wp: 173550, wn : 8, rp : 113185, rn : 31, gcp : 694200 wu: 0.032866, ru: 0.076688, gcu : 0.138071
WRsum : 0.250000, utilsum(noblock): 0.638354, utilsum(nogc): 0.030923 totutil : 0.669277
saving 12,1925344,11,462058,3850688,0,10878
saving 10,825497,47,3555156,2476491,10879,21757
saving 30,3828301,27,902040,3828301,21758,32636
saving 23,3362738,31,762814,3362738,32637,43515
saving 2,120293,15,531452,2044981,43516,54394
saving 29,2653839,14,215623,2653839,54395,65273
saving 22,1910868,50,426370,1910868,65274,76152
saving 8,173550,31,113185,694200,76153,87031
