[ SCHEMES ] 0, 0, 0, 0
[EXEC-main] 0, 1
[EXEC-task] 8, 0.250000
[EXEC-skew] -1, -2.000000, -2.000000, 32764
[EXEC-OP  ] 0, 0.320000, 35
[NOB MAXPE] : 1000, 2000
[LAT MODE ] : 0 (0=STATE, 1=FIXED_S, 2=FIXED_E)
expected_invalid : 34720, expected_fp : 5217, maxvalid : 87039
::UUNIFAST GEN::
[0]0.000803
[1]0.000934
[2]0.001116
[3]0.001388
[4]0.001838
[5]0.002732
[6]0.005372
[7]0.235817
[ALL]0.250000
min_rc,wn,mult : 35 21 1
wp: 93213536, wn : 21, rp : 16123894, rn : 37, gcp : 93213536 wu: 0.000161, ru: 0.000643, gcu : 0.001028
min_rc,wn,mult : 35 1 35
wp: 1908959, wn : 1, rp : 13493908, rn : 27, gcp : 66813565 wu: 0.000374, ru: 0.000560, gcu : 0.001435
min_rc,wn,mult : 35 10 3
wp: 9127898, wn : 10, rp : 18400888, rn : 22, gcp : 27383694 wu: 0.000781, ru: 0.000335, gcu : 0.003500
min_rc,wn,mult : 35 12 2
wp: 12330220, wn : 12, rp : 14930000, rn : 37, gcp : 24660440 wu: 0.000694, ru: 0.000694, gcu : 0.003887
min_rc,wn,mult : 35 13 2
wp: 8403606, wn : 13, rp : 14089119, rn : 37, gcp : 16807212 wu: 0.001103, ru: 0.000735, gcu : 0.005703
min_rc,wn,mult : 35 24 1
wp: 31321192, wn : 24, rp : 4100015, rn : 32, gcp : 31321192 wu: 0.000546, ru: 0.002185, gcu : 0.003060
min_rc,wn,mult : 35 8 4
wp: 1769683, wn : 8, rp : 2475819, rn : 19, gcp : 7078732 wu: 0.003223, ru: 0.002149, gcu : 0.013540
min_rc,wn,mult : 35 21 1
wp: 126988, wn : 21, rp : 30871, rn : 13, gcp : 126988 wu: 0.117909, ru: 0.117909, gcu : 0.754788
WRsum : 0.250001, utilsum(noblock): 1.036942, utilsum(nogc): 0.113375 totutil : 1.150318
::UUNIFAST GEN::
[0]0.045082
[1]0.042428
[2]0.039485
[3]0.036150
[4]0.032243
[5]0.027383
[6]0.020460
[7]0.006769
[ALL]0.250000
min_rc,wn,mult : 35 23 1
wp: 404175, wn : 23, rp : 62108, rn : 1, gcp : 404175 wu: 0.040574, ru: 0.004508, gcu : 0.237147
min_rc,wn,mult : 35 30 1
wp: 1008296, wn : 30, rp : 197982, rn : 15, gcp : 1008296 wu: 0.021214, ru: 0.021214, gcu : 0.095060
min_rc,wn,mult : 35 12 2
wp: 541723, wn : 12, rp : 11818, rn : 1, gcp : 1083446 wu: 0.015794, ru: 0.023691, gcu : 0.088467
min_rc,wn,mult : 35 12 2
wp: 394462, wn : 12, rp : 522815, rn : 27, gcp : 788924 wu: 0.021690, ru: 0.014460, gcu : 0.121493
min_rc,wn,mult : 35 13 2
wp: 958249, wn : 13, rp : 620293, rn : 50, gcp : 1916498 wu: 0.009673, ru: 0.022570, gcu : 0.050013
min_rc,wn,mult : 35 24 1
wp: 1041520, wn : 24, rp : 996967, rn : 39, gcp : 1041520 wu: 0.016430, ru: 0.010953, gcu : 0.092028
min_rc,wn,mult : 35 6 5
wp: 232324, wn : 6, rp : 3421334, rn : 25, gcp : 1161620 wu: 0.018414, ru: 0.002046, gcu : 0.082513
min_rc,wn,mult : 35 22 1
wp: 11587229, wn : 22, rp : 413671, rn : 8, gcp : 11587229 wu: 0.001354, ru: 0.005415, gcu : 0.008272
WRsum : 0.250002, utilsum(noblock): 1.024996, utilsum(nogc): 0.296158 totutil : 1.321154
::UUNIFAST GEN::
[0]0.018064
[1]0.019431
[2]0.021181
[3]0.023532
[4]0.026937
[5]0.032519
[6]0.044248
[7]0.064088
[ALL]0.250000
min_rc,wn,mult : 35 16 2
wp: 1052582, wn : 16, rp : 1123812, rn : 29, gcp : 2105164 wu: 0.010838, ru: 0.007225, gcu : 0.045530
min_rc,wn,mult : 35 29 1
wp: 10641108, wn : 29, rp : 656445, rn : 41, gcp : 10641108 wu: 0.001943, ru: 0.017488, gcu : 0.009007
min_rc,wn,mult : 35 21 1
wp: 785457, wn : 21, rp : 5419989, rn : 41, gcp : 785457 wu: 0.019063, ru: 0.002118, gcu : 0.122030
min_rc,wn,mult : 35 12 2
wp: 1211945, wn : 12, rp : 118984, rn : 7, gcp : 2423890 wu: 0.007060, ru: 0.016473, gcu : 0.039543
min_rc,wn,mult : 35 23 1
wp: 1521979, wn : 23, rp : 155919, rn : 9, gcp : 1521979 wu: 0.010775, ru: 0.016162, gcu : 0.062977
min_rc,wn,mult : 35 4 8
wp: 97448, wn : 4, rp : 3271962, rn : 38, gcp : 779584 wu: 0.029267, ru: 0.003252, gcu : 0.122949
min_rc,wn,mult : 35 8 4
wp: 1289091, wn : 8, rp : 260148, rn : 37, gcp : 5156364 wu: 0.004425, ru: 0.039823, gcu : 0.018588
min_rc,wn,mult : 35 1 35
wp: 27813, wn : 1, rp : 182041, rn : 25, gcp : 973455 wu: 0.025635, ru: 0.038453, gcu : 0.098463
WRsum : 0.250001, utilsum(noblock): 0.769088, utilsum(nogc): 0.125840 totutil : 0.894929
saving 16,1052582,29,1123812,2105164,0,10878
saving 29,10641108,41,656445,10641108,10879,21757
saving 21,785457,41,5419989,785457,21758,32636
saving 12,1211945,7,118984,2423890,32637,43515
saving 23,1521979,9,155919,1521979,43516,54394
saving 4,97448,38,3271962,779584,54395,65273
saving 8,1289091,37,260148,5156364,65274,76152
saving 1,27813,25,182041,973455,76153,87031
