[ SCHEMES ] 0, 0, 0, 0
[EXEC-main] 0, 1
[EXEC-task] 8, 0.150000
[EXEC-skew] -1, -2.000000, -2.000000, 32764
[EXEC-OP  ] 0, 0.320000, 35
[NOB MAXPE] : 1000, 2000
[LAT MODE ] : 0 (0=STATE, 1=FIXED_S, 2=FIXED_E)
expected_invalid : 34720, expected_fp : 5217, maxvalid : 87039
::UUNIFAST GEN::
[0]0.014263
[1]0.014935
[2]0.015770
[3]0.016849
[4]0.018338
[5]0.020612
[6]0.024770
[7]0.024462
[ALL]0.150000
min_rc,wn,mult : 35 21 1
wp: 3499211, wn : 21, rp : 196309, rn : 7, gcp : 3499211 wu: 0.004279, ru: 0.009984, gcu : 0.027392
min_rc,wn,mult : 35 11 3
wp: 1050249, wn : 11, rp : 449934, rn : 12, gcp : 3150747 wu: 0.007468, ru: 0.007468, gcu : 0.030421
min_rc,wn,mult : 35 30 1
wp: 4521360, wn : 30, rp : 532670, rn : 21, gcp : 4521360 wu: 0.004731, ru: 0.011039, gcu : 0.021199
min_rc,wn,mult : 35 28 1
wp: 5924246, wn : 28, rp : 1038612, rn : 50, gcp : 5924246 wu: 0.003370, ru: 0.013480, gcu : 0.016179
min_rc,wn,mult : 35 14 2
wp: 1814423, wn : 14, rp : 1046992, rn : 48, gcp : 3628846 wu: 0.005501, ru: 0.012837, gcu : 0.026413
min_rc,wn,mult : 35 1 35
wp: 38435, wn : 1, rp : 1765995, rn : 13, gcp : 1345225 wu: 0.018550, ru: 0.002061, gcu : 0.071251
min_rc,wn,mult : 35 9 3
wp: 518121, wn : 9, rp : 474763, rn : 21, gcp : 1554363 wu: 0.012385, ru: 0.012385, gcu : 0.061664
min_rc,wn,mult : 35 14 2
wp: 4080580, wn : 14, rp : 89026, rn : 7, gcp : 8161160 wu: 0.002446, ru: 0.022016, gcu : 0.011745
WRsum : 0.150000, utilsum(noblock): 0.416265, utilsum(nogc): 0.091063 totutil : 0.507328
saving 21,3499211,7,196309,3499211,0,10878
saving 11,1050249,12,449934,3150747,10879,21757
saving 30,4521360,21,532670,4521360,21758,32636
saving 28,5924246,50,1038612,5924246,32637,43515
saving 14,1814423,48,1046992,3628846,43516,54394
saving 1,38435,13,1765995,1345225,54395,65273
saving 9,518121,21,474763,1554363,65274,76152
saving 14,4080580,7,89026,8161160,76153,87031
