[ SCHEMES ] 0, 0, 0, 0
[EXEC-main] 0, 1
[EXEC-task] 8, 0.250000
[EXEC-skew] -1, -2.000000, -2.000000, 32766
[EXEC-OP  ] 0, 0.320000, 35
[NOB MAXPE] : 1000, 2000
[LAT MODE ] : 0 (0=STATE, 1=FIXED_S, 2=FIXED_E)
expected_invalid : 34720, expected_fp : 5217, maxvalid : 87039
::UUNIFAST GEN::
[0]0.170461
[1]0.058630
[2]0.016701
[3]0.003640
[4]0.000528
[5]0.000038
[6]0.000001
[7]0.000000
[ALL]0.250000
min_rc,wn,mult : 35 10 3
wp: 139425, wn : 10, rp : 7039, rn : 3, gcp : 418275 wu: 0.051138, ru: 0.119323, gcu : 0.229153
min_rc,wn,mult : 35 24 1
wp: 729658, wn : 24, rp : 206947, rn : 26, gcp : 729658 wu: 0.023452, ru: 0.035178, gcu : 0.131362
min_rc,wn,mult : 35 13 2
wp: 1387486, wn : 13, rp : 1257404, rn : 45, gcp : 2774972 wu: 0.006680, ru: 0.010021, gcu : 0.034541
min_rc,wn,mult : 35 30 1
wp: 9792996, wn : 30, rp : 384577, rn : 2, gcp : 9792996 wu: 0.002184, ru: 0.001456, gcu : 0.009788
min_rc,wn,mult : 35 1 35
wp: 13506864, wn : 1, rp : 14144636, rn : 24, gcp : 472740240 wu: 0.000053, ru: 0.000475, gcu : 0.000203
min_rc,wn,mult : 35 5 7
wp: 132373528, wn : 5, rp : 218332784, rn : 9, gcp : 926614696 wu: 0.000027, ru: 0.000012, gcu : 0.000103
min_rc,wn,mult : 35 24 1
wp: -2147483648, wn : 24, rp : -2147483648, rn : 26, gcp : -2147483648 wu: 0.000000, ru: 0.000001, gcu : -0.000045
min_rc,wn,mult : 35 6 5
wp: -2147483648, wn : 6, rp : -2147483648, rn : 10, gcp : -2147483648 wu: 0.000000, ru: 0.000000, gcu : -0.000045
WRsum : 0.249997, utilsum(noblock): 0.655057, utilsum(nogc): -0.000002 totutil : 0.655055
::UUNIFAST GEN::
[0]0.033295
[1]0.033282
[2]0.033263
[3]0.033229
[4]0.033159
[5]0.032973
[6]0.032119
[7]0.018679
[ALL]0.250000
min_rc,wn,mult : 35 20 1
wp: 535369, wn : 20, rp : 504583, rn : 12, gcp : 535369 wu: 0.026636, ru: 0.006659, gcu : 0.179034
min_rc,wn,mult : 35 10 3
wp: 428456, wn : 10, rp : 84128, rn : 5, gcp : 1285368 wu: 0.016641, ru: 0.016641, gcu : 0.074569
min_rc,wn,mult : 35 11 3
wp: 392982, wn : 11, rp : 147311, rn : 7, gcp : 1178946 wu: 0.019958, ru: 0.013305, gcu : 0.081301
min_rc,wn,mult : 35 4 8
wp: 95365, wn : 4, rp : 2864987, rn : 34, gcp : 762920 wu: 0.029906, ru: 0.003323, gcu : 0.125634
min_rc,wn,mult : 35 9 3
wp: 1935206, wn : 9, rp : 290852, rn : 31, gcp : 5805618 wu: 0.003316, ru: 0.029843, gcu : 0.016510
min_rc,wn,mult : 35 30 1
wp: 1621758, wn : 30, rp : 452889, rn : 32, gcp : 1621758 wu: 0.013189, ru: 0.019784, gcu : 0.059102
min_rc,wn,mult : 35 30 1
wp: 1664876, wn : 30, rp : 101703, rn : 7, gcp : 1664876 wu: 0.012848, ru: 0.019272, gcu : 0.057571
min_rc,wn,mult : 35 27 1
wp: 1288264, wn : 27, rp : 1274144, rn : 17, gcp : 1288264 wu: 0.014943, ru: 0.003736, gcu : 0.074402
WRsum : 0.250001, utilsum(noblock): 0.918123, utilsum(nogc): 0.041603 totutil : 0.959726
saving 20,535369,12,504583,535369,0,10878
saving 10,428456,5,84128,1285368,10879,21757
saving 11,392982,7,147311,1178946,21758,32636
saving 4,95365,34,2864987,762920,32637,43515
saving 9,1935206,31,290852,5805618,43516,54394
saving 30,1621758,32,452889,1621758,54395,65273
saving 30,1664876,7,101703,1664876,65274,76152
saving 27,1288264,17,1274144,1288264,76153,87031
