[ SCHEMES ] 0, 0, 0, 0
[EXEC-main] 0, 1
[EXEC-task] 8, 0.200000
[EXEC-skew] -1, -2.000000, -2.000000, 32766
[EXEC-OP  ] 0, 0.320000, 35
[NOB MAXPE] : 1000, 2000
[LAT MODE ] : 0 (0=STATE, 1=FIXED_S, 2=FIXED_E)
expected_invalid : 34720, expected_fp : 5217, maxvalid : 87039
::UUNIFAST GEN::
[0]0.025120
[1]0.025347
[2]0.025616
[3]0.025940
[4]0.026344
[5]0.026852
[6]0.027280
[7]0.017502
[ALL]0.200000
min_rc,wn,mult : 35 25 1
wp: 3547988, wn : 25, rp : 55732, rn : 4, gcp : 3547988 wu: 0.005024, ru: 0.020096, gcu : 0.027015
min_rc,wn,mult : 35 13 2
wp: 3656773, wn : 13, rp : 257750, rn : 21, gcp : 7313546 wu: 0.002535, ru: 0.022813, gcu : 0.013106
min_rc,wn,mult : 35 7 5
wp: 974207, wn : 7, rp : 546539, rn : 40, gcp : 4871035 wu: 0.005123, ru: 0.020493, gcu : 0.019677
min_rc,wn,mult : 35 23 1
wp: 702433, wn : 23, rp : 4101778, rn : 38, gcp : 702433 wu: 0.023346, ru: 0.002594, gcu : 0.136453
min_rc,wn,mult : 35 26 1
wp: 1407398, wn : 26, rp : 892814, rn : 42, gcp : 1407398 wu: 0.013172, ru: 0.013172, gcu : 0.068104
min_rc,wn,mult : 35 11 3
wp: 486813, wn : 11, rp : 469247, rn : 18, gcp : 1460439 wu: 0.016111, ru: 0.010741, gcu : 0.065630
min_rc,wn,mult : 35 24 1
wp: 2090883, wn : 24, rp : 14662, rn : 1, gcp : 2090883 wu: 0.008184, ru: 0.019096, gcu : 0.045841
min_rc,wn,mult : 35 24 1
wp: 1629574, wn : 24, rp : 1359883, rn : 34, gcp : 1629574 wu: 0.010501, ru: 0.007001, gcu : 0.058818
WRsum : 0.200001, utilsum(noblock): 0.634646, utilsum(nogc): 0.238712 totutil : 0.873358
saving 25,3547988,4,55732,3547988,0,10878
saving 13,3656773,21,257750,7313546,10879,21757
saving 7,974207,40,546539,4871035,21758,32636
saving 23,702433,38,4101778,702433,32637,43515
saving 26,1407398,42,892814,1407398,43516,54394
saving 11,486813,18,469247,1460439,54395,65273
saving 24,2090883,1,14662,2090883,65274,76152
saving 24,1629574,34,1359883,1629574,76153,87031
