[ SCHEMES ] 0, 0, 0, 0
[EXEC-main] 0, 1
[EXEC-task] 8, 0.150000
[EXEC-skew] -1, -2.000000, -2.000000, 32764
[EXEC-OP  ] 0, 0.320000, 35
[NOB MAXPE] : 1000, 2000
[LAT MODE ] : 0 (0=STATE, 1=FIXED_S, 2=FIXED_E)
expected_invalid : 34720, expected_fp : 5217, maxvalid : 87039
::UUNIFAST GEN::
[0]0.032609
[1]0.029197
[2]0.025619
[3]0.021827
[4]0.017749
[5]0.013247
[6]0.007999
[7]0.001754
[ALL]0.150000
min_rc,wn,mult : 35 21 1
wp: 2295871, wn : 21, rp : 10733, rn : 1, gcp : 2295871 wu: 0.006522, ru: 0.026087, gcu : 0.041748
min_rc,wn,mult : 35 20 1
wp: 2441997, wn : 20, rp : 311671, rn : 26, gcp : 2441997 wu: 0.005839, ru: 0.023358, gcu : 0.039250
min_rc,wn,mult : 35 23 1
wp: 800145, wn : 23, rp : 655768, rn : 12, gcp : 800145 wu: 0.020495, ru: 0.005124, gcu : 0.119790
min_rc,wn,mult : 35 14 2
wp: 1143297, wn : 14, rp : 598641, rn : 28, gcp : 2286594 wu: 0.008731, ru: 0.013096, gcu : 0.041918
min_rc,wn,mult : 35 10 3
wp: 1004289, wn : 10, rp : 631026, rn : 24, gcp : 3012867 wu: 0.007100, ru: 0.010649, gcu : 0.031813
min_rc,wn,mult : 35 14 2
wp: 1883882, wn : 14, rp : 1585315, rn : 45, gcp : 3767764 wu: 0.005299, ru: 0.007948, gcu : 0.025439
min_rc,wn,mult : 35 24 1
wp: 5348179, wn : 24, rp : 1166814, rn : 20, gcp : 5348179 wu: 0.003200, ru: 0.004799, gcu : 0.017922
min_rc,wn,mult : 35 13 2
wp: 6607010, wn : 13, rp : 23950324, rn : 30, gcp : 13214020 wu: 0.001403, ru: 0.000351, gcu : 0.007254
WRsum : 0.150001, utilsum(noblock): 0.475135, utilsum(nogc): 0.326097 totutil : 0.801232
saving 21,2295871,1,10733,2295871,0,10878
saving 20,2441997,26,311671,2441997,10879,21757
saving 23,800145,12,655768,800145,21758,32636
saving 14,1143297,28,598641,2286594,32637,43515
saving 10,1004289,24,631026,3012867,43516,54394
saving 14,1883882,45,1585315,3767764,54395,65273
saving 24,5348179,20,1166814,5348179,65274,76152
saving 13,6607010,30,23950324,13214020,76153,87031
