[ SCHEMES ] 0, 0, 0, 0
[EXEC-main] 0, 1
[EXEC-task] 8, 0.200000
[EXEC-skew] -1, -2.000000, -2.000000, 32766
[EXEC-OP  ] 0, 0.320000, 35
[NOB MAXPE] : 1000, 2000
[LAT MODE ] : 0 (0=STATE, 1=FIXED_S, 2=FIXED_E)
expected_invalid : 34720, expected_fp : 5217, maxvalid : 87039
::UUNIFAST GEN::
[0]0.042786
[1]0.038493
[2]0.033965
[3]0.029137
[4]0.023902
[5]0.018059
[6]0.011126
[7]0.002533
[ALL]0.200000
min_rc,wn,mult : 35 17 2
wp: 944301, wn : 17, rp : 18697, rn : 2, gcp : 1888602 wu: 0.012836, ru: 0.029951, gcu : 0.050751
min_rc,wn,mult : 35 11 3
wp: 407504, wn : 11, rp : 101837, rn : 7, gcp : 1222512 wu: 0.019246, ru: 0.019246, gcu : 0.078403
min_rc,wn,mult : 35 25 1
wp: 1749364, wn : 25, rp : 235538, rn : 20, gcp : 1749364 wu: 0.010189, ru: 0.023775, gcu : 0.054791
min_rc,wn,mult : 35 26 1
wp: 6362417, wn : 26, rp : 202874, rn : 19, gcp : 6362417 wu: 0.002914, ru: 0.026223, gcu : 0.015065
min_rc,wn,mult : 35 4 8
wp: 298303, wn : 4, rp : 527156, rn : 27, gcp : 2386424 wu: 0.009561, ru: 0.014341, gcu : 0.040164
min_rc,wn,mult : 35 2 17
wp: 394821, wn : 2, rp : 523290, rn : 27, gcp : 6711957 wu: 0.003612, ru: 0.014447, gcu : 0.014280
min_rc,wn,mult : 35 30 1
wp: 2403217, wn : 30, rp : 6165897, rn : 49, gcp : 2403217 wu: 0.008901, ru: 0.002225, gcu : 0.039884
min_rc,wn,mult : 35 14 2
wp: 6568077, wn : 14, rp : 13817836, rn : 50, gcp : 13136154 wu: 0.001520, ru: 0.001013, gcu : 0.007297
WRsum : 0.200001, utilsum(noblock): 0.500636, utilsum(nogc): 0.187196 totutil : 0.687832
saving 17,944301,2,18697,1888602,0,10878
saving 11,407504,7,101837,1222512,10879,21757
saving 25,1749364,20,235538,1749364,21758,32636
saving 26,6362417,19,202874,6362417,32637,43515
saving 4,298303,27,527156,2386424,43516,54394
saving 2,394821,27,523290,6711957,54395,65273
saving 30,2403217,49,6165897,2403217,65274,76152
saving 14,6568077,50,13817836,13136154,76153,87031
