[ SCHEMES ] 0, 0, 0, 0
[EXEC-main] 0, 1
[EXEC-task] 8, 0.150000
[EXEC-skew] -1, -2.000000, -2.000000, 32765
[EXEC-OP  ] 0, 0.320000, 35
[NOB MAXPE] : 1000, 2000
[LAT MODE ] : 0 (0=STATE, 1=FIXED_S, 2=FIXED_E)
expected_invalid : 34720, expected_fp : 5217, maxvalid : 87039
::UUNIFAST GEN::
[0]0.011692
[1]0.012494
[2]0.013512
[3]0.014868
[4]0.016808
[5]0.019936
[6]0.026302
[7]0.034386
[ALL]0.150000
min_rc,wn,mult : 35 5 7
wp: 338774, wn : 5, rp : 9099860, rn : 38, gcp : 2371418 wu: 0.010523, ru: 0.001169, gcu : 0.040418
min_rc,wn,mult : 35 1 35
wp: 114131, wn : 1, rp : 896404, rn : 20, gcp : 3994585 wu: 0.006247, ru: 0.006247, gcu : 0.023995
min_rc,wn,mult : 35 20 1
wp: 2110641, wn : 20, rp : 621647, rn : 15, gcp : 2110641 wu: 0.006756, ru: 0.006756, gcu : 0.045412
min_rc,wn,mult : 35 12 2
wp: 1438619, wn : 12, rp : 1318230, rn : 42, gcp : 2877238 wu: 0.005947, ru: 0.008921, gcu : 0.033313
min_rc,wn,mult : 35 11 3
wp: 933221, wn : 11, rp : 1299346, rn : 39, gcp : 2799663 wu: 0.008404, ru: 0.008404, gcu : 0.034236
min_rc,wn,mult : 35 28 1
wp: 3338077, wn : 28, rp : 722324, rn : 36, gcp : 3338077 wu: 0.005981, ru: 0.013955, gcu : 0.028714
min_rc,wn,mult : 35 16 2
wp: 542167, wn : 16, rp : 53228, rn : 1, gcp : 1084334 wu: 0.021041, ru: 0.005260, gcu : 0.088394
min_rc,wn,mult : 35 8 4
wp: 184311, wn : 8, rp : 407138, rn : 5, gcp : 737244 wu: 0.030948, ru: 0.003439, gcu : 0.130010
WRsum : 0.150000, utilsum(noblock): 0.574492, utilsum(nogc): 0.065755 totutil : 0.640247
saving 5,338774,38,9099860,2371418,0,10878
saving 1,114131,20,896404,3994585,10879,21757
saving 20,2110641,15,621647,2110641,21758,32636
saving 12,1438619,42,1318230,2877238,32637,43515
saving 11,933221,39,1299346,2799663,43516,54394
saving 28,3338077,36,722324,3338077,54395,65273
saving 16,542167,1,53228,1084334,65274,76152
saving 8,184311,5,407138,737244,76153,87031
