[ SCHEMES ] 0, 0, 0, 0
[EXEC-main] 0, 1
[EXEC-task] 8, 0.250000
[EXEC-skew] -1, -2.000000, -2.000000, 32766
[EXEC-OP  ] 0, 0.320000, 35
[NOB MAXPE] : 1000, 2000
[LAT MODE ] : 0 (0=STATE, 1=FIXED_S, 2=FIXED_E)
expected_invalid : 34720, expected_fp : 5217, maxvalid : 87039
::UUNIFAST GEN::
[0]0.031163
[1]0.031482
[2]0.031859
[3]0.032317
[4]0.032892
[5]0.033629
[6]0.034346
[7]0.022311
[ALL]0.250000
min_rc,wn,mult : 35 13 2
wp: 495727, wn : 13, rp : 157237, rn : 7, gcp : 991454 wu: 0.018698, ru: 0.012465, gcu : 0.096675
min_rc,wn,mult : 35 29 1
wp: 1094642, wn : 29, rp : 1111742, rn : 50, gcp : 1094642 wu: 0.018889, ru: 0.012593, gcu : 0.087562
min_rc,wn,mult : 35 8 4
wp: 1790373, wn : 8, rp : 244129, rn : 25, gcp : 7161492 wu: 0.003186, ru: 0.028673, gcu : 0.013384
min_rc,wn,mult : 35 7 5
wp: 193047, wn : 7, rp : 1949424, rn : 45, gcp : 965235 wu: 0.025854, ru: 0.006463, gcu : 0.099301
min_rc,wn,mult : 35 19 1
wp: 1029662, wn : 19, rp : 312134, rn : 22, gcp : 1029662 wu: 0.013157, ru: 0.019735, gcu : 0.093088
min_rc,wn,mult : 35 19 1
wp: 4028338, wn : 19, rp : 342294, rn : 37, gcp : 4028338 wu: 0.003363, ru: 0.030266, gcu : 0.023794
min_rc,wn,mult : 35 25 1
wp: 1729935, wn : 25, rp : 314445, rn : 27, gcp : 1729935 wu: 0.010304, ru: 0.024042, gcu : 0.055406
min_rc,wn,mult : 35 8 4
wp: 852191, wn : 8, rp : 770916, rn : 43, gcp : 3408764 wu: 0.006693, ru: 0.015618, gcu : 0.028118
WRsum : 0.250000, utilsum(noblock): 0.747329, utilsum(nogc): 0.022259 totutil : 0.769588
saving 13,495727,7,157237,991454,0,10878
saving 29,1094642,50,1111742,1094642,10879,21757
saving 8,1790373,25,244129,7161492,21758,32636
saving 7,193047,45,1949424,965235,32637,43515
saving 19,1029662,22,312134,1029662,43516,54394
saving 19,4028338,37,342294,4028338,54395,65273
saving 25,1729935,27,314445,1729935,65274,76152
saving 8,852191,43,770916,3408764,76153,87031
