[ SCHEMES ] 0, 0, 0, 0
[EXEC-main] 0, 1
[EXEC-task] 8, 0.200000
[EXEC-skew] -1, -2.000000, -2.000000, 32764
[EXEC-OP  ] 0, 0.320000, 35
[NOB MAXPE] : 1000, 2000
[LAT MODE ] : 0 (0=STATE, 1=FIXED_S, 2=FIXED_E)
expected_invalid : 34720, expected_fp : 5217, maxvalid : 87039
::UUNIFAST GEN::
[0]0.034380
[1]0.032714
[2]0.030845
[3]0.028693
[4]0.026122
[5]0.022831
[6]0.017895
[7]0.006520
[ALL]0.200000
min_rc,wn,mult : 35 30 1
wp: 777712, wn : 30, rp : 1954644, rn : 48, gcp : 777712 wu: 0.027504, ru: 0.006876, gcu : 0.123245
min_rc,wn,mult : 35 3 11
wp: 130768, wn : 3, rp : 239650, rn : 14, gcp : 1438448 wu: 0.016357, ru: 0.016357, gcu : 0.066634
min_rc,wn,mult : 35 17 2
wp: 785941, wn : 17, rp : 108933, rn : 6, gcp : 1571882 wu: 0.015422, ru: 0.015422, gcu : 0.060977
min_rc,wn,mult : 35 16 2
wp: 1987927, wn : 16, rp : 585504, rn : 48, gcp : 3975854 wu: 0.005739, ru: 0.022955, gcu : 0.024108
min_rc,wn,mult : 35 24 1
wp: 935839, wn : 24, rp : 535952, rn : 15, gcp : 935839 wu: 0.018285, ru: 0.007837, gcu : 0.102420
min_rc,wn,mult : 35 15 2
wp: 936875, wn : 15, rp : 883002, rn : 36, gcp : 1873750 wu: 0.011416, ru: 0.011416, gcu : 0.051154
min_rc,wn,mult : 35 7 5
wp: 1394497, wn : 7, rp : 117349, rn : 6, gcp : 6972485 wu: 0.003579, ru: 0.014316, gcu : 0.013747
min_rc,wn,mult : 35 20 1
wp: 2430123, wn : 20, rp : 11165617, rn : 26, gcp : 2430123 wu: 0.005868, ru: 0.000652, gcu : 0.039442
WRsum : 0.200000, utilsum(noblock): 0.681726, utilsum(nogc): 0.032130 totutil : 0.713856
saving 30,777712,48,1954644,777712,0,10878
saving 3,130768,14,239650,1438448,10879,21757
saving 17,785941,6,108933,1571882,21758,32636
saving 16,1987927,48,585504,3975854,32637,43515
saving 24,935839,15,535952,935839,43516,54394
saving 15,936875,36,883002,1873750,54395,65273
saving 7,1394497,6,117349,6972485,65274,76152
saving 20,2430123,26,11165617,2430123,76153,87031
