[ SCHEMES ] 0, 0, 0, 0
[EXEC-main] 0, 1
[EXEC-task] 8, 0.100000
[EXEC-skew] -1, -2.000000, -2.000000, 32765
[EXEC-OP  ] 0, 0.320000, 35
[NOB MAXPE] : 1000, 2000
[LAT MODE ] : 0 (0=STATE, 1=FIXED_S, 2=FIXED_E)
expected_invalid : 34720, expected_fp : 5217, maxvalid : 87039
::UUNIFAST GEN::
[0]0.002243
[1]0.002554
[2]0.002977
[3]0.003590
[4]0.004570
[5]0.006418
[6]0.011403
[7]0.066245
[ALL]0.100000
min_rc,wn,mult : 35 21 1
wp: 9534728, wn : 21, rp : 4992471, rn : 12, gcp : 9534728 wu: 0.001570, ru: 0.000673, gcu : 0.010053
min_rc,wn,mult : 35 7 5
wp: 3908768, wn : 7, rp : 657857, rn : 3, gcp : 19543840 wu: 0.001277, ru: 0.001277, gcu : 0.004904
min_rc,wn,mult : 35 5 7
wp: 11976801, wn : 5, rp : 2403945, rn : 23, gcp : 83837607 wu: 0.000298, ru: 0.002679, gcu : 0.001143
min_rc,wn,mult : 35 27 1
wp: 13405224, wn : 27, rp : 4939365, rn : 38, gcp : 13405224 wu: 0.001436, ru: 0.002154, gcu : 0.007150
min_rc,wn,mult : 35 15 2
wp: 3900026, wn : 15, rp : 1531567, rn : 10, gcp : 7800052 wu: 0.002742, ru: 0.001828, gcu : 0.012288
min_rc,wn,mult : 35 12 2
wp: 4443991, wn : 12, rp : 1433545, rn : 23, gcp : 8887982 wu: 0.001925, ru: 0.004492, gcu : 0.010784
min_rc,wn,mult : 35 7 5
wp: 4376949, wn : 7, rp : 327401, rn : 12, gcp : 21884745 wu: 0.001140, ru: 0.010263, gcu : 0.004380
min_rc,wn,mult : 35 30 1
wp: 461274, wn : 30, rp : 366316, rn : 26, gcp : 461274 wu: 0.046372, ru: 0.019874, gcu : 0.207792
WRsum : 0.100000, utilsum(noblock): 0.358494, utilsum(nogc): 0.010690 totutil : 0.369185
saving 21,9534728,12,4992471,9534728,0,10878
saving 7,3908768,3,657857,19543840,10879,21757
saving 5,11976801,23,2403945,83837607,21758,32636
saving 27,13405224,38,4939365,13405224,32637,43515
saving 15,3900026,10,1531567,7800052,43516,54394
saving 12,4443991,23,1433545,8887982,54395,65273
saving 7,4376949,12,327401,21884745,65274,76152
saving 30,461274,26,366316,461274,76153,87031
