[ SCHEMES ] 0, 0, 0, 0
[EXEC-main] 0, 1
[EXEC-task] 8, 0.150000
[EXEC-skew] -1, -2.000000, -2.000000, 32767
[EXEC-OP  ] 0, 0.320000, 35
[NOB MAXPE] : 1000, 2000
[LAT MODE ] : 0 (0=STATE, 1=FIXED_S, 2=FIXED_E)
expected_invalid : 34720, expected_fp : 5217, maxvalid : 87039
::UUNIFAST GEN::
[0]0.014476
[1]0.015133
[2]0.015946
[3]0.016996
[4]0.018439
[5]0.020632
[6]0.024603
[7]0.023774
[ALL]0.150000
min_rc,wn,mult : 35 9 3
wp: 1108187, wn : 9, rp : 1579588, rn : 49, gcp : 3324561 wu: 0.005791, ru: 0.008686, gcu : 0.028831
min_rc,wn,mult : 35 19 1
wp: 2983995, wn : 19, rp : 740106, rn : 28, gcp : 2983995 wu: 0.004540, ru: 0.010593, gcu : 0.032121
min_rc,wn,mult : 35 29 1
wp: 2593374, wn : 29, rp : 1650568, rn : 47, gcp : 2593374 wu: 0.007973, ru: 0.007973, gcu : 0.036959
min_rc,wn,mult : 35 30 1
wp: 2517057, wn : 30, rp : 1285005, rn : 39, gcp : 2517057 wu: 0.008498, ru: 0.008498, gcu : 0.038080
min_rc,wn,mult : 35 6 5
wp: 464012, wn : 6, rp : 455552, rn : 15, gcp : 2320060 wu: 0.009220, ru: 0.009220, gcu : 0.041313
min_rc,wn,mult : 35 15 2
wp: 2591833, wn : 15, rp : 729445, rn : 43, gcp : 5183666 wu: 0.004126, ru: 0.016506, gcu : 0.018491
min_rc,wn,mult : 35 4 8
wp: 1159208, wn : 4, rp : 518455, rn : 41, gcp : 9273664 wu: 0.002460, ru: 0.022143, gcu : 0.010336
min_rc,wn,mult : 35 12 2
wp: 599805, wn : 12, rp : 677199, rn : 23, gcp : 1199610 wu: 0.014265, ru: 0.009510, gcu : 0.079900
WRsum : 0.150000, utilsum(noblock): 0.436030, utilsum(nogc): 0.007683 totutil : 0.443713
saving 9,1108187,49,1579588,3324561,0,10878
saving 19,2983995,28,740106,2983995,10879,21757
saving 29,2593374,47,1650568,2593374,21758,32636
saving 30,2517057,39,1285005,2517057,32637,43515
saving 6,464012,15,455552,2320060,43516,54394
saving 15,2591833,43,729445,5183666,54395,65273
saving 4,1159208,41,518455,9273664,65274,76152
saving 12,599805,23,677199,1199610,76153,87031
