[ SCHEMES ] 0, 0, 0, 0
[EXEC-main] 0, 1
[EXEC-task] 8, 0.250000
[EXEC-skew] -1, -2.000000, -2.000000, 32767
[EXEC-OP  ] 0, 0.320000, 35
[NOB MAXPE] : 1000, 2000
[LAT MODE ] : 0 (0=STATE, 1=FIXED_S, 2=FIXED_E)
expected_invalid : 34720, expected_fp : 5217, maxvalid : 87039
::UUNIFAST GEN::
[0]0.004739
[1]0.005415
[2]0.006341
[3]0.007691
[4]0.009862
[5]0.013991
[6]0.025322
[7]0.176638
[ALL]0.250000
min_rc,wn,mult : 35 12 2
wp: 3610850, wn : 12, rp : 5553856, rn : 47, gcp : 7221700 wu: 0.002370, ru: 0.002370, gcu : 0.013272
min_rc,wn,mult : 35 14 2
wp: 2304047, wn : 14, rp : 10857783, rn : 42, gcp : 4608094 wu: 0.004332, ru: 0.001083, gcu : 0.020800
min_rc,wn,mult : 35 10 3
wp: 1405544, wn : 10, rp : 1545507, rn : 7, gcp : 4216632 wu: 0.005073, ru: 0.001268, gcu : 0.022731
min_rc,wn,mult : 35 19 1
wp: 2201769, wn : 19, rp : 6917198, rn : 38, gcp : 2201769 wu: 0.006153, ru: 0.001538, gcu : 0.043533
min_rc,wn,mult : 35 27 1
wp: 2788617, wn : 27, rp : 3596284, rn : 38, gcp : 2788617 wu: 0.006903, ru: 0.002959, gcu : 0.034372
min_rc,wn,mult : 35 28 1
wp: 1783598, wn : 28, rp : 4302649, rn : 43, gcp : 1783598 wu: 0.011193, ru: 0.002798, gcu : 0.053739
min_rc,wn,mult : 35 28 1
wp: 1971012, wn : 28, rp : 497590, rn : 27, gcp : 1971012 wu: 0.010129, ru: 0.015193, gcu : 0.048629
min_rc,wn,mult : 35 8 4
wp: 35880, wn : 8, rp : 396290, rn : 25, gcp : 143520 wu: 0.158974, ru: 0.017664, gcu : 0.667844
WRsum : 0.250000, utilsum(noblock): 1.154921, utilsum(nogc): 0.097547 totutil : 1.252468
::UUNIFAST GEN::
[0]0.028768
[1]0.029406
[2]0.030175
[3]0.031134
[4]0.032391
[5]0.034158
[6]0.036783
[7]0.027184
[ALL]0.250000
min_rc,wn,mult : 35 23 1
wp: 2850185, wn : 23, rp : 12166, rn : 1, gcp : 2850185 wu: 0.005754, ru: 0.023015, gcu : 0.033629
min_rc,wn,mult : 35 2 17
wp: 242464, wn : 2, rp : 452282, rn : 38, gcp : 4121888 wu: 0.005881, ru: 0.023525, gcu : 0.023254
min_rc,wn,mult : 35 6 5
wp: 354430, wn : 6, rp : 525819, rn : 34, gcp : 1772150 wu: 0.012070, ru: 0.018105, gcu : 0.054086
min_rc,wn,mult : 35 11 3
wp: 2519103, wn : 11, rp : 269800, rn : 27, gcp : 7557309 wu: 0.003113, ru: 0.028021, gcu : 0.012683
min_rc,wn,mult : 35 12 2
wp: 330186, wn : 12, rp : 1469555, rn : 34, gcp : 660372 wu: 0.025913, ru: 0.006478, gcu : 0.145144
min_rc,wn,mult : 35 30 1
wp: 894576, wn : 30, rp : 628448, rn : 23, gcp : 894576 wu: 0.023911, ru: 0.010247, gcu : 0.107145
min_rc,wn,mult : 35 18 1
wp: 1744534, wn : 18, rp : 95151, rn : 10, gcp : 1744534 wu: 0.007357, ru: 0.029427, gcu : 0.054942
min_rc,wn,mult : 35 16 2
wp: 466292, wn : 16, rp : 206005, rn : 2, gcp : 932584 wu: 0.024465, ru: 0.002718, gcu : 0.102778
WRsum : 0.250001, utilsum(noblock): 0.783662, utilsum(nogc): 0.287687 totutil : 1.071349
::UUNIFAST GEN::
[0]0.102702
[1]0.067835
[2]0.041573
[3]0.022877
[4]0.010644
[5]0.003683
[6]0.000669
[7]0.000017
[ALL]0.250000
min_rc,wn,mult : 35 10 3
wp: 99176, wn : 10, rp : 209018, rn : 23, gcp : 297528 wu: 0.071892, ru: 0.030811, gcu : 0.322151
min_rc,wn,mult : 35 15 2
wp: 262768, wn : 15, rp : 299253, rn : 29, gcp : 525536 wu: 0.040701, ru: 0.027134, gcu : 0.182383
min_rc,wn,mult : 35 29 1
wp: 710527, wn : 29, rp : 695969, rn : 31, gcp : 710527 wu: 0.029101, ru: 0.012472, gcu : 0.134898
min_rc,wn,mult : 35 22 1
wp: 857101, wn : 22, rp : 1162764, rn : 19, gcp : 857101 wu: 0.018301, ru: 0.004575, gcu : 0.111829
min_rc,wn,mult : 35 19 1
wp: 12727590, wn : 19, rp : 116917, rn : 4, gcp : 12727590 wu: 0.001064, ru: 0.009579, gcu : 0.007531
min_rc,wn,mult : 35 21 1
wp: 40652256, wn : 21, rp : 2618502, rn : 31, gcp : 40652256 wu: 0.000368, ru: 0.003315, gcu : 0.002358
min_rc,wn,mult : 35 3 11
wp: 3996402, wn : 3, rp : 33480844, rn : 16, gcp : 43960422 wu: 0.000535, ru: 0.000134, gcu : 0.002180
min_rc,wn,mult : 35 24 1
wp: -2147483648, wn : 24, rp : 899008064, rn : 38, gcp : -2147483648 wu: 0.000005, ru: 0.000012, gcu : -0.000045
WRsum : 0.249988, utilsum(noblock): 1.013274, utilsum(nogc): -0.000002 totutil : 1.013273
::UUNIFAST GEN::
[0]0.007075
[1]0.008002
[2]0.009255
[3]0.011058
[4]0.013906
[5]0.019187
[6]0.033047
[7]0.148469
[ALL]0.250000
min_rc,wn,mult : 35 30 1
wp: 5038592, wn : 30, rp : 2968034, rn : 30, gcp : 5038592 wu: 0.004245, ru: 0.002830, gcu : 0.019023
min_rc,wn,mult : 35 13 2
wp: 1654778, wn : 13, rp : 1516300, rn : 13, gcp : 3309556 wu: 0.005601, ru: 0.002401, gcu : 0.028961
min_rc,wn,mult : 35 23 1
wp: 8859383, wn : 23, rp : 1399219, rn : 37, gcp : 8859383 wu: 0.001851, ru: 0.007404, gcu : 0.010819
min_rc,wn,mult : 35 29 1
wp: 2671265, wn : 29, rp : 1350467, rn : 16, gcp : 2671265 wu: 0.007741, ru: 0.003317, gcu : 0.035882
min_rc,wn,mult : 35 27 1
wp: 3461011, wn : 27, rp : 1610859, rn : 48, gcp : 3461011 wu: 0.005562, ru: 0.008343, gcu : 0.027694
min_rc,wn,mult : 35 10 3
wp: 1238658, wn : 10, rp : 375245, rn : 18, gcp : 3715974 wu: 0.005756, ru: 0.013431, gcu : 0.025794
min_rc,wn,mult : 35 29 1
wp: 2085601, wn : 29, rp : 266285, rn : 22, gcp : 2085601 wu: 0.009914, ru: 0.023133, gcu : 0.045957
min_rc,wn,mult : 35 19 1
wp: 912444, wn : 19, rp : 8381, rn : 4, gcp : 912444 wu: 0.014847, ru: 0.133622, gcu : 0.105046
WRsum : 0.250013, utilsum(noblock): 0.549190, utilsum(nogc): 0.417611 totutil : 0.966801
saving 30,5038592,30,2968034,5038592,0,10878
saving 13,1654778,13,1516300,3309556,10879,21757
saving 23,8859383,37,1399219,8859383,21758,32636
saving 29,2671265,16,1350467,2671265,32637,43515
saving 27,3461011,48,1610859,3461011,43516,54394
saving 10,1238658,18,375245,3715974,54395,65273
saving 29,2085601,22,266285,2085601,65274,76152
saving 19,912444,4,8381,912444,76153,87031
