[ SCHEMES ] 0, 0, 0, 0
[EXEC-main] 0, 1
[EXEC-task] 8, 0.150000
[EXEC-skew] -1, -2.000000, -2.000000, 32764
[EXEC-OP  ] 0, 0.320000, 35
[NOB MAXPE] : 1000, 2000
[LAT MODE ] : 0 (0=STATE, 1=FIXED_S, 2=FIXED_E)
expected_invalid : 34720, expected_fp : 5217, maxvalid : 87039
::UUNIFAST GEN::
[0]0.010990
[1]0.011808
[2]0.012853
[3]0.014256
[4]0.016282
[5]0.019595
[6]0.026517
[7]0.037698
[ALL]0.150000
min_rc,wn,mult : 35 25 1
wp: 2703220, wn : 25, rp : 1656054, rn : 26, gcp : 2703220 wu: 0.006594, ru: 0.004396, gcu : 0.035457
min_rc,wn,mult : 35 25 1
wp: 7547741, wn : 25, rp : 948496, rn : 32, gcp : 7547741 wu: 0.002362, ru: 0.009447, gcu : 0.012699
min_rc,wn,mult : 35 27 1
wp: 2139620, wn : 27, rp : 1960568, rn : 27, gcp : 2139620 wu: 0.008997, ru: 0.003856, gcu : 0.044797
min_rc,wn,mult : 35 16 2
wp: 2000560, wn : 16, rp : 163673, rn : 5, gcp : 4001120 wu: 0.005702, ru: 0.008554, gcu : 0.023956
min_rc,wn,mult : 35 17 2
wp: 3722112, wn : 17, rp : 150469, rn : 7, gcp : 7444224 wu: 0.003256, ru: 0.013026, gcu : 0.012876
min_rc,wn,mult : 35 21 1
wp: 1528262, wn : 21, rp : 1286055, rn : 45, gcp : 1528262 wu: 0.009797, ru: 0.009797, gcu : 0.062718
min_rc,wn,mult : 35 8 4
wp: 430216, wn : 8, rp : 929218, rn : 44, gcp : 1720864 wu: 0.013258, ru: 0.013258, gcu : 0.055698
min_rc,wn,mult : 35 1 35
wp: 37826, wn : 1, rp : 564481, rn : 38, gcp : 1323910 wu: 0.018849, ru: 0.018849, gcu : 0.072398
WRsum : 0.150000, utilsum(noblock): 0.470599, utilsum(nogc): 0.092529 totutil : 0.563128
saving 25,2703220,26,1656054,2703220,0,10878
saving 25,7547741,32,948496,7547741,10879,21757
saving 27,2139620,27,1960568,2139620,21758,32636
saving 16,2000560,5,163673,4001120,32637,43515
saving 17,3722112,7,150469,7444224,43516,54394
saving 21,1528262,45,1286055,1528262,54395,65273
saving 8,430216,44,929218,1720864,65274,76152
saving 1,37826,38,564481,1323910,76153,87031
