[ SCHEMES ] 0, 0, 0, 0
[EXEC-main] 0, 1
[EXEC-task] 8, 0.100000
[EXEC-skew] -1, -2.000000, -2.000000, 32766
[EXEC-OP  ] 0, 0.320000, 35
[NOB MAXPE] : 1000, 2000
[LAT MODE ] : 0 (0=STATE, 1=FIXED_S, 2=FIXED_E)
expected_invalid : 34720, expected_fp : 5217, maxvalid : 87039
::UUNIFAST GEN::
[0]0.001939
[1]0.002215
[2]0.002591
[3]0.003141
[4]0.004024
[5]0.005702
[6]0.010296
[7]0.070093
[ALL]0.100000
min_rc,wn,mult : 35 28 1
wp: 17161580, wn : 28, rp : 14441721, rn : 40, gcp : 17161580 wu: 0.001163, ru: 0.000776, gcu : 0.005585
min_rc,wn,mult : 35 24 1
wp: 25757438, wn : 24, rp : 5780070, rn : 32, gcp : 25757438 wu: 0.000664, ru: 0.001550, gcu : 0.003721
min_rc,wn,mult : 35 26 1
wp: 7948225, wn : 26, rp : 6482746, rn : 6, gcp : 7948225 wu: 0.002332, ru: 0.000259, gcu : 0.012059
min_rc,wn,mult : 35 12 2
wp: 3891320, wn : 12, rp : 9805617, rn : 33, gcp : 7782640 wu: 0.002199, ru: 0.000942, gcu : 0.012316
min_rc,wn,mult : 35 1 35
wp: 1771816, wn : 1, rp : 1932789, rn : 25, gcp : 62013560 wu: 0.000402, ru: 0.003622, gcu : 0.001546
min_rc,wn,mult : 35 6 5
wp: 2500980, wn : 6, rp : 210461, rn : 3, gcp : 12504900 wu: 0.001711, ru: 0.003991, gcu : 0.007665
min_rc,wn,mult : 35 27 1
wp: 2671170, wn : 27, rp : 1813063, rn : 20, gcp : 2671170 wu: 0.007207, ru: 0.003089, gcu : 0.035883
min_rc,wn,mult : 35 23 1
wp: 389936, wn : 23, rp : 199735, rn : 20, gcp : 389936 wu: 0.042056, ru: 0.028037, gcu : 0.245807
WRsum : 0.100000, utilsum(noblock): 0.424582, utilsum(nogc): 0.017523 totutil : 0.442105
saving 28,17161580,40,14441721,17161580,0,10878
saving 24,25757438,32,5780070,25757438,10879,21757
saving 26,7948225,6,6482746,7948225,21758,32636
saving 12,3891320,33,9805617,7782640,32637,43515
saving 1,1771816,25,1932789,62013560,43516,54394
saving 6,2500980,3,210461,12504900,54395,65273
saving 27,2671170,20,1813063,2671170,65274,76152
saving 23,389936,20,199735,389936,76153,87031
