[ SCHEMES ] 0, 0, 0, 0
[EXEC-main] 0, 1
[EXEC-task] 8, 0.100000
[EXEC-skew] -1, -2.000000, -2.000000, 32764
[EXEC-OP  ] 0, 0.320000, 35
[NOB MAXPE] : 1000, 2000
[LAT MODE ] : 0 (0=STATE, 1=FIXED_S, 2=FIXED_E)
expected_invalid : 34720, expected_fp : 5217, maxvalid : 87039
::UUNIFAST GEN::
[0]0.000901
[1]0.001041
[2]0.001235
[3]0.001521
[4]0.001992
[5]0.002910
[6]0.005550
[7]0.084851
[ALL]0.100000
min_rc,wn,mult : 35 29 1
wp: 32784706, wn : 29, rp : 47651484, rn : 46, gcp : 32784706 wu: 0.000631, ru: 0.000270, gcu : 0.002924
min_rc,wn,mult : 35 3 11
wp: 3424934, wn : 3, rp : 1344995, rn : 2, gcp : 37674274 wu: 0.000625, ru: 0.000416, gcu : 0.002544
min_rc,wn,mult : 35 6 5
wp: 8662350, wn : 6, rp : 14363006, rn : 38, gcp : 43311750 wu: 0.000494, ru: 0.000741, gcu : 0.002213
min_rc,wn,mult : 35 27 1
wp: 14058692, wn : 27, rp : 22083780, rn : 12, gcp : 14058692 wu: 0.001369, ru: 0.000152, gcu : 0.006818
min_rc,wn,mult : 35 27 1
wp: 10740580, wn : 27, rp : 52020760, rn : 37, gcp : 10740580 wu: 0.001792, ru: 0.000199, gcu : 0.008924
min_rc,wn,mult : 35 3 11
wp: 3675876, wn : 3, rp : 2165312, rn : 18, gcp : 40434636 wu: 0.000582, ru: 0.002328, gcu : 0.002370
min_rc,wn,mult : 35 24 1
wp: 5139029, wn : 24, rp : 1891998, rn : 15, gcp : 5139029 wu: 0.003330, ru: 0.002220, gcu : 0.018651
min_rc,wn,mult : 35 25 1
wp: 2100734, wn : 25, rp : 18332, rn : 5, gcp : 2100734 wu: 0.008485, ru: 0.076366, gcu : 0.045626
WRsum : 0.100003, utilsum(noblock): 0.190074, utilsum(nogc): 0.190923 totutil : 0.380997
saving 29,32784706,46,47651484,32784706,0,10878
saving 3,3424934,2,1344995,37674274,10879,21757
saving 6,8662350,38,14363006,43311750,21758,32636
saving 27,14058692,12,22083780,14058692,32637,43515
saving 27,10740580,37,52020760,10740580,43516,54394
saving 3,3675876,18,2165312,40434636,54395,65273
saving 24,5139029,15,1891998,5139029,65274,76152
saving 25,2100734,5,18332,2100734,76153,87031
