[ SCHEMES ] 0, 0, 0, 0
[EXEC-main] 0, 1
[EXEC-task] 8, 0.200000
[EXEC-skew] -1, -2.000000, -2.000000, 32765
[EXEC-OP  ] 0, 0.320000, 35
[NOB MAXPE] : 1000, 2000
[LAT MODE ] : 0 (0=STATE, 1=FIXED_S, 2=FIXED_E)
expected_invalid : 34720, expected_fp : 5217, maxvalid : 87039
::UUNIFAST GEN::
[0]0.009461
[1]0.010474
[2]0.011812
[3]0.013681
[4]0.016527
[5]0.021537
[6]0.033518
[7]0.082990
[ALL]0.200000
min_rc,wn,mult : 35 1 35
wp: 753583, wn : 1, rp : 1315278, rn : 40, gcp : 26375405 wu: 0.000946, ru: 0.008515, gcu : 0.003634
min_rc,wn,mult : 35 8 4
wp: 907630, wn : 8, rp : 2673246, rn : 40, gcp : 3630520 wu: 0.006284, ru: 0.004190, gcu : 0.026401
min_rc,wn,mult : 35 30 1
wp: 4527262, wn : 30, rp : 632137, rn : 16, gcp : 4527262 wu: 0.004725, ru: 0.007087, gcu : 0.021172
min_rc,wn,mult : 35 8 4
wp: 1042309, wn : 8, rp : 852754, rn : 25, gcp : 4169236 wu: 0.005472, ru: 0.008209, gcu : 0.022990
min_rc,wn,mult : 35 21 1
wp: 1132471, wn : 21, rp : 1609497, rn : 19, gcp : 1132471 wu: 0.013222, ru: 0.003305, gcu : 0.084637
min_rc,wn,mult : 35 3 11
wp: 993176, wn : 3, rp : 187790, rn : 13, gcp : 10924936 wu: 0.002154, ru: 0.019383, gcu : 0.008773
min_rc,wn,mult : 35 10 3
wp: 1063610, wn : 10, rp : 104421, rn : 10, gcp : 3190830 wu: 0.006704, ru: 0.026814, gcu : 0.030039
min_rc,wn,mult : 35 7 5
wp: 200466, wn : 7, rp : 125316, rn : 26, gcp : 1002330 wu: 0.024897, ru: 0.058093, gcu : 0.095626
WRsum : 0.200001, utilsum(noblock): 0.493272, utilsum(nogc): 0.033518 totutil : 0.526790
saving 1,753583,40,1315278,26375405,0,10878
saving 8,907630,40,2673246,3630520,10879,21757
saving 30,4527262,16,632137,4527262,21758,32636
saving 8,1042309,25,852754,4169236,32637,43515
saving 21,1132471,19,1609497,1132471,43516,54394
saving 3,993176,13,187790,10924936,54395,65273
saving 10,1063610,10,104421,3190830,65274,76152
saving 7,200466,26,125316,1002330,76153,87031
