[ SCHEMES ] 0, 0, 0, 0
[EXEC-main] 0, 1
[EXEC-task] 8, 0.150000
[EXEC-skew] -1, -2.000000, -2.000000, 32766
[EXEC-OP  ] 0, 0.320000, 35
[NOB MAXPE] : 1000, 2000
[LAT MODE ] : 0 (0=STATE, 1=FIXED_S, 2=FIXED_E)
expected_invalid : 34720, expected_fp : 5217, maxvalid : 87039
::UUNIFAST GEN::
[0]0.031439
[1]0.028452
[2]0.025282
[3]0.021874
[4]0.018142
[5]0.013919
[6]0.008793
[7]0.002099
[ALL]0.150000
min_rc,wn,mult : 35 10 3
wp: 755952, wn : 10, rp : 572530, rn : 45, gcp : 2267856 wu: 0.009432, ru: 0.022008, gcu : 0.042264
min_rc,wn,mult : 35 25 1
wp: 783107, wn : 25, rp : 1230126, rn : 25, gcp : 783107 wu: 0.022762, ru: 0.005690, gcu : 0.122396
min_rc,wn,mult : 35 15 2
wp: 1057586, wn : 15, rp : 184587, rn : 10, gcp : 2115172 wu: 0.010113, ru: 0.015169, gcu : 0.045315
min_rc,wn,mult : 35 12 2
wp: 434609, wn : 12, rp : 1152051, rn : 9, gcp : 869218 wu: 0.019687, ru: 0.002187, gcu : 0.110270
min_rc,wn,mult : 35 25 1
wp: 9825274, wn : 25, rp : 154338, rn : 9, gcp : 9825274 wu: 0.001814, ru: 0.016328, gcu : 0.009755
min_rc,wn,mult : 35 15 2
wp: 1097711, wn : 15, rp : 603510, rn : 9, gcp : 2195422 wu: 0.009743, ru: 0.004176, gcu : 0.043659
min_rc,wn,mult : 35 28 1
wp: 11352392, wn : 28, rp : 716490, rn : 18, gcp : 11352392 wu: 0.001759, ru: 0.007034, gcu : 0.008443
min_rc,wn,mult : 35 3 11
wp: 1698261, wn : 3, rp : 3668054, rn : 11, gcp : 18680871 wu: 0.001260, ru: 0.000840, gcu : 0.005131
WRsum : 0.150000, utilsum(noblock): 0.537233, utilsum(nogc): 0.022677 totutil : 0.559911
saving 10,755952,45,572530,2267856,0,10878
saving 25,783107,25,1230126,783107,10879,21757
saving 15,1057586,10,184587,2115172,21758,32636
saving 12,434609,9,1152051,869218,32637,43515
saving 25,9825274,9,154338,9825274,43516,54394
saving 15,1097711,9,603510,2195422,54395,65273
saving 28,11352392,18,716490,11352392,65274,76152
saving 3,1698261,11,3668054,18680871,76153,87031
