[ SCHEMES ] 0, 0, 0, 0
[EXEC-main] 0, 1
[EXEC-task] 8, 0.250000
[EXEC-skew] -1, -2.000000, -2.000000, 32767
[EXEC-OP  ] 0, 0.320000, 35
[NOB MAXPE] : 1000, 2000
[LAT MODE ] : 0 (0=STATE, 1=FIXED_S, 2=FIXED_E)
expected_invalid : 34720, expected_fp : 5217, maxvalid : 87039
::UUNIFAST GEN::
[0]0.041896
[1]0.040090
[2]0.038050
[3]0.035684
[4]0.032826
[5]0.029114
[6]0.023384
[7]0.008956
[ALL]0.250000
min_rc,wn,mult : 35 19 1
wp: 1077838, wn : 19, rp : 410544, rn : 43, gcp : 1077838 wu: 0.012569, ru: 0.029327, gcu : 0.088927
min_rc,wn,mult : 35 27 1
wp: 4801926, wn : 27, rp : 15520, rn : 2, gcp : 4801926 wu: 0.004009, ru: 0.036081, gcu : 0.019961
min_rc,wn,mult : 35 6 5
wp: 124923, wn : 6, rp : 294349, rn : 4, gcp : 624615 wu: 0.034245, ru: 0.003805, gcu : 0.153453
min_rc,wn,mult : 35 25 1
wp: 624406, wn : 25, rp : 1530101, rn : 39, gcp : 624406 wu: 0.028547, ru: 0.007137, gcu : 0.153504
min_rc,wn,mult : 35 9 3
wp: 651612, wn : 9, rp : 353375, rn : 29, gcp : 1954836 wu: 0.009848, ru: 0.022978, gcu : 0.049032
min_rc,wn,mult : 35 28 1
wp: 979607, wn : 28, rp : 1570852, rn : 49, gcp : 979607 wu: 0.020380, ru: 0.008734, gcu : 0.097844
min_rc,wn,mult : 35 1 35
wp: 50818, wn : 1, rp : 1317141, rn : 44, gcp : 1778630 wu: 0.014030, ru: 0.009354, gcu : 0.053889
min_rc,wn,mult : 35 8 4
wp: 909802, wn : 8, rp : 3022042, rn : 29, gcp : 3639208 wu: 0.006269, ru: 0.002687, gcu : 0.026338
WRsum : 0.250002, utilsum(noblock): 0.892950, utilsum(nogc): 0.225515 totutil : 1.118465
::UUNIFAST GEN::
[0]0.032942
[1]0.032988
[2]0.033037
[3]0.033087
[4]0.033126
[5]0.033093
[6]0.032489
[7]0.019239
[ALL]0.250000
min_rc,wn,mult : 35 22 1
wp: 793615, wn : 22, rp : 807478, rn : 38, gcp : 793615 wu: 0.019765, ru: 0.013177, gcu : 0.120775
min_rc,wn,mult : 35 29 1
wp: 2089374, wn : 29, rp : 291018, rn : 24, gcp : 2089374 wu: 0.009896, ru: 0.023091, gcu : 0.045875
min_rc,wn,mult : 35 17 2
wp: 733790, wn : 17, rp : 305115, rn : 18, gcp : 1467580 wu: 0.016518, ru: 0.016518, gcu : 0.065311
min_rc,wn,mult : 35 5 7
wp: 359155, wn : 5, rp : 253877, rn : 21, gcp : 2514085 wu: 0.009926, ru: 0.023161, gcu : 0.038125
min_rc,wn,mult : 35 2 17
wp: 215239, wn : 2, rp : 253577, rn : 24, gcp : 3659063 wu: 0.006625, ru: 0.026501, gcu : 0.026195
min_rc,wn,mult : 35 27 1
wp: 831043, wn : 27, rp : 366647, rn : 13, gcp : 831043 wu: 0.023165, ru: 0.009928, gcu : 0.115336
min_rc,wn,mult : 35 27 1
wp: 846472, wn : 27, rp : 1235272, rn : 43, gcp : 846472 wu: 0.022743, ru: 0.009747, gcu : 0.113234
min_rc,wn,mult : 35 16 2
wp: 1185938, wn : 16, rp : 1193423, rn : 41, gcp : 2371876 wu: 0.009619, ru: 0.009619, gcu : 0.040411
WRsum : 0.250000, utilsum(noblock): 0.815261, utilsum(nogc): 0.016261 totutil : 0.831522
saving 22,793615,38,807478,793615,0,10878
saving 29,2089374,24,291018,2089374,10879,21757
saving 17,733790,18,305115,1467580,21758,32636
saving 5,359155,21,253877,2514085,32637,43515
saving 2,215239,24,253577,3659063,43516,54394
saving 27,831043,13,366647,831043,54395,65273
saving 27,846472,43,1235272,846472,65274,76152
saving 16,1185938,41,1193423,2371876,76153,87031
