[ SCHEMES ] 0, 0, 0, 0
[EXEC-main] 0, 1
[EXEC-task] 8, 0.200000
[EXEC-skew] -1, -2.000000, -2.000000, 32764
[EXEC-OP  ] 0, 0.320000, 35
[NOB MAXPE] : 1000, 2000
[LAT MODE ] : 0 (0=STATE, 1=FIXED_S, 2=FIXED_E)
expected_invalid : 34720, expected_fp : 5217, maxvalid : 87039
::UUNIFAST GEN::
[0]0.034207
[1]0.032587
[2]0.030765
[3]0.028666
[4]0.026151
[5]0.022924
[6]0.018056
[7]0.006645
[ALL]0.200000
min_rc,wn,mult : 35 18 1
wp: 937967, wn : 18, rp : 395630, rn : 29, gcp : 937967 wu: 0.013683, ru: 0.020524, gcu : 0.102188
min_rc,wn,mult : 35 19 1
wp: 4157233, wn : 19, rp : 162302, rn : 17, gcp : 4157233 wu: 0.003259, ru: 0.029328, gcu : 0.023056
min_rc,wn,mult : 35 12 2
wp: 1390544, wn : 12, rp : 238908, rn : 21, gcp : 2781088 wu: 0.006153, ru: 0.024612, gcu : 0.034465
min_rc,wn,mult : 35 29 1
wp: 2404389, wn : 29, rp : 516297, rn : 37, gcp : 2404389 wu: 0.008600, ru: 0.020066, gcu : 0.039864
min_rc,wn,mult : 35 28 1
wp: 954259, wn : 28, rp : 1391906, rn : 26, gcp : 954259 wu: 0.020921, ru: 0.005230, gcu : 0.100443
min_rc,wn,mult : 35 2 17
wp: 88864, wn : 2, rp : 162856, rn : 4, gcp : 1510688 wu: 0.016047, ru: 0.006877, gcu : 0.063447
min_rc,wn,mult : 35 6 5
wp: 2369268, wn : 6, rp : 620285, rn : 36, gcp : 11846340 wu: 0.001806, ru: 0.016251, gcu : 0.008091
min_rc,wn,mult : 35 9 3
wp: 1931515, wn : 9, rp : 1179919, rn : 14, gcp : 5794545 wu: 0.003322, ru: 0.003322, gcu : 0.016541
WRsum : 0.200000, utilsum(noblock): 0.588096, utilsum(nogc): 0.039386 totutil : 0.627482
saving 18,937967,29,395630,937967,0,10878
saving 19,4157233,17,162302,4157233,10879,21757
saving 12,1390544,21,238908,2781088,21758,32636
saving 29,2404389,37,516297,2404389,32637,43515
saving 28,954259,26,1391906,954259,43516,54394
saving 2,88864,4,162856,1510688,54395,65273
saving 6,2369268,36,620285,11846340,65274,76152
saving 9,1931515,14,1179919,5794545,76153,87031
