[ SCHEMES ] 0, 0, 0, 0
[EXEC-main] 0, 1
[EXEC-task] 8, 0.300000
[EXEC-skew] -1, -2.000000, -2.000000, 32764
[EXEC-OP  ] 0, 0.320000, 35
[NOB MAXPE] : 1000, 2000
[LAT MODE ] : 0 (0=STATE, 1=FIXED_S, 2=FIXED_E)
expected_invalid : 34720, expected_fp : 5217, maxvalid : 87039
::UUNIFAST GEN::
[0]0.016167
[1]0.017763
[2]0.019855
[3]0.022748
[4]0.027095
[5]0.034610
[6]0.051995
[7]0.109768
[ALL]0.300000
min_rc,wn,mult : 35 26 1
wp: 3822292, wn : 26, rp : 98969, rn : 4, gcp : 3822292 wu: 0.004850, ru: 0.011317, gcu : 0.025076
min_rc,wn,mult : 35 22 1
wp: 2943533, wn : 22, rp : 90073, rn : 4, gcp : 2943533 wu: 0.005329, ru: 0.012434, gcu : 0.032563
min_rc,wn,mult : 35 30 1
wp: 10773288, wn : 30, rp : 736462, rn : 47, gcp : 10773288 wu: 0.001985, ru: 0.017869, gcu : 0.008897
min_rc,wn,mult : 35 27 1
wp: 1208961, wn : 27, rp : 2010434, rn : 49, gcp : 1208961 wu: 0.015924, ru: 0.006824, gcu : 0.079282
min_rc,wn,mult : 35 18 1
wp: 526288, wn : 18, rp : 2790138, rn : 27, gcp : 526288 wu: 0.024386, ru: 0.002710, gcu : 0.182123
min_rc,wn,mult : 35 9 3
wp: 927054, wn : 9, rp : 171917, rn : 17, gcp : 2781162 wu: 0.006922, ru: 0.027688, gcu : 0.034464
min_rc,wn,mult : 35 13 2
wp: 254667, wn : 13, rp : 305157, rn : 17, gcp : 509334 wu: 0.036396, ru: 0.015598, gcu : 0.188185
min_rc,wn,mult : 35 28 1
wp: 259821, wn : 28, rp : 102033, rn : 12, gcp : 259821 wu: 0.076837, ru: 0.032930, gcu : 0.368904
WRsum : 0.300001, utilsum(noblock): 1.219494, utilsum(nogc): 0.038857 totutil : 1.258352
::UUNIFAST GEN::
[0]0.093088
[1]0.072771
[2]0.054398
[3]0.038118
[4]0.024131
[5]0.012728
[6]0.004413
[7]0.000354
[ALL]0.300000
min_rc,wn,mult : 35 26 1
wp: 663819, wn : 26, rp : 103128, rn : 24, gcp : 663819 wu: 0.027926, ru: 0.065161, gcu : 0.144390
min_rc,wn,mult : 35 17 2
wp: 1665635, wn : 17, rp : 132531, rn : 31, gcp : 3331270 wu: 0.007277, ru: 0.065494, gcu : 0.028773
min_rc,wn,mult : 35 12 2
wp: 524283, wn : 12, rp : 250008, rn : 34, gcp : 1048566 wu: 0.016319, ru: 0.038079, gcu : 0.091410
min_rc,wn,mult : 35 26 1
wp: 810555, wn : 26, rp : 734562, rn : 40, gcp : 810555 wu: 0.022871, ru: 0.015247, gcu : 0.118251
min_rc,wn,mult : 35 25 1
wp: 1231149, wn : 25, rp : 1044318, rn : 36, gcp : 1231149 wu: 0.014478, ru: 0.009652, gcu : 0.077853
min_rc,wn,mult : 35 21 1
wp: 11763859, wn : 21, rp : 855508, rn : 35, gcp : 11763859 wu: 0.001273, ru: 0.011455, gcu : 0.008148
min_rc,wn,mult : 35 8 4
wp: 1436147, wn : 8, rp : 8248282, rn : 13, gcp : 5744588 wu: 0.003972, ru: 0.000441, gcu : 0.016685
min_rc,wn,mult : 35 17 2
wp: 42810384, wn : 17, rp : 122628208, rn : 31, gcp : 85620768 wu: 0.000283, ru: 0.000071, gcu : 0.001119
WRsum : 0.300001, utilsum(noblock): 0.786630, utilsum(nogc): 0.033938 totutil : 0.820568
saving 26,663819,24,103128,663819,0,10878
saving 17,1665635,31,132531,3331270,10879,21757
saving 12,524283,34,250008,1048566,21758,32636
saving 26,810555,40,734562,810555,32637,43515
saving 25,1231149,36,1044318,1231149,43516,54394
saving 21,11763859,35,855508,11763859,54395,65273
saving 8,1436147,13,8248282,5744588,65274,76152
saving 17,42810384,31,122628208,85620768,76153,87031
