[ SCHEMES ] 0, 0, 0, 0
[EXEC-main] 0, 1
[EXEC-task] 8, 0.150000
[EXEC-skew] -1, -2.000000, -2.000000, 32765
[EXEC-OP  ] 0, 0.320000, 35
[NOB MAXPE] : 1000, 2000
[LAT MODE ] : 0 (0=STATE, 1=FIXED_S, 2=FIXED_E)
expected_invalid : 34720, expected_fp : 5217, maxvalid : 87039
::UUNIFAST GEN::
[0]0.014852
[1]0.015479
[2]0.016253
[3]0.017248
[4]0.018608
[5]0.020656
[6]0.024297
[7]0.022607
[ALL]0.150000
min_rc,wn,mult : 35 9 3
wp: 617246, wn : 9, rp : 1382560, rn : 22, gcp : 1851738 wu: 0.010396, ru: 0.004456, gcu : 0.051762
min_rc,wn,mult : 35 12 2
wp: 5527536, wn : 12, rp : 884359, rn : 44, gcp : 11055072 wu: 0.001548, ru: 0.013931, gcu : 0.008670
min_rc,wn,mult : 35 11 3
wp: 689375, wn : 11, rp : 689112, rn : 12, gcp : 2068125 wu: 0.011377, ru: 0.004876, gcu : 0.046346
min_rc,wn,mult : 35 20 1
wp: 1033454, wn : 20, rp : 2353900, rn : 29, gcp : 1033454 wu: 0.013798, ru: 0.003450, gcu : 0.092746
min_rc,wn,mult : 35 11 3
wp: 2107439, wn : 11, rp : 865224, rn : 46, gcp : 6322317 wu: 0.003722, ru: 0.014886, gcu : 0.015160
min_rc,wn,mult : 35 16 2
wp: 1104543, wn : 16, rp : 54220, rn : 2, gcp : 2209086 wu: 0.010328, ru: 0.010328, gcu : 0.043389
min_rc,wn,mult : 35 26 1
wp: 847749, wn : 26, rp : 4840101, rn : 42, gcp : 847749 wu: 0.021867, ru: 0.002430, gcu : 0.113063
min_rc,wn,mult : 35 28 1
wp: 1103846, wn : 28, rp : 309634, rn : 5, gcp : 1103846 wu: 0.018086, ru: 0.004521, gcu : 0.086832
WRsum : 0.150000, utilsum(noblock): 0.607968, utilsum(nogc): 0.064552 totutil : 0.672520
saving 9,617246,22,1382560,1851738,0,10878
saving 12,5527536,44,884359,11055072,10879,21757
saving 11,689375,12,689112,2068125,21758,32636
saving 20,1033454,29,2353900,1033454,32637,43515
saving 11,2107439,46,865224,6322317,43516,54394
saving 16,1104543,2,54220,2209086,54395,65273
saving 26,847749,42,4840101,847749,65274,76152
saving 28,1103846,5,309634,1103846,76153,87031
