[ SCHEMES ] 0, 0, 0, 0
[EXEC-main] 0, 1
[EXEC-task] 8, 0.300000
[EXEC-skew] -1, -2.000000, -2.000000, 32764
[EXEC-OP  ] 0, 0.320000, 35
[NOB MAXPE] : 1000, 2000
[LAT MODE ] : 0 (0=STATE, 1=FIXED_S, 2=FIXED_E)
expected_invalid : 34720, expected_fp : 5217, maxvalid : 87039
::UUNIFAST GEN::
[0]0.064076
[1]0.057673
[2]0.050917
[3]0.043709
[4]0.035888
[5]0.027148
[6]0.016759
[7]0.003830
[ALL]0.300000
min_rc,wn,mult : 35 15 2
wp: 834561, wn : 15, rp : 256728, rn : 47, gcp : 1669122 wu: 0.012815, ru: 0.051260, gcu : 0.057425
min_rc,wn,mult : 35 12 2
wp: 185442, wn : 12, rp : 218473, rn : 9, gcp : 370884 wu: 0.046138, ru: 0.011535, gcu : 0.258434
min_rc,wn,mult : 35 22 1
wp: 342298, wn : 22, rp : 109982, rn : 2, gcp : 342298 wu: 0.045825, ru: 0.005092, gcu : 0.280016
min_rc,wn,mult : 35 9 3
wp: 163122, wn : 9, rp : 1857725, rn : 29, gcp : 489366 wu: 0.039338, ru: 0.004371, gcu : 0.195864
min_rc,wn,mult : 35 11 3
wp: 437084, wn : 11, rp : 608563, rn : 39, gcp : 1311252 wu: 0.017944, ru: 0.017944, gcu : 0.073097
min_rc,wn,mult : 35 1 35
wp: 262633, wn : 1, rp : 80218, rn : 7, gcp : 9192155 wu: 0.002715, ru: 0.024433, gcu : 0.010427
min_rc,wn,mult : 35 22 1
wp: 1337097, wn : 22, rp : 946748, rn : 17, gcp : 1337097 wu: 0.011731, ru: 0.005028, gcu : 0.071684
min_rc,wn,mult : 35 27 1
wp: 8377265, wn : 27, rp : 2193206, rn : 12, gcp : 8377265 wu: 0.002298, ru: 0.001532, gcu : 0.011442
WRsum : 0.300001, utilsum(noblock): 1.258390, utilsum(nogc): 0.043631 totutil : 1.302021
::UUNIFAST GEN::
[0]0.040644
[1]0.040512
[2]0.040351
[3]0.040143
[4]0.039846
[5]0.039325
[6]0.037819
[7]0.021360
[ALL]0.300000
min_rc,wn,mult : 35 5 7
wp: 109641, wn : 5, rp : 792251, rn : 23, gcp : 767487 wu: 0.032515, ru: 0.008129, gcu : 0.124887
min_rc,wn,mult : 35 30 1
wp: 5279903, wn : 30, rp : 23038, rn : 3, gcp : 5279903 wu: 0.004051, ru: 0.036461, gcu : 0.018154
min_rc,wn,mult : 35 6 5
wp: 530094, wn : 6, rp : 8673, rn : 1, gcp : 2650470 wu: 0.008070, ru: 0.032281, gcu : 0.036163
min_rc,wn,mult : 35 17 2
wp: 3019442, wn : 17, rp : 69750, rn : 9, gcp : 6038884 wu: 0.004014, ru: 0.036129, gcu : 0.015872
min_rc,wn,mult : 35 1 35
wp: 19882, wn : 1, rp : 772985, rn : 11, gcp : 695870 wu: 0.035861, ru: 0.003985, gcu : 0.137740
min_rc,wn,mult : 35 1 35
wp: 22663, wn : 1, rp : 1459632, rn : 41, gcp : 793205 wu: 0.031460, ru: 0.007865, gcu : 0.120838
min_rc,wn,mult : 35 11 3
wp: 2073804, wn : 11, rp : 238560, rn : 29, gcp : 6221412 wu: 0.003782, ru: 0.034037, gcu : 0.015406
min_rc,wn,mult : 35 3 11
wp: 125176, wn : 3, rp : 2294018, rn : 35, gcp : 1376936 wu: 0.017088, ru: 0.004272, gcu : 0.069610
WRsum : 0.300006, utilsum(noblock): 0.838675, utilsum(nogc): 0.403551 totutil : 1.242227
::UUNIFAST GEN::
[0]0.095890
[1]0.073874
[2]0.054278
[3]0.037243
[4]0.022952
[5]0.011667
[6]0.003818
[7]0.000276
[ALL]0.300000
min_rc,wn,mult : 35 3 11
wp: 55766, wn : 3, rp : 233600, rn : 48, gcp : 613426 wu: 0.038356, ru: 0.057534, gcu : 0.156252
min_rc,wn,mult : 35 27 1
wp: 434320, wn : 27, rp : 170560, rn : 18, gcp : 434320 wu: 0.044324, ru: 0.029550, gcu : 0.220688
min_rc,wn,mult : 35 1 35
wp: 65679, wn : 1, rp : 257929, rn : 40, gcp : 2298765 wu: 0.010856, ru: 0.043423, gcu : 0.041696
min_rc,wn,mult : 35 22 1
wp: 2105885, wn : 22, rp : 413497, rn : 44, gcp : 2105885 wu: 0.007449, ru: 0.029795, gcu : 0.045515
min_rc,wn,mult : 35 20 1
wp: 3106422, wn : 20, rp : 670952, rn : 44, gcp : 3106422 wu: 0.004590, ru: 0.018362, gcu : 0.030855
min_rc,wn,mult : 35 28 1
wp: 8555637, wn : 28, rp : 149993, rn : 5, gcp : 8555637 wu: 0.002333, ru: 0.009334, gcu : 0.011203
min_rc,wn,mult : 35 28 1
wp: 6535819, wn : 28, rp : 5499988, rn : 15, gcp : 6535819 wu: 0.003055, ru: 0.000764, gcu : 0.014665
min_rc,wn,mult : 35 28 1
wp: 144503520, wn : 28, rp : 10133486, rn : 5, gcp : 144503520 wu: 0.000138, ru: 0.000138, gcu : 0.000663
WRsum : 0.300001, utilsum(noblock): 0.821538, utilsum(nogc): 0.062762 totutil : 0.884300
saving 3,55766,48,233600,613426,0,10878
saving 27,434320,18,170560,434320,10879,21757
saving 1,65679,40,257929,2298765,21758,32636
saving 22,2105885,44,413497,2105885,32637,43515
saving 20,3106422,44,670952,3106422,43516,54394
saving 28,8555637,5,149993,8555637,54395,65273
saving 28,6535819,15,5499988,6535819,65274,76152
saving 28,144503520,5,10133486,144503520,76153,87031
