[ SCHEMES ] 0, 0, 0, 0
[EXEC-main] 0, 1
[EXEC-task] 8, 0.250000
[EXEC-skew] -1, -2.000000, -2.000000, 32765
[EXEC-OP  ] 0, 0.320000, 35
[NOB MAXPE] : 1000, 2000
[LAT MODE ] : 0 (0=STATE, 1=FIXED_S, 2=FIXED_E)
expected_invalid : 34720, expected_fp : 5217, maxvalid : 87039
::UUNIFAST GEN::
[0]0.009259
[1]0.010370
[2]0.011856
[3]0.013966
[4]0.017242
[5]0.023177
[6]0.038105
[7]0.126025
[ALL]0.250000
min_rc,wn,mult : 35 28 1
wp: 7187123, wn : 28, rp : 1166413, rn : 27, gcp : 7187123 wu: 0.002778, ru: 0.006481, gcu : 0.013336
min_rc,wn,mult : 35 3 11
wp: 1031358, wn : 3, rp : 1046305, rn : 31, gcp : 11344938 wu: 0.002074, ru: 0.008296, gcu : 0.008449
min_rc,wn,mult : 35 18 1
wp: 2706252, wn : 18, rp : 1220210, rn : 31, gcp : 2706252 wu: 0.004742, ru: 0.007114, gcu : 0.035418
min_rc,wn,mult : 35 24 1
wp: 12253022, wn : 24, rp : 311878, rn : 14, gcp : 12253022 wu: 0.001397, ru: 0.012569, gcu : 0.007822
min_rc,wn,mult : 35 27 1
wp: 5582503, wn : 27, rp : 385680, rn : 19, gcp : 5582503 wu: 0.003448, ru: 0.013794, gcu : 0.017170
min_rc,wn,mult : 35 9 3
wp: 461449, wn : 9, rp : 664453, rn : 22, gcp : 1384347 wu: 0.013906, ru: 0.009271, gcu : 0.069238
min_rc,wn,mult : 35 8 4
wp: 748454, wn : 8, rp : 128591, rn : 14, gcp : 2993816 wu: 0.007621, ru: 0.030484, gcu : 0.032016
min_rc,wn,mult : 35 10 3
wp: 80822, wn : 10, rp : 244395, rn : 33, gcp : 242466 wu: 0.088218, ru: 0.037808, gcu : 0.395309
WRsum : 0.250001, utilsum(noblock): 0.828758, utilsum(nogc): 0.043305 totutil : 0.872063
saving 28,7187123,27,1166413,7187123,0,10878
saving 3,1031358,31,1046305,11344938,10879,21757
saving 18,2706252,31,1220210,2706252,21758,32636
saving 24,12253022,14,311878,12253022,32637,43515
saving 27,5582503,19,385680,5582503,43516,54394
saving 9,461449,22,664453,1384347,54395,65273
saving 8,748454,14,128591,2993816,65274,76152
saving 10,80822,33,244395,242466,76153,87031
