[ SCHEMES ] 0, 0, 0, 0
[EXEC-main] 0, 1
[EXEC-task] 8, 0.200000
[EXEC-skew] -1, -2.000000, -2.000000, 32764
[EXEC-OP  ] 0, 0.320000, 35
[NOB MAXPE] : 1000, 2000
[LAT MODE ] : 0 (0=STATE, 1=FIXED_S, 2=FIXED_E)
expected_invalid : 34720, expected_fp : 5217, maxvalid : 87039
::UUNIFAST GEN::
[0]0.007039
[1]0.007900
[2]0.009054
[3]0.010698
[4]0.013259
[5]0.017921
[6]0.029755
[7]0.104373
[ALL]0.200000
min_rc,wn,mult : 35 3 11
wp: 337620, wn : 3, rp : 9943944, rn : 25, gcp : 3713820 wu: 0.006336, ru: 0.000704, gcu : 0.025809
min_rc,wn,mult : 35 15 2
wp: 13537688, wn : 15, rp : 945127, rn : 24, gcp : 27075376 wu: 0.000790, ru: 0.007110, gcu : 0.003540
min_rc,wn,mult : 35 8 4
wp: 1574920, wn : 8, rp : 2370848, rn : 46, gcp : 6299680 wu: 0.003622, ru: 0.005433, gcu : 0.015215
min_rc,wn,mult : 35 25 1
wp: 2777097, wn : 25, rp : 1832183, rn : 28, gcp : 2777097 wu: 0.006419, ru: 0.004279, gcu : 0.034514
min_rc,wn,mult : 35 20 1
wp: 1536426, wn : 20, rp : 1407851, rn : 20, gcp : 1536426 wu: 0.009281, ru: 0.003978, gcu : 0.062384
min_rc,wn,mult : 35 14 2
wp: 1113976, wn : 14, rp : 812437, rn : 26, gcp : 2227952 wu: 0.008961, ru: 0.008961, gcu : 0.043021
min_rc,wn,mult : 35 5 7
wp: 149765, wn : 5, rp : 376409, rn : 8, gcp : 1048355 wu: 0.023804, ru: 0.005951, gcu : 0.091428
min_rc,wn,mult : 35 3 11
wp: 25617, wn : 3, rp : 590189, rn : 44, gcp : 281787 wu: 0.083499, ru: 0.020875, gcu : 0.340147
WRsum : 0.200001, utilsum(noblock): 0.816059, utilsum(nogc): 0.136628 totutil : 0.952687
saving 3,337620,25,9943944,3713820,0,10878
saving 15,13537688,24,945127,27075376,10879,21757
saving 8,1574920,46,2370848,6299680,21758,32636
saving 25,2777097,28,1832183,2777097,32637,43515
saving 20,1536426,20,1407851,1536426,43516,54394
saving 14,1113976,26,812437,2227952,54395,65273
saving 5,149765,8,376409,1048355,65274,76152
saving 3,25617,44,590189,281787,76153,87031
