[ SCHEMES ] 0, 0, 0, 0
[EXEC-main] 0, 1
[EXEC-task] 8, 0.100000
[EXEC-skew] -1, -2.000000, -2.000000, 32766
[EXEC-OP  ] 0, 0.320000, 35
[NOB MAXPE] : 1000, 2000
[LAT MODE ] : 0 (0=STATE, 1=FIXED_S, 2=FIXED_E)
expected_invalid : 34720, expected_fp : 5217, maxvalid : 87039
::UUNIFAST GEN::
[0]0.010794
[1]0.011130
[2]0.011538
[3]0.012055
[4]0.012747
[5]0.013753
[6]0.015404
[7]0.012579
[ALL]0.100000
min_rc,wn,mult : 35 28 1
wp: 4623762, wn : 28, rp : 648493, rn : 15, gcp : 4623762 wu: 0.004318, ru: 0.006477, gcu : 0.020730
min_rc,wn,mult : 35 6 5
wp: 1921886, wn : 6, rp : 849080, rn : 27, gcp : 9609430 wu: 0.002226, ru: 0.008904, gcu : 0.009974
min_rc,wn,mult : 35 4 8
wp: 617939, wn : 4, rp : 1011121, rn : 25, gcp : 4943512 wu: 0.004615, ru: 0.006923, gcu : 0.019389
min_rc,wn,mult : 35 24 1
wp: 1774306, wn : 24, rp : 1393564, rn : 12, gcp : 1774306 wu: 0.009644, ru: 0.002411, gcu : 0.054021
min_rc,wn,mult : 35 23 1
wp: 2573035, wn : 23, rp : 1713369, rn : 39, gcp : 2573035 wu: 0.006373, ru: 0.006373, gcu : 0.037251
min_rc,wn,mult : 35 27 1
wp: 1749661, wn : 27, rp : 1017932, rn : 10, gcp : 1749661 wu: 0.011003, ru: 0.002751, gcu : 0.054781
min_rc,wn,mult : 35 29 1
wp: 3355878, wn : 29, rp : 605920, rn : 20, gcp : 3355878 wu: 0.006161, ru: 0.009242, gcu : 0.028562
min_rc,wn,mult : 35 28 1
wp: 2645241, wn : 28, rp : 1335605, rn : 24, gcp : 2645241 wu: 0.007547, ru: 0.005031, gcu : 0.036235
WRsum : 0.100000, utilsum(noblock): 0.360942, utilsum(nogc): 0.005776 totutil : 0.366719
saving 28,4623762,15,648493,4623762,0,10878
saving 6,1921886,27,849080,9609430,10879,21757
saving 4,617939,25,1011121,4943512,21758,32636
saving 24,1774306,12,1393564,1774306,32637,43515
saving 23,2573035,39,1713369,2573035,43516,54394
saving 27,1749661,10,1017932,1749661,54395,65273
saving 29,3355878,20,605920,3355878,65274,76152
saving 28,2645241,24,1335605,2645241,76153,87031
