[ SCHEMES ] 0, 0, 0, 0
[EXEC-main] 0, 1
[EXEC-task] 8, 0.200000
[EXEC-skew] -1, -2.000000, -2.000000, 32765
[EXEC-OP  ] 0, 0.320000, 35
[NOB MAXPE] : 1000, 2000
[LAT MODE ] : 0 (0=STATE, 1=FIXED_S, 2=FIXED_E)
expected_invalid : 34720, expected_fp : 5217, maxvalid : 87039
::UUNIFAST GEN::
[0]0.006773
[1]0.007612
[2]0.008740
[3]0.010349
[4]0.012862
[5]0.017455
[6]0.029187
[7]0.107021
[ALL]0.200000
min_rc,wn,mult : 35 8 4
wp: 2807268, wn : 8, rp : 354353, rn : 6, gcp : 11229072 wu: 0.002032, ru: 0.004741, gcu : 0.008536
min_rc,wn,mult : 35 28 1
wp: 8741908, wn : 28, rp : 998374, rn : 19, gcp : 8741908 wu: 0.002284, ru: 0.005329, gcu : 0.010964
min_rc,wn,mult : 35 12 2
wp: 1223679, wn : 12, rp : 6247116, rn : 39, gcp : 2447358 wu: 0.006992, ru: 0.001748, gcu : 0.039164
min_rc,wn,mult : 35 30 1
wp: 4133892, wn : 30, rp : 1082271, rn : 20, gcp : 4133892 wu: 0.005174, ru: 0.005174, gcu : 0.023186
min_rc,wn,mult : 35 20 1
wp: 11086521, wn : 20, rp : 24187, rn : 1, gcp : 11086521 wu: 0.001286, ru: 0.011576, gcu : 0.008646
min_rc,wn,mult : 35 10 3
wp: 583537, wn : 10, rp : 374293, rn : 7, gcp : 1750611 wu: 0.012219, ru: 0.005237, gcu : 0.054752
min_rc,wn,mult : 35 29 1
wp: 787143, wn : 29, rp : 3645444, rn : 38, gcp : 787143 wu: 0.026268, ru: 0.002919, gcu : 0.121768
min_rc,wn,mult : 35 23 1
wp: 1532310, wn : 23, rp : 81395, rn : 28, gcp : 1532310 wu: 0.010702, ru: 0.096319, gcu : 0.062552
WRsum : 0.200001, utilsum(noblock): 0.529569, utilsum(nogc): 0.144706 totutil : 0.674275
saving 8,2807268,6,354353,11229072,0,10878
saving 28,8741908,19,998374,8741908,10879,21757
saving 12,1223679,39,6247116,2447358,21758,32636
saving 30,4133892,20,1082271,4133892,32637,43515
saving 20,11086521,1,24187,11086521,43516,54394
saving 10,583537,7,374293,1750611,54395,65273
saving 29,787143,38,3645444,787143,65274,76152
saving 23,1532310,28,81395,1532310,76153,87031
