[ SCHEMES ] 0, 0, 0, 0
[EXEC-main] 0, 1
[EXEC-task] 8, 0.150000
[EXEC-skew] -1, -2.000000, -2.000000, 32766
[EXEC-OP  ] 0, 0.320000, 35
[NOB MAXPE] : 1000, 2000
[LAT MODE ] : 0 (0=STATE, 1=FIXED_S, 2=FIXED_E)
expected_invalid : 34720, expected_fp : 5217, maxvalid : 87039
::UUNIFAST GEN::
[0]0.034338
[1]0.030259
[2]0.026054
[3]0.021693
[4]0.017126
[5]0.012266
[6]0.006926
[7]0.001340
[ALL]0.150000
min_rc,wn,mult : 35 13 2
wp: 337419, wn : 13, rp : 774655, rn : 19, gcp : 674838 wu: 0.027470, ru: 0.006868, gcu : 0.142033
min_rc,wn,mult : 35 21 1
wp: 989660, wn : 21, rp : 129548, rn : 7, gcp : 989660 wu: 0.015129, ru: 0.015129, gcu : 0.096850
min_rc,wn,mult : 35 24 1
wp: 938266, wn : 24, rp : 465697, rn : 13, gcp : 938266 wu: 0.018238, ru: 0.007816, gcu : 0.102155
min_rc,wn,mult : 35 28 1
wp: 1533849, wn : 28, rp : 322689, rn : 10, gcp : 1533849 wu: 0.013016, ru: 0.008677, gcu : 0.062489
min_rc,wn,mult : 35 27 1
wp: 1605861, wn : 27, rp : 926485, rn : 17, gcp : 1605861 wu: 0.011988, ru: 0.005138, gcu : 0.059687
min_rc,wn,mult : 35 3 11
wp: 249129, wn : 3, rp : 1217500, rn : 16, gcp : 2740419 wu: 0.008586, ru: 0.003680, gcu : 0.034976
min_rc,wn,mult : 35 1 35
wp: 114388, wn : 1, rp : 17384482, rn : 43, gcp : 4003580 wu: 0.006233, ru: 0.000693, gcu : 0.023941
min_rc,wn,mult : 35 29 1
wp: 19294826, wn : 29, rp : 34489372, rn : 33, gcp : 19294826 wu: 0.001072, ru: 0.000268, gcu : 0.004968
WRsum : 0.150000, utilsum(noblock): 0.677099, utilsum(nogc): 0.030598 totutil : 0.707697
saving 13,337419,19,774655,674838,0,10878
saving 21,989660,7,129548,989660,10879,21757
saving 24,938266,13,465697,938266,21758,32636
saving 28,1533849,10,322689,1533849,32637,43515
saving 27,1605861,17,926485,1605861,43516,54394
saving 3,249129,16,1217500,2740419,54395,65273
saving 1,114388,43,17384482,4003580,65274,76152
saving 29,19294826,33,34489372,19294826,76153,87031
