[ SCHEMES ] 0, 0, 0, 0
[EXEC-main] 0, 1
[EXEC-task] 8, 0.150000
[EXEC-skew] -1, -2.000000, -2.000000, 32766
[EXEC-OP  ] 0, 0.320000, 35
[NOB MAXPE] : 1000, 2000
[LAT MODE ] : 0 (0=STATE, 1=FIXED_S, 2=FIXED_E)
expected_invalid : 34720, expected_fp : 5217, maxvalid : 87039
::UUNIFAST GEN::
[0]0.033261
[1]0.029604
[2]0.025792
[3]0.021785
[4]0.017519
[5]0.012874
[6]0.007580
[7]0.001585
[ALL]0.150000
min_rc,wn,mult : 35 15 2
wp: 1071812, wn : 15, rp : 120259, rn : 10, gcp : 2143624 wu: 0.009978, ru: 0.023283, gcu : 0.044714
min_rc,wn,mult : 35 21 1
wp: 5057794, wn : 21, rp : 388838, rn : 37, gcp : 5057794 wu: 0.002960, ru: 0.026643, gcu : 0.018951
min_rc,wn,mult : 35 22 1
wp: 3040875, wn : 22, rp : 162841, rn : 12, gcp : 3040875 wu: 0.005158, ru: 0.020634, gcu : 0.031520
min_rc,wn,mult : 35 8 4
wp: 523656, wn : 8, rp : 591224, rn : 23, gcp : 2094624 wu: 0.010893, ru: 0.010893, gcu : 0.045760
min_rc,wn,mult : 35 9 3
wp: 1220961, wn : 9, rp : 114161, rn : 5, gcp : 3662883 wu: 0.005256, ru: 0.012263, gcu : 0.026168
min_rc,wn,mult : 35 17 2
wp: 1176891, wn : 17, rp : 543733, rn : 5, gcp : 2353782 wu: 0.010299, ru: 0.002575, gcu : 0.040721
min_rc,wn,mult : 35 24 1
wp: 2508414, wn : 24, rp : 738803, rn : 2, gcp : 2508414 wu: 0.006822, ru: 0.000758, gcu : 0.038211
min_rc,wn,mult : 35 9 3
wp: 20245310, wn : 9, rp : 9717244, rn : 44, gcp : 60735930 wu: 0.000317, ru: 0.001268, gcu : 0.001578
WRsum : 0.150000, utilsum(noblock): 0.397622, utilsum(nogc): 0.030658 totutil : 0.428281
saving 15,1071812,10,120259,2143624,0,10878
saving 21,5057794,37,388838,5057794,10879,21757
saving 22,3040875,12,162841,3040875,21758,32636
saving 8,523656,23,591224,2094624,32637,43515
saving 9,1220961,5,114161,3662883,43516,54394
saving 17,1176891,5,543733,2353782,54395,65273
saving 24,2508414,2,738803,2508414,65274,76152
saving 9,20245310,44,9717244,60735930,76153,87031
