[ SCHEMES ] 0, 0, 0, 0
[EXEC-main] 0, 1
[EXEC-task] 8, 0.250000
[EXEC-skew] -1, -2.000000, -2.000000, 32767
[EXEC-OP  ] 0, 0.320000, 35
[NOB MAXPE] : 1000, 2000
[LAT MODE ] : 0 (0=STATE, 1=FIXED_S, 2=FIXED_E)
expected_invalid : 34720, expected_fp : 5217, maxvalid : 87039
::UUNIFAST GEN::
[0]0.004658
[1]0.005325
[2]0.006237
[3]0.007569
[4]0.009713
[5]0.013793
[6]0.025005
[7]0.177700
[ALL]0.250000
min_rc,wn,mult : 35 30 1
wp: 6560084, wn : 30, rp : 5409999, rn : 27, gcp : 6560084 wu: 0.003261, ru: 0.001397, gcu : 0.014611
min_rc,wn,mult : 35 24 1
wp: 10712132, wn : 24, rp : 1277042, rn : 17, gcp : 10712132 wu: 0.001597, ru: 0.003727, gcu : 0.008948
min_rc,wn,mult : 35 2 17
wp: 381032, wn : 2, rp : 112225, rn : 1, gcp : 6477544 wu: 0.003742, ru: 0.002495, gcu : 0.014797
min_rc,wn,mult : 35 5 7
wp: 672826, wn : 5, rp : 1356347, rn : 11, gcp : 4709782 wu: 0.005299, ru: 0.002271, gcu : 0.020351
min_rc,wn,mult : 35 26 1
wp: 6362180, wn : 26, rp : 288285, rn : 7, gcp : 6362180 wu: 0.002914, ru: 0.006799, gcu : 0.015065
min_rc,wn,mult : 35 12 2
wp: 775414, wn : 12, rp : 3248115, rn : 32, gcp : 1550828 wu: 0.011034, ru: 0.002759, gcu : 0.061805
min_rc,wn,mult : 35 22 1
wp: 6273116, wn : 22, rp : 522559, rn : 42, gcp : 6273116 wu: 0.002501, ru: 0.022505, gcu : 0.015279
min_rc,wn,mult : 35 3 11
wp: 20061, wn : 3, rp : 126055, rn : 32, gcp : 220671 wu: 0.106620, ru: 0.071080, gcu : 0.434352
WRsum : 0.250005, utilsum(noblock): 0.835214, utilsum(nogc): 0.174468 totutil : 1.009682
::UUNIFAST GEN::
[0]0.013463
[1]0.014793
[2]0.016536
[3]0.018947
[4]0.022570
[5]0.028832
[6]0.043323
[7]0.091536
[ALL]0.250000
min_rc,wn,mult : 35 21 1
wp: 5560722, wn : 21, rp : 51993, rn : 2, gcp : 5560722 wu: 0.002693, ru: 0.010771, gcu : 0.017237
min_rc,wn,mult : 35 3 11
wp: 289181, wn : 3, rp : 1741310, rn : 46, gcp : 3180991 wu: 0.007397, ru: 0.007397, gcu : 0.030132
min_rc,wn,mult : 35 24 1
wp: 5174156, wn : 24, rp : 507981, rn : 24, gcp : 5174156 wu: 0.003307, ru: 0.013229, gcu : 0.018525
min_rc,wn,mult : 35 18 1
wp: 2257893, wn : 18, rp : 886690, rn : 42, gcp : 2257893 wu: 0.005684, ru: 0.013263, gcu : 0.042451
min_rc,wn,mult : 35 11 3
wp: 579171, wn : 11, rp : 1364667, rn : 44, gcp : 1737513 wu: 0.013542, ru: 0.009028, gcu : 0.055164
min_rc,wn,mult : 35 15 2
wp: 927360, wn : 15, rp : 64743, rn : 4, gcp : 1854720 wu: 0.011533, ru: 0.017299, gcu : 0.051678
min_rc,wn,mult : 35 10 3
wp: 411442, wn : 10, rp : 129261, rn : 12, gcp : 1234326 wu: 0.017329, ru: 0.025994, gcu : 0.077653
min_rc,wn,mult : 35 22 1
wp: 856822, wn : 22, rp : 175887, rn : 46, gcp : 856822 wu: 0.018307, ru: 0.073229, gcu : 0.111866
WRsum : 0.250000, utilsum(noblock): 0.654706, utilsum(nogc): 0.067317 totutil : 0.722023
saving 21,5560722,2,51993,5560722,0,10878
saving 3,289181,46,1741310,3180991,10879,21757
saving 24,5174156,24,507981,5174156,21758,32636
saving 18,2257893,42,886690,2257893,32637,43515
saving 11,579171,44,1364667,1737513,43516,54394
saving 15,927360,4,64743,1854720,54395,65273
saving 10,411442,12,129261,1234326,65274,76152
saving 22,856822,46,175887,856822,76153,87031
