[ SCHEMES ] 0, 0, 0, 0
[EXEC-main] 0, 1
[EXEC-task] 8, 0.300000
[EXEC-skew] -1, -2.000000, -2.000000, 32767
[EXEC-OP  ] 0, 0.320000, 35
[NOB MAXPE] : 1000, 2000
[LAT MODE ] : 0 (0=STATE, 1=FIXED_S, 2=FIXED_E)
expected_invalid : 34720, expected_fp : 5217, maxvalid : 87039
::UUNIFAST GEN::
[0]0.062003
[1]0.056335
[2]0.050293
[3]0.043764
[4]0.036565
[5]0.028342
[6]0.018209
[7]0.004489
[ALL]0.300000
min_rc,wn,mult : 35 3 11
wp: 57496, wn : 3, rp : 45158, rn : 4, gcp : 632456 wu: 0.037202, ru: 0.024801, gcu : 0.151550
min_rc,wn,mult : 35 12 2
wp: 506253, wn : 12, rp : 134906, rn : 19, gcp : 1012506 wu: 0.016901, ru: 0.039435, gcu : 0.094665
min_rc,wn,mult : 35 17 2
wp: 1205049, wn : 17, rp : 97429, rn : 14, gcp : 2410098 wu: 0.010059, ru: 0.040234, gcu : 0.039770
min_rc,wn,mult : 35 19 1
wp: 442212, wn : 19, rp : 810412, rn : 38, gcp : 442212 wu: 0.030635, ru: 0.013129, gcu : 0.216749
min_rc,wn,mult : 35 25 1
wp: 2437447, wn : 25, rp : 459457, rn : 48, gcp : 2437447 wu: 0.007313, ru: 0.029252, gcu : 0.039324
min_rc,wn,mult : 35 25 1
wp: 698800, wn : 25, rp : 4939627, rn : 50, gcp : 698800 wu: 0.025508, ru: 0.002834, gcu : 0.137162
min_rc,wn,mult : 35 15 2
wp: 1957815, wn : 15, rp : 966551, rn : 44, gcp : 3915630 wu: 0.005463, ru: 0.012746, gcu : 0.024479
min_rc,wn,mult : 35 19 1
wp: 3772413, wn : 19, rp : 14658586, rn : 47, gcp : 3772413 wu: 0.003591, ru: 0.000898, gcu : 0.025408
WRsum : 0.300002, utilsum(noblock): 1.029108, utilsum(nogc): 0.077506 totutil : 1.106614
::UUNIFAST GEN::
[0]0.067726
[1]0.059944
[2]0.051884
[3]0.043474
[4]0.034602
[5]0.025066
[6]0.014417
[7]0.002886
[ALL]0.300000
min_rc,wn,mult : 35 2 17
wp: 105277, wn : 2, rp : 82686, rn : 16, gcp : 1789709 wu: 0.013545, ru: 0.054181, gcu : 0.053556
min_rc,wn,mult : 35 4 8
wp: 118943, wn : 4, rp : 93419, rn : 12, gcp : 951544 wu: 0.023978, ru: 0.035967, gcu : 0.100730
min_rc,wn,mult : 35 28 1
wp: 427535, wn : 28, rp : 809498, rn : 15, gcp : 427535 wu: 0.046696, ru: 0.005188, gcu : 0.224190
min_rc,wn,mult : 35 1 35
wp: 18222, wn : 1, rp : 2254214, rn : 35, gcp : 637770 wu: 0.039127, ru: 0.004347, gcu : 0.150288
min_rc,wn,mult : 35 17 2
wp: 3502928, wn : 17, rp : 431568, rn : 48, gcp : 7005856 wu: 0.003460, ru: 0.031142, gcu : 0.013681
min_rc,wn,mult : 35 6 5
wp: 284450, wn : 6, rp : 1061205, rn : 38, gcp : 1422250 wu: 0.015040, ru: 0.010026, gcu : 0.067393
min_rc,wn,mult : 35 30 1
wp: 2119477, wn : 30, rp : 2395270, rn : 37, gcp : 2119477 wu: 0.010092, ru: 0.004325, gcu : 0.045223
min_rc,wn,mult : 35 17 2
wp: 7000107, wn : 17, rp : 8732087, rn : 36, gcp : 14000214 wu: 0.001732, ru: 0.001154, gcu : 0.006846
WRsum : 0.300002, utilsum(noblock): 0.961909, utilsum(nogc): 0.192076 totutil : 1.153984
::UUNIFAST GEN::
[0]0.012889
[1]0.014339
[2]0.016264
[3]0.018974
[4]0.023133
[5]0.030545
[6]0.048655
[7]0.135201
[ALL]0.300000
min_rc,wn,mult : 35 21 1
wp: 5808544, wn : 21, rp : 977595, rn : 36, gcp : 5808544 wu: 0.002578, ru: 0.010311, gcu : 0.016501
min_rc,wn,mult : 35 27 1
wp: 4475293, wn : 27, rp : 223171, rn : 8, gcp : 4475293 wu: 0.004302, ru: 0.010037, gcu : 0.021417
min_rc,wn,mult : 35 28 1
wp: 6137328, wn : 28, rp : 559504, rn : 26, gcp : 6137328 wu: 0.003253, ru: 0.013012, gcu : 0.015617
min_rc,wn,mult : 35 23 1
wp: 1728612, wn : 23, rp : 1092043, rn : 37, gcp : 1728612 wu: 0.009487, ru: 0.009487, gcu : 0.055449
min_rc,wn,mult : 35 12 2
wp: 924647, wn : 12, rp : 60519, rn : 3, gcp : 1849294 wu: 0.009253, ru: 0.013880, gcu : 0.051830
min_rc,wn,mult : 35 12 2
wp: 1400558, wn : 12, rp : 446882, rn : 39, gcp : 2801116 wu: 0.006109, ru: 0.024436, gcu : 0.034218
min_rc,wn,mult : 35 21 1
wp: 1538691, wn : 21, rp : 280546, rn : 39, gcp : 1538691 wu: 0.009731, ru: 0.038924, gcu : 0.062293
min_rc,wn,mult : 35 26 1
wp: 195877, wn : 26, rp : 179485, rn : 26, gcp : 195877 wu: 0.094641, ru: 0.040560, gcu : 0.489333
WRsum : 0.300000, utilsum(noblock): 1.046658, utilsum(nogc): 0.057833 totutil : 1.104491
::UUNIFAST GEN::
[0]0.027766
[1]0.029163
[2]0.030902
[3]0.033163
[4]0.036298
[5]0.041125
[6]0.050112
[7]0.051472
[ALL]0.300000
min_rc,wn,mult : 35 2 17
wp: 64196, wn : 2, rp : 2319374, rn : 46, gcp : 1091332 wu: 0.022213, ru: 0.005553, gcu : 0.087828
min_rc,wn,mult : 35 9 3
wp: 244489, wn : 9, rp : 192025, rn : 2, gcp : 733467 wu: 0.026247, ru: 0.002916, gcu : 0.130679
min_rc,wn,mult : 35 29 1
wp: 836400, wn : 29, rp : 1766890, rn : 39, gcp : 836400 wu: 0.024721, ru: 0.006180, gcu : 0.114597
min_rc,wn,mult : 35 18 1
wp: 3870017, wn : 18, rp : 459687, rn : 49, gcp : 3870017 wu: 0.003316, ru: 0.029846, gcu : 0.024767
min_rc,wn,mult : 35 7 5
wp: 687509, wn : 7, rp : 231419, rn : 24, gcp : 3437545 wu: 0.007260, ru: 0.029038, gcu : 0.027883
min_rc,wn,mult : 35 30 1
wp: 1300298, wn : 30, rp : 136169, rn : 12, gcp : 1300298 wu: 0.016450, ru: 0.024675, gcu : 0.073713
min_rc,wn,mult : 35 3 11
wp: 53355, wn : 3, rp : 447000, rn : 16, gcp : 586905 wu: 0.040089, ru: 0.010022, gcu : 0.163313
min_rc,wn,mult : 35 7 5
wp: 138521, wn : 7, rp : 72531, rn : 4, gcp : 692605 wu: 0.036030, ru: 0.015442, gcu : 0.138389
WRsum : 0.300002, utilsum(noblock): 1.061170, utilsum(nogc): 0.065598 totutil : 1.126769
::UUNIFAST GEN::
[0]0.114919
[1]0.079729
[2]0.051775
[3]0.030568
[4]0.015554
[5]0.006080
[6]0.001328
[7]0.000047
[ALL]0.300000
min_rc,wn,mult : 35 22 1
wp: 151662, wn : 22, rp : 877139, rn : 36, gcp : 151662 wu: 0.103427, ru: 0.011492, gcu : 0.631991
min_rc,wn,mult : 35 29 1
wp: 2593407, wn : 29, rp : 124867, rn : 32, gcp : 2593407 wu: 0.007973, ru: 0.071756, gcu : 0.036959
min_rc,wn,mult : 35 22 1
wp: 504943, wn : 22, rp : 365042, rn : 27, gcp : 504943 wu: 0.031065, ru: 0.020710, gcu : 0.189821
min_rc,wn,mult : 35 30 1
wp: 1749380, wn : 30, rp : 457995, rn : 30, gcp : 1749380 wu: 0.012227, ru: 0.018341, gcu : 0.054790
min_rc,wn,mult : 35 21 1
wp: 4813268, wn : 21, rp : 472550, rn : 21, gcp : 4813268 wu: 0.003111, ru: 0.012443, gcu : 0.019913
min_rc,wn,mult : 35 8 4
wp: 9381226, wn : 8, rp : 972185, rn : 19, gcp : 37524904 wu: 0.000608, ru: 0.005472, gcu : 0.002554
min_rc,wn,mult : 35 14 2
wp: 37576388, wn : 14, rp : 11067380, rn : 42, gcp : 75152776 wu: 0.000266, ru: 0.001063, gcu : 0.001275
min_rc,wn,mult : 35 5 7
wp: 127034696, wn : 5, rp : 74831096, rn : 5, gcp : 889242872 wu: 0.000028, ru: 0.000019, gcu : 0.000108
WRsum : 0.300001, utilsum(noblock): 1.237413, utilsum(nogc): 0.028030 totutil : 1.265442
::UUNIFAST GEN::
[0]0.005173
[1]0.005923
[2]0.006950
[3]0.008453
[4]0.010878
[5]0.015511
[6]0.028328
[7]0.218784
[ALL]0.300000
min_rc,wn,mult : 35 20 1
wp: 5513220, wn : 20, rp : 2273333, rn : 21, gcp : 5513220 wu: 0.002587, ru: 0.002587, gcu : 0.017385
min_rc,wn,mult : 35 13 2
wp: 1956291, wn : 13, rp : 9691755, rn : 41, gcp : 3912582 wu: 0.004738, ru: 0.001185, gcu : 0.024498
min_rc,wn,mult : 35 27 1
wp: 3956904, wn : 27, rp : 3760063, rn : 28, gcp : 3956904 wu: 0.004865, ru: 0.002085, gcu : 0.024223
min_rc,wn,mult : 35 25 1
wp: 4217367, wn : 25, rp : 662475, rn : 10, gcp : 4217367 wu: 0.004227, ru: 0.004227, gcu : 0.022727
min_rc,wn,mult : 35 17 2
wp: 11142726, wn : 17, rp : 1086806, rn : 38, gcp : 22285452 wu: 0.001088, ru: 0.009790, gcu : 0.004301
min_rc,wn,mult : 35 8 4
wp: 919340, wn : 8, rp : 541547, rn : 18, gcp : 3677360 wu: 0.006204, ru: 0.009307, gcu : 0.026065
min_rc,wn,mult : 35 28 1
wp: 1761863, wn : 28, rp : 626000, rn : 38, gcp : 1761863 wu: 0.011331, ru: 0.016997, gcu : 0.054402
min_rc,wn,mult : 35 5 7
wp: 40736, wn : 5, rp : 12798, rn : 6, gcp : 285152 wu: 0.087514, ru: 0.131270, gcu : 0.336133
WRsum : 0.300001, utilsum(noblock): 0.809735, utilsum(nogc): 0.273480 totutil : 1.083215
::UUNIFAST GEN::
[0]0.071891
[1]0.062404
[2]0.052786
[3]0.043006
[4]0.033020
[5]0.022750
[6]0.012064
[7]0.002078
[ALL]0.300000
min_rc,wn,mult : 35 19 1
wp: 235549, wn : 19, rp : 681591, rn : 35, gcp : 235549 wu: 0.057512, ru: 0.014378, gcu : 0.406917
min_rc,wn,mult : 35 25 1
wp: 476061, wn : 25, rp : 515988, rn : 46, gcp : 476061 wu: 0.037443, ru: 0.024962, gcu : 0.201338
min_rc,wn,mult : 35 14 2
wp: 1891026, wn : 14, rp : 106088, rn : 18, gcp : 3782052 wu: 0.005279, ru: 0.047508, gcu : 0.025343
min_rc,wn,mult : 35 18 1
wp: 497368, wn : 18, rp : 146490, rn : 9, gcp : 497368 wu: 0.025804, ru: 0.017203, gcu : 0.192712
min_rc,wn,mult : 35 14 2
wp: 1007675, wn : 14, rp : 436100, rn : 36, gcp : 2015350 wu: 0.009906, ru: 0.023114, gcu : 0.047559
min_rc,wn,mult : 35 9 3
wp: 564120, wn : 9, rp : 1107670, rn : 45, gcp : 1692360 wu: 0.011375, ru: 0.011375, gcu : 0.056636
min_rc,wn,mult : 35 17 2
wp: 1674530, wn : 17, rp : 1914774, rn : 33, gcp : 3349060 wu: 0.007238, ru: 0.004826, gcu : 0.028620
min_rc,wn,mult : 35 24 1
wp: 11763354, wn : 24, rp : 898245, rn : 2, gcp : 11763354 wu: 0.001455, ru: 0.000623, gcu : 0.008148
WRsum : 0.300000, utilsum(noblock): 1.267274, utilsum(nogc): 0.032991 totutil : 1.300266
::UUNIFAST GEN::
[0]0.011497
[1]0.012857
[2]0.014675
[3]0.017250
[4]0.021239
[5]0.028439
[6]0.046437
[7]0.147605
[ALL]0.300000
min_rc,wn,mult : 35 11 3
wp: 3410920, wn : 11, rp : 547973, rn : 18, gcp : 10232760 wu: 0.002299, ru: 0.009198, gcu : 0.009367
min_rc,wn,mult : 35 8 4
wp: 1109090, wn : 8, rp : 1560712, rn : 43, gcp : 4436360 wu: 0.005143, ru: 0.007714, gcu : 0.021605
min_rc,wn,mult : 35 18 1
wp: 4372814, wn : 18, rp : 643962, rn : 27, gcp : 4372814 wu: 0.002935, ru: 0.011740, gcu : 0.021919
min_rc,wn,mult : 35 12 2
wp: 826679, wn : 12, rp : 1014508, rn : 25, gcp : 1653358 wu: 0.010350, ru: 0.006900, gcu : 0.057972
min_rc,wn,mult : 35 25 1
wp: 1398749, wn : 25, rp : 1384231, rn : 42, gcp : 1398749 wu: 0.012744, ru: 0.008496, gcu : 0.068525
min_rc,wn,mult : 35 12 2
wp: 1002835, wn : 12, rp : 703250, rn : 50, gcp : 2005670 wu: 0.008532, ru: 0.019908, gcu : 0.047789
min_rc,wn,mult : 35 18 1
wp: 921240, wn : 18, rp : 310094, rn : 36, gcp : 921240 wu: 0.013931, ru: 0.032506, gcu : 0.104043
min_rc,wn,mult : 35 26 1
wp: 156989, wn : 26, rp : 303512, rn : 32, gcp : 156989 wu: 0.118084, ru: 0.029521, gcu : 0.610546
WRsum : 0.300001, utilsum(noblock): 1.241768, utilsum(nogc): 0.022295 totutil : 1.264062
::UUNIFAST GEN::
[0]0.036439
[1]0.036957
[2]0.037574
[3]0.038331
[4]0.039300
[5]0.040598
[6]0.042202
[7]0.028599
[ALL]0.300000
min_rc,wn,mult : 35 26 1
wp: 726764, wn : 26, rp : 1101372, rn : 43, gcp : 726764 wu: 0.025508, ru: 0.010932, gcu : 0.131885
min_rc,wn,mult : 35 29 1
wp: 799262, wn : 29, rp : 303052, rn : 12, gcp : 799262 wu: 0.025870, ru: 0.011087, gcu : 0.119922
min_rc,wn,mult : 35 9 3
wp: 284638, wn : 9, rp : 540267, rn : 29, gcp : 853914 wu: 0.022544, ru: 0.015030, gcu : 0.112247
min_rc,wn,mult : 35 8 4
wp: 1488083, wn : 8, rp : 186677, rn : 23, gcp : 5952332 wu: 0.003833, ru: 0.034498, gcu : 0.016103
min_rc,wn,mult : 35 25 1
wp: 503963, wn : 25, rp : 3562376, rn : 50, gcp : 503963 wu: 0.035370, ru: 0.003930, gcu : 0.190191
min_rc,wn,mult : 35 28 1
wp: 983497, wn : 28, rp : 331051, rn : 24, gcp : 983497 wu: 0.020299, ru: 0.020299, gcu : 0.097457
min_rc,wn,mult : 35 22 1
wp: 412991, wn : 22, rp : 995224, rn : 15, gcp : 412991 wu: 0.037981, ru: 0.004220, gcu : 0.232085
min_rc,wn,mult : 35 26 1
wp: 3241014, wn : 26, rp : 208048, rn : 17, gcp : 3241014 wu: 0.005720, ru: 0.022879, gcu : 0.029574
WRsum : 0.300000, utilsum(noblock): 1.229463, utilsum(nogc): 0.018749 totutil : 1.248212
::UUNIFAST GEN::
[0]0.024317
[1]0.025890
[2]0.027879
[3]0.030515
[4]0.034262
[5]0.040244
[6]0.052207
[7]0.064685
[ALL]0.300000
min_rc,wn,mult : 35 12 2
wp: 879619, wn : 12, rp : 594912, rn : 31, gcp : 1759238 wu: 0.009727, ru: 0.014590, gcu : 0.054483
min_rc,wn,mult : 35 13 2
wp: 397788, wn : 13, rp : 540741, rn : 5, gcp : 795576 wu: 0.023301, ru: 0.002589, gcu : 0.120477
min_rc,wn,mult : 35 1 35
wp: 63936, wn : 1, rp : 836938, rn : 50, gcp : 2237760 wu: 0.011152, ru: 0.016728, gcu : 0.042833
min_rc,wn,mult : 35 29 1
wp: 6775989, wn : 29, rp : 132539, rn : 13, gcp : 6775989 wu: 0.003052, ru: 0.027464, gcu : 0.014145
min_rc,wn,mult : 35 8 4
wp: 237833, wn : 8, rp : 1171377, rn : 43, gcp : 951332 wu: 0.023983, ru: 0.010278, gcu : 0.100752
min_rc,wn,mult : 35 7 5
wp: 248036, wn : 7, rp : 222641, rn : 16, gcp : 1240180 wu: 0.020122, ru: 0.020122, gcu : 0.077286
min_rc,wn,mult : 35 2 17
wp: 68285, wn : 2, rp : 134081, rn : 15, gcp : 1160845 wu: 0.020883, ru: 0.031324, gcu : 0.082568
min_rc,wn,mult : 35 29 1
wp: 355175, wn : 29, rp : 1644898, rn : 38, gcp : 355175 wu: 0.058216, ru: 0.006468, gcu : 0.269864
WRsum : 0.300000, utilsum(noblock): 1.062410, utilsum(nogc): 0.054742 totutil : 1.117153
::UUNIFAST GEN::
[0]0.009203
[1]0.010381
[2]0.011969
[3]0.014245
[4]0.017825
[5]0.024421
[6]0.041534
[7]0.170424
[ALL]0.300000
min_rc,wn,mult : 35 4 8
wp: 442716, wn : 4, rp : 4360936, rn : 43, gcp : 3541728 wu: 0.006442, ru: 0.002761, gcu : 0.027063
min_rc,wn,mult : 35 30 1
wp: 2289541, wn : 30, rp : 3236826, rn : 12, gcp : 2289541 wu: 0.009342, ru: 0.001038, gcu : 0.041864
min_rc,wn,mult : 35 3 11
wp: 1787163, wn : 3, rp : 1117731, rn : 43, gcp : 19658793 wu: 0.001197, ru: 0.010772, gcu : 0.004876
min_rc,wn,mult : 35 8 4
wp: 444910, wn : 8, rp : 9631409, rn : 49, gcp : 1779640 wu: 0.012821, ru: 0.001425, gcu : 0.053859
min_rc,wn,mult : 35 8 4
wp: 3200080, wn : 8, rp : 837795, rn : 48, gcp : 12800320 wu: 0.001782, ru: 0.016042, gcu : 0.007488
min_rc,wn,mult : 35 28 1
wp: 8174932, wn : 28, rp : 127394, rn : 10, gcp : 8174932 wu: 0.002442, ru: 0.021979, gcu : 0.011725
min_rc,wn,mult : 35 5 7
wp: 171668, wn : 5, rp : 67415, rn : 5, gcp : 1201676 wu: 0.020767, ru: 0.020767, gcu : 0.079763
min_rc,wn,mult : 35 4 8
wp: 18594, wn : 4, rp : 328592, rn : 20, gcp : 148752 wu: 0.153381, ru: 0.017042, gcu : 0.644354
WRsum : 0.300002, utilsum(noblock): 1.170993, utilsum(nogc): 0.188233 totutil : 1.359225
::UUNIFAST GEN::
[0]0.030804
[1]0.031964
[2]0.033388
[3]0.035206
[4]0.037670
[5]0.041333
[6]0.047649
[7]0.041986
[ALL]0.300000
min_rc,wn,mult : 35 14 2
wp: 360049, wn : 14, rp : 4181221, rn : 46, gcp : 720098 wu: 0.027724, ru: 0.003080, gcu : 0.133105
min_rc,wn,mult : 35 3 11
wp: 669189, wn : 3, rp : 330927, rn : 34, gcp : 7361079 wu: 0.003196, ru: 0.028768, gcu : 0.013021
min_rc,wn,mult : 35 28 1
wp: 1195893, wn : 28, rp : 436090, rn : 26, gcp : 1195893 wu: 0.016694, ru: 0.016694, gcu : 0.080148
min_rc,wn,mult : 35 28 1
wp: 2835288, wn : 28, rp : 387714, rn : 39, gcp : 2835288 wu: 0.007041, ru: 0.028165, gcu : 0.033806
min_rc,wn,mult : 35 22 1
wp: 2082019, wn : 22, rp : 288026, rn : 31, gcp : 2082019 wu: 0.007534, ru: 0.030136, gcu : 0.046037
min_rc,wn,mult : 35 21 1
wp: 452820, wn : 21, rp : 1016146, rn : 30, gcp : 452820 wu: 0.033066, ru: 0.008267, gcu : 0.211671
min_rc,wn,mult : 35 28 1
wp: 523726, wn : 28, rp : 852065, rn : 29, gcp : 523726 wu: 0.038119, ru: 0.009530, gcu : 0.183014
min_rc,wn,mult : 35 26 1
wp: 630755, wn : 26, rp : 911415, rn : 41, gcp : 630755 wu: 0.029390, ru: 0.012596, gcu : 0.151959
WRsum : 0.300000, utilsum(noblock): 1.152762, utilsum(nogc): 0.012152 totutil : 1.164913
::UUNIFAST GEN::
[0]0.002534
[1]0.002930
[2]0.003478
[3]0.004289
[4]0.005621
[5]0.008226
[6]0.015736
[7]0.257186
[ALL]0.300000
min_rc,wn,mult : 35 5 7
wp: 2009490, wn : 5, rp : 17676752, rn : 48, gcp : 14066430 wu: 0.001774, ru: 0.000760, gcu : 0.006814
min_rc,wn,mult : 35 24 1
wp: 11681526, wn : 24, rp : 8983688, rn : 47, gcp : 11681526 wu: 0.001465, ru: 0.001465, gcu : 0.008205
min_rc,wn,mult : 35 29 1
wp: 14864241, wn : 29, rp : 5636003, rn : 42, gcp : 14864241 wu: 0.001391, ru: 0.002087, gcu : 0.006448
min_rc,wn,mult : 35 1 35
wp: 554083, wn : 1, rp : 2331346, rn : 25, gcp : 19392905 wu: 0.001287, ru: 0.003003, gcu : 0.004942
min_rc,wn,mult : 35 28 1
wp: 5073843, wn : 28, rp : 332088, rn : 2, gcp : 5073843 wu: 0.003935, ru: 0.001686, gcu : 0.018891
min_rc,wn,mult : 35 17 2
wp: 2105107, wn : 17, rp : 4538692, rn : 40, gcp : 4210214 wu: 0.005758, ru: 0.002468, gcu : 0.022766
min_rc,wn,mult : 35 9 3
wp: 509731, wn : 9, rp : 2046235, rn : 23, gcp : 1529193 wu: 0.012589, ru: 0.003147, gcu : 0.062679
min_rc,wn,mult : 35 21 1
wp: 83169, wn : 21, rp : 7258, rn : 2, gcp : 83169 wu: 0.180030, ru: 0.077156, gcu : 1.152461
WRsum : 0.300001, utilsum(noblock): 1.583208, utilsum(nogc): 0.482227 totutil : 2.065435
::UUNIFAST GEN::
[0]0.064886
[1]0.058187
[2]0.051146
[3]0.043672
[4]0.035612
[5]0.026683
[6]0.016216
[7]0.003598
[ALL]0.300000
min_rc,wn,mult : 35 2 17
wp: 54942, wn : 2, rp : 230145, rn : 32, gcp : 934014 wu: 0.025955, ru: 0.038932, gcu : 0.102621
min_rc,wn,mult : 35 14 2
wp: 285918, wn : 14, rp : 481208, rn : 40, gcp : 571836 wu: 0.034912, ru: 0.023275, gcu : 0.167616
min_rc,wn,mult : 35 18 1
wp: 2509263, wn : 18, rp : 237227, rn : 39, gcp : 2509263 wu: 0.005115, ru: 0.046032, gcu : 0.038198
min_rc,wn,mult : 35 3 11
wp: 81631, wn : 3, rp : 560998, rn : 35, gcp : 897941 wu: 0.026203, ru: 0.017469, gcu : 0.106743
min_rc,wn,mult : 35 1 35
wp: 22246, wn : 1, rp : 2201511, rn : 28, gcp : 778610 wu: 0.032051, ru: 0.003561, gcu : 0.123103
min_rc,wn,mult : 35 1 35
wp: 133607, wn : 1, rp : 26234, rn : 2, gcp : 4676245 wu: 0.005337, ru: 0.021346, gcu : 0.020497
min_rc,wn,mult : 35 21 1
wp: 1319092, wn : 21, rp : 287787, rn : 5, gcp : 1319092 wu: 0.011351, ru: 0.004865, gcu : 0.072663
min_rc,wn,mult : 35 7 5
wp: 3467906, wn : 7, rp : 5706886, rn : 44, gcp : 17339530 wu: 0.001439, ru: 0.002159, gcu : 0.005528
WRsum : 0.300001, utilsum(noblock): 0.936969, utilsum(nogc): 0.157332 totutil : 1.094301
::UUNIFAST GEN::
[0]0.066452
[1]0.059164
[2]0.051566
[3]0.043576
[4]0.035063
[5]0.025788
[6]0.015204
[7]0.003187
[ALL]0.300000
min_rc,wn,mult : 35 6 5
wp: 91967, wn : 6, rp : 660124, rn : 47, gcp : 459835 wu: 0.046516, ru: 0.019936, gcu : 0.208442
min_rc,wn,mult : 35 9 3
wp: 154944, wn : 9, rp : 378608, rn : 24, gcp : 464832 wu: 0.041415, ru: 0.017749, gcu : 0.206201
min_rc,wn,mult : 35 3 11
wp: 51851, wn : 3, rp : 135749, rn : 5, gcp : 570361 wu: 0.041253, ru: 0.010313, gcu : 0.168050
min_rc,wn,mult : 35 16 2
wp: 1308987, wn : 16, rp : 353408, rn : 44, gcp : 2617974 wu: 0.008715, ru: 0.034861, gcu : 0.036612
min_rc,wn,mult : 35 26 1
wp: 2643511, wn : 26, rp : 339387, rn : 34, gcp : 2643511 wu: 0.007013, ru: 0.028051, gcu : 0.036258
min_rc,wn,mult : 35 28 1
wp: 1548309, wn : 28, rp : 390877, rn : 18, gcp : 1548309 wu: 0.012894, ru: 0.012894, gcu : 0.061906
min_rc,wn,mult : 35 29 1
wp: 4533192, wn : 29, rp : 1236504, rn : 47, gcp : 4533192 wu: 0.004561, ru: 0.010643, gcu : 0.021144
min_rc,wn,mult : 35 21 1
wp: 11745060, wn : 21, rp : 7321215, rn : 50, gcp : 11745060 wu: 0.001275, ru: 0.001912, gcu : 0.008161
WRsum : 0.300001, utilsum(noblock): 1.046775, utilsum(nogc): 0.067501 totutil : 1.114276
::UUNIFAST GEN::
[0]0.039814
[1]0.039822
[2]0.039826
[3]0.039819
[4]0.039778
[5]0.039616
[6]0.038690
[7]0.022634
[ALL]0.300000
min_rc,wn,mult : 35 24 1
wp: 859591, wn : 24, rp : 576677, rn : 41, gcp : 859591 wu: 0.019907, ru: 0.019907, gcu : 0.111505
min_rc,wn,mult : 35 20 1
wp: 511557, wn : 20, rp : 468748, rn : 20, gcp : 511557 wu: 0.027876, ru: 0.011947, gcu : 0.187367
min_rc,wn,mult : 35 17 2
wp: 760867, wn : 17, rp : 210916, rn : 18, gcp : 1521734 wu: 0.015930, ru: 0.023896, gcu : 0.062987
min_rc,wn,mult : 35 18 1
wp: 402886, wn : 18, rp : 1441527, rn : 41, gcp : 402886 wu: 0.031855, ru: 0.007964, gcu : 0.237906
min_rc,wn,mult : 35 20 1
wp: 597475, wn : 20, rp : 809482, rn : 46, gcp : 597475 wu: 0.023867, ru: 0.015911, gcu : 0.160423
min_rc,wn,mult : 35 27 1
wp: 971884, wn : 27, rp : 579566, rn : 41, gcp : 971884 wu: 0.019808, ru: 0.019808, gcu : 0.098622
min_rc,wn,mult : 35 22 1
wp: 579186, wn : 22, rp : 651335, rn : 27, gcp : 579186 wu: 0.027083, ru: 0.011607, gcu : 0.165489
min_rc,wn,mult : 35 12 2
wp: 420012, wn : 12, rp : 5690497, rn : 46, gcp : 840024 wu: 0.020371, ru: 0.002263, gcu : 0.114103
WRsum : 0.300000, utilsum(noblock): 1.438403, utilsum(nogc): 0.016594 totutil : 1.454997
::UUNIFAST GEN::
[0]0.029872
[1]0.031113
[2]0.032642
[3]0.034607
[4]0.037289
[5]0.041320
[6]0.048453
[7]0.044704
[ALL]0.300000
min_rc,wn,mult : 35 13 2
wp: 775719, wn : 13, rp : 296819, rn : 19, gcp : 1551438 wu: 0.011949, ru: 0.017923, gcu : 0.061781
min_rc,wn,mult : 35 12 2
wp: 687498, wn : 12, rp : 629966, rn : 42, gcp : 1374996 wu: 0.012445, ru: 0.018668, gcu : 0.069709
min_rc,wn,mult : 35 28 1
wp: 679554, wn : 28, rp : 2830682, rn : 33, gcp : 679554 wu: 0.029378, ru: 0.003264, gcu : 0.141047
min_rc,wn,mult : 35 17 2
wp: 875614, wn : 17, rp : 26969, rn : 2, gcp : 1751228 wu: 0.013843, ru: 0.020764, gcu : 0.054732
min_rc,wn,mult : 35 25 1
wp: 682897, wn : 25, rp : 525629, rn : 21, gcp : 682897 wu: 0.026102, ru: 0.011187, gcu : 0.140356
min_rc,wn,mult : 35 12 2
wp: 345111, wn : 12, rp : 203291, rn : 12, gcp : 690222 wu: 0.024792, ru: 0.016528, gcu : 0.138867
min_rc,wn,mult : 35 23 1
wp: 376061, wn : 23, rp : 520096, rn : 9, gcp : 376061 wu: 0.043607, ru: 0.004845, gcu : 0.254876
min_rc,wn,mult : 35 20 1
wp: 637968, wn : 20, rp : 12526, rn : 1, gcp : 637968 wu: 0.022352, ru: 0.022352, gcu : 0.150241
WRsum : 0.300002, utilsum(noblock): 1.311611, utilsum(nogc): 0.279419 totutil : 1.591030
::UUNIFAST GEN::
[0]0.016722
[1]0.018335
[2]0.020442
[3]0.023349
[4]0.027701
[5]0.035184
[6]0.052334
[7]0.105933
[ALL]0.300000
min_rc,wn,mult : 35 7 5
wp: 994889, wn : 7, rp : 956816, rn : 40, gcp : 4974445 wu: 0.005017, ru: 0.011705, gcu : 0.019268
min_rc,wn,mult : 35 23 1
wp: 1788842, wn : 23, rp : 946835, rn : 31, gcp : 1788842 wu: 0.009167, ru: 0.009167, gcu : 0.053582
min_rc,wn,mult : 35 5 7
wp: 290657, wn : 5, rp : 1677907, rn : 49, gcp : 2034599 wu: 0.012265, ru: 0.008177, gcu : 0.047110
min_rc,wn,mult : 35 8 4
wp: 2442916, wn : 8, rp : 559620, rn : 42, gcp : 9771664 wu: 0.002335, ru: 0.021014, gcu : 0.009809
min_rc,wn,mult : 35 5 7
wp: 183850, wn : 5, rp : 876019, rn : 26, gcp : 1286950 wu: 0.019391, ru: 0.008310, gcu : 0.074478
min_rc,wn,mult : 35 13 2
wp: 2634453, wn : 13, rp : 256431, rn : 29, gcp : 5268906 wu: 0.003518, ru: 0.031665, gcu : 0.018191
min_rc,wn,mult : 35 8 4
wp: 217983, wn : 8, rp : 535022, rn : 50, gcp : 871932 wu: 0.026167, ru: 0.026167, gcu : 0.109927
min_rc,wn,mult : 35 11 3
wp: 92546, wn : 11, rp : 145375, rn : 11, gcp : 277638 wu: 0.084746, ru: 0.021187, gcu : 0.345230
WRsum : 0.300001, utilsum(noblock): 0.977596, utilsum(nogc): 0.037819 totutil : 1.015415
::UUNIFAST GEN::
[0]0.048365
[1]0.046662
[2]0.044720
[3]0.042440
[4]0.039642
[5]0.035921
[6]0.029908
[7]0.012341
[ALL]0.300000
min_rc,wn,mult : 35 29 1
wp: 4275195, wn : 29, rp : 218707, rn : 34, gcp : 4275195 wu: 0.004837, ru: 0.043529, gcu : 0.022420
min_rc,wn,mult : 35 19 1
wp: 483865, wn : 19, rp : 300027, rn : 20, gcp : 483865 wu: 0.027997, ru: 0.018665, gcu : 0.198090
min_rc,wn,mult : 35 18 1
wp: 358733, wn : 18, rp : 281754, rn : 9, gcp : 358733 wu: 0.035776, ru: 0.008944, gcu : 0.267188
min_rc,wn,mult : 35 10 3
wp: 420005, wn : 10, rp : 450833, rn : 41, gcp : 1260015 wu: 0.016976, ru: 0.025464, gcu : 0.076070
min_rc,wn,mult : 35 6 5
wp: 154163, wn : 6, rp : 965294, rn : 41, gcp : 770815 wu: 0.027750, ru: 0.011893, gcu : 0.124348
min_rc,wn,mult : 35 5 7
wp: 198489, wn : 5, rp : 514457, rn : 33, gcp : 1389423 wu: 0.017961, ru: 0.017961, gcu : 0.068985
min_rc,wn,mult : 35 10 3
wp: 264890, wn : 10, rp : 748974, rn : 8, gcp : 794670 wu: 0.026917, ru: 0.002991, gcu : 0.120615
min_rc,wn,mult : 35 14 2
wp: 1155462, wn : 14, rp : 2798173, rn : 37, gcp : 2310924 wu: 0.008639, ru: 0.003702, gcu : 0.041476
WRsum : 0.300000, utilsum(noblock): 1.219191, utilsum(nogc): 0.022703 totutil : 1.241895
::UUNIFAST GEN::
[0]0.009328
[1]0.010516
[2]0.012119
[3]0.014414
[4]0.018020
[5]0.024658
[6]0.041844
[7]0.169101
[ALL]0.300000
min_rc,wn,mult : 35 6 5
wp: 509590, wn : 6, rp : 10806470, rn : 36, gcp : 2547950 wu: 0.008395, ru: 0.000933, gcu : 0.037618
min_rc,wn,mult : 35 8 4
wp: 1084776, wn : 8, rp : 2289746, rn : 43, gcp : 4339104 wu: 0.005258, ru: 0.005258, gcu : 0.022090
min_rc,wn,mult : 35 28 1
wp: 5491227, wn : 28, rp : 858176, rn : 26, gcp : 5491227 wu: 0.003636, ru: 0.008483, gcu : 0.017455
min_rc,wn,mult : 35 16 2
wp: 989322, wn : 16, rp : 4565038, rn : 47, gcp : 1978644 wu: 0.011531, ru: 0.002883, gcu : 0.048442
min_rc,wn,mult : 35 25 1
wp: 1648625, wn : 25, rp : 310764, rn : 8, gcp : 1648625 wu: 0.010812, ru: 0.007208, gcu : 0.058139
min_rc,wn,mult : 35 4 8
wp: 165230, wn : 4, rp : 1816843, rn : 48, gcp : 1321840 wu: 0.017261, ru: 0.007397, gcu : 0.072512
min_rc,wn,mult : 35 1 35
wp: 56797, wn : 1, rp : 372811, rn : 39, gcp : 1987895 wu: 0.012553, ru: 0.029291, gcu : 0.048216
min_rc,wn,mult : 35 6 5
wp: 36140, wn : 6, rp : 126946, rn : 23, gcp : 180700 wu: 0.118371, ru: 0.050730, gcu : 0.530432
WRsum : 0.300003, utilsum(noblock): 1.134906, utilsum(nogc): 0.096846 totutil : 1.231751
::UUNIFAST GEN::
[0]0.023041
[1]0.024655
[2]0.026706
[3]0.029443
[4]0.033369
[5]0.039718
[6]0.052728
[7]0.070339
[ALL]0.300000
min_rc,wn,mult : 35 20 1
wp: 884120, wn : 20, rp : 810134, rn : 20, gcp : 884120 wu: 0.016129, ru: 0.006912, gcu : 0.108412
min_rc,wn,mult : 35 28 1
wp: 1012180, wn : 28, rp : 397490, rn : 7, gcp : 1012180 wu: 0.019724, ru: 0.004931, gcu : 0.094696
min_rc,wn,mult : 35 25 1
wp: 1112418, wn : 25, rp : 1127084, rn : 43, gcp : 1112418 wu: 0.016024, ru: 0.010682, gcu : 0.086163
min_rc,wn,mult : 35 2 17
wp: 60540, wn : 2, rp : 1759320, rn : 37, gcp : 1029180 wu: 0.023555, ru: 0.005889, gcu : 0.093131
min_rc,wn,mult : 35 29 1
wp: 6196520, wn : 29, rp : 139851, rn : 15, gcp : 6196520 wu: 0.003337, ru: 0.030032, gcu : 0.015468
min_rc,wn,mult : 35 7 5
wp: 209433, wn : 7, rp : 193865, rn : 11, gcp : 1047165 wu: 0.023831, ru: 0.015887, gcu : 0.091532
min_rc,wn,mult : 35 23 1
wp: 1555047, wn : 23, rp : 119480, rn : 18, gcp : 1555047 wu: 0.010546, ru: 0.042183, gcu : 0.061637
min_rc,wn,mult : 35 27 1
wp: 390981, wn : 27, rp : 238842, rn : 18, gcp : 390981 wu: 0.049238, ru: 0.021102, gcu : 0.245150
WRsum : 0.300001, utilsum(noblock): 1.096190, utilsum(nogc): 0.057813 totutil : 1.154003
::UUNIFAST GEN::
[0]0.012645
[1]0.014080
[2]0.015989
[3]0.018677
[4]0.022811
[5]0.030193
[6]0.048304
[7]0.137301
[ALL]0.300000
min_rc,wn,mult : 35 18 1
wp: 1449933, wn : 18, rp : 73810, rn : 1, gcp : 1449933 wu: 0.008851, ru: 0.003793, gcu : 0.066106
min_rc,wn,mult : 35 10 3
wp: 843964, wn : 10, rp : 1441723, rn : 29, gcp : 2531892 wu: 0.008448, ru: 0.005632, gcu : 0.037857
min_rc,wn,mult : 35 21 1
wp: 9364722, wn : 21, rp : 19458, rn : 1, gcp : 9364722 wu: 0.001599, ru: 0.014390, gcu : 0.010235
min_rc,wn,mult : 35 19 1
wp: 805927, wn : 19, rp : 1049425, rn : 7, gcp : 805927 wu: 0.016809, ru: 0.001868, gcu : 0.118930
min_rc,wn,mult : 35 5 7
wp: 520953, wn : 5, rp : 17535, rn : 1, gcp : 3646671 wu: 0.006843, ru: 0.015968, gcu : 0.026284
min_rc,wn,mult : 35 7 5
wp: 1653016, wn : 7, rp : 412159, rn : 40, gcp : 8265080 wu: 0.003019, ru: 0.027174, gcu : 0.011597
min_rc,wn,mult : 35 27 1
wp: 498170, wn : 27, rp : 115931, rn : 4, gcp : 498170 wu: 0.038643, ru: 0.009661, gcu : 0.192402
min_rc,wn,mult : 35 25 1
wp: 324560, wn : 25, rp : 54381, rn : 16, gcp : 324560 wu: 0.054920, ru: 0.082381, gcu : 0.295320
WRsum : 0.300002, utilsum(noblock): 1.058733, utilsum(nogc): 0.199601 totutil : 1.258334
::UUNIFAST GEN::
[0]0.017537
[1]0.019169
[2]0.021293
[3]0.024211
[4]0.028556
[5]0.035970
[6]0.052728
[7]0.100536
[ALL]0.300000
min_rc,wn,mult : 35 6 5
wp: 813132, wn : 6, rp : 228087, rn : 10, gcp : 4065660 wu: 0.005261, ru: 0.012276, gcu : 0.023575
min_rc,wn,mult : 35 23 1
wp: 950574, wn : 23, rp : 5696838, rn : 39, gcp : 950574 wu: 0.017252, ru: 0.001917, gcu : 0.100833
min_rc,wn,mult : 35 10 3
wp: 558085, wn : 10, rp : 1314984, rn : 40, gcp : 1674255 wu: 0.012776, ru: 0.008517, gcu : 0.057249
min_rc,wn,mult : 35 11 3
wp: 3239396, wn : 11, rp : 231296, rn : 18, gcp : 9718188 wu: 0.002421, ru: 0.021790, gcu : 0.009863
min_rc,wn,mult : 35 1 35
wp: 249681, wn : 1, rp : 217892, rn : 20, gcp : 8738835 wu: 0.002856, ru: 0.025701, gcu : 0.010968
min_rc,wn,mult : 35 19 1
wp: 538026, wn : 19, rp : 752476, rn : 29, gcp : 538026 wu: 0.025179, ru: 0.010791, gcu : 0.178149
min_rc,wn,mult : 35 24 1
wp: 360593, wn : 24, rp : 1646185, rn : 31, gcp : 360593 wu: 0.047455, ru: 0.005273, gcu : 0.265809
min_rc,wn,mult : 35 22 1
wp: 222891, wn : 22, rp : 185672, rn : 20, gcp : 222891 wu: 0.070375, ru: 0.030161, gcu : 0.430026
WRsum : 0.300001, utilsum(noblock): 1.376474, utilsum(nogc): 0.018850 totutil : 1.395324
::UUNIFAST GEN::
[0]0.008349
[1]0.009448
[2]0.010934
[3]0.013074
[4]0.016457
[5]0.022739
[6]0.039263
[7]0.179736
[ALL]0.300000
min_rc,wn,mult : 35 15 2
wp: 12809548, wn : 15, rp : 1192390, rn : 32, gcp : 25619096 wu: 0.000835, ru: 0.007514, gcu : 0.003741
min_rc,wn,mult : 35 11 3
wp: 922402, wn : 11, rp : 9483938, rn : 32, gcp : 2767206 wu: 0.008503, ru: 0.000945, gcu : 0.034637
min_rc,wn,mult : 35 8 4
wp: 579641, wn : 8, rp : 10499387, rn : 41, gcp : 2318564 wu: 0.009841, ru: 0.001093, gcu : 0.041340
min_rc,wn,mult : 35 22 1
wp: 1499771, wn : 22, rp : 3212566, rn : 30, gcp : 1499771 wu: 0.010459, ru: 0.002615, gcu : 0.063909
min_rc,wn,mult : 35 23 1
wp: 4982463, wn : 23, rp : 404090, rn : 19, gcp : 4982463 wu: 0.003291, ru: 0.013165, gcu : 0.019237
min_rc,wn,mult : 35 3 11
wp: 104517, wn : 3, rp : 4679095, rn : 38, gcp : 1149687 wu: 0.020465, ru: 0.002274, gcu : 0.083370
min_rc,wn,mult : 35 3 11
wp: 544787, wn : 3, rp : 63390, rn : 8, gcp : 5992657 wu: 0.003926, ru: 0.035337, gcu : 0.015994
min_rc,wn,mult : 35 14 2
wp: 111073, wn : 14, rp : 118395, rn : 38, gcp : 222146 wu: 0.089868, ru: 0.089868, gcu : 0.431468
WRsum : 0.300001, utilsum(noblock): 0.993699, utilsum(nogc): 0.055214 totutil : 1.048913
::UUNIFAST GEN::
[0]0.015797
[1]0.017382
[2]0.019461
[3]0.022342
[4]0.026683
[5]0.034210
[6]0.051736
[7]0.112388
[ALL]0.300000
min_rc,wn,mult : 35 18 1
wp: 1624828, wn : 18, rp : 1488856, rn : 42, gcp : 1624828 wu: 0.007899, ru: 0.007899, gcu : 0.058990
min_rc,wn,mult : 35 28 1
wp: 1276161, wn : 28, rp : 7732141, rn : 48, gcp : 1276161 wu: 0.015644, ru: 0.001738, gcu : 0.075107
min_rc,wn,mult : 35 12 2
wp: 628072, wn : 12, rp : 1486741, rn : 31, gcp : 1256144 wu: 0.013623, ru: 0.005838, gcu : 0.076304
min_rc,wn,mult : 35 14 2
wp: 744623, wn : 14, rp : 375966, rn : 12, gcp : 1489246 wu: 0.013405, ru: 0.008937, gcu : 0.064361
min_rc,wn,mult : 35 13 2
wp: 1157930, wn : 13, rp : 44973, rn : 3, gcp : 2315860 wu: 0.008005, ru: 0.018678, gcu : 0.041388
min_rc,wn,mult : 35 4 8
wp: 833662, wn : 4, rp : 309197, rn : 34, gcp : 6669296 wu: 0.003421, ru: 0.030789, gcu : 0.014372
min_rc,wn,mult : 35 26 1
wp: 3583188, wn : 26, rp : 24053, rn : 4, gcp : 3583188 wu: 0.005174, ru: 0.046562, gcu : 0.026750
min_rc,wn,mult : 35 28 1
wp: 253763, wn : 28, rp : 340486, rn : 41, gcp : 253763 wu: 0.078672, ru: 0.033716, gcu : 0.377711
WRsum : 0.300002, utilsum(noblock): 1.034984, utilsum(nogc): 0.145512 totutil : 1.180496
::UUNIFAST GEN::
[0]0.065835
[1]0.058781
[2]0.051404
[3]0.043618
[4]0.035282
[5]0.026140
[6]0.015597
[7]0.003344
[ALL]0.300000
min_rc,wn,mult : 35 10 3
wp: 216602, wn : 10, rp : 34024, rn : 4, gcp : 649806 wu: 0.032917, ru: 0.032917, gcu : 0.147504
min_rc,wn,mult : 35 7 5
wp: 94342, wn : 7, rp : 1286129, rn : 27, gcp : 471710 wu: 0.052903, ru: 0.005878, gcu : 0.203195
min_rc,wn,mult : 35 25 1
wp: 866906, wn : 25, rp : 163411, rn : 18, gcp : 866906 wu: 0.020562, ru: 0.030842, gcu : 0.110564
min_rc,wn,mult : 35 14 2
wp: 2288530, wn : 14, rp : 121256, rn : 17, gcp : 4577060 wu: 0.004362, ru: 0.039256, gcu : 0.020941
min_rc,wn,mult : 35 17 2
wp: 490780, wn : 17, rp : 1322677, rn : 50, gcp : 981560 wu: 0.024697, ru: 0.010585, gcu : 0.097650
min_rc,wn,mult : 35 23 1
wp: 1568379, wn : 23, rp : 196378, rn : 11, gcp : 1568379 wu: 0.010456, ru: 0.015684, gcu : 0.061113
min_rc,wn,mult : 35 5 7
wp: 380946, wn : 5, rp : 673200, rn : 15, gcp : 2666622 wu: 0.009358, ru: 0.006239, gcu : 0.035944
min_rc,wn,mult : 35 9 3
wp: 3838478, wn : 9, rp : 8374426, rn : 50, gcp : 11515434 wu: 0.001672, ru: 0.001672, gcu : 0.008324
WRsum : 0.300001, utilsum(noblock): 0.985236, utilsum(nogc): 0.102869 totutil : 1.088105
::UUNIFAST GEN::
[0]0.019771
[1]0.021426
[2]0.023560
[3]0.026457
[4]0.030706
[5]0.037803
[6]0.053235
[7]0.087041
[ALL]0.300000
min_rc,wn,mult : 35 13 2
wp: 586015, wn : 13, rp : 2619966, rn : 37, gcp : 1172030 wu: 0.015817, ru: 0.003954, gcu : 0.081780
min_rc,wn,mult : 35 26 1
wp: 961357, wn : 26, rp : 2613682, rn : 20, gcp : 961357 wu: 0.019283, ru: 0.002143, gcu : 0.099702
min_rc,wn,mult : 35 5 7
wp: 756589, wn : 5, rp : 341685, rn : 23, gcp : 5296123 wu: 0.004712, ru: 0.018848, gcu : 0.018098
min_rc,wn,mult : 35 4 8
wp: 1077980, wn : 4, rp : 576199, rn : 49, gcp : 8623840 wu: 0.002646, ru: 0.023811, gcu : 0.011114
min_rc,wn,mult : 35 20 1
wp: 2322003, wn : 20, rp : 205169, rn : 18, gcp : 2322003 wu: 0.006141, ru: 0.024565, gcu : 0.041279
min_rc,wn,mult : 35 3 11
wp: 282910, wn : 3, rp : 342561, rn : 37, gcp : 3112010 wu: 0.007561, ru: 0.030243, gcu : 0.030800
min_rc,wn,mult : 35 11 3
wp: 245544, wn : 11, rp : 473369, rn : 36, gcp : 736632 wu: 0.031941, ru: 0.021294, gcu : 0.130118
min_rc,wn,mult : 35 3 11
wp: 27305, wn : 3, rp : 1479755, rn : 46, gcp : 300355 wu: 0.078337, ru: 0.008704, gcu : 0.319119
WRsum : 0.300000, utilsum(noblock): 1.032010, utilsum(nogc): 0.128182 totutil : 1.160192
::UUNIFAST GEN::
[0]0.023368
[1]0.024972
[2]0.027009
[3]0.029722
[4]0.033605
[5]0.039864
[6]0.052610
[7]0.068851
[ALL]0.300000
min_rc,wn,mult : 35 23 1
wp: 877225, wn : 23, rp : 2875764, rn : 48, gcp : 877225 wu: 0.018694, ru: 0.004674, gcu : 0.109264
min_rc,wn,mult : 35 22 1
wp: 785180, wn : 22, rp : 2410704, rn : 43, gcp : 785180 wu: 0.019978, ru: 0.004994, gcu : 0.122073
min_rc,wn,mult : 35 5 7
wp: 219988, wn : 5, rp : 803436, rn : 31, gcp : 1539916 wu: 0.016205, ru: 0.010804, gcu : 0.062243
min_rc,wn,mult : 35 30 1
wp: 2398883, wn : 30, rp : 672898, rn : 50, gcp : 2398883 wu: 0.008917, ru: 0.020806, gcu : 0.039956
min_rc,wn,mult : 35 26 1
wp: 1379128, wn : 26, rp : 333288, rn : 24, gcp : 1379128 wu: 0.013442, ru: 0.020163, gcu : 0.069500
min_rc,wn,mult : 35 21 1
wp: 1878021, wn : 21, rp : 193157, rn : 22, gcp : 1878021 wu: 0.007973, ru: 0.031891, gcu : 0.051037
min_rc,wn,mult : 35 10 3
wp: 1355248, wn : 10, rp : 248367, rn : 42, gcp : 4065744 wu: 0.005261, ru: 0.047349, gcu : 0.023575
min_rc,wn,mult : 35 4 8
wp: 207115, wn : 4, rp : 142337, rn : 28, gcp : 1656920 wu: 0.013770, ru: 0.055081, gcu : 0.057848
WRsum : 0.300000, utilsum(noblock): 0.835495, utilsum(nogc): 0.024590 totutil : 0.860085
saving 23,877225,48,2875764,877225,0,10878
saving 22,785180,43,2410704,785180,10879,21757
saving 5,219988,31,803436,1539916,21758,32636
saving 30,2398883,50,672898,2398883,32637,43515
saving 26,1379128,24,333288,1379128,43516,54394
saving 21,1878021,22,193157,1878021,54395,65273
saving 10,1355248,42,248367,4065744,65274,76152
saving 4,207115,28,142337,1656920,76153,87031
