[ SCHEMES ] 0, 0, 0, 0
[EXEC-main] 0, 1
[EXEC-task] 8, 0.300000
[EXEC-skew] -1, -2.000000, -2.000000, 32766
[EXEC-OP  ] 0, 0.320000, 35
[NOB MAXPE] : 1000, 2000
[LAT MODE ] : 0 (0=STATE, 1=FIXED_S, 2=FIXED_E)
expected_invalid : 34720, expected_fp : 5217, maxvalid : 87039
::UUNIFAST GEN::
[0]0.047964
[1]0.046355
[2]0.044516
[3]0.042351
[4]0.039686
[5]0.036122
[6]0.030302
[7]0.012703
[ALL]0.300000
min_rc,wn,mult : 35 14 2
wp: 346855, wn : 14, rp : 729709, rn : 50, gcp : 693710 wu: 0.028779, ru: 0.019186, gcu : 0.138169
min_rc,wn,mult : 35 9 3
wp: 153812, wn : 9, rp : 664434, rn : 11, gcp : 461436 wu: 0.041720, ru: 0.004636, gcu : 0.207719
min_rc,wn,mult : 35 23 1
wp: 1227957, wn : 23, rp : 215654, rn : 24, gcp : 1227957 wu: 0.013355, ru: 0.031161, gcu : 0.078056
min_rc,wn,mult : 35 6 5
wp: 112236, wn : 6, rp : 2578447, rn : 39, gcp : 561180 wu: 0.038116, ru: 0.004235, gcu : 0.170799
min_rc,wn,mult : 35 22 1
wp: 1976262, wn : 22, rp : 317492, rn : 36, gcp : 1976262 wu: 0.007937, ru: 0.031749, gcu : 0.048500
min_rc,wn,mult : 35 8 4
wp: 263178, wn : 8, rp : 891411, rn : 46, gcp : 1052712 wu: 0.021673, ru: 0.014449, gcu : 0.091050
min_rc,wn,mult : 35 11 3
wp: 1294128, wn : 11, rp : 150153, rn : 13, gcp : 3882384 wu: 0.006060, ru: 0.024242, gcu : 0.024688
min_rc,wn,mult : 35 13 2
wp: 912084, wn : 13, rp : 3967553, rn : 36, gcp : 1824168 wu: 0.010162, ru: 0.002541, gcu : 0.052544
WRsum : 0.300001, utilsum(noblock): 1.111525, utilsum(nogc): 0.031184 totutil : 1.142709
::UUNIFAST GEN::
[0]0.001422
[1]0.001651
[2]0.001969
[3]0.002443
[4]0.003225
[5]0.004771
[6]0.009308
[7]0.275212
[ALL]0.300000
min_rc,wn,mult : 35 9 3
wp: 11280836, wn : 9, rp : 10500887, rn : 32, gcp : 33842508 wu: 0.000569, ru: 0.000853, gcu : 0.002832
min_rc,wn,mult : 35 30 1
wp: 25917828, wn : 30, rp : 11535190, rn : 34, gcp : 25917828 wu: 0.000825, ru: 0.000825, gcu : 0.003698
min_rc,wn,mult : 35 13 2
wp: 5231364, wn : 13, rp : 48357248, rn : 34, gcp : 10462728 wu: 0.001772, ru: 0.000197, gcu : 0.009161
min_rc,wn,mult : 35 21 1
wp: 7662724, wn : 21, rp : 26366362, rn : 46, gcp : 7662724 wu: 0.001954, ru: 0.000489, gcu : 0.012508
min_rc,wn,mult : 35 5 7
wp: 1381679, wn : 5, rp : 9115598, rn : 21, gcp : 9671753 wu: 0.002580, ru: 0.000645, gcu : 0.009910
min_rc,wn,mult : 35 3 11
wp: 640435, wn : 3, rp : 1760523, rn : 9, gcp : 7044785 wu: 0.003340, ru: 0.001431, gcu : 0.013606
min_rc,wn,mult : 35 24 1
wp: 2042724, wn : 24, rp : 13837809, rn : 46, gcp : 2042724 wu: 0.008377, ru: 0.000931, gcu : 0.046922
min_rc,wn,mult : 35 24 1
wp: 207258, wn : 24, rp : 59590, rn : 41, gcp : 207258 wu: 0.082564, ru: 0.192648, gcu : 0.462462
WRsum : 0.300002, utilsum(noblock): 0.861102, utilsum(nogc): 0.058735 totutil : 0.919837
saving 9,11280836,32,10500887,33842508,0,10878
saving 30,25917828,34,11535190,25917828,10879,21757
saving 13,5231364,34,48357248,10462728,21758,32636
saving 21,7662724,46,26366362,7662724,32637,43515
saving 5,1381679,21,9115598,9671753,43516,54394
saving 3,640435,9,1760523,7044785,54395,65273
saving 24,2042724,46,13837809,2042724,65274,76152
saving 24,207258,41,59590,207258,76153,87031
