[ SCHEMES ] 0, 0, 0, 0
[EXEC-main] 0, 1
[EXEC-task] 8, 0.200000
[EXEC-skew] -1, -2.000000, -2.000000, 32767
[EXEC-OP  ] 0, 0.320000, 35
[NOB MAXPE] : 1000, 2000
[LAT MODE ] : 0 (0=STATE, 1=FIXED_S, 2=FIXED_E)
expected_invalid : 34720, expected_fp : 5217, maxvalid : 87039
::UUNIFAST GEN::
[0]0.011182
[1]0.012258
[2]0.013664
[3]0.015603
[4]0.018504
[5]0.023490
[6]0.034909
[7]0.070389
[ALL]0.200000
min_rc,wn,mult : 35 14 2
wp: 1785290, wn : 14, rp : 200313, rn : 4, gcp : 3570580 wu: 0.005591, ru: 0.005591, gcu : 0.026844
min_rc,wn,mult : 35 12 2
wp: 1395929, wn : 12, rp : 776604, rn : 17, gcp : 2791858 wu: 0.006129, ru: 0.006129, gcu : 0.034332
min_rc,wn,mult : 35 8 4
wp: 4174388, wn : 8, rp : 933496, rn : 41, gcp : 16697552 wu: 0.001366, ru: 0.012298, gcu : 0.005740
min_rc,wn,mult : 35 15 2
wp: 1370893, wn : 15, rp : 1292062, rn : 36, gcp : 2741786 wu: 0.007801, ru: 0.007801, gcu : 0.034959
min_rc,wn,mult : 35 25 1
wp: 1070324, wn : 25, rp : 1815797, rn : 12, gcp : 1070324 wu: 0.016654, ru: 0.001850, gcu : 0.089551
min_rc,wn,mult : 35 15 2
wp: 569116, wn : 15, rp : 2383957, rn : 40, gcp : 1138232 wu: 0.018792, ru: 0.004698, gcu : 0.084209
min_rc,wn,mult : 35 3 11
wp: 153186, wn : 3, rp : 427784, rn : 32, gcp : 1685046 wu: 0.013963, ru: 0.020945, gcu : 0.056882
min_rc,wn,mult : 35 21 1
wp: 236354, wn : 21, rp : 198895, rn : 5, gcp : 236354 wu: 0.063350, ru: 0.007039, gcu : 0.405532
WRsum : 0.200000, utilsum(noblock): 0.938049, utilsum(nogc): 0.022848 totutil : 0.960897
saving 14,1785290,4,200313,3570580,0,10878
saving 12,1395929,17,776604,2791858,10879,21757
saving 8,4174388,41,933496,16697552,21758,32636
saving 15,1370893,36,1292062,2741786,32637,43515
saving 25,1070324,12,1815797,1070324,43516,54394
saving 15,569116,40,2383957,1138232,54395,65273
saving 3,153186,32,427784,1685046,65274,76152
saving 21,236354,5,198895,236354,76153,87031
