[ SCHEMES ] 0, 0, 0, 0
[EXEC-main] 0, 1
[EXEC-task] 8, 0.200000
[EXEC-skew] -1, -2.000000, -2.000000, 32767
[EXEC-OP  ] 0, 0.320000, 35
[NOB MAXPE] : 1000, 2000
[LAT MODE ] : 0 (0=STATE, 1=FIXED_S, 2=FIXED_E)
expected_invalid : 34720, expected_fp : 5217, maxvalid : 87039
::UUNIFAST GEN::
[0]0.011063
[1]0.012136
[2]0.013538
[3]0.015474
[4]0.018375
[5]0.023370
[6]0.034841
[7]0.071203
[ALL]0.200000
min_rc,wn,mult : 35 26 1
wp: 5585707, wn : 26, rp : 1120877, rn : 31, gcp : 5585707 wu: 0.003319, ru: 0.007744, gcu : 0.017160
min_rc,wn,mult : 35 6 5
wp: 440647, wn : 6, rp : 4729903, rn : 41, gcp : 2203235 wu: 0.009708, ru: 0.002427, gcu : 0.043504
min_rc,wn,mult : 35 27 1
wp: 2369956, wn : 27, rp : 775581, rn : 15, gcp : 2369956 wu: 0.008123, ru: 0.005415, gcu : 0.040443
min_rc,wn,mult : 35 3 11
wp: 276456, wn : 3, rp : 940908, rn : 26, gcp : 3041016 wu: 0.007737, ru: 0.007737, gcu : 0.031519
min_rc,wn,mult : 35 27 1
wp: 1746080, wn : 27, rp : 1790432, rn : 47, gcp : 1746080 wu: 0.011025, ru: 0.007350, gcu : 0.054894
min_rc,wn,mult : 35 4 8
wp: 203398, wn : 4, rp : 89860, rn : 3, gcp : 1627184 wu: 0.014022, ru: 0.009348, gcu : 0.058905
min_rc,wn,mult : 35 12 2
wp: 2455735, wn : 12, rp : 312531, rn : 35, gcp : 4911470 wu: 0.003484, ru: 0.031357, gcu : 0.019515
min_rc,wn,mult : 35 20 1
wp: 333786, wn : 20, rp : 383409, rn : 39, gcp : 333786 wu: 0.042722, ru: 0.028481, gcu : 0.287157
WRsum : 0.200000, utilsum(noblock): 0.753097, utilsum(nogc): 0.038949 totutil : 0.792046
saving 26,5585707,31,1120877,5585707,0,10878
saving 6,440647,41,4729903,2203235,10879,21757
saving 27,2369956,15,775581,2369956,21758,32636
saving 3,276456,26,940908,3041016,32637,43515
saving 27,1746080,47,1790432,1746080,43516,54394
saving 4,203398,3,89860,1627184,54395,65273
saving 12,2455735,35,312531,4911470,65274,76152
saving 20,333786,39,383409,333786,76153,87031
