[ SCHEMES ] 0, 0, 0, 0
[EXEC-main] 0, 1
[EXEC-task] 8, 0.300000
[EXEC-skew] -1, -2.000000, -2.000000, 32766
[EXEC-OP  ] 0, 0.320000, 35
[NOB MAXPE] : 1000, 2000
[LAT MODE ] : 0 (0=STATE, 1=FIXED_S, 2=FIXED_E)
expected_invalid : 34720, expected_fp : 5217, maxvalid : 87039
::UUNIFAST GEN::
[0]0.009016
[1]0.010177
[2]0.011743
[3]0.013991
[4]0.017529
[5]0.024061
[6]0.041058
[7]0.172425
[ALL]0.300000
min_rc,wn,mult : 35 21 1
wp: 2767928, wn : 21, rp : 621134, rn : 8, gcp : 2767928 wu: 0.005409, ru: 0.003606, gcu : 0.034628
min_rc,wn,mult : 35 8 4
wp: 1121011, wn : 8, rp : 1375715, rn : 25, gcp : 4484044 wu: 0.005088, ru: 0.005088, gcu : 0.021376
min_rc,wn,mult : 35 30 1
wp: 2023876, wn : 30, rp : 9775919, rn : 41, gcp : 2023876 wu: 0.010569, ru: 0.001174, gcu : 0.047359
min_rc,wn,mult : 35 12 2
wp: 2038488, wn : 12, rp : 1200792, rn : 42, gcp : 4076976 wu: 0.004197, ru: 0.009794, gcu : 0.023510
min_rc,wn,mult : 35 26 1
wp: 1762573, wn : 26, rp : 598997, rn : 15, gcp : 1762573 wu: 0.010518, ru: 0.007012, gcu : 0.054380
min_rc,wn,mult : 35 27 1
wp: 2666937, wn : 27, rp : 432229, rn : 26, gcp : 2666937 wu: 0.007218, ru: 0.016843, gcu : 0.035940
min_rc,wn,mult : 35 29 1
wp: 559562, wn : 29, rp : 272785, rn : 4, gcp : 559562 wu: 0.036952, ru: 0.004106, gcu : 0.171293
min_rc,wn,mult : 35 25 1
wp: 114864, wn : 25, rp : 795706, rn : 49, gcp : 114864 wu: 0.155183, ru: 0.017243, gcu : 0.834456
WRsum : 0.300001, utilsum(noblock): 1.522943, utilsum(nogc): 0.030471 totutil : 1.553414
::UUNIFAST GEN::
[0]0.119447
[1]0.080706
[2]0.050800
[3]0.028877
[4]0.014002
[5]0.005125
[6]0.001013
[7]0.000030
[ALL]0.300000
min_rc,wn,mult : 35 24 1
wp: 159178, wn : 24, rp : 93765, rn : 4, gcp : 159178 wu: 0.107502, ru: 0.011945, gcu : 0.602150
min_rc,wn,mult : 35 2 17
wp: 58896, wn : 2, rp : 4956, rn : 1, gcp : 1001232 wu: 0.024212, ru: 0.056494, gcu : 0.095731
min_rc,wn,mult : 35 14 2
wp: 245619, wn : 14, rp : 248030, rn : 9, gcp : 491238 wu: 0.040640, ru: 0.010160, gcu : 0.195117
min_rc,wn,mult : 35 21 1
wp: 5185104, wn : 21, rp : 355531, rn : 33, gcp : 5185104 wu: 0.002888, ru: 0.025989, gcu : 0.018485
min_rc,wn,mult : 35 12 2
wp: 678958, wn : 12, rp : 4599399, rn : 23, gcp : 1357916 wu: 0.012602, ru: 0.001400, gcu : 0.070585
min_rc,wn,mult : 35 23 1
wp: 3555187, wn : 23, rp : 8741090, rn : 16, gcp : 3555187 wu: 0.004613, ru: 0.000513, gcu : 0.026960
min_rc,wn,mult : 35 10 3
wp: 14071945, wn : 10, rp : 18236294, rn : 33, gcp : 42215835 wu: 0.000507, ru: 0.000507, gcu : 0.002270
min_rc,wn,mult : 35 29 1
wp: 1154995456, wn : 29, rp : 187686048, rn : 8, gcp : 1154995456 wu: 0.000018, ru: 0.000012, gcu : 0.000083
WRsum : 0.300004, utilsum(noblock): 1.311386, utilsum(nogc): 0.706215 totutil : 2.017601
::UUNIFAST GEN::
[0]0.017480
[1]0.019110
[2]0.021234
[3]0.024152
[4]0.028498
[5]0.035917
[6]0.052704
[7]0.100906
[ALL]0.300000
min_rc,wn,mult : 35 21 1
wp: 2855272, wn : 21, rp : 274600, rn : 12, gcp : 2855272 wu: 0.005244, ru: 0.012236, gcu : 0.033569
min_rc,wn,mult : 35 29 1
wp: 2704966, wn : 29, rp : 219777, rn : 9, gcp : 2704966 wu: 0.007644, ru: 0.011466, gcu : 0.035434
min_rc,wn,mult : 35 14 2
wp: 1567001, wn : 14, rp : 263730, rn : 14, gcp : 3134002 wu: 0.006370, ru: 0.014864, gcu : 0.030584
min_rc,wn,mult : 35 7 5
wp: 688843, wn : 7, rp : 248430, rn : 15, gcp : 3444215 wu: 0.007245, ru: 0.016906, gcu : 0.027829
min_rc,wn,mult : 35 20 1
wp: 625489, wn : 20, rp : 1228170, rn : 25, gcp : 625489 wu: 0.022798, ru: 0.005700, gcu : 0.153239
min_rc,wn,mult : 35 2 17
wp: 49628, wn : 2, rp : 272850, rn : 7, gcp : 843676 wu: 0.028734, ru: 0.007183, gcu : 0.113609
min_rc,wn,mult : 35 14 2
wp: 378793, wn : 14, rp : 340010, rn : 32, gcp : 757586 wu: 0.026352, ru: 0.026352, gcu : 0.126519
min_rc,wn,mult : 35 28 1
wp: 395696, wn : 28, rp : 260837, rn : 47, gcp : 395696 wu: 0.050453, ru: 0.050453, gcu : 0.242229
WRsum : 0.300001, utilsum(noblock): 1.063012, utilsum(nogc): 0.070525 totutil : 1.133537
::UUNIFAST GEN::
[0]0.032175
[1]0.033203
[2]0.034456
[3]0.036044
[4]0.038171
[5]0.041276
[6]0.046405
[7]0.038271
[ALL]0.300000
min_rc,wn,mult : 35 9 3
wp: 997206, wn : 9, rp : 239317, rn : 22, gcp : 2991618 wu: 0.006435, ru: 0.025740, gcu : 0.032039
min_rc,wn,mult : 35 8 4
wp: 286323, wn : 8, rp : 906555, rn : 43, gcp : 1145292 wu: 0.019922, ru: 0.013281, gcu : 0.083690
min_rc,wn,mult : 35 20 1
wp: 689771, wn : 20, rp : 121895, rn : 6, gcp : 689771 wu: 0.020674, ru: 0.013782, gcu : 0.138958
min_rc,wn,mult : 35 11 3
wp: 241774, wn : 11, rp : 1165252, rn : 15, gcp : 725322 wu: 0.032439, ru: 0.003604, gcu : 0.132147
min_rc,wn,mult : 35 24 1
wp: 498113, wn : 24, rp : 2200643, rn : 30, gcp : 498113 wu: 0.034354, ru: 0.003817, gcu : 0.192424
min_rc,wn,mult : 35 1 35
wp: 19193, wn : 1, rp : 2984776, rn : 44, gcp : 671755 wu: 0.037149, ru: 0.004128, gcu : 0.142684
min_rc,wn,mult : 35 12 2
wp: 263395, wn : 12, rp : 402255, rn : 20, gcp : 526790 wu: 0.032484, ru: 0.013922, gcu : 0.181949
min_rc,wn,mult : 35 14 2
wp: 521645, wn : 14, rp : 395075, rn : 27, gcp : 1043290 wu: 0.019136, ru: 0.019136, gcu : 0.091872
WRsum : 0.300001, utilsum(noblock): 1.295764, utilsum(nogc): 0.182358 totutil : 1.478122
::UUNIFAST GEN::
[0]0.000380
[1]0.000442
[2]0.000530
[3]0.000661
[4]0.000879
[5]0.001314
[6]0.002610
[7]0.293185
[ALL]0.300000
min_rc,wn,mult : 35 28 1
wp: 75141856, wn : 28, rp : 100821464, rn : 41, gcp : 75141856 wu: 0.000266, ru: 0.000114, gcu : 0.001276
min_rc,wn,mult : 35 16 2
wp: 64495700, wn : 16, rp : 36936528, rn : 35, gcp : 128991400 wu: 0.000177, ru: 0.000265, gcu : 0.000743
min_rc,wn,mult : 35 17 2
wp: 45758732, wn : 17, rp : 8456362, rn : 8, gcp : 91517464 wu: 0.000265, ru: 0.000265, gcu : 0.001047
min_rc,wn,mult : 35 24 1
wp: 32364748, wn : 24, rp : 105915496, rn : 50, gcp : 32364748 wu: 0.000529, ru: 0.000132, gcu : 0.002962
min_rc,wn,mult : 35 14 2
wp: 56784880, wn : 14, rp : 2389265, rn : 6, gcp : 113569760 wu: 0.000176, ru: 0.000703, gcu : 0.000844
min_rc,wn,mult : 35 24 1
wp: 16284261, wn : 24, rp : 23448118, rn : 22, gcp : 16284261 wu: 0.001051, ru: 0.000263, gcu : 0.005886
min_rc,wn,mult : 35 9 3
wp: 3512745, wn : 9, rp : 357642, rn : 1, gcp : 10538235 wu: 0.001827, ru: 0.000783, gcu : 0.009095
min_rc,wn,mult : 35 9 3
wp: 54717, wn : 9, rp : 74810, rn : 47, gcp : 164151 wu: 0.117274, ru: 0.175911, gcu : 0.583907
WRsum : 0.300003, utilsum(noblock): 0.905763, utilsum(nogc): 0.063965 totutil : 0.969729
saving 28,75141856,41,100821464,75141856,0,10878
saving 16,64495700,35,36936528,128991400,10879,21757
saving 17,45758732,8,8456362,91517464,21758,32636
saving 24,32364748,50,105915496,32364748,32637,43515
saving 14,56784880,6,2389265,113569760,43516,54394
saving 24,16284261,22,23448118,16284261,54395,65273
saving 9,3512745,1,357642,10538235,65274,76152
saving 9,54717,47,74810,164151,76153,87031
