[ SCHEMES ] 0, 0, 0, 0
[EXEC-main] 0, 1
[EXEC-task] 8, 0.100000
[EXEC-skew] -1, -2.000000, -2.000000, 32764
[EXEC-OP  ] 0, 0.320000, 35
[NOB MAXPE] : 1000, 2000
[LAT MODE ] : 0 (0=STATE, 1=FIXED_S, 2=FIXED_E)
expected_invalid : 34720, expected_fp : 5217, maxvalid : 87039
::UUNIFAST GEN::
[0]0.003812
[1]0.004264
[2]0.004868
[3]0.005724
[4]0.007051
[5]0.009447
[6]0.015442
[7]0.049394
[ALL]0.100000
min_rc,wn,mult : 35 26 1
wp: 12158706, wn : 26, rp : 734585, rn : 6, gcp : 12158706 wu: 0.001525, ru: 0.002287, gcu : 0.007883
min_rc,wn,mult : 35 30 1
wp: 12541882, wn : 30, rp : 3392973, rn : 31, gcp : 12541882 wu: 0.001705, ru: 0.002558, gcu : 0.007642
min_rc,wn,mult : 35 8 4
wp: 5858999, wn : 8, rp : 1581847, rn : 22, gcp : 23435996 wu: 0.000974, ru: 0.003894, gcu : 0.004090
min_rc,wn,mult : 35 26 1
wp: 5397935, wn : 26, rp : 1345261, rn : 11, gcp : 5397935 wu: 0.003434, ru: 0.002290, gcu : 0.017757
min_rc,wn,mult : 35 27 1
wp: 3900550, wn : 27, rp : 4103639, rn : 31, gcp : 3900550 wu: 0.004935, ru: 0.002115, gcu : 0.024573
min_rc,wn,mult : 35 30 1
wp: 7547609, wn : 30, rp : 592799, rn : 14, gcp : 7547609 wu: 0.002834, ru: 0.006613, gcu : 0.012699
min_rc,wn,mult : 35 26 1
wp: 1500606, wn : 26, rp : 2719838, rn : 30, gcp : 1500606 wu: 0.012354, ru: 0.003088, gcu : 0.063874
min_rc,wn,mult : 35 10 3
wp: 180438, wn : 10, rp : 396812, rn : 14, gcp : 541314 wu: 0.039515, ru: 0.009879, gcu : 0.177067
WRsum : 0.100000, utilsum(noblock): 0.415585, utilsum(nogc): 0.019397 totutil : 0.434982
saving 26,12158706,6,734585,12158706,0,10878
saving 30,12541882,31,3392973,12541882,10879,21757
saving 8,5858999,22,1581847,23435996,21758,32636
saving 26,5397935,11,1345261,5397935,32637,43515
saving 27,3900550,31,4103639,3900550,43516,54394
saving 30,7547609,14,592799,7547609,54395,65273
saving 26,1500606,30,2719838,1500606,65274,76152
saving 10,180438,14,396812,541314,76153,87031
