[ SCHEMES ] 0, 0, 0, 0
[EXEC-main] 0, 1
[EXEC-task] 8, 0.200000
[EXEC-skew] -1, -2.000000, -2.000000, 32764
[EXEC-OP  ] 0, 0.320000, 35
[NOB MAXPE] : 1000, 2000
[LAT MODE ] : 0 (0=STATE, 1=FIXED_S, 2=FIXED_E)
expected_invalid : 34720, expected_fp : 5217, maxvalid : 87039
::UUNIFAST GEN::
[0]0.007675
[1]0.008583
[2]0.009796
[3]0.011513
[4]0.014175
[5]0.018977
[6]0.030977
[7]0.098304
[ALL]0.200000
min_rc,wn,mult : 35 18 1
wp: 5573734, wn : 18, rp : 1511344, rn : 29, gcp : 5573734 wu: 0.002303, ru: 0.005373, gcu : 0.017197
min_rc,wn,mult : 35 10 3
wp: 1661419, wn : 10, rp : 1174411, rn : 18, gcp : 4984257 wu: 0.004292, ru: 0.004292, gcu : 0.019230
min_rc,wn,mult : 35 13 2
wp: 1892495, wn : 13, rp : 857534, rn : 15, gcp : 3784990 wu: 0.004898, ru: 0.004898, gcu : 0.025323
min_rc,wn,mult : 35 12 2
wp: 2477125, wn : 12, rp : 312680, rn : 9, gcp : 4954250 wu: 0.003454, ru: 0.008059, gcu : 0.019347
min_rc,wn,mult : 35 1 35
wp: 83835, wn : 1, rp : 49384, rn : 1, gcp : 2934225 wu: 0.008505, ru: 0.005670, gcu : 0.032666
min_rc,wn,mult : 35 6 5
wp: 2254348, wn : 6, rp : 311493, rn : 19, gcp : 11271740 wu: 0.001898, ru: 0.017079, gcu : 0.008503
min_rc,wn,mult : 35 6 5
wp: 345252, wn : 6, rp : 30129, rn : 2, gcp : 1726260 wu: 0.012391, ru: 0.018586, gcu : 0.055524
min_rc,wn,mult : 35 14 2
wp: 169236, wn : 14, rp : 185139, rn : 26, gcp : 338472 wu: 0.058983, ru: 0.039322, gcu : 0.283181
WRsum : 0.200001, utilsum(noblock): 0.660973, utilsum(nogc): 0.116167 totutil : 0.777140
saving 18,5573734,29,1511344,5573734,0,10878
saving 10,1661419,18,1174411,4984257,10879,21757
saving 13,1892495,15,857534,3784990,21758,32636
saving 12,2477125,9,312680,4954250,32637,43515
saving 1,83835,1,49384,2934225,43516,54394
saving 6,2254348,19,311493,11271740,54395,65273
saving 6,345252,2,30129,1726260,65274,76152
saving 14,169236,26,185139,338472,76153,87031
