[ SCHEMES ] 0, 0, 0, 0
[EXEC-main] 0, 1
[EXEC-task] 8, 0.300000
[EXEC-skew] -1, -2.000000, -2.000000, 32764
[EXEC-OP  ] 0, 0.320000, 35
[NOB MAXPE] : 1000, 2000
[LAT MODE ] : 0 (0=STATE, 1=FIXED_S, 2=FIXED_E)
expected_invalid : 34720, expected_fp : 5217, maxvalid : 87039
::UUNIFAST GEN::
[0]0.063523
[1]0.057320
[2]0.050756
[3]0.043730
[4]0.036072
[5]0.027466
[6]0.017137
[7]0.003996
[ALL]0.300000
min_rc,wn,mult : 35 11 3
wp: 176380, wn : 11, rp : 455474, rn : 31, gcp : 529140 wu: 0.044466, ru: 0.019057, gcu : 0.181141
min_rc,wn,mult : 35 16 2
wp: 1990230, wn : 16, rp : 195394, rn : 36, gcp : 3980460 wu: 0.005732, ru: 0.051588, gcu : 0.024080
min_rc,wn,mult : 35 28 1
wp: 561901, wn : 28, rp : 330994, rn : 18, gcp : 561901 wu: 0.035529, ru: 0.015227, gcu : 0.170580
min_rc,wn,mult : 35 4 8
wp: 652188, wn : 4, rp : 213432, rn : 30, gcp : 5217504 wu: 0.004373, ru: 0.039357, gcu : 0.018371
min_rc,wn,mult : 35 1 35
wp: 21962, wn : 1, rp : 3027257, rn : 39, gcp : 768670 wu: 0.032465, ru: 0.003607, gcu : 0.124695
min_rc,wn,mult : 35 13 2
wp: 1124918, wn : 13, rp : 597108, rn : 41, gcp : 2249836 wu: 0.008240, ru: 0.019226, gcu : 0.042603
min_rc,wn,mult : 35 4 8
wp: 554751, wn : 4, rp : 700247, rn : 30, gcp : 4438008 wu: 0.005141, ru: 0.011996, gcu : 0.021597
min_rc,wn,mult : 35 30 1
wp: 17842876, wn : 30, rp : 1401403, rn : 14, gcp : 17842876 wu: 0.001199, ru: 0.002797, gcu : 0.005372
WRsum : 0.300001, utilsum(noblock): 0.888438, utilsum(nogc): 0.159366 totutil : 1.047805
::UUNIFAST GEN::
[0]0.076235
[1]0.064822
[2]0.053509
[3]0.042316
[4]0.031272
[5]0.020433
[6]0.009947
[7]0.001466
[ALL]0.300000
min_rc,wn,mult : 35 27 1
wp: 280580, wn : 27, rp : 183643, rn : 5, gcp : 280580 wu: 0.068611, ru: 0.007623, gcu : 0.341610
min_rc,wn,mult : 35 21 1
wp: 384978, wn : 21, rp : 453550, rn : 42, gcp : 384978 wu: 0.038893, ru: 0.025929, gcu : 0.248973
min_rc,wn,mult : 35 23 1
wp: 1021572, wn : 23, rp : 164458, rn : 22, gcp : 1021572 wu: 0.016053, ru: 0.037456, gcu : 0.093825
min_rc,wn,mult : 35 8 4
wp: 449319, wn : 8, rp : 66169, rn : 7, gcp : 1797276 wu: 0.012695, ru: 0.029621, gcu : 0.053330
min_rc,wn,mult : 35 5 7
wp: 142497, wn : 5, rp : 1208733, rn : 27, gcp : 997479 wu: 0.025018, ru: 0.006254, gcu : 0.096091
min_rc,wn,mult : 35 30 1
wp: 1744730, wn : 30, rp : 274067, rn : 8, gcp : 1744730 wu: 0.012260, ru: 0.008173, gcu : 0.054936
min_rc,wn,mult : 35 1 35
wp: 143356, wn : 1, rp : 2589657, rn : 46, gcp : 5017460 wu: 0.004974, ru: 0.004974, gcu : 0.019103
min_rc,wn,mult : 35 13 2
wp: 12646139, wn : 13, rp : 13752625, rn : 36, gcp : 25292278 wu: 0.000733, ru: 0.000733, gcu : 0.003790
WRsum : 0.300001, utilsum(noblock): 1.211659, utilsum(nogc): 0.052895 totutil : 1.264554
::UUNIFAST GEN::
[0]0.004438
[1]0.005095
[2]0.005998
[3]0.007324
[4]0.009472
[5]0.013605
[6]0.025171
[7]0.228897
[ALL]0.300000
min_rc,wn,mult : 35 17 2
wp: 5462265, wn : 17, rp : 4290138, rn : 34, gcp : 10924530 wu: 0.002219, ru: 0.002219, gcu : 0.008774
min_rc,wn,mult : 35 1 35
wp: 349862, wn : 1, rp : 1465531, rn : 16, gcp : 12245170 wu: 0.002038, ru: 0.003057, gcu : 0.007827
min_rc,wn,mult : 35 27 1
wp: 10698513, wn : 27, rp : 1333771, rn : 20, gcp : 10698513 wu: 0.001799, ru: 0.004199, gcu : 0.008959
min_rc,wn,mult : 35 9 3
wp: 1460334, wn : 9, rp : 1338128, rn : 14, gcp : 4381002 wu: 0.004394, ru: 0.002929, gcu : 0.021878
min_rc,wn,mult : 35 23 1
wp: 2164043, wn : 23, rp : 5468500, rn : 37, gcp : 2164043 wu: 0.007578, ru: 0.001894, gcu : 0.044292
min_rc,wn,mult : 35 30 1
wp: 1746896, wn : 30, rp : 9055440, rn : 44, gcp : 1746896 wu: 0.012245, ru: 0.001361, gcu : 0.054868
min_rc,wn,mult : 35 27 1
wp: 1529630, wn : 27, rp : 489456, rn : 22, gcp : 1529630 wu: 0.012585, ru: 0.012585, gcu : 0.062662
min_rc,wn,mult : 35 26 1
wp: 809883, wn : 26, rp : 39416, rn : 29, gcp : 809883 wu: 0.022890, ru: 0.206007, gcu : 0.118349
WRsum : 0.300000, utilsum(noblock): 0.627610, utilsum(nogc): 0.088796 totutil : 0.716406
saving 17,5462265,34,4290138,10924530,0,10878
saving 1,349862,16,1465531,12245170,10879,21757
saving 27,10698513,20,1333771,10698513,21758,32636
saving 9,1460334,14,1338128,4381002,32637,43515
saving 23,2164043,37,5468500,2164043,43516,54394
saving 30,1746896,44,9055440,1746896,54395,65273
saving 27,1529630,22,489456,1529630,65274,76152
saving 26,809883,29,39416,809883,76153,87031
