[ SCHEMES ] 0, 0, 0, 0
[EXEC-main] 0, 1
[EXEC-task] 8, 0.100000
[EXEC-skew] -1, -2.000000, -2.000000, 32765
[EXEC-OP  ] 0, 0.320000, 35
[NOB MAXPE] : 1000, 2000
[LAT MODE ] : 0 (0=STATE, 1=FIXED_S, 2=FIXED_E)
expected_invalid : 34720, expected_fp : 5217, maxvalid : 87039
::UUNIFAST GEN::
[0]0.009875
[1]0.010295
[2]0.010814
[3]0.011481
[4]0.012394
[5]0.013770
[6]0.016220
[7]0.015151
[ALL]0.100000
min_rc,wn,mult : 35 18 1
wp: 12996617, wn : 18, rp : 94515, rn : 3, gcp : 12996617 wu: 0.000987, ru: 0.008887, gcu : 0.007375
min_rc,wn,mult : 35 18 1
wp: 6233040, wn : 18, rp : 645936, rn : 19, gcp : 6233040 wu: 0.002059, ru: 0.008236, gcu : 0.015378
min_rc,wn,mult : 35 10 3
wp: 2197786, wn : 10, rp : 1738501, rn : 47, gcp : 6593358 wu: 0.003244, ru: 0.007570, gcu : 0.014537
min_rc,wn,mult : 35 3 11
wp: 931515, wn : 3, rp : 1371797, rn : 45, gcp : 10246665 wu: 0.002296, ru: 0.009185, gcu : 0.009354
min_rc,wn,mult : 35 7 5
wp: 1006751, wn : 7, rp : 1016635, rn : 27, gcp : 5033755 wu: 0.004958, ru: 0.007436, gcu : 0.019041
min_rc,wn,mult : 35 9 3
wp: 2330108, wn : 9, rp : 1042139, rn : 41, gcp : 6990324 wu: 0.002754, ru: 0.011016, gcu : 0.013712
min_rc,wn,mult : 35 10 3
wp: 627979, wn : 10, rp : 632970, rn : 11, gcp : 1883937 wu: 0.011354, ru: 0.004866, gcu : 0.050877
min_rc,wn,mult : 35 19 1
wp: 1117636, wn : 19, rp : 4527636, rn : 49, gcp : 1117636 wu: 0.012121, ru: 0.003030, gcu : 0.085760
WRsum : 0.100000, utilsum(noblock): 0.316034, utilsum(nogc): 0.037031 totutil : 0.353065
saving 18,12996617,3,94515,12996617,0,10878
saving 18,6233040,19,645936,6233040,10879,21757
saving 10,2197786,47,1738501,6593358,21758,32636
saving 3,931515,45,1371797,10246665,32637,43515
saving 7,1006751,27,1016635,5033755,43516,54394
saving 9,2330108,41,1042139,6990324,54395,65273
saving 10,627979,11,632970,1883937,65274,76152
saving 19,1117636,49,4527636,1117636,76153,87031
