[ SCHEMES ] 0, 0, 0, 0
[EXEC-main] 0, 1
[EXEC-task] 8, 0.150000
[EXEC-skew] -1, -2.000000, -2.000000, 32764
[EXEC-OP  ] 0, 0.320000, 35
[NOB MAXPE] : 1000, 2000
[LAT MODE ] : 0 (0=STATE, 1=FIXED_S, 2=FIXED_E)
expected_invalid : 34720, expected_fp : 5217, maxvalid : 87039
::UUNIFAST GEN::
[0]0.048429
[1]0.037120
[2]0.027110
[3]0.018466
[4]0.011275
[5]0.005658
[6]0.001815
[7]0.000127
[ALL]0.150000
min_rc,wn,mult : 35 4 8
wp: 588905, wn : 4, rp : 160602, rn : 25, gcp : 4711240 wu: 0.004843, ru: 0.043586, gcu : 0.020345
min_rc,wn,mult : 35 2 17
wp: 128052, wn : 2, rp : 366377, rn : 34, gcp : 2176884 wu: 0.011136, ru: 0.025984, gcu : 0.044030
min_rc,wn,mult : 35 9 3
wp: 473396, wn : 9, rp : 557718, rn : 27, gcp : 1420188 wu: 0.013555, ru: 0.013555, gcu : 0.067490
min_rc,wn,mult : 35 9 3
wp: 579163, wn : 9, rp : 1364648, rn : 36, gcp : 1737489 wu: 0.011080, ru: 0.007387, gcu : 0.055165
min_rc,wn,mult : 35 22 1
wp: 2318767, wn : 22, rp : 1924668, rn : 31, gcp : 2318767 wu: 0.006765, ru: 0.004510, gcu : 0.041336
min_rc,wn,mult : 35 26 1
wp: 32764766, wn : 26, rp : 2419426, rn : 44, gcp : 32764766 wu: 0.000566, ru: 0.005092, gcu : 0.002925
min_rc,wn,mult : 35 13 2
wp: 10214486, wn : 13, rp : 10182528, rn : 33, gcp : 20428972 wu: 0.000907, ru: 0.000907, gcu : 0.004692
min_rc,wn,mult : 35 21 1
wp: 590693632, wn : 21, rp : 2761541, rn : 1, gcp : 590693632 wu: 0.000025, ru: 0.000101, gcu : 0.000162
WRsum : 0.150000, utilsum(noblock): 0.386147, utilsum(nogc): 0.027333 totutil : 0.413479
saving 4,588905,25,160602,4711240,0,10878
saving 2,128052,34,366377,2176884,10879,21757
saving 9,473396,27,557718,1420188,21758,32636
saving 9,579163,36,1364648,1737489,32637,43515
saving 22,2318767,31,1924668,2318767,43516,54394
saving 26,32764766,44,2419426,32764766,54395,65273
saving 13,10214486,33,10182528,20428972,65274,76152
saving 21,590693632,1,2761541,590693632,76153,87031
