[ SCHEMES ] 0, 0, 0, 0
[EXEC-main] 0, 1
[EXEC-task] 8, 0.100000
[EXEC-skew] -1, -2.000000, -2.000000, 32764
[EXEC-OP  ] 0, 0.320000, 35
[NOB MAXPE] : 1000, 2000
[LAT MODE ] : 0 (0=STATE, 1=FIXED_S, 2=FIXED_E)
expected_invalid : 34720, expected_fp : 5217, maxvalid : 87039
::UUNIFAST GEN::
[0]0.009934
[1]0.010350
[2]0.010862
[3]0.011520
[4]0.012420
[5]0.013772
[6]0.016170
[7]0.014971
[ALL]0.100000
min_rc,wn,mult : 35 21 1
wp: 2153156, wn : 21, rp : 93951, rn : 1, gcp : 2153156 wu: 0.006954, ru: 0.002980, gcu : 0.044516
min_rc,wn,mult : 35 14 2
wp: 1377821, wn : 14, rp : 3787560, rn : 42, gcp : 2755642 wu: 0.007245, ru: 0.003105, gcu : 0.034783
min_rc,wn,mult : 35 3 11
wp: 246155, wn : 3, rp : 5542239, rn : 43, gcp : 2707705 wu: 0.008690, ru: 0.002172, gcu : 0.035399
min_rc,wn,mult : 35 4 8
wp: 2475588, wn : 4, rp : 1242231, rn : 46, gcp : 19804704 wu: 0.001152, ru: 0.010368, gcu : 0.004840
min_rc,wn,mult : 35 14 2
wp: 2009325, wn : 14, rp : 1390276, rn : 37, gcp : 4018650 wu: 0.004968, ru: 0.007452, gcu : 0.023851
min_rc,wn,mult : 35 7 5
wp: 603985, wn : 7, rp : 1880570, rn : 37, gcp : 3019925 wu: 0.008263, ru: 0.005509, gcu : 0.031739
min_rc,wn,mult : 35 22 1
wp: 1385785, wn : 22, rp : 57718, rn : 1, gcp : 1385785 wu: 0.011319, ru: 0.004851, gcu : 0.069166
min_rc,wn,mult : 35 9 3
wp: 476246, wn : 9, rp : 8416137, rn : 45, gcp : 1428738 wu: 0.013474, ru: 0.001497, gcu : 0.067086
WRsum : 0.100000, utilsum(noblock): 0.411379, utilsum(nogc): 0.060640 totutil : 0.472019
saving 21,2153156,1,93951,2153156,0,10878
saving 14,1377821,42,3787560,2755642,10879,21757
saving 3,246155,43,5542239,2707705,21758,32636
saving 4,2475588,46,1242231,19804704,32637,43515
saving 14,2009325,37,1390276,4018650,43516,54394
saving 7,603985,37,1880570,3019925,54395,65273
saving 22,1385785,1,57718,1385785,65274,76152
saving 9,476246,45,8416137,1428738,76153,87031
