[ SCHEMES ] 0, 0, 0, 0
[EXEC-main] 0, 1
[EXEC-task] 8, 0.250000
[EXEC-skew] -1, -2.000000, -2.000000, 32764
[EXEC-OP  ] 0, 0.320000, 35
[NOB MAXPE] : 1000, 2000
[LAT MODE ] : 0 (0=STATE, 1=FIXED_S, 2=FIXED_E)
expected_invalid : 34720, expected_fp : 5217, maxvalid : 87039
::UUNIFAST GEN::
[0]0.024287
[1]0.025369
[2]0.026708
[3]0.028435
[4]0.030805
[5]0.034400
[6]0.040877
[7]0.039120
[ALL]0.250000
min_rc,wn,mult : 35 18 1
wp: 660552, wn : 18, rp : 2363452, rn : 41, gcp : 660552 wu: 0.019429, ru: 0.004857, gcu : 0.145104
min_rc,wn,mult : 35 21 1
wp: 843163, wn : 21, rp : 1618789, rn : 44, gcp : 843163 wu: 0.017758, ru: 0.007611, gcu : 0.113678
min_rc,wn,mult : 35 10 3
wp: 333705, wn : 10, rp : 1939518, rn : 37, gcp : 1001115 wu: 0.021366, ru: 0.005342, gcu : 0.095742
min_rc,wn,mult : 35 7 5
wp: 438809, wn : 7, rp : 525176, rn : 32, gcp : 2194045 wu: 0.011374, ru: 0.017061, gcu : 0.043686
min_rc,wn,mult : 35 3 11
wp: 231453, wn : 3, rp : 142832, rn : 11, gcp : 2545983 wu: 0.009242, ru: 0.021564, gcu : 0.037647
min_rc,wn,mult : 35 17 2
wp: 587265, wn : 17, rp : 569775, rn : 28, gcp : 1174530 wu: 0.020640, ru: 0.013760, gcu : 0.081606
min_rc,wn,mult : 35 24 1
wp: 2093089, wn : 24, rp : 94184, rn : 11, gcp : 2093089 wu: 0.008175, ru: 0.032702, gcu : 0.045793
min_rc,wn,mult : 35 29 1
wp: 755077, wn : 29, rp : 23858, rn : 1, gcp : 755077 wu: 0.027384, ru: 0.011736, gcu : 0.126939
WRsum : 0.250000, utilsum(noblock): 0.940197, utilsum(nogc): 0.146701 totutil : 1.086898
::UUNIFAST GEN::
[0]0.039058
[1]0.037924
[2]0.036621
[3]0.035077
[4]0.033157
[5]0.030551
[6]0.026160
[7]0.011452
[ALL]0.250000
min_rc,wn,mult : 35 30 1
wp: 1369119, wn : 30, rp : 59740, rn : 5, gcp : 1369119 wu: 0.015623, ru: 0.023435, gcu : 0.070008
min_rc,wn,mult : 35 12 2
wp: 250673, wn : 12, rp : 1328956, rn : 18, gcp : 501346 wu: 0.034132, ru: 0.003792, gcu : 0.191183
min_rc,wn,mult : 35 30 1
wp: 834409, wn : 30, rp : 203888, rn : 8, gcp : 834409 wu: 0.025635, ru: 0.010986, gcu : 0.114871
min_rc,wn,mult : 35 12 2
wp: 1219610, wn : 12, rp : 39912, rn : 4, gcp : 2439220 wu: 0.007015, ru: 0.028061, gcu : 0.039295
min_rc,wn,mult : 35 22 1
wp: 4730860, wn : 22, rp : 375321, rn : 40, gcp : 4730860 wu: 0.003316, ru: 0.029841, gcu : 0.020260
min_rc,wn,mult : 35 20 1
wp: 2333833, wn : 20, rp : 240584, rn : 21, gcp : 2333833 wu: 0.006110, ru: 0.024440, gcu : 0.041069
min_rc,wn,mult : 35 14 2
wp: 1907881, wn : 14, rp : 454894, rn : 34, gcp : 3815762 wu: 0.005232, ru: 0.020928, gcu : 0.025119
min_rc,wn,mult : 35 22 1
wp: 1956699, wn : 22, rp : 1059473, rn : 13, gcp : 1956699 wu: 0.008017, ru: 0.003436, gcu : 0.048985
WRsum : 0.250001, utilsum(noblock): 0.800791, utilsum(nogc): 0.087693 totutil : 0.888484
saving 30,1369119,5,59740,1369119,0,10878
saving 12,250673,18,1328956,501346,10879,21757
saving 30,834409,8,203888,834409,21758,32636
saving 12,1219610,4,39912,2439220,32637,43515
saving 22,4730860,40,375321,4730860,43516,54394
saving 20,2333833,21,240584,2333833,54395,65273
saving 14,1907881,34,454894,3815762,65274,76152
saving 22,1956699,13,1059473,1956699,76153,87031
