[ SCHEMES ] 0, 0, 0, 0
[EXEC-main] 0, 1
[EXEC-task] 8, 0.100000
[EXEC-skew] -1, -2.000000, -2.000000, 32766
[EXEC-OP  ] 0, 0.320000, 35
[NOB MAXPE] : 1000, 2000
[LAT MODE ] : 0 (0=STATE, 1=FIXED_S, 2=FIXED_E)
expected_invalid : 34720, expected_fp : 5217, maxvalid : 87039
::UUNIFAST GEN::
[0]0.001728
[1]0.001979
[2]0.002322
[3]0.002824
[4]0.003633
[5]0.005180
[6]0.009459
[7]0.072874
[ALL]0.100000
min_rc,wn,mult : 35 13 2
wp: 26815108, wn : 13, rp : 9517931, rn : 47, gcp : 53630216 wu: 0.000346, ru: 0.001383, gcu : 0.001787
min_rc,wn,mult : 35 19 1
wp: 22821928, wn : 19, rp : 7884153, rn : 39, gcp : 22821928 wu: 0.000594, ru: 0.001385, gcu : 0.004200
min_rc,wn,mult : 35 10 3
wp: 7677014, wn : 10, rp : 8039509, rn : 40, gcp : 23031042 wu: 0.000929, ru: 0.001393, gcu : 0.004162
min_rc,wn,mult : 35 8 4
wp: 2244445, wn : 8, rp : 45612920, rn : 46, gcp : 8977780 wu: 0.002541, ru: 0.000282, gcu : 0.010676
min_rc,wn,mult : 35 22 1
wp: 7195150, wn : 22, rp : 9440022, rn : 49, gcp : 7195150 wu: 0.002180, ru: 0.001453, gcu : 0.013321
min_rc,wn,mult : 35 29 1
wp: 39913660, wn : 29, rp : 120110, rn : 2, gcp : 39913660 wu: 0.000518, ru: 0.004662, gcu : 0.002401
min_rc,wn,mult : 35 9 3
wp: 1130664, wn : 9, rp : 1628071, rn : 22, gcp : 3391992 wu: 0.005675, ru: 0.003784, gcu : 0.028257
min_rc,wn,mult : 35 19 1
wp: 206550, wn : 19, rp : 38422, rn : 1, gcp : 206550 wu: 0.065587, ru: 0.007287, gcu : 0.464047
WRsum : 0.100000, utilsum(noblock): 0.628853, utilsum(nogc): 0.091094 totutil : 0.719946
saving 13,26815108,47,9517931,53630216,0,10878
saving 19,22821928,39,7884153,22821928,10879,21757
saving 10,7677014,40,8039509,23031042,21758,32636
saving 8,2244445,46,45612920,8977780,32637,43515
saving 22,7195150,49,9440022,7195150,43516,54394
saving 29,39913660,2,120110,39913660,54395,65273
saving 9,1130664,22,1628071,3391992,65274,76152
saving 19,206550,1,38422,206550,76153,87031
