[ SCHEMES ] 0, 0, 0, 0
[EXEC-main] 0, 1
[EXEC-task] 8, 0.100000
[EXEC-skew] -1, -2.000000, -2.000000, 32765
[EXEC-OP  ] 0, 0.320000, 35
[NOB MAXPE] : 1000, 2000
[LAT MODE ] : 0 (0=STATE, 1=FIXED_S, 2=FIXED_E)
expected_invalid : 34720, expected_fp : 5217, maxvalid : 87039
::UUNIFAST GEN::
[0]0.012990
[1]0.013038
[2]0.013093
[3]0.013157
[4]0.013230
[5]0.013298
[6]0.013192
[7]0.008002
[ALL]0.100000
min_rc,wn,mult : 35 21 1
wp: 1921150, wn : 21, rp : 1239451, rn : 23, gcp : 1921150 wu: 0.007794, ru: 0.005196, gcu : 0.049891
min_rc,wn,mult : 35 28 1
wp: 1914047, wn : 28, rp : 322139, rn : 3, gcp : 1914047 wu: 0.010430, ru: 0.002608, gcu : 0.050077
min_rc,wn,mult : 35 14 2
wp: 847090, wn : 14, rp : 2780071, rn : 13, gcp : 1694180 wu: 0.011784, ru: 0.001309, gcu : 0.056575
min_rc,wn,mult : 35 23 1
wp: 4154611, wn : 23, rp : 912043, rn : 30, gcp : 4154611 wu: 0.003947, ru: 0.009210, gcu : 0.023071
min_rc,wn,mult : 35 18 1
wp: 1385803, wn : 18, rp : 705463, rn : 10, gcp : 1385803 wu: 0.009261, ru: 0.003969, gcu : 0.069165
min_rc,wn,mult : 35 28 1
wp: 1668111, wn : 28, rp : 7369635, rn : 35, gcp : 1668111 wu: 0.011968, ru: 0.001330, gcu : 0.057460
min_rc,wn,mult : 35 4 8
wp: 240214, wn : 4, rp : 3183765, rn : 15, gcp : 1921712 wu: 0.011873, ru: 0.001319, gcu : 0.049877
min_rc,wn,mult : 35 25 1
wp: 3712468, wn : 25, rp : 787272, rn : 9, gcp : 3712468 wu: 0.004801, ru: 0.003201, gcu : 0.025818
WRsum : 0.100000, utilsum(noblock): 0.481934, utilsum(nogc): 0.014570 totutil : 0.496504
saving 21,1921150,23,1239451,1921150,0,10878
saving 28,1914047,3,322139,1914047,10879,21757
saving 14,847090,13,2780071,1694180,21758,32636
saving 23,4154611,30,912043,4154611,32637,43515
saving 18,1385803,10,705463,1385803,43516,54394
saving 28,1668111,35,7369635,1668111,54395,65273
saving 4,240214,15,3183765,1921712,65274,76152
saving 25,3712468,9,787272,3712468,76153,87031
