[ SCHEMES ] 0, 0, 0, 0
[EXEC-main] 0, 1
[EXEC-task] 8, 0.150000
[EXEC-skew] -1, -2.000000, -2.000000, 32766
[EXEC-OP  ] 0, 0.320000, 35
[NOB MAXPE] : 1000, 2000
[LAT MODE ] : 0 (0=STATE, 1=FIXED_S, 2=FIXED_E)
expected_invalid : 34720, expected_fp : 5217, maxvalid : 87039
::UUNIFAST GEN::
[0]0.007557
[1]0.008337
[2]0.009363
[3]0.010790
[4]0.012949
[5]0.016717
[6]0.025592
[7]0.058696
[ALL]0.150000
min_rc,wn,mult : 35 28 1
wp: 2935254, wn : 28, rp : 11485778, rn : 31, gcp : 2935254 wu: 0.006801, ru: 0.000756, gcu : 0.032654
min_rc,wn,mult : 35 3 11
wp: 427619, wn : 3, rp : 2351007, rn : 28, gcp : 4703809 wu: 0.005002, ru: 0.003335, gcu : 0.020377
min_rc,wn,mult : 35 2 17
wp: 1523067, wn : 2, rp : 1395610, rn : 42, gcp : 25892139 wu: 0.000936, ru: 0.008426, gcu : 0.003702
min_rc,wn,mult : 35 29 1
wp: 3193980, wn : 29, rp : 389264, rn : 6, gcp : 3193980 wu: 0.006474, ru: 0.004316, gcu : 0.030009
min_rc,wn,mult : 35 23 1
wp: 1809248, wn : 23, rp : 3027366, rn : 42, gcp : 1809248 wu: 0.009064, ru: 0.003885, gcu : 0.052977
min_rc,wn,mult : 35 24 1
wp: 3412080, wn : 24, rp : 71782, rn : 3, gcp : 3412080 wu: 0.005015, ru: 0.011702, gcu : 0.028091
min_rc,wn,mult : 35 7 5
wp: 325040, wn : 7, rp : 1121457, rn : 41, gcp : 1625200 wu: 0.015355, ru: 0.010237, gcu : 0.058977
min_rc,wn,mult : 35 8 4
wp: 161963, wn : 8, rp : 274292, rn : 23, gcp : 647852 wu: 0.035218, ru: 0.023479, gcu : 0.147949
WRsum : 0.150000, utilsum(noblock): 0.524737, utilsum(nogc): 0.048759 totutil : 0.573496
saving 28,2935254,31,11485778,2935254,0,10878
saving 3,427619,28,2351007,4703809,10879,21757
saving 2,1523067,42,1395610,25892139,21758,32636
saving 29,3193980,6,389264,3193980,32637,43515
saving 23,1809248,42,3027366,1809248,43516,54394
saving 24,3412080,3,71782,3412080,54395,65273
saving 7,325040,41,1121457,1625200,65274,76152
saving 8,161963,23,274292,647852,76153,87031
