[ SCHEMES ] 0, 0, 0, 0
[EXEC-main] 0, 1
[EXEC-task] 8, 0.150000
[EXEC-skew] -1, -2.000000, -2.000000, 32765
[EXEC-OP  ] 0, 0.320000, 35
[NOB MAXPE] : 1000, 2000
[LAT MODE ] : 0 (0=STATE, 1=FIXED_S, 2=FIXED_E)
expected_invalid : 34720, expected_fp : 5217, maxvalid : 87039
::UUNIFAST GEN::
[0]0.008134
[1]0.008934
[2]0.009981
[3]0.011429
[4]0.013604
[5]0.017358
[6]0.026031
[7]0.054529
[ALL]0.150000
min_rc,wn,mult : 35 10 3
wp: 2191433, wn : 10, rp : 2696518, rn : 47, gcp : 6574299 wu: 0.003254, ru: 0.004880, gcu : 0.014579
min_rc,wn,mult : 35 7 5
wp: 1396656, wn : 7, rp : 2455086, rn : 47, gcp : 6983280 wu: 0.003574, ru: 0.005360, gcu : 0.013725
min_rc,wn,mult : 35 9 3
wp: 803641, wn : 9, rp : 5891115, rn : 42, gcp : 2410923 wu: 0.007985, ru: 0.001996, gcu : 0.039756
min_rc,wn,mult : 35 11 3
wp: 980319, wn : 11, rp : 2694846, rn : 33, gcp : 2940957 wu: 0.008000, ru: 0.003429, gcu : 0.032591
min_rc,wn,mult : 35 27 1
wp: 14151364, wn : 27, rp : 571742, rn : 25, gcp : 14151364 wu: 0.001360, ru: 0.012243, gcu : 0.006773
min_rc,wn,mult : 35 22 1
wp: 9036577, wn : 22, rp : 806528, rn : 45, gcp : 9036577 wu: 0.001736, ru: 0.015623, gcu : 0.010607
min_rc,wn,mult : 35 8 4
wp: 313037, wn : 8, rp : 286841, rn : 8, gcp : 1252148 wu: 0.018221, ru: 0.007809, gcu : 0.076548
min_rc,wn,mult : 35 21 1
wp: 915288, wn : 21, rp : 264078, rn : 36, gcp : 915288 wu: 0.016359, ru: 0.038170, gcu : 0.104720
WRsum : 0.150000, utilsum(noblock): 0.449300, utilsum(nogc): 0.013254 totutil : 0.462554
saving 10,2191433,47,2696518,6574299,0,10878
saving 7,1396656,47,2455086,6983280,10879,21757
saving 9,803641,42,5891115,2410923,21758,32636
saving 11,980319,33,2694846,2940957,32637,43515
saving 27,14151364,25,571742,14151364,43516,54394
saving 22,9036577,45,806528,9036577,54395,65273
saving 8,313037,8,286841,1252148,65274,76152
saving 21,915288,36,264078,915288,76153,87031
