[ SCHEMES ] 0, 0, 0, 0
[EXEC-main] 0, 1
[EXEC-task] 8, 0.200000
[EXEC-skew] -1, -2.000000, -2.000000, 32767
[EXEC-OP  ] 0, 0.320000, 35
[NOB MAXPE] : 1000, 2000
[LAT MODE ] : 0 (0=STATE, 1=FIXED_S, 2=FIXED_E)
expected_invalid : 34720, expected_fp : 5217, maxvalid : 87039
::UUNIFAST GEN::
[0]0.041973
[1]0.037971
[2]0.033725
[3]0.029164
[4]0.024172
[5]0.018527
[6]0.011686
[7]0.002782
[ALL]0.200000
min_rc,wn,mult : 35 29 1
wp: 703755, wn : 29, rp : 756046, rn : 34, gcp : 703755 wu: 0.029381, ru: 0.012592, gcu : 0.136197
min_rc,wn,mult : 35 9 3
wp: 1689968, wn : 9, rp : 393281, rn : 48, gcp : 5069904 wu: 0.003797, ru: 0.034174, gcu : 0.018905
min_rc,wn,mult : 35 8 4
wp: 211415, wn : 8, rp : 788731, rn : 19, gcp : 845660 wu: 0.026980, ru: 0.006745, gcu : 0.113342
min_rc,wn,mult : 35 17 2
wp: 519518, wn : 17, rp : 1392125, rn : 29, gcp : 1039036 wu: 0.023331, ru: 0.005833, gcu : 0.092248
min_rc,wn,mult : 35 1 35
wp: 98323, wn : 1, rp : 297867, rn : 18, gcp : 3441305 wu: 0.007252, ru: 0.016920, gcu : 0.027853
min_rc,wn,mult : 35 29 1
wp: 3720116, wn : 29, rp : 64769, rn : 3, gcp : 3720116 wu: 0.005558, ru: 0.012969, gcu : 0.025765
min_rc,wn,mult : 35 26 1
wp: 2266167, wn : 26, rp : 3593987, rn : 45, gcp : 2266167 wu: 0.008180, ru: 0.003506, gcu : 0.042296
min_rc,wn,mult : 35 2 17
wp: 5126236, wn : 2, rp : 3802537, rn : 34, gcp : 87146012 wu: 0.000278, ru: 0.002504, gcu : 0.001100
WRsum : 0.200000, utilsum(noblock): 0.657706, utilsum(nogc): 0.054038 totutil : 0.711744
saving 29,703755,34,756046,703755,0,10878
saving 9,1689968,48,393281,5069904,10879,21757
saving 8,211415,19,788731,845660,21758,32636
saving 17,519518,29,1392125,1039036,32637,43515
saving 1,98323,18,297867,3441305,43516,54394
saving 29,3720116,3,64769,3720116,54395,65273
saving 26,2266167,45,3593987,2266167,65274,76152
saving 2,5126236,34,3802537,87146012,76153,87031
