[ SCHEMES ] 0, 0, 0, 0
[EXEC-main] 0, 1
[EXEC-task] 8, 0.300000
[EXEC-skew] -1, -2.000000, -2.000000, 32765
[EXEC-OP  ] 0, 0.320000, 35
[NOB MAXPE] : 1000, 2000
[LAT MODE ] : 0 (0=STATE, 1=FIXED_S, 2=FIXED_E)
expected_invalid : 34720, expected_fp : 5217, maxvalid : 87039
::UUNIFAST GEN::
[0]0.047348
[1]0.045880
[2]0.044197
[3]0.042208
[4]0.039747
[5]0.036428
[6]0.030914
[7]0.013279
[ALL]0.300000
min_rc,wn,mult : 35 7 5
wp: 175685, wn : 7, rp : 620934, rn : 42, gcp : 878425 wu: 0.028409, ru: 0.018939, gcu : 0.109115
min_rc,wn,mult : 35 29 1
wp: 751122, wn : 29, rp : 457713, rn : 30, gcp : 751122 wu: 0.027528, ru: 0.018352, gcu : 0.127608
min_rc,wn,mult : 35 6 5
wp: 107549, wn : 6, rp : 2660820, rn : 42, gcp : 537745 wu: 0.039777, ru: 0.004420, gcu : 0.178242
min_rc,wn,mult : 35 8 4
wp: 450465, wn : 8, rp : 379072, rn : 40, gcp : 1801860 wu: 0.012662, ru: 0.029546, gcu : 0.053194
min_rc,wn,mult : 35 5 7
wp: 224233, wn : 5, rp : 563570, rn : 48, gcp : 1569631 wu: 0.015899, ru: 0.023848, gcu : 0.061065
min_rc,wn,mult : 35 8 4
wp: 223692, wn : 8, rp : 1204216, rn : 47, gcp : 894768 wu: 0.025499, ru: 0.010928, gcu : 0.107122
min_rc,wn,mult : 35 30 1
wp: 6919264, wn : 30, rp : 241532, rn : 24, gcp : 6919264 wu: 0.003091, ru: 0.027822, gcu : 0.013852
min_rc,wn,mult : 35 3 11
wp: 805417, wn : 3, rp : 316293, rn : 12, gcp : 8859587 wu: 0.002656, ru: 0.010623, gcu : 0.010819
WRsum : 0.300000, utilsum(noblock): 0.961017, utilsum(nogc): 0.032543 totutil : 0.993560
saving 7,175685,42,620934,878425,0,10878
saving 29,751122,30,457713,751122,10879,21757
saving 6,107549,42,2660820,537745,21758,32636
saving 8,450465,40,379072,1801860,32637,43515
saving 5,224233,48,563570,1569631,43516,54394
saving 8,223692,47,1204216,894768,54395,65273
saving 30,6919264,24,241532,6919264,65274,76152
saving 3,805417,12,316293,8859587,76153,87031
