[ SCHEMES ] 0, 0, 0, 0
[EXEC-main] 0, 1
[EXEC-task] 8, 0.150000
[EXEC-skew] -1, -2.000000, -2.000000, 32767
[EXEC-OP  ] 0, 0.320000, 35
[NOB MAXPE] : 1000, 2000
[LAT MODE ] : 0 (0=STATE, 1=FIXED_S, 2=FIXED_E)
expected_invalid : 34720, expected_fp : 5217, maxvalid : 87039
::UUNIFAST GEN::
[0]0.014806
[1]0.015437
[2]0.016216
[3]0.017218
[4]0.018588
[5]0.020654
[6]0.024335
[7]0.022746
[ALL]0.150000
min_rc,wn,mult : 35 21 1
wp: 3370870, wn : 21, rp : 81046, rn : 3, gcp : 3370870 wu: 0.004442, ru: 0.010364, gcu : 0.028434
min_rc,wn,mult : 35 20 1
wp: 2309365, wn : 20, rp : 1178974, rn : 39, gcp : 2309365 wu: 0.006175, ru: 0.009262, gcu : 0.041504
min_rc,wn,mult : 35 8 4
wp: 1172508, wn : 8, rp : 937348, rn : 38, gcp : 4690032 wu: 0.004865, ru: 0.011351, gcu : 0.020437
min_rc,wn,mult : 35 25 1
wp: 10352588, wn : 25, rp : 343311, rn : 19, gcp : 10352588 wu: 0.001722, ru: 0.015496, gcu : 0.009258
min_rc,wn,mult : 35 10 3
wp: 767158, wn : 10, rp : 421775, rn : 14, gcp : 2301474 wu: 0.009294, ru: 0.009294, gcu : 0.041647
min_rc,wn,mult : 35 27 1
wp: 1553427, wn : 27, rp : 542259, rn : 16, gcp : 1553427 wu: 0.012393, ru: 0.008262, gcu : 0.061702
min_rc,wn,mult : 35 10 3
wp: 325551, wn : 10, rp : 4717530, rn : 41, gcp : 976653 wu: 0.021901, ru: 0.002433, gcu : 0.098140
min_rc,wn,mult : 35 4 8
wp: 156733, wn : 4, rp : 615504, rn : 10, gcp : 1253864 wu: 0.018196, ru: 0.004549, gcu : 0.076443
WRsum : 0.150000, utilsum(noblock): 0.527566, utilsum(nogc): 0.043185 totutil : 0.570751
saving 21,3370870,3,81046,3370870,0,10878
saving 20,2309365,39,1178974,2309365,10879,21757
saving 8,1172508,38,937348,4690032,21758,32636
saving 25,10352588,19,343311,10352588,32637,43515
saving 10,767158,14,421775,2301474,43516,54394
saving 27,1553427,16,542259,1553427,54395,65273
saving 10,325551,41,4717530,976653,65274,76152
saving 4,156733,10,615504,1253864,76153,87031
