[ SCHEMES ] 0, 0, 0, 0
[EXEC-main] 0, 1
[EXEC-task] 8, 0.150000
[EXEC-skew] -1, -2.000000, -2.000000, 32766
[EXEC-OP  ] 0, 0.320000, 35
[NOB MAXPE] : 1000, 2000
[LAT MODE ] : 0 (0=STATE, 1=FIXED_S, 2=FIXED_E)
expected_invalid : 34720, expected_fp : 5217, maxvalid : 87039
::UUNIFAST GEN::
[0]0.034511
[1]0.030362
[2]0.026094
[3]0.021675
[4]0.017061
[5]0.012169
[6]0.006825
[7]0.001304
[ALL]0.150000
min_rc,wn,mult : 35 26 1
wp: 895275, wn : 26, rp : 324536, rn : 16, gcp : 895275 wu: 0.020706, ru: 0.013804, gcu : 0.107061
min_rc,wn,mult : 35 13 2
wp: 1526396, wn : 13, rp : 345822, rn : 30, gcp : 3052792 wu: 0.006072, ru: 0.024290, gcu : 0.031397
min_rc,wn,mult : 35 8 4
wp: 728659, wn : 8, rp : 91976, rn : 6, gcp : 2914636 wu: 0.007828, ru: 0.018266, gcu : 0.032885
min_rc,wn,mult : 35 15 2
wp: 1233553, wn : 15, rp : 107650, rn : 5, gcp : 2467106 wu: 0.008670, ru: 0.013005, gcu : 0.038851
min_rc,wn,mult : 35 17 2
wp: 1776133, wn : 17, rp : 27352, rn : 1, gcp : 3552266 wu: 0.006824, ru: 0.010237, gcu : 0.026982
min_rc,wn,mult : 35 25 1
wp: 14648311, wn : 25, rp : 332366, rn : 13, gcp : 14648311 wu: 0.001217, ru: 0.010952, gcu : 0.006543
min_rc,wn,mult : 35 10 3
wp: 2089424, wn : 10, rp : 2625700, rn : 32, gcp : 6268272 wu: 0.003412, ru: 0.003412, gcu : 0.015291
min_rc,wn,mult : 35 7 5
wp: 12761607, wn : 7, rp : 8898095, rn : 29, gcp : 63808035 wu: 0.000391, ru: 0.000913, gcu : 0.001502
WRsum : 0.150001, utilsum(noblock): 0.410514, utilsum(nogc): 0.127961 totutil : 0.538475
saving 26,895275,16,324536,895275,0,10878
saving 13,1526396,30,345822,3052792,10879,21757
saving 8,728659,6,91976,2914636,21758,32636
saving 15,1233553,5,107650,2467106,32637,43515
saving 17,1776133,1,27352,3552266,43516,54394
saving 25,14648311,13,332366,14648311,54395,65273
saving 10,2089424,32,2625700,6268272,65274,76152
saving 7,12761607,29,8898095,63808035,76153,87031
