[ SCHEMES ] 0, 0, 0, 0
[EXEC-main] 0, 1
[EXEC-task] 8, 0.100000
[EXEC-skew] -1, -2.000000, -2.000000, 32765
[EXEC-OP  ] 0, 0.320000, 35
[NOB MAXPE] : 1000, 2000
[LAT MODE ] : 0 (0=STATE, 1=FIXED_S, 2=FIXED_E)
expected_invalid : 34720, expected_fp : 5217, maxvalid : 87039
::UUNIFAST GEN::
[0]0.010067
[1]0.010472
[2]0.010969
[3]0.011607
[4]0.012476
[5]0.013776
[6]0.016058
[7]0.014575
[ALL]0.100000
min_rc,wn,mult : 35 8 4
wp: 708235, wn : 8, rp : 5145385, rn : 37, gcp : 2832940 wu: 0.008054, ru: 0.002013, gcu : 0.033834
min_rc,wn,mult : 35 30 1
wp: 2269647, wn : 30, rp : 4278270, rn : 16, gcp : 2269647 wu: 0.009424, ru: 0.001047, gcu : 0.042231
min_rc,wn,mult : 35 18 1
wp: 5850027, wn : 18, rp : 350983, rn : 11, gcp : 5850027 wu: 0.002194, ru: 0.008775, gcu : 0.016384
min_rc,wn,mult : 35 19 1
wp: 1296795, wn : 19, rp : 6754402, rn : 28, gcp : 1296795 wu: 0.010447, ru: 0.001161, gcu : 0.073912
min_rc,wn,mult : 35 5 7
wp: 408219, wn : 5, rp : 2842838, rn : 38, gcp : 2857533 wu: 0.008733, ru: 0.003743, gcu : 0.033543
min_rc,wn,mult : 35 21 1
wp: 1358568, wn : 21, rp : 3251927, rn : 32, gcp : 1358568 wu: 0.011021, ru: 0.002755, gcu : 0.070551
min_rc,wn,mult : 35 19 1
wp: 1205216, wn : 19, rp : 348744, rn : 6, gcp : 1205216 wu: 0.011240, ru: 0.004817, gcu : 0.079528
min_rc,wn,mult : 35 4 8
wp: 978390, wn : 4, rp : 576331, rn : 24, gcp : 7827120 wu: 0.002915, ru: 0.011660, gcu : 0.012246
WRsum : 0.100000, utilsum(noblock): 0.462229, utilsum(nogc): 0.010036 totutil : 0.472265
saving 8,708235,37,5145385,2832940,0,10878
saving 30,2269647,16,4278270,2269647,10879,21757
saving 18,5850027,11,350983,5850027,21758,32636
saving 19,1296795,28,6754402,1296795,32637,43515
saving 5,408219,38,2842838,2857533,43516,54394
saving 21,1358568,32,3251927,1358568,54395,65273
saving 19,1205216,6,348744,1205216,65274,76152
saving 4,978390,24,576331,7827120,76153,87031
