[ SCHEMES ] 0, 0, 0, 0
[EXEC-main] 0, 1
[EXEC-task] 8, 0.150000
[EXEC-skew] -1, -2.000000, -2.000000, 32766
[EXEC-OP  ] 0, 0.320000, 35
[NOB MAXPE] : 1000, 2000
[LAT MODE ] : 0 (0=STATE, 1=FIXED_S, 2=FIXED_E)
expected_invalid : 34720, expected_fp : 5217, maxvalid : 87039
::UUNIFAST GEN::
[0]0.010666
[1]0.011489
[2]0.012543
[3]0.013963
[4]0.016023
[5]0.019412
[6]0.026579
[7]0.039325
[ALL]0.150000
min_rc,wn,mult : 35 6 5
wp: 1336943, wn : 6, rp : 112505, rn : 3, gcp : 6684715 wu: 0.003200, ru: 0.007466, gcu : 0.014339
min_rc,wn,mult : 35 14 2
wp: 2896087, wn : 14, rp : 1566707, rn : 45, gcp : 5792174 wu: 0.003447, ru: 0.008042, gcu : 0.016548
min_rc,wn,mult : 35 23 1
wp: 1634231, wn : 23, rp : 4352901, rn : 39, gcp : 1634231 wu: 0.010035, ru: 0.002509, gcu : 0.058651
min_rc,wn,mult : 35 3 11
wp: 255318, wn : 3, rp : 1102916, rn : 22, gcp : 2808498 wu: 0.008378, ru: 0.005585, gcu : 0.034128
min_rc,wn,mult : 35 1 35
wp: 49442, wn : 1, rp : 7164642, rn : 41, gcp : 1730470 wu: 0.014421, ru: 0.001602, gcu : 0.055389
min_rc,wn,mult : 35 3 11
wp: 183647, wn : 3, rp : 1442393, rn : 40, gcp : 2020117 wu: 0.011647, ru: 0.007765, gcu : 0.047447
min_rc,wn,mult : 35 30 1
wp: 4023922, wn : 30, rp : 460898, rn : 35, gcp : 4023922 wu: 0.005316, ru: 0.021263, gcu : 0.023820
min_rc,wn,mult : 35 12 2
wp: 271966, wn : 12, rp : 569617, rn : 16, gcp : 543932 wu: 0.031460, ru: 0.007865, gcu : 0.176215
WRsum : 0.150000, utilsum(noblock): 0.576537, utilsum(nogc): 0.070790 totutil : 0.647327
saving 6,1336943,3,112505,6684715,0,10878
saving 14,2896087,45,1566707,5792174,10879,21757
saving 23,1634231,39,4352901,1634231,21758,32636
saving 3,255318,22,1102916,2808498,32637,43515
saving 1,49442,41,7164642,1730470,43516,54394
saving 3,183647,40,1442393,2020117,54395,65273
saving 30,4023922,35,460898,4023922,65274,76152
saving 12,271966,16,569617,543932,76153,87031
