[ SCHEMES ] 0, 0, 0, 0
[EXEC-main] 0, 1
[EXEC-task] 8, 0.150000
[EXEC-skew] -1, -2.000000, -2.000000, 32764
[EXEC-OP  ] 0, 0.320000, 35
[NOB MAXPE] : 1000, 2000
[LAT MODE ] : 0 (0=STATE, 1=FIXED_S, 2=FIXED_E)
expected_invalid : 34720, expected_fp : 5217, maxvalid : 87039
::UUNIFAST GEN::
[0]0.011970
[1]0.012763
[2]0.013768
[3]0.015102
[4]0.017003
[5]0.020050
[6]0.026189
[7]0.033155
[ALL]0.150000
min_rc,wn,mult : 35 7 5
wp: 694924, wn : 7, rp : 2923947, rn : 50, gcp : 3474620 wu: 0.007182, ru: 0.004788, gcu : 0.027585
min_rc,wn,mult : 35 15 2
wp: 1396584, wn : 15, rp : 1809879, rn : 33, gcp : 2793168 wu: 0.007658, ru: 0.005105, gcu : 0.034316
min_rc,wn,mult : 35 16 2
wp: 4142977, wn : 16, rp : 1245653, rn : 49, gcp : 8285954 wu: 0.002754, ru: 0.011014, gcu : 0.011568
min_rc,wn,mult : 35 26 1
wp: 12275353, wn : 26, rp : 618027, rn : 30, gcp : 12275353 wu: 0.001510, ru: 0.013592, gcu : 0.007808
min_rc,wn,mult : 35 12 2
wp: 629008, wn : 12, rp : 2717174, rn : 33, gcp : 1258016 wu: 0.013602, ru: 0.003401, gcu : 0.076191
min_rc,wn,mult : 35 12 2
wp: 1422419, wn : 12, rp : 877790, rn : 44, gcp : 2844838 wu: 0.006015, ru: 0.014035, gcu : 0.033692
min_rc,wn,mult : 35 21 1
wp: 816762, wn : 21, rp : 997883, rn : 28, gcp : 816762 wu: 0.018332, ru: 0.007857, gcu : 0.117352
min_rc,wn,mult : 35 16 2
wp: 688164, wn : 16, rp : 168904, rn : 10, gcp : 1376328 wu: 0.016577, ru: 0.016577, gcu : 0.069641
WRsum : 0.150000, utilsum(noblock): 0.528153, utilsum(nogc): 0.020722 totutil : 0.548875
saving 7,694924,50,2923947,3474620,0,10878
saving 15,1396584,33,1809879,2793168,10879,21757
saving 16,4142977,49,1245653,8285954,21758,32636
saving 26,12275353,30,618027,12275353,32637,43515
saving 12,629008,33,2717174,1258016,43516,54394
saving 12,1422419,44,877790,2844838,54395,65273
saving 21,816762,28,997883,816762,65274,76152
saving 16,688164,10,168904,1376328,76153,87031
