[ SCHEMES ] 0, 0, 0, 0
[EXEC-main] 0, 1
[EXEC-task] 8, 0.100000
[EXEC-skew] -1, -2.000000, -2.000000, 32767
[EXEC-OP  ] 0, 0.320000, 35
[NOB MAXPE] : 1000, 2000
[LAT MODE ] : 0 (0=STATE, 1=FIXED_S, 2=FIXED_E)
expected_invalid : 34720, expected_fp : 5217, maxvalid : 87039
::UUNIFAST GEN::
[0]0.000641
[1]0.000743
[2]0.000884
[3]0.001094
[4]0.001440
[5]0.002120
[6]0.004100
[7]0.088977
[ALL]0.100000
min_rc,wn,mult : 35 30 1
wp: 166733824, wn : 30, rp : 3273876, rn : 6, gcp : 166733824 wu: 0.000128, ru: 0.000513, gcu : 0.000575
min_rc,wn,mult : 35 7 5
wp: 7462229, wn : 7, rp : 131871088, rn : 35, gcp : 37311145 wu: 0.000669, ru: 0.000074, gcu : 0.002569
min_rc,wn,mult : 35 20 1
wp: 32246150, wn : 20, rp : 29125556, rn : 46, gcp : 32246150 wu: 0.000442, ru: 0.000442, gcu : 0.002972
min_rc,wn,mult : 35 21 1
wp: 27362642, wn : 21, rp : 18420854, rn : 36, gcp : 27362642 wu: 0.000547, ru: 0.000547, gcu : 0.003503
min_rc,wn,mult : 35 19 1
wp: 10451657, wn : 19, rp : 23330490, rn : 12, gcp : 10451657 wu: 0.001296, ru: 0.000144, gcu : 0.009171
min_rc,wn,mult : 35 20 1
wp: 8407541, wn : 20, rp : 10565437, rn : 16, gcp : 8407541 wu: 0.001696, ru: 0.000424, gcu : 0.011400
min_rc,wn,mult : 35 24 1
wp: 5217530, wn : 24, rp : 11269280, rn : 33, gcp : 5217530 wu: 0.003280, ru: 0.000820, gcu : 0.018371
min_rc,wn,mult : 35 23 1
wp: 368613, wn : 23, rp : 88113, rn : 14, gcp : 368613 wu: 0.044488, ru: 0.044488, gcu : 0.260026
WRsum : 0.100000, utilsum(noblock): 0.408587, utilsum(nogc): 0.039722 totutil : 0.448309
saving 30,166733824,6,3273876,166733824,0,10878
saving 7,7462229,35,131871088,37311145,10879,21757
saving 20,32246150,46,29125556,32246150,21758,32636
saving 21,27362642,36,18420854,27362642,32637,43515
saving 19,10451657,12,23330490,10451657,43516,54394
saving 20,8407541,16,10565437,8407541,54395,65273
saving 24,5217530,33,11269280,5217530,65274,76152
saving 23,368613,14,88113,368613,76153,87031
