[ SCHEMES ] 0, 0, 0, 0
[EXEC-main] 0, 1
[EXEC-task] 8, 0.150000
[EXEC-skew] -1, -2.000000, -2.000000, 32765
[EXEC-OP  ] 0, 0.320000, 35
[NOB MAXPE] : 1000, 2000
[LAT MODE ] : 0 (0=STATE, 1=FIXED_S, 2=FIXED_E)
expected_invalid : 34720, expected_fp : 5217, maxvalid : 87039
::UUNIFAST GEN::
[0]0.004922
[1]0.005538
[2]0.006368
[3]0.007553
[4]0.009408
[5]0.012808
[6]0.021536
[7]0.081868
[ALL]0.150000
min_rc,wn,mult : 35 24 1
wp: 5794594, wn : 24, rp : 4551153, rn : 32, gcp : 5794594 wu: 0.002953, ru: 0.001969, gcu : 0.016541
min_rc,wn,mult : 35 3 11
wp: 1931064, wn : 3, rp : 1137513, rn : 18, gcp : 21241704 wu: 0.001108, ru: 0.004431, gcu : 0.004512
min_rc,wn,mult : 35 3 11
wp: 671827, wn : 3, rp : 2638313, rn : 30, gcp : 7390097 wu: 0.003184, ru: 0.003184, gcu : 0.012970
min_rc,wn,mult : 35 17 2
wp: 3209769, wn : 17, rp : 3114173, rn : 42, gcp : 6419538 wu: 0.003776, ru: 0.003776, gcu : 0.014931
min_rc,wn,mult : 35 9 3
wp: 757862, wn : 9, rp : 13392799, rn : 45, gcp : 2273586 wu: 0.008467, ru: 0.000941, gcu : 0.042158
min_rc,wn,mult : 35 21 1
wp: 3896908, wn : 21, rp : 1280490, rn : 41, gcp : 3896908 wu: 0.003842, ru: 0.008965, gcu : 0.024596
min_rc,wn,mult : 35 24 1
wp: 993211, wn : 24, rp : 845089, rn : 13, gcp : 993211 wu: 0.017229, ru: 0.004307, gcu : 0.096504
min_rc,wn,mult : 35 2 17
wp: 34836, wn : 2, rp : 280452, rn : 41, gcp : 592212 wu: 0.040934, ru: 0.040934, gcu : 0.161849
WRsum : 0.150001, utilsum(noblock): 0.524062, utilsum(nogc): 0.100471 totutil : 0.624533
saving 24,5794594,32,4551153,5794594,0,10878
saving 3,1931064,18,1137513,21241704,10879,21757
saving 3,671827,30,2638313,7390097,21758,32636
saving 17,3209769,42,3114173,6419538,32637,43515
saving 9,757862,45,13392799,2273586,43516,54394
saving 21,3896908,41,1280490,3896908,54395,65273
saving 24,993211,13,845089,993211,65274,76152
saving 2,34836,41,280452,592212,76153,87031
