[ SCHEMES ] 0, 0, 0, 0
[EXEC-main] 0, 1
[EXEC-task] 8, 0.250000
[EXEC-skew] -1, -2.000000, -2.000000, 32766
[EXEC-OP  ] 0, 0.320000, 35
[NOB MAXPE] : 1000, 2000
[LAT MODE ] : 0 (0=STATE, 1=FIXED_S, 2=FIXED_E)
expected_invalid : 34720, expected_fp : 5217, maxvalid : 87039
::UUNIFAST GEN::
[0]0.067121
[1]0.055892
[2]0.045014
[3]0.034542
[4]0.024562
[5]0.015213
[6]0.006798
[7]0.000858
[ALL]0.250000
min_rc,wn,mult : 35 19 1
wp: 672765, wn : 19, rp : 172822, rn : 29, gcp : 672765 wu: 0.020136, ru: 0.046985, gcu : 0.142470
min_rc,wn,mult : 35 18 1
wp: 574051, wn : 18, rp : 150289, rn : 18, gcp : 574051 wu: 0.022357, ru: 0.033535, gcu : 0.166969
min_rc,wn,mult : 35 9 3
wp: 203652, wn : 9, rp : 311017, rn : 15, gcp : 610956 wu: 0.031509, ru: 0.013504, gcu : 0.156884
min_rc,wn,mult : 35 15 2
wp: 516037, wn : 15, rp : 1013257, rn : 50, gcp : 1032074 wu: 0.020725, ru: 0.013817, gcu : 0.092870
min_rc,wn,mult : 35 30 1
wp: 1741723, wn : 30, rp : 341993, rn : 15, gcp : 1741723 wu: 0.012281, ru: 0.012281, gcu : 0.055031
min_rc,wn,mult : 35 23 1
wp: 10779799, wn : 23, rp : 327211, rn : 16, gcp : 10779799 wu: 0.001521, ru: 0.013691, gcu : 0.008892
min_rc,wn,mult : 35 7 5
wp: 1468287, wn : 7, rp : 823723, rn : 10, gcp : 7341435 wu: 0.003399, ru: 0.003399, gcu : 0.013056
min_rc,wn,mult : 35 16 2
wp: 132924048, wn : 16, rp : 8337530, rn : 23, gcp : 265848096 wu: 0.000086, ru: 0.000772, gcu : 0.000361
WRsum : 0.250000, utilsum(noblock): 0.886533, utilsum(nogc): 0.023288 totutil : 0.909822
saving 19,672765,29,172822,672765,0,10878
saving 18,574051,18,150289,574051,10879,21757
saving 9,203652,15,311017,610956,21758,32636
saving 15,516037,50,1013257,1032074,32637,43515
saving 30,1741723,15,341993,1741723,43516,54394
saving 23,10779799,16,327211,10779799,54395,65273
saving 7,1468287,10,823723,7341435,65274,76152
saving 16,132924048,23,8337530,265848096,76153,87031
