[ SCHEMES ] 0, 0, 0, 0
[EXEC-main] 0, 1
[EXEC-task] 8, 0.250000
[EXEC-skew] -1, -2.000000, -2.000000, 32767
[EXEC-OP  ] 0, 0.320000, 35
[NOB MAXPE] : 1000, 2000
[LAT MODE ] : 0 (0=STATE, 1=FIXED_S, 2=FIXED_E)
expected_invalid : 34720, expected_fp : 5217, maxvalid : 87039
::UUNIFAST GEN::
[0]0.072534
[1]0.058482
[2]0.045340
[3]0.033215
[4]0.022256
[5]0.012696
[6]0.004980
[7]0.000497
[ALL]0.250000
min_rc,wn,mult : 35 21 1
wp: 516070, wn : 21, rp : 244484, rn : 38, gcp : 516070 wu: 0.029013, ru: 0.043520, gcu : 0.185729
min_rc,wn,mult : 35 1 35
wp: 15239, wn : 1, rp : 837857, rn : 35, gcp : 533365 wu: 0.046786, ru: 0.011696, gcu : 0.179706
min_rc,wn,mult : 35 18 1
wp: 314510, wn : 18, rp : 1358613, rn : 22, gcp : 314510 wu: 0.040806, ru: 0.004534, gcu : 0.304757
min_rc,wn,mult : 35 22 1
wp: 4722628, wn : 22, rp : 412135, rn : 44, gcp : 4722628 wu: 0.003321, ru: 0.029893, gcu : 0.020296
min_rc,wn,mult : 35 22 1
wp: 1762033, wn : 22, rp : 209685, rn : 10, gcp : 1762033 wu: 0.008902, ru: 0.013353, gcu : 0.054397
min_rc,wn,mult : 35 10 3
wp: 935969, wn : 10, rp : 716744, rn : 13, gcp : 2807907 wu: 0.007618, ru: 0.005079, gcu : 0.034135
min_rc,wn,mult : 35 7 5
wp: 1113647, wn : 7, rp : 3936034, rn : 7, gcp : 5568235 wu: 0.004482, ru: 0.000498, gcu : 0.017214
min_rc,wn,mult : 35 19 1
wp: 45384492, wn : 19, rp : 9849443, rn : 7, gcp : 45384492 wu: 0.000298, ru: 0.000199, gcu : 0.002112
WRsum : 0.250002, utilsum(noblock): 1.048347, utilsum(nogc): 0.229674 totutil : 1.278021
::UUNIFAST GEN::
[0]0.015965
[1]0.017342
[2]0.019123
[3]0.021548
[4]0.025120
[5]0.031121
[6]0.044311
[7]0.075469
[ALL]0.250000
min_rc,wn,mult : 35 25 1
wp: 5582440, wn : 25, rp : 789214, rn : 36, gcp : 5582440 wu: 0.003193, ru: 0.012772, gcu : 0.017170
min_rc,wn,mult : 35 17 2
wp: 873666, wn : 17, rp : 2664030, rn : 33, gcp : 1747332 wu: 0.013874, ru: 0.003468, gcu : 0.054854
min_rc,wn,mult : 35 7 5
wp: 2609974, wn : 7, rp : 341651, rn : 21, gcp : 13049870 wu: 0.001912, ru: 0.017211, gcu : 0.007345
min_rc,wn,mult : 35 30 1
wp: 1240827, wn : 30, rp : 324854, rn : 5, gcp : 1240827 wu: 0.017238, ru: 0.004310, gcu : 0.077246
min_rc,wn,mult : 35 9 3
wp: 510904, wn : 9, rp : 601907, rn : 27, gcp : 1532712 wu: 0.012560, ru: 0.012560, gcu : 0.062536
min_rc,wn,mult : 35 1 35
wp: 76367, wn : 1, rp : 282763, rn : 22, gcp : 2672845 wu: 0.009336, ru: 0.021785, gcu : 0.035860
min_rc,wn,mult : 35 14 2
wp: 321813, wn : 14, rp : 652954, rn : 31, gcp : 643626 wu: 0.031018, ru: 0.013293, gcu : 0.148920
min_rc,wn,mult : 35 23 1
wp: 724316, wn : 23, rp : 227908, rn : 43, gcp : 724316 wu: 0.022641, ru: 0.052828, gcu : 0.132330
WRsum : 0.250001, utilsum(noblock): 0.786262, utilsum(nogc): 0.045831 totutil : 0.832093
saving 25,5582440,36,789214,5582440,0,10878
saving 17,873666,33,2664030,1747332,10879,21757
saving 7,2609974,21,341651,13049870,21758,32636
saving 30,1240827,5,324854,1240827,32637,43515
saving 9,510904,27,601907,1532712,43516,54394
saving 1,76367,22,282763,2672845,54395,65273
saving 14,321813,31,652954,643626,65274,76152
saving 23,724316,43,227908,724316,76153,87031
