[ SCHEMES ] 0, 0, 0, 0
[EXEC-main] 0, 1
[EXEC-task] 8, 0.200000
[EXEC-skew] -1, -2.000000, -2.000000, 32766
[EXEC-OP  ] 0, 0.320000, 35
[NOB MAXPE] : 1000, 2000
[LAT MODE ] : 0 (0=STATE, 1=FIXED_S, 2=FIXED_E)
expected_invalid : 34720, expected_fp : 5217, maxvalid : 87039
::UUNIFAST GEN::
[0]0.003583
[1]0.004099
[2]0.004806
[3]0.005839
[4]0.007503
[5]0.010678
[6]0.019432
[7]0.144062
[ALL]0.200000
min_rc,wn,mult : 35 13 2
wp: 2874623, wn : 13, rp : 16412244, rn : 21, gcp : 5749246 wu: 0.003224, ru: 0.000358, gcu : 0.016672
min_rc,wn,mult : 35 2 17
wp: 497012, wn : 2, rp : 10930100, rn : 48, gcp : 8449204 wu: 0.002869, ru: 0.001230, gcu : 0.011344
min_rc,wn,mult : 35 26 1
wp: 5510622, wn : 26, rp : 3689998, rn : 19, gcp : 5510622 wu: 0.003364, ru: 0.001442, gcu : 0.017393
min_rc,wn,mult : 35 7 5
wp: 1709625, wn : 7, rp : 4124201, rn : 43, gcp : 8548125 wu: 0.002919, ru: 0.002919, gcu : 0.011213
min_rc,wn,mult : 35 20 1
wp: 3167571, wn : 20, rp : 1212829, rn : 13, gcp : 3167571 wu: 0.004502, ru: 0.003001, gcu : 0.030259
min_rc,wn,mult : 35 6 5
wp: 667748, wn : 6, rp : 721130, rn : 11, gcp : 3338740 wu: 0.006407, ru: 0.004271, gcu : 0.028708
min_rc,wn,mult : 35 9 3
wp: 3302339, wn : 9, rp : 656431, rn : 41, gcp : 9907017 wu: 0.001943, ru: 0.017489, gcu : 0.009675
min_rc,wn,mult : 35 9 3
wp: 74239, wn : 9, rp : 179784, rn : 37, gcp : 222717 wu: 0.086437, ru: 0.057625, gcu : 0.430362
WRsum : 0.200000, utilsum(noblock): 0.755627, utilsum(nogc): 0.047145 totutil : 0.802772
saving 13,2874623,21,16412244,5749246,0,10878
saving 2,497012,48,10930100,8449204,10879,21757
saving 26,5510622,19,3689998,5510622,21758,32636
saving 7,1709625,43,4124201,8548125,32637,43515
saving 20,3167571,13,1212829,3167571,43516,54394
saving 6,667748,11,721130,3338740,54395,65273
saving 9,3302339,41,656431,9907017,65274,76152
saving 9,74239,37,179784,222717,76153,87031
