[ SCHEMES ] 0, 0, 0, 0
[EXEC-main] 0, 1
[EXEC-task] 8, 0.200000
[EXEC-skew] -1, -2.000000, -2.000000, 32766
[EXEC-OP  ] 0, 0.320000, 35
[NOB MAXPE] : 1000, 2000
[LAT MODE ] : 0 (0=STATE, 1=FIXED_S, 2=FIXED_E)
expected_invalid : 34720, expected_fp : 5217, maxvalid : 87039
::UUNIFAST GEN::
[0]0.045286
[1]0.040045
[2]0.034622
[3]0.028971
[4]0.023019
[5]0.016634
[6]0.009530
[7]0.001894
[ALL]0.200000
min_rc,wn,mult : 35 30 1
wp: 4723320, wn : 30, rp : 48089, rn : 7, gcp : 4723320 wu: 0.004529, ru: 0.040757, gcu : 0.020293
min_rc,wn,mult : 35 3 11
wp: 59349, wn : 3, rp : 1887875, rn : 27, gcp : 652839 wu: 0.036041, ru: 0.004005, gcu : 0.146819
min_rc,wn,mult : 35 21 1
wp: 864944, wn : 21, rp : 274970, rn : 17, gcp : 864944 wu: 0.017311, ru: 0.017311, gcu : 0.110815
min_rc,wn,mult : 35 9 3
wp: 553748, wn : 9, rp : 402705, rn : 25, gcp : 1661244 wu: 0.011588, ru: 0.017382, gcu : 0.057697
min_rc,wn,mult : 35 6 5
wp: 464623, wn : 6, rp : 729843, rn : 36, gcp : 2323115 wu: 0.009207, ru: 0.013811, gcu : 0.041259
min_rc,wn,mult : 35 10 3
wp: 612335, wn : 10, rp : 673311, rn : 12, gcp : 1837005 wu: 0.011644, ru: 0.004990, gcu : 0.052177
min_rc,wn,mult : 35 22 1
wp: 8229855, wn : 22, rp : 1211970, rn : 33, gcp : 8229855 wu: 0.001906, ru: 0.007624, gcu : 0.011646
min_rc,wn,mult : 35 3 11
wp: 1882600, wn : 3, rp : 18482754, rn : 50, gcp : 20708600 wu: 0.001136, ru: 0.000757, gcu : 0.004628
WRsum : 0.200001, utilsum(noblock): 0.645335, utilsum(nogc): 0.072782 totutil : 0.718117
saving 30,4723320,7,48089,4723320,0,10878
saving 3,59349,27,1887875,652839,10879,21757
saving 21,864944,17,274970,864944,21758,32636
saving 9,553748,25,402705,1661244,32637,43515
saving 6,464623,36,729843,2323115,43516,54394
saving 10,612335,12,673311,1837005,54395,65273
saving 22,8229855,33,1211970,8229855,65274,76152
saving 3,1882600,50,18482754,20708600,76153,87031
