[ SCHEMES ] 0, 0, 0, 0
[EXEC-main] 0, 1
[EXEC-task] 8, 0.150000
[EXEC-skew] -1, -2.000000, -2.000000, 32764
[EXEC-OP  ] 0, 0.320000, 35
[NOB MAXPE] : 1000, 2000
[LAT MODE ] : 0 (0=STATE, 1=FIXED_S, 2=FIXED_E)
expected_invalid : 34720, expected_fp : 5217, maxvalid : 87039
::UUNIFAST GEN::
[0]0.046586
[1]0.036403
[2]0.027198
[3]0.019046
[4]0.012047
[5]0.006348
[6]0.002197
[7]0.000176
[ALL]0.150000
min_rc,wn,mult : 35 26 1
wp: 497414, wn : 26, rp : 1172028, rn : 39, gcp : 497414 wu: 0.037269, ru: 0.009317, gcu : 0.192695
min_rc,wn,mult : 35 24 1
wp: 2350385, wn : 24, rp : 442276, rn : 46, gcp : 2350385 wu: 0.007281, ru: 0.029122, gcu : 0.040780
min_rc,wn,mult : 35 4 8
wp: 209723, wn : 4, rp : 1029496, rn : 50, gcp : 1677784 wu: 0.013599, ru: 0.013599, gcu : 0.057128
min_rc,wn,mult : 35 22 1
wp: 1372634, wn : 22, rp : 1470117, rn : 40, gcp : 1372634 wu: 0.011428, ru: 0.007618, gcu : 0.069829
min_rc,wn,mult : 35 19 1
wp: 2811170, wn : 19, rp : 503563, rn : 13, gcp : 2811170 wu: 0.004819, ru: 0.007228, gcu : 0.034096
min_rc,wn,mult : 35 12 2
wp: 3369793, wn : 12, rp : 3602428, rn : 49, gcp : 6739586 wu: 0.002539, ru: 0.003809, gcu : 0.014222
min_rc,wn,mult : 35 24 1
wp: 12981199, wn : 24, rp : 3186129, rn : 10, gcp : 12981199 wu: 0.001318, ru: 0.000879, gcu : 0.007384
min_rc,wn,mult : 35 20 1
wp: 202955488, wn : 20, rp : 39851012, rn : 15, gcp : 202955488 wu: 0.000070, ru: 0.000105, gcu : 0.000472
WRsum : 0.150000, utilsum(noblock): 0.566605, utilsum(nogc): 0.016689 totutil : 0.583294
saving 26,497414,39,1172028,497414,0,10878
saving 24,2350385,46,442276,2350385,10879,21757
saving 4,209723,50,1029496,1677784,21758,32636
saving 22,1372634,40,1470117,1372634,32637,43515
saving 19,2811170,13,503563,2811170,43516,54394
saving 12,3369793,49,3602428,6739586,54395,65273
saving 24,12981199,10,3186129,12981199,65274,76152
saving 20,202955488,15,39851012,202955488,76153,87031
