[ SCHEMES ] 0, 0, 0, 0
[EXEC-main] 0, 1
[EXEC-task] 8, 0.200000
[EXEC-skew] -1, -2.000000, -2.000000, 32765
[EXEC-OP  ] 0, 0.320000, 35
[NOB MAXPE] : 1000, 2000
[LAT MODE ] : 0 (0=STATE, 1=FIXED_S, 2=FIXED_E)
expected_invalid : 34720, expected_fp : 5217, maxvalid : 87039
::UUNIFAST GEN::
[0]0.003969
[1]0.004531
[2]0.005299
[3]0.006418
[4]0.008214
[5]0.011623
[6]0.020938
[7]0.139008
[ALL]0.200000
min_rc,wn,mult : 35 20 1
wp: 17965490, wn : 20, rp : 440948, rn : 5, gcp : 17965490 wu: 0.000794, ru: 0.003175, gcu : 0.005335
min_rc,wn,mult : 35 26 1
wp: 40915984, wn : 26, rp : 1098666, rn : 16, gcp : 40915984 wu: 0.000453, ru: 0.004078, gcu : 0.002343
min_rc,wn,mult : 35 29 1
wp: 9755354, wn : 29, rp : 704550, rn : 8, gcp : 9755354 wu: 0.002120, ru: 0.003179, gcu : 0.009825
min_rc,wn,mult : 35 24 1
wp: 3808991, wn : 24, rp : 3635666, rn : 25, gcp : 3808991 wu: 0.004493, ru: 0.001925, gcu : 0.025164
min_rc,wn,mult : 35 28 1
wp: 3037950, wn : 28, rp : 1022592, rn : 6, gcp : 3037950 wu: 0.006572, ru: 0.001643, gcu : 0.031551
min_rc,wn,mult : 35 7 5
wp: 858792, wn : 7, rp : 2071702, rn : 43, gcp : 4293960 wu: 0.005812, ru: 0.005812, gcu : 0.022322
min_rc,wn,mult : 35 7 5
wp: 397291, wn : 7, rp : 1571335, rn : 47, gcp : 1986455 wu: 0.012563, ru: 0.008375, gcu : 0.048251
min_rc,wn,mult : 35 26 1
wp: 266717, wn : 26, rp : 68485, rn : 17, gcp : 266717 wu: 0.069504, ru: 0.069504, gcu : 0.359366
WRsum : 0.200000, utilsum(noblock): 0.704157, utilsum(nogc): 0.051106 totutil : 0.755263
saving 20,17965490,5,440948,17965490,0,10878
saving 26,40915984,16,1098666,40915984,10879,21757
saving 29,9755354,8,704550,9755354,21758,32636
saving 24,3808991,25,3635666,3808991,32637,43515
saving 28,3037950,6,1022592,3037950,43516,54394
saving 7,858792,43,2071702,4293960,54395,65273
saving 7,397291,47,1571335,1986455,65274,76152
saving 26,266717,17,68485,266717,76153,87031
