[ SCHEMES ] 0, 0, 0, 0
[EXEC-main] 0, 1
[EXEC-task] 8, 0.100000
[EXEC-skew] -1, -2.000000, -2.000000, 32765
[EXEC-OP  ] 0, 0.320000, 35
[NOB MAXPE] : 1000, 2000
[LAT MODE ] : 0 (0=STATE, 1=FIXED_S, 2=FIXED_E)
expected_invalid : 34720, expected_fp : 5217, maxvalid : 87039
::UUNIFAST GEN::
[0]0.013525
[1]0.013485
[2]0.013436
[3]0.013372
[4]0.013280
[5]0.013116
[6]0.012630
[7]0.007154
[ALL]0.100000
min_rc,wn,mult : 35 6 5
wp: 527154, wn : 6, rp : 776314, rn : 15, gcp : 2635770 wu: 0.008115, ru: 0.005410, gcu : 0.036365
min_rc,wn,mult : 35 2 17
wp: 117492, wn : 2, rp : 3114469, rn : 15, gcp : 1997364 wu: 0.012137, ru: 0.001349, gcu : 0.047988
min_rc,wn,mult : 35 13 2
wp: 985491, wn : 13, rp : 2153359, rn : 31, gcp : 1970982 wu: 0.009405, ru: 0.004031, gcu : 0.048630
min_rc,wn,mult : 35 27 1
wp: 7197991, wn : 27, rp : 1203965, rn : 46, gcp : 7197991 wu: 0.002674, ru: 0.010698, gcu : 0.013316
min_rc,wn,mult : 35 20 1
wp: 2147547, wn : 20, rp : 463846, rn : 11, gcp : 2147547 wu: 0.006640, ru: 0.006640, gcu : 0.044632
min_rc,wn,mult : 35 28 1
wp: 15220629, wn : 28, rp : 94876, rn : 4, gcp : 15220629 wu: 0.001312, ru: 0.011805, gcu : 0.006297
min_rc,wn,mult : 35 4 8
wp: 2258113, wn : 4, rp : 1157736, rn : 47, gcp : 18064904 wu: 0.001263, ru: 0.011367, gcu : 0.005306
min_rc,wn,mult : 35 16 2
wp: 3986812, wn : 16, rp : 913295, rn : 14, gcp : 7973624 wu: 0.002861, ru: 0.004292, gcu : 0.012021
WRsum : 0.100000, utilsum(noblock): 0.314555, utilsum(nogc): 0.036890 totutil : 0.351445
saving 6,527154,15,776314,2635770,0,10878
saving 2,117492,15,3114469,1997364,10879,21757
saving 13,985491,31,2153359,1970982,21758,32636
saving 27,7197991,46,1203965,7197991,32637,43515
saving 20,2147547,11,463846,2147547,43516,54394
saving 28,15220629,4,94876,15220629,54395,65273
saving 4,2258113,47,1157736,18064904,65274,76152
saving 16,3986812,14,913295,7973624,76153,87031
