[ SCHEMES ] 0, 0, 0, 0
[EXEC-main] 0, 1
[EXEC-task] 8, 0.250000
[EXEC-skew] -1, -2.000000, -2.000000, 32766
[EXEC-OP  ] 0, 0.320000, 35
[NOB MAXPE] : 1000, 2000
[LAT MODE ] : 0 (0=STATE, 1=FIXED_S, 2=FIXED_E)
expected_invalid : 34720, expected_fp : 5217, maxvalid : 87039
::UUNIFAST GEN::
[0]0.018197
[1]0.019562
[2]0.021308
[3]0.023652
[4]0.027043
[5]0.032593
[6]0.044221
[7]0.063424
[ALL]0.250000
min_rc,wn,mult : 35 14 2
wp: 783659, wn : 14, rp : 2256822, rn : 44, gcp : 1567318 wu: 0.012738, ru: 0.005459, gcu : 0.061155
min_rc,wn,mult : 35 23 1
wp: 4191472, wn : 23, rp : 447288, rn : 25, gcp : 4191472 wu: 0.003912, ru: 0.015650, gcu : 0.022868
min_rc,wn,mult : 35 3 11
wp: 167307, wn : 3, rp : 1511163, rn : 46, gcp : 1840377 wu: 0.012785, ru: 0.008523, gcu : 0.052081
min_rc,wn,mult : 35 15 2
wp: 904345, wn : 15, rp : 662933, rn : 28, gcp : 1808690 wu: 0.011826, ru: 0.011826, gcu : 0.052994
min_rc,wn,mult : 35 16 2
wp: 602640, wn : 16, rp : 552209, rn : 16, gcp : 1205280 wu: 0.018930, ru: 0.008113, gcu : 0.079524
min_rc,wn,mult : 35 24 1
wp: 5250249, wn : 24, rp : 400907, rn : 42, gcp : 5250249 wu: 0.003259, ru: 0.029333, gcu : 0.018256
min_rc,wn,mult : 35 5 7
wp: 403086, wn : 5, rp : 23744, rn : 3, gcp : 2821602 wu: 0.008844, ru: 0.035377, gcu : 0.033970
min_rc,wn,mult : 35 24 1
wp: 1349025, wn : 24, rp : 115887, rn : 21, gcp : 1349025 wu: 0.012685, ru: 0.050739, gcu : 0.071051
WRsum : 0.250001, utilsum(noblock): 0.641899, utilsum(nogc): 0.147406 totutil : 0.789304
saving 14,783659,44,2256822,1567318,0,10878
saving 23,4191472,25,447288,4191472,10879,21757
saving 3,167307,46,1511163,1840377,21758,32636
saving 15,904345,28,662933,1808690,32637,43515
saving 16,602640,16,552209,1205280,43516,54394
saving 24,5250249,42,400907,5250249,54395,65273
saving 5,403086,3,23744,2821602,65274,76152
saving 24,1349025,21,115887,1349025,76153,87031
