[ SCHEMES ] 0, 0, 0, 0
[EXEC-main] 0, 1
[EXEC-task] 8, 0.100000
[EXEC-skew] -1, -2.000000, -2.000000, 32764
[EXEC-OP  ] 0, 0.320000, 35
[NOB MAXPE] : 1000, 2000
[LAT MODE ] : 0 (0=STATE, 1=FIXED_S, 2=FIXED_E)
expected_invalid : 34720, expected_fp : 5217, maxvalid : 87039
::UUNIFAST GEN::
[0]0.002034
[1]0.002321
[2]0.002712
[3]0.003282
[4]0.004197
[5]0.005930
[6]0.010654
[7]0.068871
[ALL]0.100000
min_rc,wn,mult : 35 5 7
wp: 4382216, wn : 5, rp : 5277507, rn : 23, gcp : 30675512 wu: 0.000814, ru: 0.001220, gcu : 0.003125
min_rc,wn,mult : 35 29 1
wp: 14850747, wn : 29, rp : 4524820, rn : 15, gcp : 14850747 wu: 0.001392, ru: 0.000928, gcu : 0.006454
min_rc,wn,mult : 35 14 2
wp: 5257724, wn : 14, rp : 1032372, rn : 3, gcp : 10515448 wu: 0.001899, ru: 0.000814, gcu : 0.009115
min_rc,wn,mult : 35 7 5
wp: 2172222, wn : 7, rp : 568697, rn : 2, gcp : 10861110 wu: 0.002298, ru: 0.000985, gcu : 0.008825
min_rc,wn,mult : 35 8 4
wp: 1698894, wn : 8, rp : 16345607, rn : 49, gcp : 6795576 wu: 0.003357, ru: 0.000839, gcu : 0.014105
min_rc,wn,mult : 35 19 1
wp: 4569137, wn : 19, rp : 1605454, rn : 17, gcp : 4569137 wu: 0.002965, ru: 0.002965, gcu : 0.020977
min_rc,wn,mult : 35 12 2
wp: 2007754, wn : 12, rp : 1533114, rn : 35, gcp : 4015508 wu: 0.004261, ru: 0.006392, gcu : 0.023870
min_rc,wn,mult : 35 4 8
wp: 207054, wn : 4, rp : 238853, rn : 47, gcp : 1656432 wu: 0.013774, ru: 0.055097, gcu : 0.057865
WRsum : 0.100000, utilsum(noblock): 0.244335, utilsum(nogc): 0.016904 totutil : 0.261239
saving 5,4382216,23,5277507,30675512,0,10878
saving 29,14850747,15,4524820,14850747,10879,21757
saving 14,5257724,3,1032372,10515448,21758,32636
saving 7,2172222,2,568697,10861110,32637,43515
saving 8,1698894,49,16345607,6795576,43516,54394
saving 19,4569137,17,1605454,4569137,54395,65273
saving 12,2007754,35,1533114,4015508,65274,76152
saving 4,207054,47,238853,1656432,76153,87031
