[ SCHEMES ] 0, 0, 0, 0
[EXEC-main] 0, 1
[EXEC-task] 8, 0.200000
[EXEC-skew] -1, -2.000000, -2.000000, 32767
[EXEC-OP  ] 0, 0.320000, 35
[NOB MAXPE] : 1000, 2000
[LAT MODE ] : 0 (0=STATE, 1=FIXED_S, 2=FIXED_E)
expected_invalid : 34720, expected_fp : 5217, maxvalid : 87039
::UUNIFAST GEN::
[0]0.043355
[1]0.038853
[2]0.034125
[3]0.029110
[4]0.023708
[5]0.017732
[6]0.010746
[7]0.002372
[ALL]0.200000
min_rc,wn,mult : 35 28 1
wp: 4604741, wn : 28, rp : 86110, rn : 12, gcp : 4604741 wu: 0.004336, ru: 0.039020, gcu : 0.020815
min_rc,wn,mult : 35 21 1
wp: 642297, wn : 21, rp : 882820, rn : 49, gcp : 642297 wu: 0.023312, ru: 0.015541, gcu : 0.149228
min_rc,wn,mult : 35 10 3
wp: 696465, wn : 10, rp : 480590, rn : 41, gcp : 2089395 wu: 0.010237, ru: 0.023887, gcu : 0.045874
min_rc,wn,mult : 35 16 2
wp: 1959488, wn : 16, rp : 216423, rn : 18, gcp : 3918976 wu: 0.005822, ru: 0.023288, gcu : 0.024458
min_rc,wn,mult : 35 9 3
wp: 451120, wn : 9, rp : 620053, rn : 21, gcp : 1353360 wu: 0.014225, ru: 0.009483, gcu : 0.070823
min_rc,wn,mult : 35 16 2
wp: 1072237, wn : 16, rp : 276330, rn : 7, gcp : 2144474 wu: 0.010639, ru: 0.007093, gcu : 0.044696
min_rc,wn,mult : 35 20 1
wp: 1658763, wn : 20, rp : 1042252, rn : 8, gcp : 1658763 wu: 0.008597, ru: 0.002149, gcu : 0.057783
min_rc,wn,mult : 35 19 1
wp: 6346664, wn : 19, rp : 35418012, rn : 30, gcp : 6346664 wu: 0.002135, ru: 0.000237, gcu : 0.015102
WRsum : 0.200000, utilsum(noblock): 0.628780, utilsum(nogc): 0.040646 totutil : 0.669426
saving 28,4604741,12,86110,4604741,0,10878
saving 21,642297,49,882820,642297,10879,21757
saving 10,696465,41,480590,2089395,21758,32636
saving 16,1959488,18,216423,3918976,32637,43515
saving 9,451120,21,620053,1353360,43516,54394
saving 16,1072237,7,276330,2144474,54395,65273
saving 20,1658763,8,1042252,1658763,65274,76152
saving 19,6346664,30,35418012,6346664,76153,87031
