[ SCHEMES ] 0, 0, 0, 0
[EXEC-main] 0, 1
[EXEC-task] 8, 0.150000
[EXEC-skew] -1, -2.000000, -2.000000, 32764
[EXEC-OP  ] 0, 0.320000, 35
[NOB MAXPE] : 1000, 2000
[LAT MODE ] : 0 (0=STATE, 1=FIXED_S, 2=FIXED_E)
expected_invalid : 34720, expected_fp : 5217, maxvalid : 87039
::UUNIFAST GEN::
[0]0.007526
[1]0.008304
[2]0.009329
[3]0.010754
[4]0.012912
[5]0.016680
[6]0.025564
[7]0.058932
[ALL]0.150000
min_rc,wn,mult : 35 22 1
wp: 5210774, wn : 22, rp : 2232334, rn : 36, gcp : 5210774 wu: 0.003010, ru: 0.004515, gcu : 0.018394
min_rc,wn,mult : 35 20 1
wp: 3434418, wn : 20, rp : 1078975, rn : 16, gcp : 3434418 wu: 0.004152, ru: 0.004152, gcu : 0.027908
min_rc,wn,mult : 35 13 2
wp: 9936087, wn : 13, rp : 800404, rn : 24, gcp : 19872174 wu: 0.000933, ru: 0.008396, gcu : 0.004823
min_rc,wn,mult : 35 2 17
wp: 147334, wn : 2, rp : 3384776, rn : 13, gcp : 2504678 wu: 0.009679, ru: 0.001075, gcu : 0.038268
min_rc,wn,mult : 35 9 3
wp: 4969915, wn : 9, rp : 313238, rn : 13, gcp : 14909745 wu: 0.001291, ru: 0.011621, gcu : 0.006429
min_rc,wn,mult : 35 7 5
wp: 427455, wn : 7, rp : 447639, rn : 8, gcp : 2137275 wu: 0.011676, ru: 0.005004, gcu : 0.044846
min_rc,wn,mult : 35 18 1
wp: 557820, wn : 18, rp : 5476497, rn : 50, gcp : 557820 wu: 0.023007, ru: 0.002556, gcu : 0.171828
min_rc,wn,mult : 35 16 2
wp: 967897, wn : 16, rp : 201928, rn : 34, gcp : 1935794 wu: 0.011786, ru: 0.047145, gcu : 0.049514
WRsum : 0.150000, utilsum(noblock): 0.512011, utilsum(nogc): 0.023756 totutil : 0.535767
saving 22,5210774,36,2232334,5210774,0,10878
saving 20,3434418,16,1078975,3434418,10879,21757
saving 13,9936087,24,800404,19872174,21758,32636
saving 2,147334,13,3384776,2504678,32637,43515
saving 9,4969915,13,313238,14909745,43516,54394
saving 7,427455,8,447639,2137275,54395,65273
saving 18,557820,50,5476497,557820,65274,76152
saving 16,967897,34,201928,1935794,76153,87031
