[ SCHEMES ] 0, 0, 0, 0
[EXEC-main] 0, 1
[EXEC-task] 8, 0.250000
[EXEC-skew] -1, -2.000000, -2.000000, 32766
[EXEC-OP  ] 0, 0.320000, 35
[NOB MAXPE] : 1000, 2000
[LAT MODE ] : 0 (0=STATE, 1=FIXED_S, 2=FIXED_E)
expected_invalid : 34720, expected_fp : 5217, maxvalid : 87039
::UUNIFAST GEN::
[0]0.032219
[1]0.032379
[2]0.032566
[3]0.032785
[4]0.033044
[5]0.033324
[6]0.033247
[7]0.020436
[ALL]0.250000
min_rc,wn,mult : 35 15 2
wp: 474213, wn : 15, rp : 115874, rn : 4, gcp : 948426 wu: 0.022553, ru: 0.009666, gcu : 0.101061
min_rc,wn,mult : 35 16 2
wp: 880810, wn : 16, rp : 57650, rn : 4, gcp : 1761620 wu: 0.012952, ru: 0.019428, gcu : 0.054410
min_rc,wn,mult : 35 22 1
wp: 1204188, wn : 22, rp : 444232, rn : 31, gcp : 1204188 wu: 0.013026, ru: 0.019539, gcu : 0.079596
min_rc,wn,mult : 35 15 2
wp: 543695, wn : 15, rp : 512430, rn : 24, gcp : 1087390 wu: 0.019671, ru: 0.013114, gcu : 0.088146
min_rc,wn,mult : 35 18 1
wp: 1294626, wn : 18, rp : 254204, rn : 21, gcp : 1294626 wu: 0.009913, ru: 0.023131, gcu : 0.074036
min_rc,wn,mult : 35 14 2
wp: 499236, wn : 14, rp : 1050287, rn : 50, gcp : 998472 wu: 0.019995, ru: 0.013330, gcu : 0.095996
min_rc,wn,mult : 35 17 2
wp: 455720, wn : 17, rp : 2063354, rn : 49, gcp : 911440 wu: 0.026597, ru: 0.006649, gcu : 0.105162
min_rc,wn,mult : 35 19 1
wp: 828615, wn : 19, rp : 3288281, rn : 48, gcp : 828615 wu: 0.016349, ru: 0.004087, gcu : 0.115674
WRsum : 0.250000, utilsum(noblock): 0.964081, utilsum(nogc): 0.060711 totutil : 1.024792
::UUNIFAST GEN::
[0]0.050838
[1]0.046399
[2]0.041643
[3]0.036474
[4]0.030729
[5]0.024098
[6]0.015782
[7]0.004036
[ALL]0.250000
min_rc,wn,mult : 35 21 1
wp: 589046, wn : 21, rp : 440614, rn : 40, gcp : 589046 wu: 0.025419, ru: 0.025419, gcu : 0.162719
min_rc,wn,mult : 35 13 2
wp: 399531, wn : 13, rp : 241382, rn : 20, gcp : 799062 wu: 0.023200, ru: 0.023200, gcu : 0.119952
min_rc,wn,mult : 35 20 1
wp: 1141442, wn : 20, rp : 240135, rn : 25, gcp : 1141442 wu: 0.012493, ru: 0.029150, gcu : 0.083972
min_rc,wn,mult : 35 5 7
wp: 162903, wn : 5, rp : 575760, rn : 30, gcp : 1140321 wu: 0.021884, ru: 0.014589, gcu : 0.084054
min_rc,wn,mult : 35 26 1
wp: 861807, wn : 26, rp : 334098, rn : 11, gcp : 861807 wu: 0.021511, ru: 0.009219, gcu : 0.111219
min_rc,wn,mult : 35 2 17
wp: 591738, wn : 2, rp : 464759, rn : 36, gcp : 10059546 wu: 0.002410, ru: 0.021689, gcu : 0.009528
min_rc,wn,mult : 35 20 1
wp: 3011827, wn : 20, rp : 152069, rn : 6, gcp : 3011827 wu: 0.004735, ru: 0.011048, gcu : 0.031824
min_rc,wn,mult : 35 25 1
wp: 7361316, wn : 25, rp : 1214152, rn : 7, gcp : 7361316 wu: 0.002421, ru: 0.001614, gcu : 0.013021
WRsum : 0.250000, utilsum(noblock): 0.866289, utilsum(nogc): 0.023016 totutil : 0.889305
saving 21,589046,40,440614,589046,0,10878
saving 13,399531,20,241382,799062,10879,21757
saving 20,1141442,25,240135,1141442,21758,32636
saving 5,162903,30,575760,1140321,32637,43515
saving 26,861807,11,334098,861807,43516,54394
saving 2,591738,36,464759,10059546,54395,65273
saving 20,3011827,6,152069,3011827,65274,76152
saving 25,7361316,7,1214152,7361316,76153,87031
