[ SCHEMES ] 0, 0, 0, 0
[EXEC-main] 0, 1
[EXEC-task] 8, 0.150000
[EXEC-skew] -1, -2.000000, -2.000000, 32765
[EXEC-OP  ] 0, 0.320000, 35
[NOB MAXPE] : 1000, 2000
[LAT MODE ] : 0 (0=STATE, 1=FIXED_S, 2=FIXED_E)
expected_invalid : 34720, expected_fp : 5217, maxvalid : 87039
::UUNIFAST GEN::
[0]0.011239
[1]0.012052
[2]0.013089
[3]0.014476
[4]0.016474
[5]0.019724
[6]0.026453
[7]0.036494
[ALL]0.150000
min_rc,wn,mult : 35 28 1
wp: 1973767, wn : 28, rp : 6477722, rn : 26, gcp : 1973767 wu: 0.010115, ru: 0.001124, gcu : 0.048561
min_rc,wn,mult : 35 4 8
wp: 591609, wn : 4, rp : 929315, rn : 24, gcp : 4732872 wu: 0.004821, ru: 0.007231, gcu : 0.020252
min_rc,wn,mult : 35 4 8
wp: 544745, wn : 4, rp : 285233, rn : 8, gcp : 4357960 wu: 0.005235, ru: 0.007853, gcu : 0.021994
min_rc,wn,mult : 35 30 1
wp: 4925297, wn : 30, rp : 442102, rn : 16, gcp : 4925297 wu: 0.004343, ru: 0.010133, gcu : 0.019461
min_rc,wn,mult : 35 27 1
wp: 1669367, wn : 27, rp : 396580, rn : 7, gcp : 1669367 wu: 0.011532, ru: 0.004942, gcu : 0.057416
min_rc,wn,mult : 35 23 1
wp: 1662857, wn : 23, rp : 766583, rn : 27, gcp : 1662857 wu: 0.009862, ru: 0.009862, gcu : 0.057641
min_rc,wn,mult : 35 9 3
wp: 269534, wn : 9, rp : 1587717, rn : 15, gcp : 808602 wu: 0.023808, ru: 0.002645, gcu : 0.118537
min_rc,wn,mult : 35 14 2
wp: 911759, wn : 14, rp : 471316, rn : 43, gcp : 1823518 wu: 0.010948, ru: 0.025545, gcu : 0.052563
WRsum : 0.150000, utilsum(noblock): 0.546425, utilsum(nogc): 0.012985 totutil : 0.559410
saving 28,1973767,26,6477722,1973767,0,10878
saving 4,591609,24,929315,4732872,10879,21757
saving 4,544745,8,285233,4357960,21758,32636
saving 30,4925297,16,442102,4925297,32637,43515
saving 27,1669367,7,396580,1669367,43516,54394
saving 23,1662857,27,766583,1662857,54395,65273
saving 9,269534,15,1587717,808602,65274,76152
saving 14,911759,43,471316,1823518,76153,87031
