[ SCHEMES ] 0, 0, 0, 0
[EXEC-main] 0, 1
[EXEC-task] 8, 0.100000
[EXEC-skew] -1, -2.000000, -2.000000, 32766
[EXEC-OP  ] 0, 0.320000, 35
[NOB MAXPE] : 1000, 2000
[LAT MODE ] : 0 (0=STATE, 1=FIXED_S, 2=FIXED_E)
expected_invalid : 34720, expected_fp : 5217, maxvalid : 87039
::UUNIFAST GEN::
[0]0.004102
[1]0.004573
[2]0.005201
[3]0.006087
[4]0.007452
[5]0.009897
[6]0.015930
[7]0.046759
[ALL]0.100000
min_rc,wn,mult : 35 13 2
wp: 22597882, wn : 13, rp : 3640756, rn : 48, gcp : 45195764 wu: 0.000410, ru: 0.003692, gcu : 0.002121
min_rc,wn,mult : 35 20 1
wp: 31181792, wn : 20, rp : 1156500, rn : 17, gcp : 31181792 wu: 0.000457, ru: 0.004116, gcu : 0.003074
min_rc,wn,mult : 35 13 2
wp: 3564403, wn : 13, rp : 4953017, rn : 46, gcp : 7128806 wu: 0.002600, ru: 0.002600, gcu : 0.013445
min_rc,wn,mult : 35 13 2
wp: 7614296, wn : 13, rp : 2472654, rn : 43, gcp : 15228592 wu: 0.001217, ru: 0.004869, gcu : 0.006294
min_rc,wn,mult : 35 17 2
wp: 4066560, wn : 17, rp : 688887, rn : 11, gcp : 8133120 wu: 0.002981, ru: 0.004471, gcu : 0.011785
min_rc,wn,mult : 35 27 1
wp: 2161244, wn : 27, rp : 7638621, rn : 27, gcp : 2161244 wu: 0.008907, ru: 0.000990, gcu : 0.044349
min_rc,wn,mult : 35 15 2
wp: 1118974, wn : 15, rp : 395486, rn : 9, gcp : 2237948 wu: 0.009558, ru: 0.006372, gcu : 0.042829
min_rc,wn,mult : 35 15 2
wp: 1143625, wn : 15, rp : 321861, rn : 43, gcp : 2287250 wu: 0.009352, ru: 0.037407, gcu : 0.041906
WRsum : 0.100000, utilsum(noblock): 0.265803, utilsum(nogc): 0.010874 totutil : 0.276677
saving 13,22597882,48,3640756,45195764,0,10878
saving 20,31181792,17,1156500,31181792,10879,21757
saving 13,3564403,46,4953017,7128806,21758,32636
saving 13,7614296,43,2472654,15228592,32637,43515
saving 17,4066560,11,688887,8133120,43516,54394
saving 27,2161244,27,7638621,2161244,54395,65273
saving 15,1118974,9,395486,2237948,65274,76152
saving 15,1143625,43,321861,2287250,76153,87031
