[ SCHEMES ] 0, 0, 0, 0
[EXEC-main] 0, 1
[EXEC-task] 8, 0.250000
[EXEC-skew] -1, -2.000000, -2.000000, 32765
[EXEC-OP  ] 0, 0.320000, 35
[NOB MAXPE] : 1000, 2000
[LAT MODE ] : 0 (0=STATE, 1=FIXED_S, 2=FIXED_E)
expected_invalid : 34720, expected_fp : 5217, maxvalid : 87039
::UUNIFAST GEN::
[0]0.025393
[1]0.026384
[2]0.027603
[3]0.029162
[4]0.031281
[5]0.034444
[6]0.039950
[7]0.035782
[ALL]0.250000
min_rc,wn,mult : 35 16 2
wp: 499179, wn : 16, rp : 992409, rn : 9, gcp : 998358 wu: 0.022853, ru: 0.002539, gcu : 0.096007
min_rc,wn,mult : 35 19 1
wp: 570507, wn : 19, rp : 3820511, rn : 36, gcp : 570507 wu: 0.023746, ru: 0.002638, gcu : 0.168007
min_rc,wn,mult : 35 24 1
wp: 6199435, wn : 24, rp : 473386, rn : 42, gcp : 6199435 wu: 0.002760, ru: 0.024842, gcu : 0.015461
min_rc,wn,mult : 35 23 1
wp: 5623322, wn : 23, rp : 138686, rn : 13, gcp : 5623322 wu: 0.002916, ru: 0.026246, gcu : 0.017045
min_rc,wn,mult : 35 10 3
wp: 569827, wn : 10, rp : 745916, rn : 50, gcp : 1709481 wu: 0.012513, ru: 0.018769, gcu : 0.056069
min_rc,wn,mult : 35 9 3
wp: 266144, wn : 9, rp : 1300655, rn : 48, gcp : 798432 wu: 0.024111, ru: 0.010333, gcu : 0.120047
min_rc,wn,mult : 35 8 4
wp: 178471, wn : 8, rp : 525652, rn : 15, gcp : 713884 wu: 0.031960, ru: 0.007990, gcu : 0.134264
min_rc,wn,mult : 35 17 2
wp: 3387415, wn : 17, rp : 130417, rn : 15, gcp : 6774830 wu: 0.003578, ru: 0.032204, gcu : 0.014148
WRsum : 0.250001, utilsum(noblock): 0.871047, utilsum(nogc): 0.026837 totutil : 0.897884
saving 16,499179,9,992409,998358,0,10878
saving 19,570507,36,3820511,570507,10879,21757
saving 24,6199435,42,473386,6199435,21758,32636
saving 23,5623322,13,138686,5623322,32637,43515
saving 10,569827,50,745916,1709481,43516,54394
saving 9,266144,48,1300655,798432,54395,65273
saving 8,178471,15,525652,713884,65274,76152
saving 17,3387415,15,130417,6774830,76153,87031
