[ SCHEMES ] 0, 0, 0, 0
[EXEC-main] 0, 1
[EXEC-task] 8, 0.100000
[EXEC-skew] -1, -2.000000, -2.000000, 32766
[EXEC-OP  ] 0, 0.320000, 35
[NOB MAXPE] : 1000, 2000
[LAT MODE ] : 0 (0=STATE, 1=FIXED_S, 2=FIXED_E)
expected_invalid : 34720, expected_fp : 5217, maxvalid : 87039
::UUNIFAST GEN::
[0]0.016598
[1]0.015915
[2]0.015143
[3]0.014244
[4]0.013154
[5]0.011730
[6]0.009507
[7]0.003710
[ALL]0.100000
min_rc,wn,mult : 35 27 1
wp: 1288739, wn : 27, rp : 1180892, rn : 7, gcp : 1288739 wu: 0.014938, ru: 0.001660, gcu : 0.074374
min_rc,wn,mult : 35 12 2
wp: 5375924, wn : 12, rp : 254121, rn : 13, gcp : 10751848 wu: 0.001592, ru: 0.014324, gcu : 0.008915
min_rc,wn,mult : 35 26 1
wp: 4080754, wn : 26, rp : 1109450, rn : 42, gcp : 4080754 wu: 0.004543, ru: 0.010600, gcu : 0.023488
min_rc,wn,mult : 35 25 1
wp: 3128570, wn : 25, rp : 1113940, rn : 34, gcp : 3128570 wu: 0.005697, ru: 0.008546, gcu : 0.030637
min_rc,wn,mult : 35 17 2
wp: 1023869, wn : 17, rp : 7237448, rn : 34, gcp : 2047738 wu: 0.011838, ru: 0.001315, gcu : 0.046807
min_rc,wn,mult : 35 17 2
wp: 2066735, wn : 17, rp : 1670984, rn : 35, gcp : 4133470 wu: 0.005865, ru: 0.005865, gcu : 0.023189
min_rc,wn,mult : 35 27 1
wp: 6749704, wn : 27, rp : 546960, rn : 13, gcp : 6749704 wu: 0.002852, ru: 0.006655, gcu : 0.014200
min_rc,wn,mult : 35 28 1
wp: 17936476, wn : 28, rp : 754690, rn : 7, gcp : 17936476 wu: 0.001113, ru: 0.002597, gcu : 0.005344
WRsum : 0.100000, utilsum(noblock): 0.326954, utilsum(nogc): 0.013773 totutil : 0.340727
saving 27,1288739,7,1180892,1288739,0,10878
saving 12,5375924,13,254121,10751848,10879,21757
saving 26,4080754,42,1109450,4080754,21758,32636
saving 25,3128570,34,1113940,3128570,32637,43515
saving 17,1023869,34,7237448,2047738,43516,54394
saving 17,2066735,35,1670984,4133470,54395,65273
saving 27,6749704,13,546960,6749704,65274,76152
saving 28,17936476,7,754690,17936476,76153,87031
