[ SCHEMES ] 0, 0, 0, 0
[EXEC-main] 0, 1
[EXEC-task] 8, 0.150000
[EXEC-skew] -1, -2.000000, -2.000000, 32764
[EXEC-OP  ] 0, 0.320000, 35
[NOB MAXPE] : 1000, 2000
[LAT MODE ] : 0 (0=STATE, 1=FIXED_S, 2=FIXED_E)
expected_invalid : 34720, expected_fp : 5217, maxvalid : 87039
::UUNIFAST GEN::
[0]0.015681
[1]0.016235
[2]0.016913
[3]0.017776
[4]0.018941
[5]0.020660
[6]0.023576
[7]0.020219
[ALL]0.150000
min_rc,wn,mult : 35 17 2
wp: 3864979, wn : 17, rp : 1116032, rn : 50, gcp : 7729958 wu: 0.003136, ru: 0.012544, gcu : 0.012400
min_rc,wn,mult : 35 22 1
wp: 4831064, wn : 22, rp : 388062, rn : 18, gcp : 4831064 wu: 0.003247, ru: 0.012988, gcu : 0.019840
min_rc,wn,mult : 35 5 7
wp: 2107879, wn : 5, rp : 680618, rn : 37, gcp : 14755153 wu: 0.001691, ru: 0.015221, gcu : 0.006496
min_rc,wn,mult : 35 28 1
wp: 2807667, wn : 28, rp : 603799, rn : 23, gcp : 2807667 wu: 0.007111, ru: 0.010666, gcu : 0.034138
min_rc,wn,mult : 35 28 1
wp: 1317511, wn : 28, rp : 665223, rn : 9, gcp : 1317511 wu: 0.015153, ru: 0.003788, gcu : 0.072750
min_rc,wn,mult : 35 6 5
wp: 230073, wn : 6, rp : 5692138, rn : 42, gcp : 1150365 wu: 0.018594, ru: 0.002066, gcu : 0.083321
min_rc,wn,mult : 35 26 1
wp: 1123299, wn : 26, rp : 673001, rn : 17, gcp : 1123299 wu: 0.016503, ru: 0.007073, gcu : 0.085328
min_rc,wn,mult : 35 6 5
wp: 528962, wn : 6, rp : 923231, rn : 40, gcp : 2644810 wu: 0.008088, ru: 0.012131, gcu : 0.036240
WRsum : 0.150000, utilsum(noblock): 0.500513, utilsum(nogc): 0.015213 totutil : 0.515726
saving 17,3864979,50,1116032,7729958,0,10878
saving 22,4831064,18,388062,4831064,10879,21757
saving 5,2107879,37,680618,14755153,21758,32636
saving 28,2807667,23,603799,2807667,32637,43515
saving 28,1317511,9,665223,1317511,43516,54394
saving 6,230073,42,5692138,1150365,54395,65273
saving 26,1123299,17,673001,1123299,65274,76152
saving 6,528962,40,923231,2644810,76153,87031
