[ SCHEMES ] 0, 0, 0, 0
[EXEC-main] 0, 1
[EXEC-task] 8, 0.300000
[EXEC-skew] -1, -2.000000, -2.000000, 32764
[EXEC-OP  ] 0, 0.320000, 35
[NOB MAXPE] : 1000, 2000
[LAT MODE ] : 0 (0=STATE, 1=FIXED_S, 2=FIXED_E)
expected_invalid : 34720, expected_fp : 5217, maxvalid : 87039
::UUNIFAST GEN::
[0]0.008914
[1]0.010065
[2]0.011620
[3]0.013851
[4]0.017367
[5]0.023863
[6]0.040793
[7]0.173527
[ALL]0.300000
min_rc,wn,mult : 35 28 1
wp: 11198583, wn : 28, rp : 39265, rn : 1, gcp : 11198583 wu: 0.001783, ru: 0.007131, gcu : 0.008559
min_rc,wn,mult : 35 13 2
wp: 1534848, wn : 13, rp : 2155974, rn : 31, gcp : 3069696 wu: 0.006039, ru: 0.004026, gcu : 0.031224
min_rc,wn,mult : 35 14 2
wp: 1431758, wn : 14, rp : 2530176, rn : 42, gcp : 2863516 wu: 0.006972, ru: 0.004648, gcu : 0.033472
min_rc,wn,mult : 35 26 1
wp: 1911928, wn : 26, rp : 1482403, rn : 22, gcp : 1911928 wu: 0.009696, ru: 0.004155, gcu : 0.050132
min_rc,wn,mult : 35 28 1
wp: 2299064, wn : 28, rp : 1322042, rn : 41, gcp : 2299064 wu: 0.008684, ru: 0.008684, gcu : 0.041690
min_rc,wn,mult : 35 17 2
wp: 2539716, wn : 17, rp : 513349, rn : 35, gcp : 5079432 wu: 0.004773, ru: 0.019090, gcu : 0.018870
min_rc,wn,mult : 35 19 1
wp: 664181, wn : 19, rp : 68639, rn : 5, gcp : 664181 wu: 0.020397, ru: 0.020397, gcu : 0.144312
min_rc,wn,mult : 35 20 1
wp: 102721, wn : 20, rp : 88746, rn : 11, gcp : 102721 wu: 0.138822, ru: 0.034705, gcu : 0.933100
WRsum : 0.300001, utilsum(noblock): 1.561362, utilsum(nogc): 0.089138 totutil : 1.650500
::UUNIFAST GEN::
[0]0.049050
[1]0.047184
[2]0.045063
[3]0.042585
[4]0.039561
[5]0.035573
[6]0.029238
[7]0.011746
[ALL]0.300000
min_rc,wn,mult : 35 19 1
wp: 345233, wn : 19, rp : 742098, rn : 26, gcp : 345233 wu: 0.039240, ru: 0.009810, gcu : 0.277636
min_rc,wn,mult : 35 14 2
wp: 1057762, wn : 14, rp : 22253, rn : 3, gcp : 2115524 wu: 0.009437, ru: 0.037748, gcu : 0.045307
min_rc,wn,mult : 35 4 8
wp: 210962, wn : 4, rp : 44381, rn : 5, gcp : 1687696 wu: 0.013519, ru: 0.031544, gcu : 0.056793
min_rc,wn,mult : 35 16 2
wp: 446484, wn : 16, rp : 575326, rn : 35, gcp : 892968 wu: 0.025551, ru: 0.017034, gcu : 0.107338
min_rc,wn,mult : 35 21 1
wp: 1261609, wn : 21, rp : 293221, rn : 29, gcp : 1261609 wu: 0.011868, ru: 0.027692, gcu : 0.075974
min_rc,wn,mult : 35 16 2
wp: 356326, wn : 16, rp : 3935580, rn : 50, gcp : 712652 wu: 0.032016, ru: 0.003557, gcu : 0.134496
min_rc,wn,mult : 35 13 2
wp: 1585069, wn : 13, rp : 502762, rn : 42, gcp : 3170138 wu: 0.005848, ru: 0.023391, gcu : 0.030235
min_rc,wn,mult : 35 30 1
wp: 6070349, wn : 30, rp : 885436, rn : 26, gcp : 6070349 wu: 0.003524, ru: 0.008222, gcu : 0.015790
WRsum : 0.300001, utilsum(noblock): 1.043569, utilsum(nogc): 0.157282 totutil : 1.200851
::UUNIFAST GEN::
[0]0.050289
[1]0.048119
[2]0.045667
[3]0.042823
[4]0.039389
[5]0.034929
[6]0.028047
[7]0.010737
[ALL]0.300000
min_rc,wn,mult : 35 12 2
wp: 243053, wn : 12, rp : 408308, rn : 22, gcp : 486106 wu: 0.035202, ru: 0.015087, gcu : 0.197177
min_rc,wn,mult : 35 15 2
wp: 740875, wn : 15, rp : 133004, rn : 16, gcp : 1481750 wu: 0.014436, ru: 0.033683, gcu : 0.064686
min_rc,wn,mult : 35 25 1
wp: 3903280, wn : 25, rp : 286131, rn : 42, gcp : 3903280 wu: 0.004567, ru: 0.041100, gcu : 0.024556
min_rc,wn,mult : 35 9 3
wp: 1498485, wn : 9, rp : 334190, rn : 46, gcp : 4495455 wu: 0.004282, ru: 0.038541, gcu : 0.021321
min_rc,wn,mult : 35 4 8
wp: 724052, wn : 4, rp : 7898, rn : 1, gcp : 5792416 wu: 0.003939, ru: 0.035450, gcu : 0.016547
min_rc,wn,mult : 35 11 3
wp: 320772, wn : 11, rp : 988671, rn : 37, gcp : 962316 wu: 0.024450, ru: 0.010479, gcu : 0.099602
min_rc,wn,mult : 35 1 35
wp: 36316, wn : 1, rp : 499154, rn : 15, gcp : 1271060 wu: 0.019633, ru: 0.008414, gcu : 0.075409
min_rc,wn,mult : 35 17 2
wp: 2822322, wn : 17, rp : 608503, rn : 14, gcp : 5644644 wu: 0.004295, ru: 0.006442, gcu : 0.016981
WRsum : 0.300002, utilsum(noblock): 0.816282, utilsum(nogc): 0.443150 totutil : 1.259432
::UUNIFAST GEN::
[0]0.048470
[1]0.046743
[2]0.044773
[3]0.042463
[4]0.039631
[5]0.035868
[6]0.029805
[7]0.012248
[ALL]0.300000
min_rc,wn,mult : 35 17 2
wp: 1250364, wn : 17, rp : 21662, rn : 3, gcp : 2500728 wu: 0.009694, ru: 0.038776, gcu : 0.038328
min_rc,wn,mult : 35 4 8
wp: 76268, wn : 4, rp : 329464, rn : 11, gcp : 610144 wu: 0.037394, ru: 0.009349, gcu : 0.157092
min_rc,wn,mult : 35 8 4
wp: 318496, wn : 8, rp : 354381, rn : 34, gcp : 1273984 wu: 0.017909, ru: 0.026864, gcu : 0.075236
min_rc,wn,mult : 35 14 2
wp: 391795, wn : 14, rp : 824254, rn : 50, gcp : 783590 wu: 0.025478, ru: 0.016985, gcu : 0.122320
min_rc,wn,mult : 35 8 4
wp: 205613, wn : 8, rp : 1012686, rn : 43, gcp : 822452 wu: 0.027741, ru: 0.011889, gcu : 0.116541
min_rc,wn,mult : 35 8 4
wp: 227179, wn : 8, rp : 1040841, rn : 40, gcp : 908716 wu: 0.025108, ru: 0.010761, gcu : 0.105477
min_rc,wn,mult : 35 11 3
wp: 375923, wn : 11, rp : 1252598, rn : 40, gcp : 1127769 wu: 0.020863, ru: 0.008941, gcu : 0.084990
min_rc,wn,mult : 35 21 1
wp: 6112218, wn : 21, rp : 771528, rn : 27, gcp : 6112218 wu: 0.002450, ru: 0.009799, gcu : 0.015682
WRsum : 0.300002, utilsum(noblock): 1.015669, utilsum(nogc): 0.161573 totutil : 1.177242
::UUNIFAST GEN::
[0]0.028940
[1]0.030254
[2]0.031881
[3]0.033983
[4]0.036872
[5]0.041263
[6]0.049216
[7]0.047590
[ALL]0.300000
min_rc,wn,mult : 35 1 35
wp: 30796, wn : 1, rp : 822396, rn : 17, gcp : 1077860 wu: 0.023152, ru: 0.005788, gcu : 0.088925
min_rc,wn,mult : 35 7 5
wp: 549899, wn : 7, rp : 621405, rn : 47, gcp : 2749495 wu: 0.009076, ru: 0.021178, gcu : 0.034861
min_rc,wn,mult : 35 15 2
wp: 1677309, wn : 15, rp : 10978, rn : 1, gcp : 3354618 wu: 0.006376, ru: 0.025505, gcu : 0.028572
min_rc,wn,mult : 35 11 3
wp: 2307899, wn : 11, rp : 128167, rn : 14, gcp : 6923697 wu: 0.003398, ru: 0.030585, gcu : 0.013844
min_rc,wn,mult : 35 18 1
wp: 870164, wn : 18, rp : 594845, rn : 47, gcp : 870164 wu: 0.014749, ru: 0.022123, gcu : 0.110151
min_rc,wn,mult : 35 1 35
wp: 24684, wn : 1, rp : 1085715, rn : 48, gcp : 863940 wu: 0.028884, ru: 0.012379, gcu : 0.110944
min_rc,wn,mult : 35 30 1
wp: 1086531, wn : 30, rp : 398242, rn : 42, gcp : 1086531 wu: 0.019686, ru: 0.029530, gcu : 0.088216
min_rc,wn,mult : 35 8 4
wp: 149821, wn : 8, rp : 1000214, rn : 34, gcp : 599284 wu: 0.038072, ru: 0.009518, gcu : 0.159939
WRsum : 0.300002, utilsum(noblock): 0.935453, utilsum(nogc): 0.318819 totutil : 1.254273
::UUNIFAST GEN::
[0]0.044062
[1]0.043296
[2]0.042400
[3]0.041316
[4]0.039930
[5]0.037955
[6]0.034252
[7]0.016788
[ALL]0.300000
min_rc,wn,mult : 35 15 2
wp: 606808, wn : 15, rp : 21182, rn : 2, gcp : 1213616 wu: 0.017625, ru: 0.026437, gcu : 0.078978
min_rc,wn,mult : 35 21 1
wp: 691662, wn : 21, rp : 116408, rn : 9, gcp : 691662 wu: 0.021648, ru: 0.021648, gcu : 0.138578
min_rc,wn,mult : 35 14 2
wp: 784749, wn : 14, rp : 235849, rn : 25, gcp : 1569498 wu: 0.012720, ru: 0.029680, gcu : 0.061070
min_rc,wn,mult : 35 12 2
wp: 690281, wn : 12, rp : 232352, rn : 24, gcp : 1380562 wu: 0.012395, ru: 0.028922, gcu : 0.069428
min_rc,wn,mult : 35 18 1
wp: 803533, wn : 18, rp : 303865, rn : 26, gcp : 803533 wu: 0.015972, ru: 0.023958, gcu : 0.119284
min_rc,wn,mult : 35 28 1
wp: 2629934, wn : 28, rp : 359633, rn : 39, gcp : 2629934 wu: 0.007591, ru: 0.030364, gcu : 0.036445
min_rc,wn,mult : 35 7 5
wp: 485711, wn : 7, rp : 443767, rn : 38, gcp : 2428555 wu: 0.010276, ru: 0.023977, gcu : 0.039468
min_rc,wn,mult : 35 7 5
wp: 2972937, wn : 7, rp : 685670, rn : 37, gcp : 14864685 wu: 0.001679, ru: 0.015109, gcu : 0.006448
WRsum : 0.300001, utilsum(noblock): 0.849699, utilsum(nogc): 0.165235 totutil : 1.014934
::UUNIFAST GEN::
[0]0.064907
[1]0.058200
[2]0.051152
[3]0.043671
[4]0.035605
[5]0.026671
[6]0.016202
[7]0.003592
[ALL]0.300000
min_rc,wn,mult : 35 9 3
wp: 494321, wn : 9, rp : 194123, rn : 36, gcp : 1482963 wu: 0.012981, ru: 0.051926, gcu : 0.064633
min_rc,wn,mult : 35 24 1
wp: 2940213, wn : 24, rp : 37418, rn : 7, gcp : 2940213 wu: 0.005820, ru: 0.052380, gcu : 0.032599
min_rc,wn,mult : 35 8 4
wp: 278775, wn : 8, rp : 72984, rn : 8, gcp : 1115100 wu: 0.020461, ru: 0.030691, gcu : 0.085956
min_rc,wn,mult : 35 21 1
wp: 571431, wn : 21, rp : 256462, rn : 16, gcp : 571431 wu: 0.026203, ru: 0.017468, gcu : 0.167735
min_rc,wn,mult : 35 26 1
wp: 867767, wn : 26, rp : 845392, rn : 43, gcp : 867767 wu: 0.021363, ru: 0.014242, gcu : 0.110455
min_rc,wn,mult : 35 7 5
wp: 233917, wn : 7, rp : 944857, rn : 18, gcp : 1169585 wu: 0.021337, ru: 0.005334, gcu : 0.081951
min_rc,wn,mult : 35 16 2
wp: 7041107, wn : 16, rp : 825686, rn : 43, gcp : 14082214 wu: 0.001620, ru: 0.014582, gcu : 0.006806
min_rc,wn,mult : 35 14 2
wp: 13893814, wn : 14, rp : 3117826, rn : 32, gcp : 27787628 wu: 0.000718, ru: 0.002874, gcu : 0.003449
WRsum : 0.300002, utilsum(noblock): 0.853587, utilsum(nogc): 0.093538 totutil : 0.947125
saving 9,494321,36,194123,1482963,0,10878
saving 24,2940213,7,37418,2940213,10879,21757
saving 8,278775,8,72984,1115100,21758,32636
saving 21,571431,16,256462,571431,32637,43515
saving 26,867767,43,845392,867767,43516,54394
saving 7,233917,18,944857,1169585,54395,65273
saving 16,7041107,43,825686,14082214,65274,76152
saving 14,13893814,32,3117826,27787628,76153,87031
