[ SCHEMES ] 0, 0, 0, 0
[EXEC-main] 0, 1
[EXEC-task] 8, 0.100000
[EXEC-skew] -1, -2.000000, -2.000000, 32766
[EXEC-OP  ] 0, 0.320000, 35
[NOB MAXPE] : 1000, 2000
[LAT MODE ] : 0 (0=STATE, 1=FIXED_S, 2=FIXED_E)
expected_invalid : 34720, expected_fp : 5217, maxvalid : 87039
::UUNIFAST GEN::
[0]0.002141
[1]0.002440
[2]0.002848
[3]0.003441
[4]0.004389
[5]0.006182
[6]0.011044
[7]0.067514
[ALL]0.100000
min_rc,wn,mult : 35 29 1
wp: 16095303, wn : 29, rp : 3596280, rn : 11, gcp : 16095303 wu: 0.001285, ru: 0.000856, gcu : 0.005955
min_rc,wn,mult : 35 11 3
wp: 32142394, wn : 11, rp : 1275003, rn : 10, gcp : 96427182 wu: 0.000244, ru: 0.002196, gcu : 0.000994
min_rc,wn,mult : 35 13 2
wp: 10848864, wn : 13, rp : 5477687, rn : 39, gcp : 21697728 wu: 0.000854, ru: 0.001994, gcu : 0.004417
min_rc,wn,mult : 35 1 35
wp: 230252, wn : 1, rp : 30924262, rn : 38, gcp : 8058820 wu: 0.003097, ru: 0.000344, gcu : 0.011894
min_rc,wn,mult : 35 27 1
wp: 21928712, wn : 27, rp : 1594732, rn : 20, gcp : 21928712 wu: 0.000878, ru: 0.003512, gcu : 0.004371
min_rc,wn,mult : 35 24 1
wp: 27679442, wn : 24, rp : 2113593, rn : 42, gcp : 27679442 wu: 0.000618, ru: 0.005564, gcu : 0.003463
min_rc,wn,mult : 35 28 1
wp: 9038180, wn : 28, rp : 507050, rn : 16, gcp : 9038180 wu: 0.002209, ru: 0.008835, gcu : 0.010605
min_rc,wn,mult : 35 21 1
wp: 316821, wn : 21, rp : 41472, rn : 3, gcp : 316821 wu: 0.047260, ru: 0.020254, gcu : 0.302534
WRsum : 0.100000, utilsum(noblock): 0.444233, utilsum(nogc): 0.084394 totutil : 0.528627
saving 29,16095303,11,3596280,16095303,0,10878
saving 11,32142394,10,1275003,96427182,10879,21757
saving 13,10848864,39,5477687,21697728,21758,32636
saving 1,230252,38,30924262,8058820,32637,43515
saving 27,21928712,20,1594732,21928712,43516,54394
saving 24,27679442,42,2113593,27679442,54395,65273
saving 28,9038180,16,507050,9038180,65274,76152
saving 21,316821,3,41472,316821,76153,87031
