[ SCHEMES ] 0, 0, 0, 0
[EXEC-main] 0, 1
[EXEC-task] 8, 0.200000
[EXEC-skew] -1, -2.000000, -2.000000, 32765
[EXEC-OP  ] 0, 0.320000, 35
[NOB MAXPE] : 1000, 2000
[LAT MODE ] : 0 (0=STATE, 1=FIXED_S, 2=FIXED_E)
expected_invalid : 34720, expected_fp : 5217, maxvalid : 87039
::UUNIFAST GEN::
[0]0.026531
[1]0.026538
[2]0.026543
[3]0.026541
[4]0.026518
[5]0.026415
[6]0.025806
[7]0.015109
[ALL]0.200000
min_rc,wn,mult : 35 14 2
wp: 627076, wn : 14, rp : 1319235, rn : 50, gcp : 1254152 wu: 0.015918, ru: 0.010612, gcu : 0.076425
min_rc,wn,mult : 35 30 1
wp: 4030078, wn : 30, rp : 92320, rn : 7, gcp : 4030078 wu: 0.005308, ru: 0.021230, gcu : 0.023783
min_rc,wn,mult : 35 26 1
wp: 6984153, wn : 26, rp : 128931, rn : 11, gcp : 6984153 wu: 0.002654, ru: 0.023889, gcu : 0.013724
min_rc,wn,mult : 35 2 17
wp: 537282, wn : 2, rp : 586095, rn : 50, gcp : 9133794 wu: 0.002654, ru: 0.023887, gcu : 0.010494
min_rc,wn,mult : 35 13 2
wp: 873845, wn : 13, rp : 105589, rn : 6, gcp : 1747690 wu: 0.010607, ru: 0.015911, gcu : 0.054843
min_rc,wn,mult : 35 9 3
wp: 404887, wn : 9, rp : 106001, rn : 4, gcp : 1214661 wu: 0.015849, ru: 0.010566, gcu : 0.078910
min_rc,wn,mult : 35 7 5
wp: 241755, wn : 7, rp : 1247768, rn : 23, gcp : 1208775 wu: 0.020645, ru: 0.005161, gcu : 0.079294
min_rc,wn,mult : 35 11 3
wp: 741565, wn : 11, rp : 1235470, rn : 20, gcp : 2224695 wu: 0.010576, ru: 0.004533, gcu : 0.043084
WRsum : 0.200000, utilsum(noblock): 0.580559, utilsum(nogc): 0.037912 totutil : 0.618470
saving 14,627076,50,1319235,1254152,0,10878
saving 30,4030078,7,92320,4030078,10879,21757
saving 26,6984153,11,128931,6984153,21758,32636
saving 2,537282,50,586095,9133794,32637,43515
saving 13,873845,6,105589,1747690,43516,54394
saving 9,404887,4,106001,1214661,54395,65273
saving 7,241755,23,1247768,1208775,65274,76152
saving 11,741565,20,1235470,2224695,76153,87031
