[ SCHEMES ] 0, 0, 0, 0
[EXEC-main] 0, 1
[EXEC-task] 8, 0.300000
[EXEC-skew] -1, -2.000000, -2.000000, 32767
[EXEC-OP  ] 0, 0.320000, 35
[NOB MAXPE] : 1000, 2000
[LAT MODE ] : 0 (0=STATE, 1=FIXED_S, 2=FIXED_E)
expected_invalid : 34720, expected_fp : 5217, maxvalid : 87039
::UUNIFAST GEN::
[0]0.047331
[1]0.045867
[2]0.044188
[3]0.042204
[4]0.039748
[5]0.036436
[6]0.030930
[7]0.013295
[ALL]0.300000
min_rc,wn,mult : 35 6 5
wp: 225960, wn : 6, rp : 374664, rn : 38, gcp : 1129800 wu: 0.018933, ru: 0.028399, gcu : 0.084837
min_rc,wn,mult : 35 6 5
wp: 466344, wn : 6, rp : 190767, rn : 25, gcp : 2331720 wu: 0.009173, ru: 0.036694, gcu : 0.041107
min_rc,wn,mult : 35 21 1
wp: 564743, wn : 21, rp : 443557, rn : 28, gcp : 564743 wu: 0.026513, ru: 0.017675, gcu : 0.169721
min_rc,wn,mult : 35 16 2
wp: 540608, wn : 16, rp : 344988, rn : 26, gcp : 1081216 wu: 0.021102, ru: 0.021102, gcu : 0.088649
min_rc,wn,mult : 35 27 1
wp: 1210812, wn : 27, rp : 293514, rn : 25, gcp : 1210812 wu: 0.015899, ru: 0.023849, gcu : 0.079161
min_rc,wn,mult : 35 26 1
wp: 565317, wn : 26, rp : 153695, rn : 2, gcp : 565317 wu: 0.032792, ru: 0.003644, gcu : 0.169549
min_rc,wn,mult : 35 7 5
wp: 806813, wn : 7, rp : 237630, rn : 21, gcp : 4034065 wu: 0.006186, ru: 0.024744, gcu : 0.023760
min_rc,wn,mult : 35 2 17
wp: 1072603, wn : 2, rp : 257411, rn : 11, gcp : 18234251 wu: 0.001329, ru: 0.011965, gcu : 0.005257
WRsum : 0.300001, utilsum(noblock): 0.962041, utilsum(nogc): 0.022772 totutil : 0.984814
saving 6,225960,38,374664,1129800,0,10878
saving 6,466344,25,190767,2331720,10879,21757
saving 21,564743,28,443557,564743,21758,32636
saving 16,540608,26,344988,1081216,32637,43515
saving 27,1210812,25,293514,1210812,43516,54394
saving 26,565317,2,153695,565317,54395,65273
saving 7,806813,21,237630,4034065,65274,76152
saving 2,1072603,11,257411,18234251,76153,87031
