[ SCHEMES ] 0, 0, 0, 0
[EXEC-main] 0, 1
[EXEC-task] 8, 0.250000
[EXEC-skew] -1, -2.000000, -2.000000, 32764
[EXEC-OP  ] 0, 0.320000, 35
[NOB MAXPE] : 1000, 2000
[LAT MODE ] : 0 (0=STATE, 1=FIXED_S, 2=FIXED_E)
expected_invalid : 34720, expected_fp : 5217, maxvalid : 87039
::UUNIFAST GEN::
[0]0.009269
[1]0.010381
[2]0.011868
[3]0.013979
[4]0.017257
[5]0.023194
[6]0.038125
[7]0.125928
[ALL]0.250000
min_rc,wn,mult : 35 25 1
wp: 2747144, wn : 25, rp : 1308971, rn : 13, gcp : 2747144 wu: 0.006489, ru: 0.002781, gcu : 0.034890
min_rc,wn,mult : 35 29 1
wp: 3319756, wn : 29, rp : 134864, rn : 2, gcp : 3319756 wu: 0.006228, ru: 0.004152, gcu : 0.028872
min_rc,wn,mult : 35 24 1
wp: 1802361, wn : 24, rp : 5190530, rn : 44, gcp : 1802361 wu: 0.009494, ru: 0.002374, gcu : 0.053180
min_rc,wn,mult : 35 22 1
wp: 1870239, wn : 22, rp : 1852831, rn : 37, gcp : 1870239 wu: 0.008387, ru: 0.005591, gcu : 0.051250
min_rc,wn,mult : 35 3 11
wp: 137722, wn : 3, rp : 6327898, rn : 39, gcp : 1514942 wu: 0.015531, ru: 0.001726, gcu : 0.063269
min_rc,wn,mult : 35 30 1
wp: 9222299, wn : 30, rp : 241444, rn : 18, gcp : 9222299 wu: 0.002319, ru: 0.020874, gcu : 0.010393
min_rc,wn,mult : 35 17 2
wp: 454187, wn : 17, rp : 563066, rn : 23, gcp : 908374 wu: 0.026687, ru: 0.011437, gcu : 0.105517
min_rc,wn,mult : 35 10 3
wp: 80885, wn : 10, rp : 125997, rn : 17, gcp : 242655 wu: 0.088150, ru: 0.037778, gcu : 0.395001
WRsum : 0.250000, utilsum(noblock): 0.992373, utilsum(nogc): 0.043271 totutil : 1.035644
::UUNIFAST GEN::
[0]0.006588
[1]0.007467
[2]0.008659
[3]0.010378
[4]0.013104
[5]0.018186
[6]0.031649
[7]0.153969
[ALL]0.250000
min_rc,wn,mult : 35 6 5
wp: 1623384, wn : 6, rp : 3045900, rn : 43, gcp : 8116920 wu: 0.002635, ru: 0.003953, gcu : 0.011809
min_rc,wn,mult : 35 26 1
wp: 3103320, wn : 26, rp : 3562340, rn : 19, gcp : 3103320 wu: 0.005974, ru: 0.001493, gcu : 0.030886
min_rc,wn,mult : 35 20 1
wp: 5489684, wn : 20, rp : 1432091, rn : 31, gcp : 5489684 wu: 0.002598, ru: 0.006061, gcu : 0.017460
min_rc,wn,mult : 35 10 3
wp: 1145065, wn : 10, rp : 2158440, rn : 32, gcp : 3435195 wu: 0.006227, ru: 0.004151, gcu : 0.027902
min_rc,wn,mult : 35 3 11
wp: 408087, wn : 3, rp : 890325, rn : 25, gcp : 4488957 wu: 0.005242, ru: 0.007862, gcu : 0.021352
min_rc,wn,mult : 35 25 1
wp: 1400176, wn : 25, rp : 667161, rn : 13, gcp : 1400176 wu: 0.012731, ru: 0.005456, gcu : 0.068455
min_rc,wn,mult : 35 19 1
wp: 1070090, wn : 19, rp : 29489, rn : 2, gcp : 1070090 wu: 0.012660, ru: 0.018990, gcu : 0.089571
min_rc,wn,mult : 35 18 1
wp: 166709, wn : 18, rp : 76379, rn : 21, gcp : 166709 wu: 0.076984, ru: 0.076984, gcu : 0.574948
WRsum : 0.250001, utilsum(noblock): 1.092383, utilsum(nogc): 0.118688 totutil : 1.211071
::UUNIFAST GEN::
[0]0.009823
[1]0.010974
[2]0.012509
[3]0.014680
[4]0.018038
[5]0.024083
[6]0.039121
[7]0.120771
[ALL]0.250000
min_rc,wn,mult : 35 26 1
wp: 3774284, wn : 26, rp : 2109266, rn : 37, gcp : 3774284 wu: 0.004912, ru: 0.004912, gcu : 0.025395
min_rc,wn,mult : 35 12 2
wp: 3898389, wn : 12, rp : 1467135, rn : 46, gcp : 7796778 wu: 0.002195, ru: 0.008779, gcu : 0.012293
min_rc,wn,mult : 35 9 3
wp: 1710008, wn : 9, rp : 1247131, rn : 39, gcp : 5130024 wu: 0.003753, ru: 0.008756, gcu : 0.018684
min_rc,wn,mult : 35 4 8
wp: 1942738, wn : 4, rp : 190731, rn : 9, gcp : 15541904 wu: 0.001468, ru: 0.013212, gcu : 0.006167
min_rc,wn,mult : 35 23 1
wp: 9091132, wn : 23, rp : 672637, rn : 39, gcp : 9091132 wu: 0.001804, ru: 0.016235, gcu : 0.010543
min_rc,wn,mult : 35 24 1
wp: 1184234, wn : 24, rp : 581321, rn : 20, gcp : 1184234 wu: 0.014450, ru: 0.009633, gcu : 0.080938
min_rc,wn,mult : 35 19 1
wp: 3462834, wn : 19, rp : 365815, rn : 46, gcp : 3462834 wu: 0.003912, ru: 0.035209, gcu : 0.027679
min_rc,wn,mult : 35 5 7
wp: 59037, wn : 5, rp : 37094, rn : 8, gcp : 413259 wu: 0.060386, ru: 0.060386, gcu : 0.231934
WRsum : 0.250002, utilsum(noblock): 0.663636, utilsum(nogc): 0.094355 totutil : 0.757991
saving 26,3774284,37,2109266,3774284,0,10878
saving 12,3898389,46,1467135,7796778,10879,21757
saving 9,1710008,39,1247131,5130024,21758,32636
saving 4,1942738,9,190731,15541904,32637,43515
saving 23,9091132,39,672637,9091132,43516,54394
saving 24,1184234,20,581321,1184234,54395,65273
saving 19,3462834,46,365815,3462834,65274,76152
saving 5,59037,8,37094,413259,76153,87031
