[ SCHEMES ] 0, 0, 0, 0
[EXEC-main] 0, 1
[EXEC-task] 8, 0.300000
[EXEC-skew] -1, -2.000000, -2.000000, 32766
[EXEC-OP  ] 0, 0.320000, 35
[NOB MAXPE] : 1000, 2000
[LAT MODE ] : 0 (0=STATE, 1=FIXED_S, 2=FIXED_E)
expected_invalid : 34720, expected_fp : 5217, maxvalid : 87039
::UUNIFAST GEN::
[0]0.009638
[1]0.010854
[2]0.012491
[3]0.014831
[4]0.018501
[5]0.025239
[6]0.042594
[7]0.165852
[ALL]0.300000
min_rc,wn,mult : 35 19 1
wp: 7027728, wn : 19, rp : 1270977, rn : 35, gcp : 7027728 wu: 0.001928, ru: 0.007711, gcu : 0.013639
min_rc,wn,mult : 35 24 1
wp: 15765672, wn : 24, rp : 143316, rn : 5, gcp : 15765672 wu: 0.001085, ru: 0.009769, gcu : 0.006080
min_rc,wn,mult : 35 28 1
wp: 2663884, wn : 28, rp : 2297740, rn : 41, gcp : 2663884 wu: 0.007494, ru: 0.004996, gcu : 0.035981
min_rc,wn,mult : 35 26 1
wp: 1562417, wn : 26, rp : 3209453, rn : 34, gcp : 1562417 wu: 0.011865, ru: 0.002966, gcu : 0.061347
min_rc,wn,mult : 35 19 1
wp: 1220354, wn : 19, rp : 416183, rn : 11, gcp : 1220354 wu: 0.011101, ru: 0.007401, gcu : 0.078542
min_rc,wn,mult : 35 23 1
wp: 928227, wn : 23, rp : 1442236, rn : 39, gcp : 928227 wu: 0.017667, ru: 0.007572, gcu : 0.103260
min_rc,wn,mult : 35 14 2
wp: 468704, wn : 14, rp : 354979, rn : 27, gcp : 937408 wu: 0.021297, ru: 0.021297, gcu : 0.102249
min_rc,wn,mult : 35 5 7
wp: 42990, wn : 5, rp : 57400, rn : 17, gcp : 300930 wu: 0.082926, ru: 0.082926, gcu : 0.318509
WRsum : 0.300001, utilsum(noblock): 1.019608, utilsum(nogc): 0.081414 totutil : 1.101022
::UUNIFAST GEN::
[0]0.059100
[1]0.054403
[2]0.049322
[3]0.043736
[4]0.037438
[5]0.030018
[6]0.020390
[7]0.005594
[ALL]0.300000
min_rc,wn,mult : 35 18 1
wp: 241287, wn : 18, rp : 2084615, rn : 44, gcp : 241287 wu: 0.053190, ru: 0.005910, gcu : 0.397241
min_rc,wn,mult : 35 30 1
wp: 1310592, wn : 30, rp : 66172, rn : 9, gcp : 1310592 wu: 0.016321, ru: 0.038082, gcu : 0.073134
min_rc,wn,mult : 35 10 3
wp: 361398, wn : 10, rp : 406848, rn : 43, gcp : 1084194 wu: 0.019729, ru: 0.029593, gcu : 0.088406
min_rc,wn,mult : 35 4 8
wp: 163023, wn : 4, rp : 533503, rn : 50, gcp : 1304184 wu: 0.017494, ru: 0.026242, gcu : 0.073493
min_rc,wn,mult : 35 1 35
wp: 27207, wn : 1, rp : 1047075, rn : 42, gcp : 952245 wu: 0.026206, ru: 0.011231, gcu : 0.100656
min_rc,wn,mult : 35 19 1
wp: 902606, wn : 19, rp : 466394, rn : 25, gcp : 902606 wu: 0.015009, ru: 0.015009, gcu : 0.106191
min_rc,wn,mult : 35 7 5
wp: 1223879, wn : 7, rp : 652277, rn : 38, gcp : 6119395 wu: 0.004078, ru: 0.016312, gcu : 0.015663
min_rc,wn,mult : 35 29 1
wp: 6160497, wn : 29, rp : 3253500, rn : 26, gcp : 6160497 wu: 0.003356, ru: 0.002238, gcu : 0.015559
WRsum : 0.300001, utilsum(noblock): 1.170344, utilsum(nogc): 0.128643 totutil : 1.298987
::UUNIFAST GEN::
[0]0.002376
[1]0.002748
[2]0.003264
[3]0.004029
[4]0.005286
[5]0.007747
[6]0.014862
[7]0.259687
[ALL]0.300000
min_rc,wn,mult : 35 14 2
wp: 14005510, wn : 14, rp : 3367383, rn : 20, gcp : 28011020 wu: 0.000713, ru: 0.001663, gcu : 0.003422
min_rc,wn,mult : 35 1 35
wp: 432448, wn : 1, rp : 4585288, rn : 18, gcp : 15135680 wu: 0.001649, ru: 0.001099, gcu : 0.006333
min_rc,wn,mult : 35 10 3
wp: 4368827, wn : 10, rp : 1887235, rn : 11, gcp : 13106481 wu: 0.001632, ru: 0.001632, gcu : 0.007313
min_rc,wn,mult : 35 9 3
wp: 2275131, wn : 9, rp : 4632754, rn : 20, gcp : 6825393 wu: 0.002820, ru: 0.001209, gcu : 0.014043
min_rc,wn,mult : 35 18 1
wp: 3034958, wn : 18, rp : 3707974, rn : 14, gcp : 3034958 wu: 0.004229, ru: 0.001057, gcu : 0.031582
min_rc,wn,mult : 35 13 2
wp: 1329361, wn : 13, rp : 4698443, rn : 13, gcp : 2658722 wu: 0.006973, ru: 0.000775, gcu : 0.036051
min_rc,wn,mult : 35 6 5
wp: 411198, wn : 6, rp : 251191, rn : 4, gcp : 2055990 wu: 0.010404, ru: 0.004459, gcu : 0.046619
min_rc,wn,mult : 35 24 1
wp: 73216, wn : 24, rp : 334248, rn : 31, gcp : 73216 wu: 0.233719, ru: 0.025969, gcu : 1.309126
WRsum : 0.300001, utilsum(noblock): 1.754490, utilsum(nogc): 0.047804 totutil : 1.802293
::UUNIFAST GEN::
[0]0.034079
[1]0.034898
[2]0.035886
[3]0.037123
[4]0.038752
[5]0.041061
[6]0.044578
[7]0.033622
[ALL]0.300000
min_rc,wn,mult : 35 10 3
wp: 348699, wn : 10, rp : 82161, rn : 4, gcp : 1046097 wu: 0.020447, ru: 0.013632, gcu : 0.091625
min_rc,wn,mult : 35 7 5
wp: 715090, wn : 7, rp : 150439, rn : 15, gcp : 3575450 wu: 0.006980, ru: 0.027918, gcu : 0.026808
min_rc,wn,mult : 35 13 2
wp: 860960, wn : 13, rp : 378974, rn : 34, gcp : 1721920 wu: 0.010766, ru: 0.025120, gcu : 0.055664
min_rc,wn,mult : 35 5 7
wp: 120038, wn : 5, rp : 37712, rn : 1, gcp : 840266 wu: 0.029699, ru: 0.007425, gcu : 0.114070
min_rc,wn,mult : 35 14 2
wp: 2575871, wn : 14, rp : 104367, rn : 13, gcp : 5151742 wu: 0.003875, ru: 0.034877, gcu : 0.018605
min_rc,wn,mult : 35 14 2
wp: 303877, wn : 14, rp : 1159251, rn : 34, gcp : 607754 wu: 0.032849, ru: 0.008212, gcu : 0.157710
min_rc,wn,mult : 35 23 1
wp: 919675, wn : 23, rp : 502487, rn : 48, gcp : 919675 wu: 0.017831, ru: 0.026747, gcu : 0.104221
min_rc,wn,mult : 35 6 5
wp: 318090, wn : 6, rp : 166555, rn : 12, gcp : 1590450 wu: 0.013449, ru: 0.020173, gcu : 0.060265
WRsum : 0.300001, utilsum(noblock): 0.928969, utilsum(nogc): 0.092809 totutil : 1.021778
::UUNIFAST GEN::
[0]0.035033
[1]0.035736
[2]0.036580
[3]0.037629
[4]0.038996
[5]0.040898
[6]0.043629
[7]0.031499
[ALL]0.300000
min_rc,wn,mult : 35 28 1
wp: 949763, wn : 28, rp : 419601, rn : 21, gcp : 949763 wu: 0.021020, ru: 0.014013, gcu : 0.100919
min_rc,wn,mult : 35 18 1
wp: 718270, wn : 18, rp : 642492, rn : 41, gcp : 718270 wu: 0.017868, ru: 0.017868, gcu : 0.133444
min_rc,wn,mult : 35 19 1
wp: 462925, wn : 19, rp : 1683985, rn : 44, gcp : 462925 wu: 0.029264, ru: 0.007316, gcu : 0.207051
min_rc,wn,mult : 35 25 1
wp: 526340, wn : 25, rp : 744111, rn : 10, gcp : 526340 wu: 0.033866, ru: 0.003763, gcu : 0.182105
min_rc,wn,mult : 35 7 5
wp: 639943, wn : 7, rp : 403891, rn : 45, gcp : 3199715 wu: 0.007799, ru: 0.031197, gcu : 0.029955
min_rc,wn,mult : 35 11 3
wp: 273954, wn : 11, rp : 1026934, rn : 45, gcp : 821862 wu: 0.028629, ru: 0.012270, gcu : 0.116624
min_rc,wn,mult : 35 16 2
wp: 326843, wn : 16, rp : 288795, rn : 9, gcp : 653686 wu: 0.034904, ru: 0.008726, gcu : 0.146628
min_rc,wn,mult : 35 29 1
wp: 1641095, wn : 29, rp : 637061, rn : 43, gcp : 1641095 wu: 0.012600, ru: 0.018899, gcu : 0.058406
WRsum : 0.300000, utilsum(noblock): 1.275133, utilsum(nogc): 0.012776 totutil : 1.287909
::UUNIFAST GEN::
[0]0.015145
[1]0.016705
[2]0.018758
[3]0.021613
[4]0.025933
[5]0.033470
[6]0.051210
[7]0.117166
[ALL]0.300000
min_rc,wn,mult : 35 2 17
wp: 470792, wn : 2, rp : 1132411, rn : 49, gcp : 8003464 wu: 0.003029, ru: 0.012116, gcu : 0.011976
min_rc,wn,mult : 35 25 1
wp: 1524329, wn : 25, rp : 1061543, rn : 19, gcp : 1524329 wu: 0.011694, ru: 0.005012, gcu : 0.062879
min_rc,wn,mult : 35 22 1
wp: 8362194, wn : 22, rp : 696583, rn : 42, gcp : 8362194 wu: 0.001876, ru: 0.016882, gcu : 0.011462
min_rc,wn,mult : 35 1 35
wp: 65977, wn : 1, rp : 880935, rn : 34, gcp : 2309195 wu: 0.010807, ru: 0.010807, gcu : 0.041508
min_rc,wn,mult : 35 19 1
wp: 5223927, wn : 19, rp : 347910, rn : 29, gcp : 5223927 wu: 0.002593, ru: 0.023339, gcu : 0.018348
min_rc,wn,mult : 35 6 5
wp: 142019, wn : 6, rp : 3178996, rn : 38, gcp : 710095 wu: 0.030123, ru: 0.003347, gcu : 0.134981
min_rc,wn,mult : 35 4 8
wp: 61880, wn : 4, rp : 1749657, rn : 32, gcp : 495040 wu: 0.046089, ru: 0.005121, gcu : 0.193619
min_rc,wn,mult : 35 15 2
wp: 228201, wn : 15, rp : 111522, rn : 28, gcp : 456402 wu: 0.046866, ru: 0.070300, gcu : 0.210010
WRsum : 0.300001, utilsum(noblock): 0.984783, utilsum(nogc): 0.056561 totutil : 1.041344
::UUNIFAST GEN::
[0]0.013823
[1]0.015323
[2]0.017309
[3]0.020089
[4]0.024332
[5]0.031826
[6]0.049859
[7]0.127439
[ALL]0.300000
min_rc,wn,mult : 35 8 4
wp: 4126598, wn : 8, rp : 967824, rn : 43, gcp : 16506392 wu: 0.001382, ru: 0.012440, gcu : 0.005807
min_rc,wn,mult : 35 22 1
wp: 3412205, wn : 22, rp : 1279087, rn : 49, gcp : 3412205 wu: 0.004597, ru: 0.010726, gcu : 0.028090
min_rc,wn,mult : 35 23 1
wp: 2368570, wn : 23, rp : 1321088, rn : 49, gcp : 2368570 wu: 0.006924, ru: 0.010385, gcu : 0.040467
min_rc,wn,mult : 35 10 3
wp: 443648, wn : 10, rp : 1393791, rn : 20, gcp : 1330944 wu: 0.016071, ru: 0.004018, gcu : 0.072016
min_rc,wn,mult : 35 1 35
wp: 48839, wn : 1, rp : 374000, rn : 13, gcp : 1709365 wu: 0.014599, ru: 0.009733, gcu : 0.056073
min_rc,wn,mult : 35 2 17
wp: 448058, wn : 2, rp : 449664, rn : 46, gcp : 7616986 wu: 0.003183, ru: 0.028644, gcu : 0.012584
min_rc,wn,mult : 35 12 2
wp: 1716045, wn : 12, rp : 149756, rn : 24, gcp : 3432090 wu: 0.004986, ru: 0.044873, gcu : 0.027927
min_rc,wn,mult : 35 9 3
wp: 71933, wn : 9, rp : 80561, rn : 11, gcp : 215799 wu: 0.089208, ru: 0.038232, gcu : 0.444159
WRsum : 0.300001, utilsum(noblock): 0.987123, utilsum(nogc): 0.071664 totutil : 1.058787
::UUNIFAST GEN::
[0]0.050847
[1]0.048536
[2]0.045931
[3]0.042921
[4]0.039303
[5]0.034634
[6]0.027519
[7]0.010309
[ALL]0.300000
min_rc,wn,mult : 35 4 8
wp: 560899, wn : 4, rp : 61185, rn : 10, gcp : 4487192 wu: 0.005085, ru: 0.045762, gcu : 0.021361
min_rc,wn,mult : 35 21 1
wp: 1028317, wn : 21, rp : 280206, rn : 34, gcp : 1028317 wu: 0.014561, ru: 0.033975, gcu : 0.093210
min_rc,wn,mult : 35 28 1
wp: 4346502, wn : 28, rp : 182882, rn : 27, gcp : 4346502 wu: 0.004593, ru: 0.041338, gcu : 0.022052
min_rc,wn,mult : 35 20 1
wp: 3322356, wn : 20, rp : 195706, rn : 27, gcp : 3322356 wu: 0.004292, ru: 0.038629, gcu : 0.028850
min_rc,wn,mult : 35 4 8
wp: 362823, wn : 4, rp : 222629, rn : 25, gcp : 2902584 wu: 0.007861, ru: 0.031442, gcu : 0.033022
min_rc,wn,mult : 35 13 2
wp: 297366, wn : 13, rp : 3557234, rn : 44, gcp : 594732 wu: 0.031170, ru: 0.003463, gcu : 0.161163
min_rc,wn,mult : 35 14 2
wp: 725461, wn : 14, rp : 122097, rn : 6, gcp : 1450922 wu: 0.013760, ru: 0.013760, gcu : 0.066061
min_rc,wn,mult : 35 7 5
wp: 1613734, wn : 7, rp : 38799, rn : 1, gcp : 8068670 wu: 0.003093, ru: 0.007217, gcu : 0.011879
WRsum : 0.300001, utilsum(noblock): 0.737598, utilsum(nogc): 0.090209 totutil : 0.827807
saving 4,560899,10,61185,4487192,0,10878
saving 21,1028317,34,280206,1028317,10879,21757
saving 28,4346502,27,182882,4346502,21758,32636
saving 20,3322356,27,195706,3322356,32637,43515
saving 4,362823,25,222629,2902584,43516,54394
saving 13,297366,44,3557234,594732,54395,65273
saving 14,725461,6,122097,1450922,65274,76152
saving 7,1613734,1,38799,8068670,76153,87031
