[ SCHEMES ] 0, 0, 0, 0
[EXEC-main] 0, 1
[EXEC-task] 8, 0.250000
[EXEC-skew] -1, -2.000000, -2.000000, 32767
[EXEC-OP  ] 0, 0.320000, 35
[NOB MAXPE] : 1000, 2000
[LAT MODE ] : 0 (0=STATE, 1=FIXED_S, 2=FIXED_E)
expected_invalid : 34720, expected_fp : 5217, maxvalid : 87039
::UUNIFAST GEN::
[0]0.073596
[1]0.058958
[2]0.045363
[3]0.032925
[4]0.021801
[5]0.012235
[6]0.004676
[7]0.000446
[ALL]0.250000
min_rc,wn,mult : 35 24 1
wp: 387523, wn : 24, rp : 66580, rn : 7, gcp : 387523 wu: 0.044157, ru: 0.029438, gcu : 0.247338
min_rc,wn,mult : 35 9 3
wp: 272101, wn : 9, rp : 39576, rn : 5, gcp : 816303 wu: 0.023583, ru: 0.035375, gcu : 0.117418
min_rc,wn,mult : 35 27 1
wp: 1060946, wn : 27, rp : 401209, rn : 39, gcp : 1060946 wu: 0.018145, ru: 0.027218, gcu : 0.090343
min_rc,wn,mult : 35 16 2
wp: 866222, wn : 16, rp : 155912, rn : 11, gcp : 1732444 wu: 0.013170, ru: 0.019755, gcu : 0.055326
min_rc,wn,mult : 35 13 2
wp: 472396, wn : 13, rp : 4238267, rn : 33, gcp : 944792 wu: 0.019621, ru: 0.002180, gcu : 0.101450
min_rc,wn,mult : 35 25 1
wp: 14568542, wn : 25, rp : 1195088, rn : 47, gcp : 14568542 wu: 0.001224, ru: 0.011012, gcu : 0.006579
min_rc,wn,mult : 35 8 4
wp: 12197324, wn : 8, rp : 1663185, rn : 25, gcp : 48789296 wu: 0.000468, ru: 0.004209, gcu : 0.001965
min_rc,wn,mult : 35 15 2
wp: 239721216, wn : 15, rp : 23709376, rn : 34, gcp : 479442432 wu: 0.000045, ru: 0.000402, gcu : 0.000200
WRsum : 0.250000, utilsum(noblock): 0.870619, utilsum(nogc): 0.088437 totutil : 0.959056
saving 24,387523,7,66580,387523,0,10878
saving 9,272101,5,39576,816303,10879,21757
saving 27,1060946,39,401209,1060946,21758,32636
saving 16,866222,11,155912,1732444,32637,43515
saving 13,472396,33,4238267,944792,43516,54394
saving 25,14568542,47,1195088,14568542,54395,65273
saving 8,12197324,25,1663185,48789296,65274,76152
saving 15,239721216,34,23709376,479442432,76153,87031
