[ SCHEMES ] 0, 0, 0, 0
[EXEC-main] 0, 1
[EXEC-task] 8, 0.300000
[EXEC-skew] -1, -2.000000, -2.000000, 32765
[EXEC-OP  ] 0, 0.320000, 35
[NOB MAXPE] : 1000, 2000
[LAT MODE ] : 0 (0=STATE, 1=FIXED_S, 2=FIXED_E)
expected_invalid : 34720, expected_fp : 5217, maxvalid : 87039
::UUNIFAST GEN::
[0]0.015824
[1]0.017410
[2]0.019490
[3]0.022372
[4]0.026713
[5]0.034240
[6]0.051756
[7]0.112196
[ALL]0.300000
min_rc,wn,mult : 35 2 17
wp: 150192, wn : 2, rp : 840488, rn : 19, gcp : 2553264 wu: 0.009494, ru: 0.006330, gcu : 0.037540
min_rc,wn,mult : 35 5 7
wp: 682570, wn : 5, rp : 367611, rn : 16, gcp : 4777990 wu: 0.005223, ru: 0.012187, gcu : 0.020061
min_rc,wn,mult : 35 5 7
wp: 457296, wn : 5, rp : 454944, rn : 19, gcp : 3201072 wu: 0.007796, ru: 0.011694, gcu : 0.029943
min_rc,wn,mult : 35 8 4
wp: 318702, wn : 8, rp : 2565710, rn : 41, gcp : 1274808 wu: 0.017898, ru: 0.004474, gcu : 0.075187
min_rc,wn,mult : 35 27 1
wp: 7206634, wn : 27, rp : 570677, rn : 49, gcp : 7206634 wu: 0.002671, ru: 0.024042, gcu : 0.013300
min_rc,wn,mult : 35 8 4
wp: 237984, wn : 8, rp : 517914, rn : 19, gcp : 951936 wu: 0.023968, ru: 0.010272, gcu : 0.100688
min_rc,wn,mult : 35 5 7
wp: 76534, wn : 5, rp : 1298406, rn : 24, gcp : 535738 wu: 0.046580, ru: 0.005176, gcu : 0.178910
min_rc,wn,mult : 35 7 5
wp: 74140, wn : 7, rp : 218367, rn : 35, gcp : 370700 wu: 0.067318, ru: 0.044878, gcu : 0.258562
WRsum : 0.300002, utilsum(noblock): 1.014193, utilsum(nogc): 0.047208 totutil : 1.061401
::UUNIFAST GEN::
[0]0.020899
[1]0.022550
[2]0.024668
[3]0.027527
[4]0.031688
[5]0.038562
[6]0.053211
[7]0.080896
[ALL]0.300000
min_rc,wn,mult : 35 21 1
wp: 1791076, wn : 21, rp : 826178, rn : 37, gcp : 1791076 wu: 0.008360, ru: 0.012540, gcu : 0.053515
min_rc,wn,mult : 35 25 1
wp: 7904748, wn : 25, rp : 593256, rn : 43, gcp : 7904748 wu: 0.002255, ru: 0.020295, gcu : 0.012125
min_rc,wn,mult : 35 18 1
wp: 1300675, wn : 18, rp : 245933, rn : 13, gcp : 1300675 wu: 0.009867, ru: 0.014801, gcu : 0.073692
min_rc,wn,mult : 35 14 2
wp: 518042, wn : 14, rp : 983287, rn : 29, gcp : 1036084 wu: 0.019269, ru: 0.008258, gcu : 0.092511
min_rc,wn,mult : 35 19 1
wp: 4275167, wn : 19, rp : 461448, rn : 47, gcp : 4275167 wu: 0.003169, ru: 0.028519, gcu : 0.022420
min_rc,wn,mult : 35 18 1
wp: 554697, wn : 18, rp : 726111, rn : 40, gcp : 554697 wu: 0.023137, ru: 0.015425, gcu : 0.172795
min_rc,wn,mult : 35 6 5
wp: 133995, wn : 6, rp : 499897, rn : 38, gcp : 669975 wu: 0.031927, ru: 0.021284, gcu : 0.143064
min_rc,wn,mult : 35 14 2
wp: 411309, wn : 14, rp : 44501, rn : 9, gcp : 822618 wu: 0.024269, ru: 0.056627, gcu : 0.116517
WRsum : 0.300001, utilsum(noblock): 0.986639, utilsum(nogc): 0.078650 totutil : 1.065289
::UUNIFAST GEN::
[0]0.078931
[1]0.066246
[2]0.053850
[3]0.041794
[4]0.030153
[5]0.019055
[6]0.008794
[7]0.001176
[ALL]0.300000
min_rc,wn,mult : 35 14 2
wp: 210775, wn : 14, rp : 399083, rn : 45, gcp : 421550 wu: 0.047359, ru: 0.031572, gcu : 0.227373
min_rc,wn,mult : 35 30 1
wp: 3228878, wn : 30, rp : 89229, rn : 19, gcp : 3228878 wu: 0.006625, ru: 0.059621, gcu : 0.029685
min_rc,wn,mult : 35 20 1
wp: 1324045, wn : 20, rp : 38997, rn : 6, gcp : 1324045 wu: 0.010770, ru: 0.043080, gcu : 0.072391
min_rc,wn,mult : 35 6 5
wp: 1023589, wn : 6, rp : 372195, rn : 50, gcp : 5117945 wu: 0.004179, ru: 0.037615, gcu : 0.018728
min_rc,wn,mult : 35 16 2
wp: 945835, wn : 16, rp : 201194, rn : 13, gcp : 1891670 wu: 0.012061, ru: 0.018092, gcu : 0.050669
min_rc,wn,mult : 35 29 1
wp: 10850952, wn : 29, rp : 702043, rn : 43, gcp : 10850952 wu: 0.001906, ru: 0.017150, gcu : 0.008833
min_rc,wn,mult : 35 9 3
wp: 7297120, wn : 9, rp : 1379747, rn : 39, gcp : 21891360 wu: 0.000879, ru: 0.007914, gcu : 0.004378
min_rc,wn,mult : 35 27 1
wp: 40910820, wn : 27, rp : 11900711, rn : 30, gcp : 40910820 wu: 0.000471, ru: 0.000706, gcu : 0.002343
WRsum : 0.300001, utilsum(noblock): 0.714401, utilsum(nogc): 0.089750 totutil : 0.804152
saving 14,210775,45,399083,421550,0,10878
saving 30,3228878,19,89229,3228878,10879,21757
saving 20,1324045,6,38997,1324045,21758,32636
saving 6,1023589,50,372195,5117945,32637,43515
saving 16,945835,13,201194,1891670,43516,54394
saving 29,10850952,43,702043,10850952,54395,65273
saving 9,7297120,39,1379747,21891360,65274,76152
saving 27,40910820,30,11900711,40910820,76153,87031
