[ SCHEMES ] 0, 0, 0, 0
[EXEC-main] 0, 1
[EXEC-task] 8, 0.200000
[EXEC-skew] -1, -2.000000, -2.000000, 32765
[EXEC-OP  ] 0, 0.320000, 35
[NOB MAXPE] : 1000, 2000
[LAT MODE ] : 0 (0=STATE, 1=FIXED_S, 2=FIXED_E)
expected_invalid : 34720, expected_fp : 5217, maxvalid : 87039
::UUNIFAST GEN::
[0]0.026828
[1]0.026786
[2]0.026732
[3]0.026659
[4]0.026544
[5]0.026312
[6]0.025494
[7]0.014646
[ALL]0.200000
min_rc,wn,mult : 35 4 8
wp: 354359, wn : 4, rp : 700767, rn : 47, gcp : 2834872 wu: 0.008048, ru: 0.018779, gcu : 0.033811
min_rc,wn,mult : 35 2 17
wp: 106475, wn : 2, rp : 41813, rn : 2, gcp : 1810075 wu: 0.013393, ru: 0.013393, gcu : 0.052953
min_rc,wn,mult : 35 18 1
wp: 533440, wn : 18, rp : 4922919, rn : 47, gcp : 533440 wu: 0.024059, ru: 0.002673, gcu : 0.179681
min_rc,wn,mult : 35 11 3
wp: 2942011, wn : 11, rp : 525158, rn : 45, gcp : 8826033 wu: 0.002666, ru: 0.023993, gcu : 0.010860
min_rc,wn,mult : 35 18 1
wp: 690723, wn : 18, rp : 1758113, rn : 50, gcp : 690723 wu: 0.018581, ru: 0.007963, gcu : 0.138766
min_rc,wn,mult : 35 9 3
wp: 609700, wn : 9, rp : 833582, rn : 47, gcp : 1829100 wu: 0.010525, ru: 0.015787, gcu : 0.052402
min_rc,wn,mult : 35 9 3
wp: 419506, wn : 9, rp : 1235574, rn : 45, gcp : 1258518 wu: 0.015297, ru: 0.010198, gcu : 0.076160
min_rc,wn,mult : 35 13 2
wp: 791088, wn : 13, rp : 3250042, rn : 34, gcp : 1582176 wu: 0.011717, ru: 0.002929, gcu : 0.060580
WRsum : 0.200000, utilsum(noblock): 0.805214, utilsum(nogc): 0.083706 totutil : 0.888920
saving 4,354359,47,700767,2834872,0,10878
saving 2,106475,2,41813,1810075,10879,21757
saving 18,533440,47,4922919,533440,21758,32636
saving 11,2942011,45,525158,8826033,32637,43515
saving 18,690723,50,1758113,690723,43516,54394
saving 9,609700,47,833582,1829100,54395,65273
saving 9,419506,45,1235574,1258518,65274,76152
saving 13,791088,34,3250042,1582176,76153,87031
