[ SCHEMES ] 0, 0, 0, 0
[EXEC-main] 0, 1
[EXEC-task] 8, 0.100000
[EXEC-skew] -1, -2.000000, -2.000000, 32764
[EXEC-OP  ] 0, 0.320000, 35
[NOB MAXPE] : 1000, 2000
[LAT MODE ] : 0 (0=STATE, 1=FIXED_S, 2=FIXED_E)
expected_invalid : 34720, expected_fp : 5217, maxvalid : 87039
::UUNIFAST GEN::
[0]0.014080
[1]0.013941
[2]0.013777
[3]0.013574
[4]0.013307
[5]0.012906
[6]0.012049
[7]0.006365
[ALL]0.100000
min_rc,wn,mult : 35 10 3
wp: 562665, wn : 10, rp : 8352379, rn : 42, gcp : 1687995 wu: 0.012672, ru: 0.001408, gcu : 0.056783
min_rc,wn,mult : 35 22 1
wp: 2250322, wn : 22, rp : 2008448, rn : 50, gcp : 2250322 wu: 0.006971, ru: 0.006971, gcu : 0.042593
min_rc,wn,mult : 35 10 3
wp: 5175345, wn : 10, rp : 677464, rn : 30, gcp : 15526035 wu: 0.001378, ru: 0.012399, gcu : 0.006173
min_rc,wn,mult : 35 25 1
wp: 2626276, wn : 25, rp : 1773933, rn : 43, gcp : 2626276 wu: 0.006787, ru: 0.006787, gcu : 0.036496
min_rc,wn,mult : 35 24 1
wp: 2143168, wn : 24, rp : 1788478, rn : 34, gcp : 2143168 wu: 0.007984, ru: 0.005323, gcu : 0.044723
min_rc,wn,mult : 35 19 1
wp: 1499535, wn : 19, rp : 1663321, rn : 23, gcp : 1499535 wu: 0.009034, ru: 0.003872, gcu : 0.063919
min_rc,wn,mult : 35 15 2
wp: 986240, wn : 15, rp : 6274313, rn : 27, gcp : 1972480 wu: 0.010844, ru: 0.001205, gcu : 0.048593
min_rc,wn,mult : 35 10 3
wp: 1244570, wn : 10, rp : 9677279, rn : 22, gcp : 3733710 wu: 0.005729, ru: 0.000637, gcu : 0.025671
WRsum : 0.100000, utilsum(noblock): 0.424952, utilsum(nogc): 0.006220 totutil : 0.431173
saving 10,562665,42,8352379,1687995,0,10878
saving 22,2250322,50,2008448,2250322,10879,21757
saving 10,5175345,30,677464,15526035,21758,32636
saving 25,2626276,43,1773933,2626276,32637,43515
saving 24,2143168,34,1788478,2143168,43516,54394
saving 19,1499535,23,1663321,1499535,54395,65273
saving 15,986240,27,6274313,1972480,65274,76152
saving 10,1244570,22,9677279,3733710,76153,87031
