[ SCHEMES ] 0, 0, 0, 0
[EXEC-main] 0, 1
[EXEC-task] 8, 0.250000
[EXEC-skew] -1, -2.000000, -2.000000, 32766
[EXEC-OP  ] 0, 0.320000, 35
[NOB MAXPE] : 1000, 2000
[LAT MODE ] : 0 (0=STATE, 1=FIXED_S, 2=FIXED_E)
expected_invalid : 34720, expected_fp : 5217, maxvalid : 87039
::UUNIFAST GEN::
[0]0.018792
[1]0.020146
[2]0.021872
[3]0.024180
[4]0.027503
[5]0.032903
[6]0.044071
[7]0.060533
[ALL]0.250000
min_rc,wn,mult : 35 1 35
wp: 379423, wn : 1, rp : 264893, rn : 16, gcp : 13279805 wu: 0.001879, ru: 0.016912, gcu : 0.007218
min_rc,wn,mult : 35 8 4
wp: 404477, wn : 8, rp : 1436188, rn : 31, gcp : 1617908 wu: 0.014102, ru: 0.006044, gcu : 0.059243
min_rc,wn,mult : 35 18 1
wp: 1173571, wn : 18, rp : 768115, rn : 30, gcp : 1173571 wu: 0.010936, ru: 0.010936, gcu : 0.081673
min_rc,wn,mult : 35 3 11
wp: 126371, wn : 3, rp : 1775538, rn : 46, gcp : 1390081 wu: 0.016926, ru: 0.007254, gcu : 0.068952
min_rc,wn,mult : 35 12 2
wp: 1036979, wn : 12, rp : 145438, rn : 10, gcp : 2073958 wu: 0.008251, ru: 0.019252, gcu : 0.046215
min_rc,wn,mult : 35 19 1
wp: 1372402, wn : 19, rp : 182352, rn : 15, gcp : 1372402 wu: 0.009871, ru: 0.023032, gcu : 0.069840
min_rc,wn,mult : 35 8 4
wp: 184896, wn : 8, rp : 360026, rn : 17, gcp : 739584 wu: 0.030850, ru: 0.013221, gcu : 0.129599
min_rc,wn,mult : 35 4 8
wp: 157049, wn : 4, rp : 191630, rn : 29, gcp : 1256392 wu: 0.018160, ru: 0.042373, gcu : 0.076289
WRsum : 0.250001, utilsum(noblock): 0.789029, utilsum(nogc): 0.027696 totutil : 0.816725
saving 1,379423,16,264893,13279805,0,10878
saving 8,404477,31,1436188,1617908,10879,21757
saving 18,1173571,30,768115,1173571,21758,32636
saving 3,126371,46,1775538,1390081,32637,43515
saving 12,1036979,10,145438,2073958,43516,54394
saving 19,1372402,15,182352,1372402,54395,65273
saving 8,184896,17,360026,739584,65274,76152
saving 4,157049,29,191630,1256392,76153,87031
