[ SCHEMES ] 0, 0, 0, 0
[EXEC-main] 0, 1
[EXEC-task] 8, 0.250000
[EXEC-skew] -1, -2.000000, -2.000000, 32767
[EXEC-OP  ] 0, 0.320000, 35
[NOB MAXPE] : 1000, 2000
[LAT MODE ] : 0 (0=STATE, 1=FIXED_S, 2=FIXED_E)
expected_invalid : 34720, expected_fp : 5217, maxvalid : 87039
::UUNIFAST GEN::
[0]0.031429
[1]0.031709
[2]0.032039
[3]0.032438
[4]0.032934
[5]0.033556
[6]0.034070
[7]0.021825
[ALL]0.250000
min_rc,wn,mult : 35 20 1
wp: 907452, wn : 20, rp : 873088, rn : 49, gcp : 907452 wu: 0.015714, ru: 0.015714, gcu : 0.105624
min_rc,wn,mult : 35 10 3
wp: 249842, wn : 10, rp : 2384187, rn : 27, gcp : 749526 wu: 0.028538, ru: 0.003171, gcu : 0.127879
min_rc,wn,mult : 35 14 2
wp: 519262, wn : 14, rp : 1092416, rn : 50, gcp : 1038524 wu: 0.019223, ru: 0.012816, gcu : 0.092293
min_rc,wn,mult : 35 22 1
wp: 537299, wn : 22, rp : 345274, rn : 4, gcp : 537299 wu: 0.029194, ru: 0.003244, gcu : 0.178390
min_rc,wn,mult : 35 17 2
wp: 460048, wn : 17, rp : 1360296, rn : 32, gcp : 920096 wu: 0.026347, ru: 0.006587, gcu : 0.104173
min_rc,wn,mult : 35 4 8
wp: 849913, wn : 4, rp : 268867, rn : 29, gcp : 6799304 wu: 0.003356, ru: 0.030201, gcu : 0.014097
min_rc,wn,mult : 35 20 1
wp: 837088, wn : 20, rp : 394476, rn : 24, gcp : 837088 wu: 0.017035, ru: 0.017035, gcu : 0.114503
min_rc,wn,mult : 35 8 4
wp: 326695, wn : 8, rp : 2309320, rn : 36, gcp : 1306780 wu: 0.017460, ru: 0.004365, gcu : 0.073347
WRsum : 0.250000, utilsum(noblock): 1.060308, utilsum(nogc): 0.014009 totutil : 1.074317
::UUNIFAST GEN::
[0]0.044575
[1]0.042062
[2]0.039268
[3]0.036091
[4]0.032349
[5]0.027665
[6]0.020910
[7]0.007079
[ALL]0.250000
min_rc,wn,mult : 35 6 5
wp: 137105, wn : 6, rp : 774730, rn : 37, gcp : 685525 wu: 0.031202, ru: 0.013372, gcu : 0.139818
min_rc,wn,mult : 35 7 5
wp: 131841, wn : 7, rp : 2862418, rn : 43, gcp : 659205 wu: 0.037856, ru: 0.004206, gcu : 0.145401
min_rc,wn,mult : 35 19 1
wp: 862464, wn : 19, rp : 487246, rn : 41, gcp : 862464 wu: 0.015707, ru: 0.023561, gcu : 0.111134
min_rc,wn,mult : 35 28 1
wp: 1843876, wn : 28, rp : 210580, rn : 19, gcp : 1843876 wu: 0.010827, ru: 0.025263, gcu : 0.051982
min_rc,wn,mult : 35 3 11
wp: 94459, wn : 3, rp : 605885, rn : 21, gcp : 1039049 wu: 0.022645, ru: 0.009705, gcu : 0.092247
min_rc,wn,mult : 35 17 2
wp: 1095343, wn : 17, rp : 438583, rn : 26, gcp : 2190686 wu: 0.011066, ru: 0.016599, gcu : 0.043753
min_rc,wn,mult : 35 3 11
wp: 113659, wn : 3, rp : 937330, rn : 7, gcp : 1250249 wu: 0.018819, ru: 0.002091, gcu : 0.076664
min_rc,wn,mult : 35 6 5
wp: 671427, wn : 6, rp : 14633913, rn : 37, gcp : 3357135 wu: 0.006372, ru: 0.000708, gcu : 0.028551
WRsum : 0.250001, utilsum(noblock): 0.939551, utilsum(nogc): 0.037053 totutil : 0.976604
saving 6,137105,37,774730,685525,0,10878
saving 7,131841,43,2862418,659205,10879,21757
saving 19,862464,41,487246,862464,21758,32636
saving 28,1843876,19,210580,1843876,32637,43515
saving 3,94459,21,605885,1039049,43516,54394
saving 17,1095343,26,438583,2190686,54395,65273
saving 3,113659,7,937330,1250249,65274,76152
saving 6,671427,37,14633913,3357135,76153,87031
