[ SCHEMES ] 0, 0, 0, 0
[EXEC-main] 0, 1
[EXEC-task] 8, 0.300000
[EXEC-skew] -1, -2.000000, -2.000000, 32767
[EXEC-OP  ] 0, 0.320000, 35
[NOB MAXPE] : 1000, 2000
[LAT MODE ] : 0 (0=STATE, 1=FIXED_S, 2=FIXED_E)
expected_invalid : 34720, expected_fp : 5217, maxvalid : 87039
::UUNIFAST GEN::
[0]0.067604
[1]0.059870
[2]0.051854
[3]0.043485
[4]0.034647
[5]0.025135
[6]0.014491
[7]0.002914
[ALL]0.300000
min_rc,wn,mult : 35 5 7
wp: 131834, wn : 5, rp : 241603, rn : 35, gcp : 922838 wu: 0.027042, ru: 0.040562, gcu : 0.103863
min_rc,wn,mult : 35 1 35
wp: 13232, wn : 1, rp : 1449803, rn : 31, gcp : 463120 wu: 0.053883, ru: 0.005987, gcu : 0.206964
min_rc,wn,mult : 35 19 1
wp: 653127, wn : 19, rp : 89995, rn : 10, gcp : 653127 wu: 0.020742, ru: 0.031113, gcu : 0.146754
min_rc,wn,mult : 35 26 1
wp: 473678, wn : 26, rp : 1159027, rn : 18, gcp : 473678 wu: 0.039136, ru: 0.004348, gcu : 0.202351
min_rc,wn,mult : 35 9 3
wp: 205788, wn : 9, rp : 1454664, rn : 18, gcp : 617364 wu: 0.031182, ru: 0.003465, gcu : 0.155255
min_rc,wn,mult : 35 24 1
wp: 972583, wn : 24, rp : 297064, rn : 8, gcp : 972583 wu: 0.017594, ru: 0.007540, gcu : 0.098551
min_rc,wn,mult : 35 7 5
wp: 1722065, wn : 7, rp : 265676, rn : 11, gcp : 8610325 wu: 0.002898, ru: 0.011593, gcu : 0.011132
min_rc,wn,mult : 35 29 1
wp: 11828022, wn : 29, rp : 9129721, rn : 38, gcp : 11828022 wu: 0.001748, ru: 0.001165, gcu : 0.008104
WRsum : 0.300002, utilsum(noblock): 1.232975, utilsum(nogc): 0.264510 totutil : 1.497485
::UUNIFAST GEN::
[0]0.134173
[1]0.082789
[2]0.046828
[3]0.023379
[4]0.009614
[5]0.002813
[6]0.000398
[7]0.000006
[ALL]0.300000
min_rc,wn,mult : 35 26 1
wp: 690823, wn : 26, rp : 75648, rn : 29, gcp : 690823 wu: 0.026835, ru: 0.107339, gcu : 0.138746
min_rc,wn,mult : 35 27 1
wp: 775105, wn : 27, rp : 28989, rn : 6, gcp : 775105 wu: 0.024837, ru: 0.057952, gcu : 0.123659
min_rc,wn,mult : 35 24 1
wp: 913547, wn : 24, rp : 418549, rn : 42, gcp : 913547 wu: 0.018731, ru: 0.028097, gcu : 0.104920
min_rc,wn,mult : 35 24 1
wp: 7319480, wn : 24, rp : 292764, rn : 22, gcp : 7319480 wu: 0.002338, ru: 0.021041, gcu : 0.013095
min_rc,wn,mult : 35 12 2
wp: 2224988, wn : 12, rp : 1504823, rn : 31, gcp : 4449976 wu: 0.003845, ru: 0.005768, gcu : 0.021539
min_rc,wn,mult : 35 29 1
wp: 24498314, wn : 29, rp : 142177, rn : 1, gcp : 24498314 wu: 0.000844, ru: 0.001969, gcu : 0.003912
min_rc,wn,mult : 35 7 5
wp: 13946891, wn : 7, rp : 126754352, rn : 18, gcp : 69734455 wu: 0.000358, ru: 0.000040, gcu : 0.001374
min_rc,wn,mult : 35 23 1
wp: -2147483648, wn : 23, rp : -2147483648, rn : 27, gcp : -2147483648 wu: 0.000004, ru: 0.000003, gcu : -0.000045
WRsum : 0.299984, utilsum(noblock): 0.707186, utilsum(nogc): -0.000002 totutil : 0.707184
::UUNIFAST GEN::
[0]0.059272
[1]0.054519
[2]0.049383
[3]0.043741
[4]0.037389
[5]0.029919
[6]0.020256
[7]0.005522
[ALL]0.300000
min_rc,wn,mult : 35 17 2
wp: 408999, wn : 17, rp : 75584, rn : 8, gcp : 817998 wu: 0.029636, ru: 0.029636, gcu : 0.117175
min_rc,wn,mult : 35 16 2
wp: 348745, wn : 16, rp : 423704, rn : 33, gcp : 697490 wu: 0.032711, ru: 0.021808, gcu : 0.137420
min_rc,wn,mult : 35 11 3
wp: 264700, wn : 11, rp : 155924, rn : 11, gcp : 794100 wu: 0.029630, ru: 0.019753, gcu : 0.120701
min_rc,wn,mult : 35 8 4
wp: 217339, wn : 8, rp : 288058, rn : 18, gcp : 869356 wu: 0.026245, ru: 0.017496, gcu : 0.110253
min_rc,wn,mult : 35 23 1
wp: 487343, wn : 23, rp : 674001, rn : 9, gcp : 487343 wu: 0.033650, ru: 0.003739, gcu : 0.196677
min_rc,wn,mult : 35 16 2
wp: 544717, wn : 16, rp : 967070, rn : 31, gcp : 1089434 wu: 0.020943, ru: 0.008976, gcu : 0.087981
min_rc,wn,mult : 35 19 1
wp: 6687858, wn : 19, rp : 199665, rn : 13, gcp : 6687858 wu: 0.002026, ru: 0.018231, gcu : 0.014332
min_rc,wn,mult : 35 17 2
wp: 21950494, wn : 17, rp : 732427, rn : 13, gcp : 43900988 wu: 0.000552, ru: 0.004970, gcu : 0.002183
WRsum : 0.300000, utilsum(noblock): 1.086722, utilsum(nogc): 0.046306 totutil : 1.133028
::UUNIFAST GEN::
[0]0.026818
[1]0.028273
[2]0.030092
[3]0.032470
[4]0.035791
[5]0.040956
[6]0.050775
[7]0.054826
[ALL]0.300000
min_rc,wn,mult : 35 23 1
wp: 1019169, wn : 23, rp : 1070193, rn : 41, gcp : 1019169 wu: 0.016091, ru: 0.010727, gcu : 0.094046
min_rc,wn,mult : 35 11 3
wp: 2774061, wn : 11, rp : 484174, rn : 44, gcp : 8322183 wu: 0.002827, ru: 0.025445, gcu : 0.011517
min_rc,wn,mult : 35 20 1
wp: 1184699, wn : 20, rp : 31015, rn : 2, gcp : 1184699 wu: 0.012037, ru: 0.018055, gcu : 0.080906
min_rc,wn,mult : 35 5 7
wp: 156847, wn : 5, rp : 977310, rn : 34, gcp : 1097929 wu: 0.022729, ru: 0.009741, gcu : 0.087300
min_rc,wn,mult : 35 16 2
wp: 1062478, wn : 16, rp : 514102, rn : 46, gcp : 2124956 wu: 0.010737, ru: 0.025053, gcu : 0.045106
min_rc,wn,mult : 35 15 2
wp: 326414, wn : 15, rp : 478558, rn : 14, gcp : 652828 wu: 0.032765, ru: 0.008191, gcu : 0.146821
min_rc,wn,mult : 35 7 5
wp: 196594, wn : 7, rp : 242640, rn : 22, gcp : 982970 wu: 0.025387, ru: 0.025387, gcu : 0.097510
min_rc,wn,mult : 35 14 2
wp: 910332, wn : 14, rp : 25535, rn : 4, gcp : 1820664 wu: 0.010965, ru: 0.043861, gcu : 0.052645
WRsum : 0.300001, utilsum(noblock): 0.915853, utilsum(nogc): 0.137067 totutil : 1.052920
::UUNIFAST GEN::
[0]0.009175
[1]0.010350
[2]0.011935
[3]0.014207
[4]0.017780
[5]0.024367
[6]0.041463
[7]0.170722
[ALL]0.300000
min_rc,wn,mult : 35 17 2
wp: 4403691, wn : 17, rp : 1743892, rn : 40, gcp : 8807382 wu: 0.002752, ru: 0.006422, gcu : 0.010883
min_rc,wn,mult : 35 21 1
wp: 14466680, wn : 21, rp : 1112185, rn : 37, gcp : 14466680 wu: 0.001035, ru: 0.009315, gcu : 0.006626
min_rc,wn,mult : 35 5 7
wp: 497837, wn : 5, rp : 1759539, rn : 30, gcp : 3484859 wu: 0.007161, ru: 0.004774, gcu : 0.027504
min_rc,wn,mult : 35 16 2
wp: 1605963, wn : 16, rp : 906592, rn : 23, gcp : 3211926 wu: 0.007104, ru: 0.007104, gcu : 0.029842
min_rc,wn,mult : 35 27 1
wp: 1353380, wn : 27, rp : 1889712, rn : 24, gcp : 1353380 wu: 0.014224, ru: 0.003556, gcu : 0.070822
min_rc,wn,mult : 35 1 35
wp: 58520, wn : 1, rp : 206833, rn : 9, gcp : 2048200 wu: 0.012184, ru: 0.012184, gcu : 0.046797
min_rc,wn,mult : 35 8 4
wp: 171960, wn : 8, rp : 168824, rn : 5, gcp : 687840 wu: 0.033170, ru: 0.008293, gcu : 0.139348
min_rc,wn,mult : 35 22 1
wp: 153133, wn : 22, rp : 73804, rn : 18, gcp : 153133 wu: 0.102433, ru: 0.068289, gcu : 0.625920
WRsum : 0.300001, utilsum(noblock): 1.257742, utilsum(nogc): 0.059809 totutil : 1.317550
::UUNIFAST GEN::
[0]0.086668
[1]0.070010
[2]0.054398
[3]0.039957
[4]0.026866
[5]0.015400
[6]0.006086
[7]0.000616
[ALL]0.300000
min_rc,wn,mult : 35 1 35
wp: 10283, wn : 1, rp : 274610, rn : 17, gcp : 359905 wu: 0.069335, ru: 0.017334, gcu : 0.266317
min_rc,wn,mult : 35 25 1
wp: 363723, wn : 25, rp : 386611, rn : 29, gcp : 363723 wu: 0.049007, ru: 0.021003, gcu : 0.263522
min_rc,wn,mult : 35 11 3
wp: 160199, wn : 11, rp : 926512, rn : 18, gcp : 480597 wu: 0.048958, ru: 0.005440, gcu : 0.199437
min_rc,wn,mult : 35 23 1
wp: 586308, wn : 23, rp : 116792, rn : 5, gcp : 586308 wu: 0.027970, ru: 0.011987, gcu : 0.163479
min_rc,wn,mult : 35 20 1
wp: 1326964, wn : 20, rp : 625329, rn : 36, gcp : 1326964 wu: 0.010746, ru: 0.016120, gcu : 0.072232
min_rc,wn,mult : 35 5 7
wp: 385833, wn : 5, rp : 363646, rn : 8, gcp : 2700831 wu: 0.009240, ru: 0.006160, gcu : 0.035489
min_rc,wn,mult : 35 1 35
wp: 292907, wn : 1, rp : 2607277, rn : 34, gcp : 10251745 wu: 0.002434, ru: 0.003651, gcu : 0.009350
min_rc,wn,mult : 35 23 1
wp: 44354672, wn : 23, rp : 49983188, rn : 44, gcp : 44354672 wu: 0.000370, ru: 0.000246, gcu : 0.002161
WRsum : 0.300003, utilsum(noblock): 1.311990, utilsum(nogc): 0.340368 totutil : 1.652358
::UUNIFAST GEN::
[0]0.005273
[1]0.006035
[2]0.007079
[3]0.008605
[4]0.011066
[5]0.015764
[6]0.028739
[7]0.217437
[ALL]0.300000
min_rc,wn,mult : 35 28 1
wp: 5408369, wn : 28, rp : 8672606, rn : 49, gcp : 5408369 wu: 0.003691, ru: 0.001582, gcu : 0.017722
min_rc,wn,mult : 35 27 1
wp: 6379620, wn : 27, rp : 1948582, rn : 21, gcp : 6379620 wu: 0.003018, ru: 0.003018, gcu : 0.015024
min_rc,wn,mult : 35 28 1
wp: 14100302, wn : 28, rp : 1928161, rn : 39, gcp : 14100302 wu: 0.001416, ru: 0.005663, gcu : 0.006798
min_rc,wn,mult : 35 22 1
wp: 3037986, wn : 22, rp : 1382839, rn : 17, gcp : 3037986 wu: 0.005163, ru: 0.003442, gcu : 0.031550
min_rc,wn,mult : 35 24 1
wp: 2577191, wn : 24, rp : 2213926, rn : 35, gcp : 2577191 wu: 0.006640, ru: 0.004427, gcu : 0.037191
min_rc,wn,mult : 35 8 4
wp: 1206115, wn : 8, rp : 1040338, rn : 41, gcp : 4824460 wu: 0.004729, ru: 0.011035, gcu : 0.019867
min_rc,wn,mult : 35 27 1
wp: 1674631, wn : 27, rp : 454664, rn : 28, gcp : 1674631 wu: 0.011496, ru: 0.017243, gcu : 0.057236
min_rc,wn,mult : 35 23 1
wp: 83799, wn : 23, rp : 450704, rn : 35, gcp : 83799 wu: 0.195693, ru: 0.021744, gcu : 1.143796
WRsum : 0.300001, utilsum(noblock): 1.629186, utilsum(nogc): 0.041767 totutil : 1.670953
::UUNIFAST GEN::
[0]0.052720
[1]0.049916
[2]0.046785
[3]0.043209
[4]0.038972
[5]0.033622
[6]0.025786
[7]0.008990
[ALL]0.300000
min_rc,wn,mult : 35 20 1
wp: 300542, wn : 20, rp : 1434003, rn : 27, gcp : 300542 wu: 0.047448, ru: 0.005272, gcu : 0.318920
min_rc,wn,mult : 35 14 2
wp: 999887, wn : 14, rp : 175295, rn : 25, gcp : 1999774 wu: 0.009983, ru: 0.039933, gcu : 0.047930
min_rc,wn,mult : 35 3 11
wp: 76199, wn : 3, rp : 374048, rn : 25, gcp : 838189 wu: 0.028071, ru: 0.018714, gcu : 0.114352
min_rc,wn,mult : 35 30 1
wp: 618797, wn : 30, rp : 1522838, rn : 47, gcp : 618797 wu: 0.034567, ru: 0.008642, gcu : 0.154896
min_rc,wn,mult : 35 19 1
wp: 386228, wn : 19, rp : 2586450, rn : 36, gcp : 386228 wu: 0.035075, ru: 0.003897, gcu : 0.248167
min_rc,wn,mult : 35 10 3
wp: 353440, wn : 10, rp : 41639, rn : 2, gcp : 1060320 wu: 0.020173, ru: 0.013449, gcu : 0.090396
min_rc,wn,mult : 35 25 1
wp: 768063, wn : 25, rp : 4126215, rn : 38, gcp : 768063 wu: 0.023208, ru: 0.002579, gcu : 0.124793
min_rc,wn,mult : 35 2 17
wp: 176243, wn : 2, rp : 8720695, rn : 28, gcp : 2996131 wu: 0.008091, ru: 0.000899, gcu : 0.031991
WRsum : 0.300001, utilsum(noblock): 1.431446, utilsum(nogc): 0.084056 totutil : 1.515502
::UUNIFAST GEN::
[0]0.094051
[1]0.073157
[2]0.054365
[3]0.037822
[4]0.023724
[5]0.012356
[6]0.004200
[7]0.000325
[ALL]0.300000
min_rc,wn,mult : 35 5 7
wp: 189524, wn : 5, rp : 48378, rn : 13, gcp : 1326668 wu: 0.018810, ru: 0.075241, gcu : 0.072248
min_rc,wn,mult : 35 22 1
wp: 306307, wn : 22, rp : 102063, rn : 8, gcp : 306307 wu: 0.051210, ru: 0.021947, gcu : 0.312918
min_rc,wn,mult : 35 3 11
wp: 56207, wn : 3, rp : 618046, rn : 36, gcp : 618277 wu: 0.038055, ru: 0.016309, gcu : 0.155026
min_rc,wn,mult : 35 8 4
wp: 188516, wn : 8, rp : 370158, rn : 10, gcp : 754064 wu: 0.030257, ru: 0.007564, gcu : 0.127110
min_rc,wn,mult : 35 11 3
wp: 826484, wn : 11, rp : 688473, rn : 35, gcp : 2479452 wu: 0.009490, ru: 0.014234, gcu : 0.038657
min_rc,wn,mult : 35 2 17
wp: 128232, wn : 2, rp : 7024895, rn : 31, gcp : 2179944 wu: 0.011120, ru: 0.001236, gcu : 0.043969
min_rc,wn,mult : 35 20 1
wp: 3772439, wn : 20, rp : 11999850, rn : 18, gcp : 3772439 wu: 0.003780, ru: 0.000420, gcu : 0.025408
min_rc,wn,mult : 35 21 1
wp: 153489520, wn : 21, rp : 24602608, rn : 20, gcp : 153489520 wu: 0.000098, ru: 0.000228, gcu : 0.000624
WRsum : 0.300001, utilsum(noblock): 1.075960, utilsum(nogc): 0.072347 totutil : 1.148307
::UUNIFAST GEN::
[0]0.037425
[1]0.037804
[2]0.038251
[3]0.038794
[4]0.039475
[5]0.040347
[6]0.041185
[7]0.026719
[ALL]0.300000
min_rc,wn,mult : 35 19 1
wp: 3619768, wn : 19, rp : 315890, rn : 38, gcp : 3619768 wu: 0.003743, ru: 0.033683, gcu : 0.026479
min_rc,wn,mult : 35 9 3
wp: 339490, wn : 9, rp : 44440, rn : 3, gcp : 1018470 wu: 0.018902, ru: 0.018902, gcu : 0.094111
min_rc,wn,mult : 35 5 7
wp: 232999, wn : 5, rp : 219601, rn : 18, gcp : 1630993 wu: 0.015300, ru: 0.022951, gcu : 0.058767
min_rc,wn,mult : 35 26 1
wp: 2389276, wn : 26, rp : 243593, rn : 27, gcp : 2389276 wu: 0.007759, ru: 0.031035, gcu : 0.040116
min_rc,wn,mult : 35 21 1
wp: 474128, wn : 21, rp : 496516, rn : 14, gcp : 474128 wu: 0.031580, ru: 0.007895, gcu : 0.202158
min_rc,wn,mult : 35 28 1
wp: 1237014, wn : 28, rp : 266024, rn : 23, gcp : 1237014 wu: 0.016139, ru: 0.024208, gcu : 0.077484
min_rc,wn,mult : 35 30 1
wp: 1038731, wn : 30, rp : 122375, rn : 9, gcp : 1038731 wu: 0.020592, ru: 0.020592, gcu : 0.092275
min_rc,wn,mult : 35 23 1
wp: 1534403, wn : 23, rp : 733564, rn : 42, gcp : 1534403 wu: 0.010688, ru: 0.016031, gcu : 0.062467
WRsum : 0.300000, utilsum(noblock): 0.953858, utilsum(nogc): 0.078758 totutil : 1.032616
::UUNIFAST GEN::
[0]0.026594
[1]0.028061
[2]0.029899
[3]0.032303
[4]0.035665
[5]0.040909
[6]0.050922
[7]0.055647
[ALL]0.300000
min_rc,wn,mult : 35 19 1
wp: 849010, wn : 19, rp : 78966, rn : 3, gcp : 849010 wu: 0.015956, ru: 0.010637, gcu : 0.112895
min_rc,wn,mult : 35 10 3
wp: 846951, wn : 10, rp : 698467, rn : 49, gcp : 2540853 wu: 0.008418, ru: 0.019643, gcu : 0.037723
min_rc,wn,mult : 35 21 1
wp: 1669313, wn : 21, rp : 521765, rn : 39, gcp : 1669313 wu: 0.008970, ru: 0.020929, gcu : 0.057418
min_rc,wn,mult : 35 29 1
wp: 1066835, wn : 29, rp : 931810, rn : 43, gcp : 1066835 wu: 0.019382, ru: 0.012921, gcu : 0.089844
min_rc,wn,mult : 35 3 11
wp: 85677, wn : 3, rp : 314032, rn : 12, gcp : 942447 wu: 0.024966, ru: 0.010700, gcu : 0.101702
min_rc,wn,mult : 35 21 1
wp: 457512, wn : 21, rp : 1300456, rn : 38, gcp : 457512 wu: 0.032727, ru: 0.008182, gcu : 0.209501
min_rc,wn,mult : 35 11 3
wp: 385046, wn : 11, rp : 9164, rn : 1, gcp : 1155138 wu: 0.020369, ru: 0.030553, gcu : 0.082976
min_rc,wn,mult : 35 30 1
wp: 768768, wn : 30, rp : 261647, rn : 26, gcp : 768768 wu: 0.027824, ru: 0.027824, gcu : 0.124679
WRsum : 0.300001, utilsum(noblock): 1.116740, utilsum(nogc): 0.381929 totutil : 1.498669
::UUNIFAST GEN::
[0]0.104267
[1]0.076801
[2]0.053520
[3]0.034430
[4]0.019543
[5]0.008873
[6]0.002437
[7]0.000129
[ALL]0.300000
min_rc,wn,mult : 35 16 2
wp: 156302, wn : 16, rp : 98465, rn : 11, gcp : 312604 wu: 0.072987, ru: 0.031280, gcu : 0.306615
min_rc,wn,mult : 35 7 5
wp: 81232, wn : 7, rp : 18228, rn : 1, gcp : 406160 wu: 0.061441, ru: 0.015360, gcu : 0.235988
min_rc,wn,mult : 35 18 1
wp: 799332, wn : 18, rp : 29895, rn : 4, gcp : 799332 wu: 0.016056, ru: 0.037464, gcu : 0.119911
min_rc,wn,mult : 35 19 1
wp: 1311542, wn : 19, rp : 46470, rn : 4, gcp : 1311542 wu: 0.010329, ru: 0.024101, gcu : 0.073081
min_rc,wn,mult : 35 9 3
wp: 547247, wn : 9, rp : 1504353, rn : 42, gcp : 1641741 wu: 0.011726, ru: 0.007817, gcu : 0.058383
min_rc,wn,mult : 35 29 1
wp: 2589379, wn : 29, rp : 11676440, rn : 37, gcp : 2589379 wu: 0.007985, ru: 0.000887, gcu : 0.037016
min_rc,wn,mult : 35 2 17
wp: 975252, wn : 2, rp : 13787580, rn : 48, gcp : 16579284 wu: 0.001462, ru: 0.000975, gcu : 0.005781
min_rc,wn,mult : 35 22 1
wp: 242919872, wn : 22, rp : 164775424, rn : 38, gcp : 242919872 wu: 0.000065, ru: 0.000065, gcu : 0.000395
WRsum : 0.300002, utilsum(noblock): 1.137173, utilsum(nogc): 0.192012 totutil : 1.329185
::UUNIFAST GEN::
[0]0.015613
[1]0.017191
[2]0.019263
[3]0.022138
[4]0.026474
[5]0.034006
[6]0.051596
[7]0.113718
[ALL]0.300000
min_rc,wn,mult : 35 10 3
wp: 761115, wn : 10, rp : 1120857, rn : 25, gcp : 2283345 wu: 0.009368, ru: 0.006245, gcu : 0.041977
min_rc,wn,mult : 35 25 1
wp: 1152072, wn : 25, rp : 1140115, rn : 7, gcp : 1152072 wu: 0.015472, ru: 0.001719, gcu : 0.083197
min_rc,wn,mult : 35 3 11
wp: 185066, wn : 3, rp : 617754, rn : 17, gcp : 2035726 wu: 0.011558, ru: 0.007705, gcu : 0.047083
min_rc,wn,mult : 35 1 35
wp: 107356, wn : 1, rp : 361368, rn : 20, gcp : 3757460 wu: 0.006641, ru: 0.015497, gcu : 0.025509
min_rc,wn,mult : 35 18 1
wp: 1615954, wn : 18, rp : 347517, rn : 23, gcp : 1615954 wu: 0.007942, ru: 0.018531, gcu : 0.059314
min_rc,wn,mult : 35 29 1
wp: 1216083, wn : 29, rp : 428161, rn : 26, gcp : 1216083 wu: 0.017003, ru: 0.017003, gcu : 0.078818
min_rc,wn,mult : 35 29 1
wp: 500930, wn : 29, rp : 542672, rn : 20, gcp : 500930 wu: 0.041277, ru: 0.010319, gcu : 0.191342
min_rc,wn,mult : 35 28 1
wp: 250794, wn : 28, rp : 49244, rn : 6, gcp : 250794 wu: 0.079603, ru: 0.034116, gcu : 0.382182
WRsum : 0.300001, utilsum(noblock): 1.209424, utilsum(nogc): 0.071075 totutil : 1.280499
::UUNIFAST GEN::
[0]0.027422
[1]0.028841
[2]0.030610
[3]0.032915
[4]0.036118
[5]0.041070
[6]0.050359
[7]0.052664
[ALL]0.300000
min_rc,wn,mult : 35 5 7
wp: 144447, wn : 5, rp : 1429486, rn : 14, gcp : 1011129 wu: 0.024680, ru: 0.002742, gcu : 0.094794
min_rc,wn,mult : 35 12 2
wp: 423799, wn : 12, rp : 1456253, rn : 45, gcp : 847598 wu: 0.020189, ru: 0.008652, gcu : 0.113083
min_rc,wn,mult : 35 22 1
wp: 1708143, wn : 22, rp : 248283, rn : 19, gcp : 1708143 wu: 0.009183, ru: 0.021427, gcu : 0.056113
min_rc,wn,mult : 35 8 4
wp: 866480, wn : 8, rp : 276471, rn : 26, gcp : 3465920 wu: 0.006583, ru: 0.026332, gcu : 0.027655
min_rc,wn,mult : 35 10 3
wp: 329010, wn : 10, rp : 852751, rn : 44, gcp : 987030 wu: 0.021671, ru: 0.014447, gcu : 0.097108
min_rc,wn,mult : 35 11 3
wp: 238707, wn : 11, rp : 443144, rn : 13, gcp : 716121 wu: 0.032856, ru: 0.008214, gcu : 0.133845
min_rc,wn,mult : 35 20 1
wp: 353960, wn : 20, rp : 1028620, rn : 37, gcp : 353960 wu: 0.040287, ru: 0.010072, gcu : 0.270790
min_rc,wn,mult : 35 10 3
wp: 451286, wn : 10, rp : 113929, rn : 15, gcp : 1353858 wu: 0.015799, ru: 0.036865, gcu : 0.070797
WRsum : 0.300001, utilsum(noblock): 1.164186, utilsum(nogc): 0.030721 totutil : 1.194907
::UUNIFAST GEN::
[0]0.000994
[1]0.001156
[2]0.001381
[3]0.001717
[4]0.002274
[5]0.003378
[6]0.006640
[7]0.282460
[ALL]0.300000
min_rc,wn,mult : 35 14 2
wp: 11156199, wn : 14, rp : 5632863, rn : 2, gcp : 22312398 wu: 0.000895, ru: 0.000099, gcu : 0.004296
min_rc,wn,mult : 35 11 3
wp: 9694830, wn : 11, rp : 18574650, rn : 23, gcp : 29084490 wu: 0.000809, ru: 0.000347, gcu : 0.003296
min_rc,wn,mult : 35 15 2
wp: 12907860, wn : 15, rp : 19262220, rn : 38, gcp : 25815720 wu: 0.000829, ru: 0.000552, gcu : 0.003713
min_rc,wn,mult : 35 19 1
wp: 26297040, wn : 19, rp : 7687035, rn : 33, gcp : 26297040 wu: 0.000515, ru: 0.001202, gcu : 0.003645
min_rc,wn,mult : 35 10 3
wp: 10450986, wn : 10, rp : 175893, rn : 1, gcp : 31352958 wu: 0.000682, ru: 0.001592, gcu : 0.003057
min_rc,wn,mult : 35 9 3
wp: 9497364, wn : 9, rp : 2900862, rn : 28, gcp : 28492092 wu: 0.000676, ru: 0.002703, gcu : 0.003364
min_rc,wn,mult : 35 19 1
wp: 2914588, wn : 19, rp : 3092370, rn : 22, gcp : 2914588 wu: 0.004648, ru: 0.001992, gcu : 0.032886
min_rc,wn,mult : 35 21 1
wp: 176697, wn : 21, rp : 48148, rn : 34, gcp : 176697 wu: 0.084738, ru: 0.197722, gcu : 0.542448
WRsum : 0.300002, utilsum(noblock): 0.896707, utilsum(nogc): 0.072693 totutil : 0.969399
saving 14,11156199,2,5632863,22312398,0,10878
saving 11,9694830,23,18574650,29084490,10879,21757
saving 15,12907860,38,19262220,25815720,21758,32636
saving 19,26297040,33,7687035,26297040,32637,43515
saving 10,10450986,1,175893,31352958,43516,54394
saving 9,9497364,28,2900862,28492092,54395,65273
saving 19,2914588,22,3092370,2914588,65274,76152
saving 21,176697,34,48148,176697,76153,87031
