[ SCHEMES ] 0, 0, 0, 0
[EXEC-main] 0, 1
[EXEC-task] 8, 0.150000
[EXEC-skew] -1, -2.000000, -2.000000, 32764
[EXEC-OP  ] 0, 0.320000, 35
[NOB MAXPE] : 1000, 2000
[LAT MODE ] : 0 (0=STATE, 1=FIXED_S, 2=FIXED_E)
expected_invalid : 34720, expected_fp : 5217, maxvalid : 87039
::UUNIFAST GEN::
[0]0.032115
[1]0.028886
[2]0.025481
[3]0.021851
[4]0.017918
[5]0.013530
[6]0.008327
[7]0.001892
[ALL]0.150000
min_rc,wn,mult : 35 26 1
wp: 1443091, wn : 26, rp : 421401, rn : 29, gcp : 1443091 wu: 0.012846, ru: 0.019269, gcu : 0.066419
min_rc,wn,mult : 35 26 1
wp: 802214, wn : 26, rp : 96933, rn : 2, gcp : 802214 wu: 0.023109, ru: 0.005777, gcu : 0.119481
min_rc,wn,mult : 35 26 1
wp: 2425096, wn : 26, rp : 737811, rn : 47, gcp : 2425096 wu: 0.007644, ru: 0.017837, gcu : 0.039524
min_rc,wn,mult : 35 17 2
wp: 1109398, wn : 17, rp : 1076357, rn : 42, gcp : 2218796 wu: 0.010926, ru: 0.010926, gcu : 0.043199
min_rc,wn,mult : 35 18 1
wp: 1432539, wn : 18, rp : 250030, rn : 8, gcp : 1432539 wu: 0.008959, ru: 0.008959, gcu : 0.066908
min_rc,wn,mult : 35 20 1
wp: 1317481, wn : 20, rp : 4449504, rn : 43, gcp : 1317481 wu: 0.010824, ru: 0.002706, gcu : 0.072752
min_rc,wn,mult : 35 16 2
wp: 2739928, wn : 16, rp : 1882980, rn : 28, gcp : 5479856 wu: 0.004164, ru: 0.004164, gcu : 0.017491
min_rc,wn,mult : 35 29 1
wp: 15609465, wn : 29, rp : 4438925, rn : 9, gcp : 15609465 wu: 0.001325, ru: 0.000568, gcu : 0.006140
WRsum : 0.150000, utilsum(noblock): 0.581914, utilsum(nogc): 0.036107 totutil : 0.618022
saving 26,1443091,29,421401,1443091,0,10878
saving 26,802214,2,96933,802214,10879,21757
saving 26,2425096,47,737811,2425096,21758,32636
saving 17,1109398,42,1076357,2218796,32637,43515
saving 18,1432539,8,250030,1432539,43516,54394
saving 20,1317481,43,4449504,1317481,54395,65273
saving 16,2739928,28,1882980,5479856,65274,76152
saving 29,15609465,9,4438925,15609465,76153,87031
