[ SCHEMES ] 0, 0, 0, 0
[EXEC-main] 0, 1
[EXEC-task] 8, 0.150000
[EXEC-skew] -1, -2.000000, -2.000000, 32767
[EXEC-OP  ] 0, 0.320000, 35
[NOB MAXPE] : 1000, 2000
[LAT MODE ] : 0 (0=STATE, 1=FIXED_S, 2=FIXED_E)
expected_invalid : 34720, expected_fp : 5217, maxvalid : 87039
::UUNIFAST GEN::
[0]0.015686
[1]0.016240
[2]0.016917
[3]0.017780
[4]0.018943
[5]0.020660
[6]0.023571
[7]0.020203
[ALL]0.150000
min_rc,wn,mult : 35 12 2
wp: 1818125, wn : 12, rp : 892487, rn : 35, gcp : 3636250 wu: 0.004706, ru: 0.010981, gcu : 0.026359
min_rc,wn,mult : 35 1 35
wp: 54880, wn : 1, rp : 1206904, rn : 14, gcp : 1920800 wu: 0.012992, ru: 0.003248, gcu : 0.049901
min_rc,wn,mult : 35 9 3
wp: 3793141, wn : 9, rp : 809161, rn : 44, gcp : 11379423 wu: 0.001692, ru: 0.015226, gcu : 0.008423
min_rc,wn,mult : 35 22 1
wp: 1470381, wn : 22, rp : 1259844, rn : 32, gcp : 1470381 wu: 0.010668, ru: 0.007112, gcu : 0.065187
min_rc,wn,mult : 35 7 5
wp: 526943, wn : 7, rp : 739051, rn : 25, gcp : 2634715 wu: 0.009472, ru: 0.009472, gcu : 0.036379
min_rc,wn,mult : 35 27 1
wp: 3106022, wn : 27, rp : 154889, rn : 8, gcp : 3106022 wu: 0.006198, ru: 0.014462, gcu : 0.030859
min_rc,wn,mult : 35 6 5
wp: 907486, wn : 6, rp : 460319, rn : 31, gcp : 4537430 wu: 0.004714, ru: 0.018856, gcu : 0.021124
min_rc,wn,mult : 35 4 8
wp: 282339, wn : 4, rp : 637541, rn : 23, gcp : 2258712 wu: 0.010101, ru: 0.010101, gcu : 0.042435
WRsum : 0.150000, utilsum(noblock): 0.430667, utilsum(nogc): 0.063776 totutil : 0.494443
saving 12,1818125,35,892487,3636250,0,10878
saving 1,54880,14,1206904,1920800,10879,21757
saving 9,3793141,44,809161,11379423,21758,32636
saving 22,1470381,32,1259844,1470381,32637,43515
saving 7,526943,25,739051,2634715,43516,54394
saving 27,3106022,8,154889,3106022,54395,65273
saving 6,907486,31,460319,4537430,65274,76152
saving 4,282339,23,637541,2258712,76153,87031
