[ SCHEMES ] 0, 0, 0, 0
[EXEC-main] 0, 1
[EXEC-task] 8, 0.250000
[EXEC-skew] -1, -2.000000, -2.000000, 32766
[EXEC-OP  ] 0, 0.320000, 35
[NOB MAXPE] : 1000, 2000
[LAT MODE ] : 0 (0=STATE, 1=FIXED_S, 2=FIXED_E)
expected_invalid : 34720, expected_fp : 5217, maxvalid : 87039
::UUNIFAST GEN::
[0]0.041828
[1]0.040039
[2]0.038018
[3]0.035672
[4]0.032836
[5]0.029149
[6]0.023448
[7]0.009009
[ALL]0.250000
min_rc,wn,mult : 35 1 35
wp: 21307, wn : 1, rp : 234293, rn : 7, gcp : 745745 wu: 0.033462, ru: 0.008366, gcu : 0.128528
min_rc,wn,mult : 35 13 2
wp: 1157485, wn : 13, rp : 419586, rn : 48, gcp : 2314970 wu: 0.008008, ru: 0.032032, gcu : 0.041404
min_rc,wn,mult : 35 20 1
wp: 3750896, wn : 20, rp : 114566, rn : 14, gcp : 3750896 wu: 0.003802, ru: 0.034216, gcu : 0.025554
min_rc,wn,mult : 35 19 1
wp: 632950, wn : 19, rp : 726068, rn : 37, gcp : 632950 wu: 0.021403, ru: 0.014269, gcu : 0.151432
min_rc,wn,mult : 35 25 1
wp: 678554, wn : 25, rp : 2131785, rn : 50, gcp : 678554 wu: 0.026269, ru: 0.006567, gcu : 0.141255
min_rc,wn,mult : 35 15 2
wp: 733807, wn : 15, rp : 633977, rn : 33, gcp : 1467614 wu: 0.014575, ru: 0.014575, gcu : 0.065309
min_rc,wn,mult : 35 29 1
wp: 2939353, wn : 29, rp : 852934, rn : 50, gcp : 2939353 wu: 0.007035, ru: 0.016414, gcu : 0.032609
min_rc,wn,mult : 35 16 2
wp: 1808890, wn : 16, rp : 4972546, rn : 48, gcp : 3617780 wu: 0.006307, ru: 0.002703, gcu : 0.026494
WRsum : 0.250001, utilsum(noblock): 0.862586, utilsum(nogc): 0.164265 totutil : 1.026851
::UUNIFAST GEN::
[0]0.016147
[1]0.017525
[2]0.019305
[3]0.021727
[4]0.025289
[5]0.031260
[6]0.044335
[7]0.074412
[ALL]0.250000
min_rc,wn,mult : 35 3 11
wp: 441567, wn : 3, rp : 99089, rn : 4, gcp : 4857237 wu: 0.004844, ru: 0.011303, gcu : 0.019733
min_rc,wn,mult : 35 29 1
wp: 3932884, wn : 29, rp : 114123, rn : 5, gcp : 3932884 wu: 0.005257, ru: 0.012267, gcu : 0.024371
min_rc,wn,mult : 35 29 1
wp: 1338831, wn : 29, rp : 942757, rn : 13, gcp : 1338831 wu: 0.015444, ru: 0.003861, gcu : 0.071592
min_rc,wn,mult : 35 11 3
wp: 451223, wn : 11, rp : 708795, rn : 11, gcp : 1353669 wu: 0.017382, ru: 0.004345, gcu : 0.070807
min_rc,wn,mult : 35 30 1
wp: 1409714, wn : 30, rp : 719685, rn : 26, gcp : 1409714 wu: 0.015173, ru: 0.010116, gcu : 0.067992
min_rc,wn,mult : 35 11 3
wp: 278770, wn : 11, rp : 1164415, rn : 13, gcp : 836310 wu: 0.028134, ru: 0.003126, gcu : 0.114609
min_rc,wn,mult : 35 5 7
wp: 114872, wn : 5, rp : 294725, rn : 14, gcp : 804104 wu: 0.031034, ru: 0.013300, gcu : 0.119200
min_rc,wn,mult : 35 11 3
wp: 351332, wn : 11, rp : 247272, rn : 46, gcp : 1053996 wu: 0.022324, ru: 0.052088, gcu : 0.090939
WRsum : 0.250000, utilsum(noblock): 0.829243, utilsum(nogc): 0.035322 totutil : 0.864565
saving 3,441567,4,99089,4857237,0,10878
saving 29,3932884,5,114123,3932884,10879,21757
saving 29,1338831,13,942757,1338831,21758,32636
saving 11,451223,11,708795,1353669,32637,43515
saving 30,1409714,26,719685,1409714,43516,54394
saving 11,278770,13,1164415,836310,54395,65273
saving 5,114872,14,294725,804104,65274,76152
saving 11,351332,46,247272,1053996,76153,87031
