[ SCHEMES ] 0, 0, 0, 0
[EXEC-main] 0, 1
[EXEC-task] 8, 0.150000
[EXEC-skew] -1, -2.000000, -2.000000, 32766
[EXEC-OP  ] 0, 0.320000, 35
[NOB MAXPE] : 1000, 2000
[LAT MODE ] : 0 (0=STATE, 1=FIXED_S, 2=FIXED_E)
expected_invalid : 34720, expected_fp : 5217, maxvalid : 87039
::UUNIFAST GEN::
[0]0.015416
[1]0.015994
[2]0.016705
[3]0.017612
[4]0.018840
[5]0.020666
[6]0.023812
[7]0.020954
[ALL]0.150000
min_rc,wn,mult : 35 7 5
wp: 809395, wn : 7, rp : 575166, rn : 19, gcp : 4046975 wu: 0.006166, ru: 0.009249, gcu : 0.023684
min_rc,wn,mult : 35 9 3
wp: 445780, wn : 9, rp : 4376526, rn : 25, gcp : 1337340 wu: 0.014395, ru: 0.001599, gcu : 0.071671
min_rc,wn,mult : 35 25 1
wp: 1524389, wn : 25, rp : 1843805, rn : 33, gcp : 1524389 wu: 0.011693, ru: 0.005011, gcu : 0.062877
min_rc,wn,mult : 35 21 1
wp: 2833907, wn : 21, rp : 499667, rn : 22, gcp : 2833907 wu: 0.005284, ru: 0.012328, gcu : 0.033822
min_rc,wn,mult : 35 17 2
wp: 3216757, wn : 17, rp : 315810, rn : 17, gcp : 6433514 wu: 0.003768, ru: 0.015072, gcu : 0.014898
min_rc,wn,mult : 35 24 1
wp: 1182885, wn : 24, rp : 903247, rn : 20, gcp : 1182885 wu: 0.014466, ru: 0.006200, gcu : 0.081030
min_rc,wn,mult : 35 30 1
wp: 1283243, wn : 30, rp : 1411027, rn : 36, gcp : 1283243 wu: 0.016669, ru: 0.007144, gcu : 0.074693
min_rc,wn,mult : 35 13 2
wp: 2211705, wn : 13, rp : 417572, rn : 25, gcp : 4423410 wu: 0.004191, ru: 0.016764, gcu : 0.021669
WRsum : 0.150000, utilsum(noblock): 0.534344, utilsum(nogc): 0.011083 totutil : 0.545427
saving 7,809395,19,575166,4046975,0,10878
saving 9,445780,25,4376526,1337340,10879,21757
saving 25,1524389,33,1843805,1524389,21758,32636
saving 21,2833907,22,499667,2833907,32637,43515
saving 17,3216757,17,315810,6433514,43516,54394
saving 24,1182885,20,903247,1182885,54395,65273
saving 30,1283243,36,1411027,1283243,65274,76152
saving 13,2211705,25,417572,4423410,76153,87031
