[ SCHEMES ] 0, 0, 0, 0
[EXEC-main] 0, 1
[EXEC-task] 8, 0.100000
[EXEC-skew] -1, -2.000000, -2.000000, 32764
[EXEC-OP  ] 0, 0.320000, 35
[NOB MAXPE] : 1000, 2000
[LAT MODE ] : 0 (0=STATE, 1=FIXED_S, 2=FIXED_E)
expected_invalid : 34720, expected_fp : 5217, maxvalid : 87039
::UUNIFAST GEN::
[0]0.007588
[1]0.008128
[2]0.008816
[3]0.009734
[4]0.011055
[5]0.013196
[6]0.017607
[7]0.023876
[ALL]0.100000
min_rc,wn,mult : 35 19 1
wp: 2550437, wn : 19, rp : 1476004, rn : 12, gcp : 2550437 wu: 0.005312, ru: 0.002276, gcu : 0.037581
min_rc,wn,mult : 35 1 35
wp: 125314, wn : 1, rp : 1148277, rn : 10, gcp : 4385990 wu: 0.005690, ru: 0.002438, gcu : 0.021853
min_rc,wn,mult : 35 12 2
wp: 1213177, wn : 12, rp : 3652576, rn : 23, gcp : 2426354 wu: 0.007053, ru: 0.001763, gcu : 0.039503
min_rc,wn,mult : 35 19 1
wp: 4638839, wn : 19, rp : 164364, rn : 4, gcp : 4638839 wu: 0.002920, ru: 0.006814, gcu : 0.020662
min_rc,wn,mult : 35 12 2
wp: 859964, wn : 12, rp : 5065709, rn : 20, gcp : 1719928 wu: 0.009949, ru: 0.001105, gcu : 0.055728
min_rc,wn,mult : 35 5 7
wp: 540311, wn : 5, rp : 212183, rn : 5, gcp : 3782177 wu: 0.006598, ru: 0.006598, gcu : 0.025342
min_rc,wn,mult : 35 29 1
wp: 1677695, wn : 29, rp : 265051, rn : 5, gcp : 1677695 wu: 0.012325, ru: 0.005282, gcu : 0.057131
min_rc,wn,mult : 35 23 1
wp: 6868345, wn : 23, rp : 52120, rn : 4, gcp : 6868345 wu: 0.002388, ru: 0.021489, gcu : 0.013955
WRsum : 0.100000, utilsum(noblock): 0.371758, utilsum(nogc): 0.067153 totutil : 0.438911
saving 19,2550437,12,1476004,2550437,0,10878
saving 1,125314,10,1148277,4385990,10879,21757
saving 12,1213177,23,3652576,2426354,21758,32636
saving 19,4638839,4,164364,4638839,32637,43515
saving 12,859964,20,5065709,1719928,43516,54394
saving 5,540311,5,212183,3782177,54395,65273
saving 29,1677695,5,265051,1677695,65274,76152
saving 23,6868345,4,52120,6868345,76153,87031
