[ SCHEMES ] 0, 0, 0, 0
[EXEC-main] 0, 1
[EXEC-task] 8, 0.300000
[EXEC-skew] -1, -2.000000, -2.000000, 32767
[EXEC-OP  ] 0, 0.320000, 35
[NOB MAXPE] : 1000, 2000
[LAT MODE ] : 0 (0=STATE, 1=FIXED_S, 2=FIXED_E)
expected_invalid : 34720, expected_fp : 5217, maxvalid : 87039
::UUNIFAST GEN::
[0]0.016725
[1]0.018337
[2]0.020445
[3]0.023352
[4]0.027704
[5]0.035186
[6]0.052336
[7]0.105917
[ALL]0.300000
min_rc,wn,mult : 35 23 1
wp: 1634227, wn : 23, rp : 795239, rn : 19, gcp : 1634227 wu: 0.010035, ru: 0.006690, gcu : 0.058651
min_rc,wn,mult : 35 2 17
wp: 259217, wn : 2, rp : 414457, rn : 19, gcp : 4406689 wu: 0.005501, ru: 0.012836, gcu : 0.021751
min_rc,wn,mult : 35 13 2
wp: 4533704, wn : 13, rp : 334779, rn : 22, gcp : 9067408 wu: 0.002044, ru: 0.018400, gcu : 0.010571
min_rc,wn,mult : 35 17 2
wp: 1297657, wn : 17, rp : 979229, rn : 49, gcp : 2595314 wu: 0.009341, ru: 0.014011, gcu : 0.036932
min_rc,wn,mult : 35 14 2
wp: 3603139, wn : 14, rp : 179679, rn : 16, gcp : 7206278 wu: 0.002770, ru: 0.024933, gcu : 0.013301
min_rc,wn,mult : 35 12 2
wp: 810545, wn : 12, rp : 136417, rn : 12, gcp : 1621090 wu: 0.010556, ru: 0.024630, gcu : 0.059126
min_rc,wn,mult : 35 18 1
wp: 490450, wn : 18, rp : 192603, rn : 18, gcp : 490450 wu: 0.026168, ru: 0.026168, gcu : 0.195431
min_rc,wn,mult : 35 13 2
wp: 109390, wn : 13, rp : 264359, rn : 20, gcp : 218780 wu: 0.084733, ru: 0.021183, gcu : 0.438107
WRsum : 0.300001, utilsum(noblock): 1.133869, utilsum(nogc): 0.031996 totutil : 1.165865
::UUNIFAST GEN::
[0]0.010668
[1]0.011967
[2]0.013709
[3]0.016187
[4]0.020048
[5]0.027068
[6]0.044854
[7]0.155499
[ALL]0.300000
min_rc,wn,mult : 35 22 1
wp: 2940882, wn : 22, rp : 314974, rn : 6, gcp : 2940882 wu: 0.005334, ru: 0.005334, gcu : 0.032592
min_rc,wn,mult : 35 18 1
wp: 1532069, wn : 18, rp : 1871813, rn : 24, gcp : 1532069 wu: 0.008377, ru: 0.003590, gcu : 0.062562
min_rc,wn,mult : 35 2 17
wp: 346734, wn : 2, rp : 1225484, rn : 42, gcp : 5894478 wu: 0.004113, ru: 0.009596, gcu : 0.016261
min_rc,wn,mult : 35 3 11
wp: 330353, wn : 3, rp : 345951, rn : 12, gcp : 3633883 wu: 0.006475, ru: 0.009712, gcu : 0.026376
min_rc,wn,mult : 35 15 2
wp: 2667390, wn : 15, rp : 628501, rn : 36, gcp : 5334780 wu: 0.004010, ru: 0.016038, gcu : 0.017967
min_rc,wn,mult : 35 23 1
wp: 1009743, wn : 23, rp : 879269, rn : 34, gcp : 1009743 wu: 0.016241, ru: 0.010827, gcu : 0.094924
min_rc,wn,mult : 35 7 5
wp: 278178, wn : 7, rp : 10404, rn : 1, gcp : 1390890 wu: 0.017942, ru: 0.026913, gcu : 0.068912
min_rc,wn,mult : 35 18 1
wp: 206335, wn : 18, rp : 36012, rn : 12, gcp : 206335 wu: 0.062200, ru: 0.093300, gcu : 0.464531
WRsum : 0.300003, utilsum(noblock): 1.084128, utilsum(nogc): 0.336409 totutil : 1.420537
::UUNIFAST GEN::
[0]0.041486
[1]0.041207
[2]0.040873
[3]0.040456
[4]0.039894
[5]0.039012
[6]0.036936
[7]0.020135
[ALL]0.300000
min_rc,wn,mult : 35 10 3
wp: 190960, wn : 10, rp : 742415, rn : 11, gcp : 572880 wu: 0.037338, ru: 0.004149, gcu : 0.167311
min_rc,wn,mult : 35 11 3
wp: 271902, wn : 11, rp : 317098, rn : 14, gcp : 815706 wu: 0.028845, ru: 0.012362, gcu : 0.117504
min_rc,wn,mult : 35 3 11
wp: 58147, wn : 3, rp : 1438588, rn : 21, gcp : 639617 wu: 0.036786, ru: 0.004087, gcu : 0.149854
min_rc,wn,mult : 35 12 2
wp: 352477, wn : 12, rp : 761311, rn : 44, gcp : 704954 wu: 0.024274, ru: 0.016183, gcu : 0.135965
min_rc,wn,mult : 35 13 2
wp: 331911, wn : 13, rp : 889013, rn : 38, gcp : 663822 wu: 0.027926, ru: 0.011968, gcu : 0.144390
min_rc,wn,mult : 35 8 4
wp: 182765, wn : 8, rp : 1758440, rn : 49, gcp : 731060 wu: 0.031209, ru: 0.007802, gcu : 0.131110
min_rc,wn,mult : 35 14 2
wp: 300281, wn : 14, rp : 2577449, rn : 34, gcp : 600562 wu: 0.033242, ru: 0.003694, gcu : 0.159599
min_rc,wn,mult : 35 7 5
wp: 826257, wn : 7, rp : 377452, rn : 19, gcp : 4131285 wu: 0.006040, ru: 0.014094, gcu : 0.023201
WRsum : 0.300000, utilsum(noblock): 1.328933, utilsum(nogc): 0.060192 totutil : 1.389125
::UUNIFAST GEN::
[0]0.002757
[1]0.003184
[2]0.003776
[3]0.004652
[4]0.006087
[5]0.008888
[6]0.016937
[7]0.253719
[ALL]0.300000
min_rc,wn,mult : 35 9 3
wp: 3325311, wn : 9, rp : 5416953, rn : 16, gcp : 9975933 wu: 0.001930, ru: 0.000827, gcu : 0.009608
min_rc,wn,mult : 35 23 1
wp: 51500536, wn : 23, rp : 3712731, rn : 38, gcp : 51500536 wu: 0.000318, ru: 0.002866, gcu : 0.001861
min_rc,wn,mult : 35 24 1
wp: 45316696, wn : 24, rp : 3954706, rn : 48, gcp : 45316696 wu: 0.000378, ru: 0.003398, gcu : 0.002115
min_rc,wn,mult : 35 4 8
wp: 1226139, wn : 4, rp : 1564918, rn : 13, gcp : 9809112 wu: 0.002326, ru: 0.002326, gcu : 0.009771
min_rc,wn,mult : 35 28 1
wp: 8199572, wn : 28, rp : 2530022, rn : 33, gcp : 8199572 wu: 0.002435, ru: 0.003652, gcu : 0.011690
min_rc,wn,mult : 35 1 35
wp: 89133, wn : 1, rp : 8505845, rn : 27, gcp : 3119655 wu: 0.007999, ru: 0.000889, gcu : 0.030724
min_rc,wn,mult : 35 6 5
wp: 631449, wn : 6, rp : 440843, rn : 16, gcp : 3157245 wu: 0.006775, ru: 0.010162, gcu : 0.030358
min_rc,wn,mult : 35 13 2
wp: 182662, wn : 13, rp : 19312, rn : 14, gcp : 365324 wu: 0.050744, ru: 0.202975, gcu : 0.262367
WRsum : 0.300008, utilsum(noblock): 0.658503, utilsum(nogc): 0.181234 totutil : 0.839737
saving 9,3325311,16,5416953,9975933,0,10878
saving 23,51500536,38,3712731,51500536,10879,21757
saving 24,45316696,48,3954706,45316696,21758,32636
saving 4,1226139,13,1564918,9809112,32637,43515
saving 28,8199572,33,2530022,8199572,43516,54394
saving 1,89133,27,8505845,3119655,54395,65273
saving 6,631449,16,440843,3157245,65274,76152
saving 13,182662,14,19312,365324,76153,87031
