[ SCHEMES ] 0, 0, 0, 0
[EXEC-main] 0, 1
[EXEC-task] 8, 0.150000
[EXEC-skew] -1, -2.000000, -2.000000, 32765
[EXEC-OP  ] 0, 0.320000, 35
[NOB MAXPE] : 1000, 2000
[LAT MODE ] : 0 (0=STATE, 1=FIXED_S, 2=FIXED_E)
expected_invalid : 34720, expected_fp : 5217, maxvalid : 87039
::UUNIFAST GEN::
[0]0.015170
[1]0.015770
[2]0.016509
[3]0.017455
[4]0.018742
[5]0.020666
[6]0.024027
[7]0.021661
[ALL]0.150000
min_rc,wn,mult : 35 16 2
wp: 1074322, wn : 16, rp : 1661206, rn : 27, gcp : 2148644 wu: 0.010619, ru: 0.004551, gcu : 0.044609
min_rc,wn,mult : 35 23 1
wp: 1733127, wn : 23, rp : 1331630, rn : 30, gcp : 1733127 wu: 0.009462, ru: 0.006308, gcu : 0.055304
min_rc,wn,mult : 35 27 1
wp: 1457627, wn : 27, rp : 3052907, rn : 36, gcp : 1457627 wu: 0.013207, ru: 0.003302, gcu : 0.065757
min_rc,wn,mult : 35 16 2
wp: 1633895, wn : 16, rp : 1096138, rn : 41, gcp : 3267790 wu: 0.006982, ru: 0.010473, gcu : 0.029331
min_rc,wn,mult : 35 17 2
wp: 718586, wn : 17, rp : 1344571, rn : 9, gcp : 1437172 wu: 0.016868, ru: 0.001874, gcu : 0.066693
min_rc,wn,mult : 35 24 1
wp: 1656067, wn : 24, rp : 379370, rn : 14, gcp : 1656067 wu: 0.010333, ru: 0.010333, gcu : 0.057877
min_rc,wn,mult : 35 9 3
wp: 296746, wn : 9, rp : 1514946, rn : 13, gcp : 890238 wu: 0.021625, ru: 0.002403, gcu : 0.107667
min_rc,wn,mult : 35 22 1
wp: 1810398, wn : 22, rp : 64632, rn : 3, gcp : 1810398 wu: 0.008664, ru: 0.012997, gcu : 0.052944
WRsum : 0.150000, utilsum(noblock): 0.630182, utilsum(nogc): 0.054153 totutil : 0.684335
saving 16,1074322,27,1661206,2148644,0,10878
saving 23,1733127,30,1331630,1733127,10879,21757
saving 27,1457627,36,3052907,1457627,21758,32636
saving 16,1633895,41,1096138,3267790,32637,43515
saving 17,718586,9,1344571,1437172,43516,54394
saving 24,1656067,14,379370,1656067,54395,65273
saving 9,296746,13,1514946,890238,65274,76152
saving 22,1810398,3,64632,1810398,76153,87031
