[ SCHEMES ] 0, 0, 0, 0
[EXEC-main] 0, 1
[EXEC-task] 8, 0.150000
[EXEC-skew] -1, -2.000000, -2.000000, 32765
[EXEC-OP  ] 0, 0.320000, 35
[NOB MAXPE] : 1000, 2000
[LAT MODE ] : 0 (0=STATE, 1=FIXED_S, 2=FIXED_E)
expected_invalid : 34720, expected_fp : 5217, maxvalid : 87039
::UUNIFAST GEN::
[0]0.015129
[1]0.015733
[2]0.016476
[3]0.017429
[4]0.018725
[5]0.020665
[6]0.024062
[7]0.021780
[ALL]0.150000
min_rc,wn,mult : 35 30 1
wp: 2356416, wn : 30, rp : 2035837, rn : 44, gcp : 2356416 wu: 0.009077, ru: 0.006052, gcu : 0.040676
min_rc,wn,mult : 35 1 35
wp: 151063, wn : 1, rp : 432215, rn : 17, gcp : 5287205 wu: 0.004720, ru: 0.011013, gcu : 0.018128
min_rc,wn,mult : 35 17 2
wp: 7356668, wn : 17, rp : 849710, rn : 45, gcp : 14713336 wu: 0.001648, ru: 0.014829, gcu : 0.006514
min_rc,wn,mult : 35 13 2
wp: 590907, wn : 13, rp : 5462176, rn : 34, gcp : 1181814 wu: 0.015686, ru: 0.001743, gcu : 0.081103
min_rc,wn,mult : 35 2 17
wp: 126922, wn : 2, rp : 1869131, rn : 50, gcp : 2157674 wu: 0.011235, ru: 0.007490, gcu : 0.044422
min_rc,wn,mult : 35 1 35
wp: 86256, wn : 1, rp : 677467, rn : 30, gcp : 3018960 wu: 0.008266, ru: 0.012399, gcu : 0.031749
min_rc,wn,mult : 35 9 3
wp: 296313, wn : 9, rp : 3490929, rn : 30, gcp : 888939 wu: 0.021656, ru: 0.002406, gcu : 0.107824
min_rc,wn,mult : 35 1 35
wp: 36373, wn : 1, rp : 1157012, rn : 9, gcp : 1273055 wu: 0.019602, ru: 0.002178, gcu : 0.075291
WRsum : 0.150000, utilsum(noblock): 0.555708, utilsum(nogc): 0.096225 totutil : 0.651934
saving 30,2356416,44,2035837,2356416,0,10878
saving 1,151063,17,432215,5287205,10879,21757
saving 17,7356668,45,849710,14713336,21758,32636
saving 13,590907,34,5462176,1181814,32637,43515
saving 2,126922,50,1869131,2157674,43516,54394
saving 1,86256,30,677467,3018960,54395,65273
saving 9,296313,30,3490929,888939,65274,76152
saving 1,36373,9,1157012,1273055,76153,87031
