[ SCHEMES ] 0, 0, 0, 0
[EXEC-main] 0, 1
[EXEC-task] 8, 0.250000
[EXEC-skew] -1, -2.000000, -2.000000, 32765
[EXEC-OP  ] 0, 0.320000, 35
[NOB MAXPE] : 1000, 2000
[LAT MODE ] : 0 (0=STATE, 1=FIXED_S, 2=FIXED_E)
expected_invalid : 34720, expected_fp : 5217, maxvalid : 87039
::UUNIFAST GEN::
[0]0.017525
[1]0.018899
[2]0.020662
[3]0.023040
[4]0.026497
[5]0.032202
[6]0.044331
[7]0.066844
[ALL]0.250000
min_rc,wn,mult : 35 22 1
wp: 8950754, wn : 22, rp : 443816, rn : 25, gcp : 8950754 wu: 0.001752, ru: 0.015772, gcu : 0.010708
min_rc,wn,mult : 35 23 1
wp: 1084643, wn : 23, rp : 2666799, rn : 36, gcp : 1084643 wu: 0.015119, ru: 0.003780, gcu : 0.088369
min_rc,wn,mult : 35 24 1
wp: 8281867, wn : 24, rp : 135514, rn : 9, gcp : 8281867 wu: 0.002066, ru: 0.018596, gcu : 0.011573
min_rc,wn,mult : 35 18 1
wp: 1856800, wn : 18, rp : 677094, rn : 39, gcp : 1856800 wu: 0.006912, ru: 0.016128, gcu : 0.051621
min_rc,wn,mult : 35 3 11
wp: 807254, wn : 3, rp : 504875, rn : 43, gcp : 8879794 wu: 0.002650, ru: 0.023847, gcu : 0.010794
min_rc,wn,mult : 35 24 1
wp: 885661, wn : 24, rp : 1043416, rn : 48, gcp : 885661 wu: 0.019321, ru: 0.012881, gcu : 0.108223
min_rc,wn,mult : 35 1 35
wp: 26805, wn : 1, rp : 710564, rn : 45, gcp : 938175 wu: 0.026599, ru: 0.017732, gcu : 0.102165
min_rc,wn,mult : 35 3 11
wp: 35555, wn : 3, rp : 125664, rn : 3, gcp : 391105 wu: 0.060160, ru: 0.006684, gcu : 0.245072
WRsum : 0.250001, utilsum(noblock): 0.878528, utilsum(nogc): 0.130573 totutil : 1.009100
::UUNIFAST GEN::
[0]0.028593
[1]0.029252
[2]0.030047
[3]0.031041
[4]0.032345
[5]0.034187
[6]0.036957
[7]0.027577
[ALL]0.250000
min_rc,wn,mult : 35 25 1
wp: 6234020, wn : 25, rp : 489628, rn : 45, gcp : 6234020 wu: 0.002859, ru: 0.025734, gcu : 0.015375
min_rc,wn,mult : 35 2 17
wp: 487483, wn : 2, rp : 138260, rn : 13, gcp : 8287211 wu: 0.002925, ru: 0.026327, gcu : 0.011566
min_rc,wn,mult : 35 24 1
wp: 5695006, wn : 24, rp : 383098, rn : 37, gcp : 5695006 wu: 0.003005, ru: 0.027043, gcu : 0.016830
min_rc,wn,mult : 35 16 2
wp: 408353, wn : 16, rp : 2164901, rn : 24, gcp : 816706 wu: 0.027937, ru: 0.003104, gcu : 0.117360
min_rc,wn,mult : 35 9 3
wp: 283416, wn : 9, rp : 923373, rn : 32, gcp : 850248 wu: 0.022642, ru: 0.009704, gcu : 0.112731
min_rc,wn,mult : 35 18 1
wp: 469255, wn : 18, rp : 859972, rn : 21, gcp : 469255 wu: 0.027350, ru: 0.006837, gcu : 0.204258
min_rc,wn,mult : 35 13 2
wp: 313504, wn : 13, rp : 568225, rn : 15, gcp : 627008 wu: 0.029566, ru: 0.007391, gcu : 0.152867
min_rc,wn,mult : 35 28 1
wp: 2413116, wn : 28, rp : 217572, rn : 15, gcp : 2413116 wu: 0.008273, ru: 0.019304, gcu : 0.039720
WRsum : 0.250000, utilsum(noblock): 0.920708, utilsum(nogc): 0.025315 totutil : 0.946023
saving 25,6234020,45,489628,6234020,0,10878
saving 2,487483,13,138260,8287211,10879,21757
saving 24,5695006,37,383098,5695006,21758,32636
saving 16,408353,24,2164901,816706,32637,43515
saving 9,283416,32,923373,850248,43516,54394
saving 18,469255,21,859972,469255,54395,65273
saving 13,313504,15,568225,627008,65274,76152
saving 28,2413116,15,217572,2413116,76153,87031
