[ SCHEMES ] 0, 0, 0, 0
[EXEC-main] 0, 1
[EXEC-task] 8, 0.150000
[EXEC-skew] -1, -2.000000, -2.000000, 32767
[EXEC-OP  ] 0, 0.320000, 35
[NOB MAXPE] : 1000, 2000
[LAT MODE ] : 0 (0=STATE, 1=FIXED_S, 2=FIXED_E)
expected_invalid : 34720, expected_fp : 5217, maxvalid : 87039
::UUNIFAST GEN::
[0]0.015286
[1]0.015876
[2]0.016601
[3]0.017529
[4]0.018789
[5]0.020667
[6]0.023927
[7]0.021326
[ALL]0.150000
min_rc,wn,mult : 35 15 2
wp: 2332270, wn : 15, rp : 785056, rn : 30, gcp : 4664540 wu: 0.004586, ru: 0.010700, gcu : 0.020548
min_rc,wn,mult : 35 17 2
wp: 1908720, wn : 17, rp : 1322766, rn : 45, gcp : 3817440 wu: 0.006350, ru: 0.009525, gcu : 0.025108
min_rc,wn,mult : 35 13 2
wp: 1395830, wn : 13, rp : 1349297, rn : 48, gcp : 2791660 wu: 0.006640, ru: 0.009961, gcu : 0.034334
min_rc,wn,mult : 35 21 1
wp: 8541703, wn : 21, rp : 230724, rn : 13, gcp : 8541703 wu: 0.001753, ru: 0.015776, gcu : 0.011221
min_rc,wn,mult : 35 23 1
wp: 1454669, wn : 23, rp : 37256, rn : 1, gcp : 1454669 wu: 0.011273, ru: 0.007516, gcu : 0.065891
min_rc,wn,mult : 35 17 2
wp: 651664, wn : 17, rp : 1761284, rn : 13, gcp : 1303328 wu: 0.018600, ru: 0.002067, gcu : 0.073542
min_rc,wn,mult : 35 16 2
wp: 1191969, wn : 16, rp : 175535, rn : 9, gcp : 2383938 wu: 0.009571, ru: 0.014356, gcu : 0.040206
min_rc,wn,mult : 35 22 1
wp: 817271, wn : 22, rp : 6039660, rn : 46, gcp : 817271 wu: 0.019193, ru: 0.002133, gcu : 0.117279
WRsum : 0.150000, utilsum(noblock): 0.538130, utilsum(nogc): 0.093945 totutil : 0.632075
saving 15,2332270,30,785056,4664540,0,10878
saving 17,1908720,45,1322766,3817440,10879,21757
saving 13,1395830,48,1349297,2791660,21758,32636
saving 21,8541703,13,230724,8541703,32637,43515
saving 23,1454669,1,37256,1454669,43516,54394
saving 17,651664,13,1761284,1303328,54395,65273
saving 16,1191969,9,175535,2383938,65274,76152
saving 22,817271,46,6039660,817271,76153,87031
