[ SCHEMES ] 0, 0, 0, 0
[EXEC-main] 0, 1
[EXEC-task] 8, 0.100000
[EXEC-skew] -1, -2.000000, -2.000000, 32767
[EXEC-OP  ] 0, 0.320000, 35
[NOB MAXPE] : 1000, 2000
[LAT MODE ] : 0 (0=STATE, 1=FIXED_S, 2=FIXED_E)
expected_invalid : 34720, expected_fp : 5217, maxvalid : 87039
::UUNIFAST GEN::
[0]0.003617
[1]0.004055
[2]0.004641
[3]0.005475
[4]0.006771
[5]0.009126
[6]0.015074
[7]0.051242
[ALL]0.100000
min_rc,wn,mult : 35 27 1
wp: 13306717, wn : 27, rp : 4903068, rn : 38, gcp : 13306717 wu: 0.001447, ru: 0.002170, gcu : 0.007203
min_rc,wn,mult : 35 23 1
wp: 6740931, wn : 23, rp : 8632206, rn : 50, gcp : 6740931 wu: 0.002433, ru: 0.001622, gcu : 0.014219
min_rc,wn,mult : 35 18 1
wp: 3950510, wn : 18, rp : 8848685, rn : 44, gcp : 3950510 wu: 0.003249, ru: 0.001392, gcu : 0.024262
min_rc,wn,mult : 35 28 1
wp: 12155597, wn : 28, rp : 1022911, rn : 14, gcp : 12155597 wu: 0.001642, ru: 0.003832, gcu : 0.007885
min_rc,wn,mult : 35 7 5
wp: 1474124, wn : 7, rp : 1571296, rn : 19, gcp : 7370620 wu: 0.003386, ru: 0.003386, gcu : 0.013004
min_rc,wn,mult : 35 22 1
wp: 1909811, wn : 22, rp : 12579478, rn : 41, gcp : 1909811 wu: 0.008213, ru: 0.000913, gcu : 0.050188
min_rc,wn,mult : 35 17 2
wp: 8041182, wn : 17, rp : 990690, rn : 48, gcp : 16082364 wu: 0.001507, ru: 0.013566, gcu : 0.005960
min_rc,wn,mult : 35 25 1
wp: 1159531, wn : 25, rp : 343468, rn : 44, gcp : 1159531 wu: 0.015373, ru: 0.035869, gcu : 0.082662
WRsum : 0.100000, utilsum(noblock): 0.305383, utilsum(nogc): 0.010190 totutil : 0.315574
saving 27,13306717,38,4903068,13306717,0,10878
saving 23,6740931,50,8632206,6740931,10879,21757
saving 18,3950510,44,8848685,3950510,21758,32636
saving 28,12155597,14,1022911,12155597,32637,43515
saving 7,1474124,19,1571296,7370620,43516,54394
saving 22,1909811,41,12579478,1909811,54395,65273
saving 17,8041182,48,990690,16082364,65274,76152
saving 25,1159531,44,343468,1159531,76153,87031
