[ SCHEMES ] 0, 0, 0, 0
[EXEC-main] 0, 1
[EXEC-task] 8, 0.150000
[EXEC-skew] -1, -2.000000, -2.000000, 32765
[EXEC-OP  ] 0, 0.320000, 35
[NOB MAXPE] : 1000, 2000
[LAT MODE ] : 0 (0=STATE, 1=FIXED_S, 2=FIXED_E)
expected_invalid : 34720, expected_fp : 5217, maxvalid : 87039
::UUNIFAST GEN::
[0]0.004860
[1]0.005472
[2]0.006295
[3]0.007471
[4]0.009314
[5]0.012695
[6]0.021394
[7]0.082499
[ALL]0.150000
min_rc,wn,mult : 35 15 2
wp: 3667349, wn : 15, rp : 7056947, rn : 49, gcp : 7334698 wu: 0.002916, ru: 0.001944, gcu : 0.013068
min_rc,wn,mult : 35 7 5
wp: 1520207, wn : 7, rp : 4605397, rn : 36, gcp : 7601035 wu: 0.003283, ru: 0.002189, gcu : 0.012610
min_rc,wn,mult : 35 1 35
wp: 283179, wn : 1, rp : 2520681, rn : 34, gcp : 9911265 wu: 0.002518, ru: 0.003777, gcu : 0.009671
min_rc,wn,mult : 35 26 1
wp: 24813880, wn : 26, rp : 291504, rn : 7, gcp : 24813880 wu: 0.000747, ru: 0.006724, gcu : 0.003863
min_rc,wn,mult : 35 11 3
wp: 4210227, wn : 11, rp : 713961, rn : 19, gcp : 12630681 wu: 0.001863, ru: 0.007451, gcu : 0.007589
min_rc,wn,mult : 35 6 5
wp: 842429, wn : 6, rp : 1690898, rn : 46, gcp : 4212145 wu: 0.005078, ru: 0.007617, gcu : 0.022755
min_rc,wn,mult : 35 29 1
wp: 4832404, wn : 29, rp : 588947, rn : 36, gcp : 4832404 wu: 0.004279, ru: 0.017115, gcu : 0.019835
min_rc,wn,mult : 35 10 3
wp: 432128, wn : 10, rp : 38182, rn : 9, gcp : 1296384 wu: 0.016500, ru: 0.065999, gcu : 0.073936
WRsum : 0.150001, utilsum(noblock): 0.313327, utilsum(nogc): 0.091666 totutil : 0.404993
saving 15,3667349,49,7056947,7334698,0,10878
saving 7,1520207,36,4605397,7601035,10879,21757
saving 1,283179,34,2520681,9911265,21758,32636
saving 26,24813880,7,291504,24813880,32637,43515
saving 11,4210227,19,713961,12630681,43516,54394
saving 6,842429,46,1690898,4212145,54395,65273
saving 29,4832404,36,588947,4832404,65274,76152
saving 10,432128,9,38182,1296384,76153,87031
