[ SCHEMES ] 0, 0, 0, 0
[EXEC-main] 0, 1
[EXEC-task] 8, 0.300000
[EXEC-skew] -1, -2.000000, -2.000000, 32767
[EXEC-OP  ] 0, 0.320000, 35
[NOB MAXPE] : 1000, 2000
[LAT MODE ] : 0 (0=STATE, 1=FIXED_S, 2=FIXED_E)
expected_invalid : 34720, expected_fp : 5217, maxvalid : 87039
::UUNIFAST GEN::
[0]0.014395
[1]0.015924
[2]0.017941
[3]0.020758
[4]0.025039
[5]0.032562
[6]0.050493
[7]0.122887
[ALL]0.300000
min_rc,wn,mult : 35 4 8
wp: 495294, wn : 4, rp : 1037362, rn : 32, gcp : 3962352 wu: 0.005758, ru: 0.008637, gcu : 0.024190
min_rc,wn,mult : 35 11 3
wp: 703608, wn : 11, rp : 2110019, rn : 36, gcp : 2110824 wu: 0.011147, ru: 0.004777, gcu : 0.045408
min_rc,wn,mult : 35 10 3
wp: 662346, wn : 10, rp : 1677695, rn : 43, gcp : 1987038 wu: 0.010765, ru: 0.007177, gcu : 0.048237
min_rc,wn,mult : 35 24 1
wp: 1373959, wn : 24, rp : 775622, rn : 23, gcp : 1373959 wu: 0.012455, ru: 0.008303, gcu : 0.069761
min_rc,wn,mult : 35 28 1
wp: 1993293, wn : 28, rp : 913243, rn : 49, gcp : 1993293 wu: 0.010016, ru: 0.015023, gcu : 0.048086
min_rc,wn,mult : 35 28 1
wp: 875856, wn : 28, rp : 659247, rn : 23, gcp : 875856 wu: 0.022794, ru: 0.009769, gcu : 0.109435
min_rc,wn,mult : 35 10 3
wp: 282414, wn : 10, rp : 465805, rn : 42, gcp : 847242 wu: 0.025247, ru: 0.025247, gcu : 0.113131
min_rc,wn,mult : 35 17 2
wp: 493175, wn : 17, rp : 119621, rn : 42, gcp : 986350 wu: 0.024577, ru: 0.098310, gcu : 0.097175
WRsum : 0.300001, utilsum(noblock): 0.855424, utilsum(nogc): 0.029259 totutil : 0.884683
saving 4,495294,32,1037362,3962352,0,10878
saving 11,703608,36,2110019,2110824,10879,21757
saving 10,662346,43,1677695,1987038,21758,32636
saving 24,1373959,23,775622,1373959,32637,43515
saving 28,1993293,49,913243,1993293,43516,54394
saving 28,875856,23,659247,875856,54395,65273
saving 10,282414,42,465805,847242,65274,76152
saving 17,493175,42,119621,986350,76153,87031
