[ SCHEMES ] 0, 0, 0, 0
[EXEC-main] 0, 1
[EXEC-task] 8, 0.200000
[EXEC-skew] -1, -2.000000, -2.000000, 32764
[EXEC-OP  ] 0, 0.320000, 35
[NOB MAXPE] : 1000, 2000
[LAT MODE ] : 0 (0=STATE, 1=FIXED_S, 2=FIXED_E)
expected_invalid : 34720, expected_fp : 5217, maxvalid : 87039
::UUNIFAST GEN::
[0]0.032599
[1]0.031380
[2]0.029992
[3]0.028369
[4]0.026386
[5]0.023767
[6]0.019590
[7]0.007916
[ALL]0.200000
min_rc,wn,mult : 35 13 2
wp: 947770, wn : 13, rp : 171782, rn : 14, gcp : 1895540 wu: 0.009780, ru: 0.022820, gcu : 0.050566
min_rc,wn,mult : 35 30 1
wp: 2272163, wn : 30, rp : 127470, rn : 10, gcp : 2272163 wu: 0.009414, ru: 0.021966, gcu : 0.042184
min_rc,wn,mult : 35 6 5
wp: 158486, wn : 6, rp : 2520661, rn : 27, gcp : 792430 wu: 0.026993, ru: 0.002999, gcu : 0.120956
min_rc,wn,mult : 35 12 2
wp: 3015972, wn : 12, rp : 471563, rn : 43, gcp : 6031944 wu: 0.002837, ru: 0.025532, gcu : 0.015890
min_rc,wn,mult : 35 27 1
wp: 911979, wn : 27, rp : 2281488, rn : 43, gcp : 911979 wu: 0.021109, ru: 0.005277, gcu : 0.105100
min_rc,wn,mult : 35 17 2
wp: 1274991, wn : 17, rp : 569421, rn : 29, gcp : 2549982 wu: 0.009507, ru: 0.014260, gcu : 0.037588
min_rc,wn,mult : 35 28 1
wp: 1132308, wn : 28, rp : 2858561, rn : 20, gcp : 1132308 wu: 0.017631, ru: 0.001959, gcu : 0.084649
min_rc,wn,mult : 35 3 11
wp: 337747, wn : 3, rp : 4421190, rn : 25, gcp : 3715217 wu: 0.006333, ru: 0.001583, gcu : 0.025799
WRsum : 0.200000, utilsum(noblock): 0.682732, utilsum(nogc): 0.027457 totutil : 0.710190
saving 13,947770,14,171782,1895540,0,10878
saving 30,2272163,10,127470,2272163,10879,21757
saving 6,158486,27,2520661,792430,21758,32636
saving 12,3015972,43,471563,6031944,32637,43515
saving 27,911979,43,2281488,911979,43516,54394
saving 17,1274991,29,569421,2549982,54395,65273
saving 28,1132308,20,2858561,1132308,65274,76152
saving 3,337747,25,4421190,3715217,76153,87031
