[ SCHEMES ] 0, 0, 0, 0
[EXEC-main] 0, 1
[EXEC-task] 8, 0.200000
[EXEC-skew] -1, -2.000000, -2.000000, 32767
[EXEC-OP  ] 0, 0.320000, 35
[NOB MAXPE] : 1000, 2000
[LAT MODE ] : 0 (0=STATE, 1=FIXED_S, 2=FIXED_E)
expected_invalid : 34720, expected_fp : 5217, maxvalid : 87039
::UUNIFAST GEN::
[0]0.031994
[1]0.030917
[2]0.029686
[3]0.028238
[4]0.026456
[5]0.024073
[6]0.020184
[7]0.008453
[ALL]0.200000
min_rc,wn,mult : 35 14 2
wp: 445711, wn : 14, rp : 466757, rn : 16, gcp : 891422 wu: 0.022396, ru: 0.009598, gcu : 0.107524
min_rc,wn,mult : 35 22 1
wp: 2536793, wn : 22, rp : 101885, rn : 9, gcp : 2536793 wu: 0.006183, ru: 0.024734, gcu : 0.037784
min_rc,wn,mult : 35 23 1
wp: 1381033, wn : 23, rp : 754561, rn : 48, gcp : 1381033 wu: 0.011874, ru: 0.017812, gcu : 0.069404
min_rc,wn,mult : 35 19 1
wp: 4797435, wn : 19, rp : 484768, rn : 44, gcp : 4797435 wu: 0.002824, ru: 0.025414, gcu : 0.019979
min_rc,wn,mult : 35 9 3
wp: 2425581, wn : 9, rp : 564469, rn : 48, gcp : 7276743 wu: 0.002646, ru: 0.023810, gcu : 0.013172
min_rc,wn,mult : 35 19 1
wp: 1875832, wn : 19, rp : 265859, rn : 16, gcp : 1875832 wu: 0.007222, ru: 0.016851, gcu : 0.051097
min_rc,wn,mult : 35 27 1
wp: 1059742, wn : 27, rp : 6242525, rn : 45, gcp : 1059742 wu: 0.018166, ru: 0.002018, gcu : 0.090446
min_rc,wn,mult : 35 23 1
wp: 19401048, wn : 23, rp : 1840319, rn : 50, gcp : 19401048 wu: 0.000845, ru: 0.007607, gcu : 0.004940
WRsum : 0.200000, utilsum(noblock): 0.594345, utilsum(nogc): 0.034352 totutil : 0.628698
saving 14,445711,16,466757,891422,0,10878
saving 22,2536793,9,101885,2536793,10879,21757
saving 23,1381033,48,754561,1381033,21758,32636
saving 19,4797435,44,484768,4797435,32637,43515
saving 9,2425581,48,564469,7276743,43516,54394
saving 19,1875832,16,265859,1875832,54395,65273
saving 27,1059742,45,6242525,1059742,65274,76152
saving 23,19401048,50,1840319,19401048,76153,87031
