[ SCHEMES ] 0, 0, 0, 0
[EXEC-main] 0, 1
[EXEC-task] 8, 0.100000
[EXEC-skew] -1, -2.000000, -2.000000, 32767
[EXEC-OP  ] 0, 0.320000, 35
[NOB MAXPE] : 1000, 2000
[LAT MODE ] : 0 (0=STATE, 1=FIXED_S, 2=FIXED_E)
expected_invalid : 34720, expected_fp : 5217, maxvalid : 87039
::UUNIFAST GEN::
[0]0.003883
[1]0.004340
[2]0.004950
[3]0.005814
[4]0.007151
[5]0.009560
[6]0.015568
[7]0.048734
[ALL]0.100000
min_rc,wn,mult : 35 26 1
wp: 6820413, wn : 26, rp : 1201856, rn : 5, gcp : 6820413 wu: 0.002718, ru: 0.001165, gcu : 0.014053
min_rc,wn,mult : 35 7 5
wp: 3833431, wn : 7, rp : 184336, rn : 2, gcp : 19167155 wu: 0.001302, ru: 0.003038, gcu : 0.005001
min_rc,wn,mult : 35 22 1
wp: 10562980, wn : 22, rp : 4040410, rn : 50, gcp : 10562980 wu: 0.001485, ru: 0.003465, gcu : 0.009074
min_rc,wn,mult : 35 15 2
wp: 3066003, wn : 15, rp : 4093737, rn : 34, gcp : 6132006 wu: 0.003488, ru: 0.002326, gcu : 0.015631
min_rc,wn,mult : 35 8 4
wp: 886316, wn : 8, rp : 9006119, rn : 23, gcp : 3545264 wu: 0.006436, ru: 0.000715, gcu : 0.027036
min_rc,wn,mult : 35 12 2
wp: 1491597, wn : 12, rp : 2928802, rn : 40, gcp : 2983194 wu: 0.005736, ru: 0.003824, gcu : 0.032130
min_rc,wn,mult : 35 21 1
wp: 1373936, wn : 21, rp : 1139059, rn : 19, gcp : 1373936 wu: 0.010898, ru: 0.004671, gcu : 0.069762
min_rc,wn,mult : 35 20 1
wp: 975359, wn : 20, rp : 180571, rn : 22, gcp : 975359 wu: 0.014620, ru: 0.034114, gcu : 0.098270
WRsum : 0.100000, utilsum(noblock): 0.370957, utilsum(nogc): 0.019383 totutil : 0.390340
saving 26,6820413,5,1201856,6820413,0,10878
saving 7,3833431,2,184336,19167155,10879,21757
saving 22,10562980,50,4040410,10562980,21758,32636
saving 15,3066003,34,4093737,6132006,32637,43515
saving 8,886316,23,9006119,3545264,43516,54394
saving 12,1491597,40,2928802,2983194,54395,65273
saving 21,1373936,19,1139059,1373936,65274,76152
saving 20,975359,22,180571,975359,76153,87031
