[ SCHEMES ] 0, 0, 0, 0
[EXEC-main] 0, 1
[EXEC-task] 8, 0.250000
[EXEC-skew] -1, -2.000000, -2.000000, 32764
[EXEC-OP  ] 0, 0.320000, 35
[NOB MAXPE] : 1000, 2000
[LAT MODE ] : 0 (0=STATE, 1=FIXED_S, 2=FIXED_E)
expected_invalid : 34720, expected_fp : 5217, maxvalid : 87039
::UUNIFAST GEN::
[0]0.074701
[1]0.059441
[2]0.045372
[3]0.032613
[4]0.021329
[5]0.011767
[6]0.004378
[7]0.000398
[ALL]0.250000
min_rc,wn,mult : 35 10 3
wp: 159078, wn : 10, rp : 103077, rn : 11, gcp : 477234 wu: 0.044821, ru: 0.029881, gcu : 0.200843
min_rc,wn,mult : 35 8 4
wp: 106622, wn : 8, rp : 235526, rn : 5, gcp : 426488 wu: 0.053497, ru: 0.005944, gcu : 0.224740
min_rc,wn,mult : 35 26 1
wp: 1021440, wn : 26, rp : 123423, rn : 12, gcp : 1021440 wu: 0.018149, ru: 0.027223, gcu : 0.093837
min_rc,wn,mult : 35 2 17
wp: 72873, wn : 2, rp : 558052, rn : 26, gcp : 1238841 wu: 0.019568, ru: 0.013045, gcu : 0.077370
min_rc,wn,mult : 35 20 1
wp: 6685699, wn : 20, rp : 350069, rn : 24, gcp : 6685699 wu: 0.002133, ru: 0.019196, gcu : 0.014336
min_rc,wn,mult : 35 25 1
wp: 5049453, wn : 25, rp : 611883, rn : 18, gcp : 5049453 wu: 0.003530, ru: 0.008237, gcu : 0.018982
min_rc,wn,mult : 35 20 1
wp: 3619328, wn : 20, rp : 5756408, rn : 9, gcp : 3619328 wu: 0.003940, ru: 0.000438, gcu : 0.026483
min_rc,wn,mult : 35 18 1
wp: 161219760, wn : 18, rp : 39570068, rn : 45, gcp : 161219760 wu: 0.000080, ru: 0.000318, gcu : 0.000595
WRsum : 0.250001, utilsum(noblock): 0.907186, utilsum(nogc): 0.048029 totutil : 0.955215
saving 10,159078,11,103077,477234,0,10878
saving 8,106622,5,235526,426488,10879,21757
saving 26,1021440,12,123423,1021440,21758,32636
saving 2,72873,26,558052,1238841,32637,43515
saving 20,6685699,24,350069,6685699,43516,54394
saving 25,5049453,18,611883,5049453,54395,65273
saving 20,3619328,9,5756408,3619328,65274,76152
saving 18,161219760,45,39570068,161219760,76153,87031
