[ SCHEMES ] 0, 0, 0, 0
[EXEC-main] 0, 1
[EXEC-task] 8, 0.200000
[EXEC-skew] -1, -2.000000, -2.000000, 32764
[EXEC-OP  ] 0, 0.320000, 35
[NOB MAXPE] : 1000, 2000
[LAT MODE ] : 0 (0=STATE, 1=FIXED_S, 2=FIXED_E)
expected_invalid : 34720, expected_fp : 5217, maxvalid : 87039
::UUNIFAST GEN::
[0]0.024952
[1]0.025204
[2]0.025502
[3]0.025864
[4]0.026317
[5]0.026898
[6]0.027454
[7]0.017809
[ALL]0.200000
min_rc,wn,mult : 35 24 1
wp: 1371587, wn : 24, rp : 291759, rn : 13, gcp : 1371587 wu: 0.012476, ru: 0.012476, gcu : 0.069882
min_rc,wn,mult : 35 28 1
wp: 1320146, wn : 28, rp : 1277561, rn : 46, gcp : 1320146 wu: 0.015123, ru: 0.010082, gcu : 0.072605
min_rc,wn,mult : 35 28 1
wp: 1304725, wn : 28, rp : 1043048, rn : 38, gcp : 1304725 wu: 0.015301, ru: 0.010201, gcu : 0.073463
min_rc,wn,mult : 35 11 3
wp: 433204, wn : 11, rp : 1768242, rn : 49, gcp : 1299612 wu: 0.018105, ru: 0.007759, gcu : 0.073752
min_rc,wn,mult : 35 3 11
wp: 90309, wn : 3, rp : 3404640, rn : 32, gcp : 993399 wu: 0.023685, ru: 0.002632, gcu : 0.096486
min_rc,wn,mult : 35 6 5
wp: 1590480, wn : 6, rp : 92532, rn : 8, gcp : 7952400 wu: 0.002690, ru: 0.024208, gcu : 0.012053
min_rc,wn,mult : 35 6 5
wp: 259703, wn : 6, rp : 229471, rn : 9, gcp : 1298515 wu: 0.016473, ru: 0.010982, gcu : 0.073814
min_rc,wn,mult : 35 16 2
wp: 915120, wn : 16, rp : 1362626, rn : 26, gcp : 1830240 wu: 0.012466, ru: 0.005343, gcu : 0.052370
WRsum : 0.200000, utilsum(noblock): 0.724425, utilsum(nogc): 0.038756 totutil : 0.763180
saving 24,1371587,13,291759,1371587,0,10878
saving 28,1320146,46,1277561,1320146,10879,21757
saving 28,1304725,38,1043048,1304725,21758,32636
saving 11,433204,49,1768242,1299612,32637,43515
saving 3,90309,32,3404640,993399,43516,54394
saving 6,1590480,8,92532,7952400,54395,65273
saving 6,259703,9,229471,1298515,65274,76152
saving 16,915120,26,1362626,1830240,76153,87031
