[ SCHEMES ] 0, 0, 0, 0
[EXEC-main] 0, 1
[EXEC-task] 8, 0.100000
[EXEC-skew] -1, -2.000000, -2.000000, 32765
[EXEC-OP  ] 0, 0.320000, 35
[NOB MAXPE] : 1000, 2000
[LAT MODE ] : 0 (0=STATE, 1=FIXED_S, 2=FIXED_E)
expected_invalid : 34720, expected_fp : 5217, maxvalid : 87039
::UUNIFAST GEN::
[0]0.003419
[1]0.003841
[2]0.004408
[3]0.005217
[4]0.006479
[5]0.008784
[6]0.014664
[7]0.053189
[ALL]0.100000
min_rc,wn,mult : 35 7 5
wp: 1622177, wn : 7, rp : 39314488, rn : 48, gcp : 8110885 wu: 0.003077, ru: 0.000342, gcu : 0.011817
min_rc,wn,mult : 35 4 8
wp: 3712645, wn : 4, rp : 911238, rn : 10, gcp : 29701160 wu: 0.000768, ru: 0.003073, gcu : 0.003227
min_rc,wn,mult : 35 11 3
wp: 5930853, wn : 11, rp : 907436, rn : 10, gcp : 17792559 wu: 0.001322, ru: 0.003086, gcu : 0.005387
min_rc,wn,mult : 35 30 1
wp: 10250983, wn : 30, rp : 4025631, rn : 45, gcp : 10250983 wu: 0.002087, ru: 0.003130, gcu : 0.009350
min_rc,wn,mult : 35 10 3
wp: 2200826, wn : 10, rp : 2852122, rn : 33, gcp : 6602478 wu: 0.003240, ru: 0.003240, gcu : 0.014517
min_rc,wn,mult : 35 30 1
wp: 4058316, wn : 30, rp : 159372, rn : 2, gcp : 4058316 wu: 0.005271, ru: 0.003514, gcu : 0.023618
min_rc,wn,mult : 35 23 1
wp: 1397940, wn : 23, rp : 95474, rn : 1, gcp : 1397940 wu: 0.011731, ru: 0.002933, gcu : 0.068564
min_rc,wn,mult : 35 15 2
wp: 335128, wn : 15, rp : 618554, rn : 47, gcp : 670256 wu: 0.031913, ru: 0.021275, gcu : 0.143004
WRsum : 0.100000, utilsum(noblock): 0.379485, utilsum(nogc): 0.036659 totutil : 0.416144
saving 7,1622177,48,39314488,8110885,0,10878
saving 4,3712645,10,911238,29701160,10879,21757
saving 11,5930853,10,907436,17792559,21758,32636
saving 30,10250983,45,4025631,10250983,32637,43515
saving 10,2200826,33,2852122,6602478,43516,54394
saving 30,4058316,2,159372,4058316,54395,65273
saving 23,1397940,1,95474,1397940,65274,76152
saving 15,335128,47,618554,670256,76153,87031
