[ SCHEMES ] 0, 0, 0, 0
[EXEC-main] 0, 1
[EXEC-task] 8, 0.100000
[EXEC-skew] -1, -2.000000, -2.000000, 32767
[EXEC-OP  ] 0, 0.320000, 35
[NOB MAXPE] : 1000, 2000
[LAT MODE ] : 0 (0=STATE, 1=FIXED_S, 2=FIXED_E)
expected_invalid : 34720, expected_fp : 5217, maxvalid : 87039
::UUNIFAST GEN::
[0]0.013028
[1]0.013070
[2]0.013118
[3]0.013173
[4]0.013234
[5]0.013286
[6]0.013152
[7]0.007939
[ALL]0.100000
min_rc,wn,mult : 35 25 1
wp: 1954618, wn : 25, rp : 1432838, rn : 20, gcp : 1954618 wu: 0.009119, ru: 0.003908, gcu : 0.049037
min_rc,wn,mult : 35 27 1
wp: 3682312, wn : 27, rp : 964046, rn : 27, gcp : 3682312 wu: 0.005228, ru: 0.007842, gcu : 0.026030
min_rc,wn,mult : 35 21 1
wp: 2853505, wn : 21, rp : 1102803, rn : 31, gcp : 2853505 wu: 0.005247, ru: 0.007871, gcu : 0.033590
min_rc,wn,mult : 35 17 2
wp: 2300304, wn : 17, rp : 1346161, rn : 38, gcp : 4600608 wu: 0.005269, ru: 0.007904, gcu : 0.020834
min_rc,wn,mult : 35 11 3
wp: 740774, wn : 11, rp : 4442948, rn : 42, gcp : 2222322 wu: 0.010588, ru: 0.002647, gcu : 0.043130
min_rc,wn,mult : 35 28 1
wp: 3756679, wn : 28, rp : 1159143, rn : 33, gcp : 3756679 wu: 0.005314, ru: 0.007971, gcu : 0.025514
min_rc,wn,mult : 35 20 1
wp: 2168492, wn : 20, rp : 723844, rn : 17, gcp : 2168492 wu: 0.006576, ru: 0.006576, gcu : 0.044201
min_rc,wn,mult : 35 8 4
wp: 798321, wn : 8, rp : 7053888, rn : 20, gcp : 3193284 wu: 0.007145, ru: 0.000794, gcu : 0.030016
WRsum : 0.100000, utilsum(noblock): 0.372352, utilsum(nogc): 0.004835 totutil : 0.377187
saving 25,1954618,20,1432838,1954618,0,10878
saving 27,3682312,27,964046,3682312,10879,21757
saving 21,2853505,31,1102803,2853505,21758,32636
saving 17,2300304,38,1346161,4600608,32637,43515
saving 11,740774,42,4442948,2222322,43516,54394
saving 28,3756679,33,1159143,3756679,54395,65273
saving 20,2168492,17,723844,2168492,65274,76152
saving 8,798321,20,7053888,3193284,76153,87031
