[ SCHEMES ] 0, 0, 0, 0
[EXEC-main] 0, 1
[EXEC-task] 8, 0.200000
[EXEC-skew] -1, -2.000000, -2.000000, 32765
[EXEC-OP  ] 0, 0.320000, 35
[NOB MAXPE] : 1000, 2000
[LAT MODE ] : 0 (0=STATE, 1=FIXED_S, 2=FIXED_E)
expected_invalid : 34720, expected_fp : 5217, maxvalid : 87039
::UUNIFAST GEN::
[0]0.027223
[1]0.027114
[2]0.026981
[3]0.026811
[4]0.026572
[5]0.026170
[6]0.025079
[7]0.014050
[ALL]0.200000
min_rc,wn,mult : 35 11 3
wp: 411567, wn : 11, rp : 1679924, rn : 49, gcp : 1234701 wu: 0.019056, ru: 0.008167, gcu : 0.077629
min_rc,wn,mult : 35 2 17
wp: 87655, wn : 2, rp : 129085, rn : 5, gcp : 1490135 wu: 0.016268, ru: 0.010845, gcu : 0.064322
min_rc,wn,mult : 35 28 1
wp: 7399374, wn : 28, rp : 368988, rn : 32, gcp : 7399374 wu: 0.002698, ru: 0.024283, gcu : 0.012954
min_rc,wn,mult : 35 27 1
wp: 1436076, wn : 27, rp : 104436, rn : 5, gcp : 1436076 wu: 0.013405, ru: 0.013405, gcu : 0.066744
min_rc,wn,mult : 35 8 4
wp: 536650, wn : 8, rp : 316119, rn : 18, gcp : 2146600 wu: 0.010629, ru: 0.015943, gcu : 0.044652
min_rc,wn,mult : 35 21 1
wp: 1907130, wn : 21, rp : 183414, rn : 12, gcp : 1907130 wu: 0.007851, ru: 0.018319, gcu : 0.050258
min_rc,wn,mult : 35 21 1
wp: 2985173, wn : 21, rp : 558237, rn : 40, gcp : 2985173 wu: 0.005016, ru: 0.020063, gcu : 0.032108
min_rc,wn,mult : 35 11 3
wp: 2791048, wn : 11, rp : 921689, rn : 37, gcp : 8373144 wu: 0.002810, ru: 0.011240, gcu : 0.011447
WRsum : 0.200000, utilsum(noblock): 0.560115, utilsum(nogc): 0.039929 totutil : 0.600044
saving 11,411567,49,1679924,1234701,0,10878
saving 2,87655,5,129085,1490135,10879,21757
saving 28,7399374,32,368988,7399374,21758,32636
saving 27,1436076,5,104436,1436076,32637,43515
saving 8,536650,18,316119,2146600,43516,54394
saving 21,1907130,12,183414,1907130,54395,65273
saving 21,2985173,40,558237,2985173,65274,76152
saving 11,2791048,37,921689,8373144,76153,87031
