[ SCHEMES ] 0, 0, 0, 0
[EXEC-main] 0, 1
[EXEC-task] 8, 0.250000
[EXEC-skew] -1, -2.000000, -2.000000, 32766
[EXEC-OP  ] 0, 0.320000, 35
[NOB MAXPE] : 1000, 2000
[LAT MODE ] : 0 (0=STATE, 1=FIXED_S, 2=FIXED_E)
expected_invalid : 34720, expected_fp : 5217, maxvalid : 87039
::UUNIFAST GEN::
[0]0.004933
[1]0.005633
[2]0.006589
[3]0.007981
[4]0.010218
[5]0.014463
[6]0.026068
[7]0.174114
[ALL]0.250000
min_rc,wn,mult : 35 1 35
wp: 289048, wn : 1, rp : 1929690, rn : 17, gcp : 10116680 wu: 0.002467, ru: 0.002467, gcu : 0.009474
min_rc,wn,mult : 35 17 2
wp: 2390972, wn : 17, rp : 16404033, rn : 33, gcp : 4781944 wu: 0.005069, ru: 0.000563, gcu : 0.020044
min_rc,wn,mult : 35 6 5
wp: 1623238, wn : 6, rp : 920771, rn : 13, gcp : 8116190 wu: 0.002635, ru: 0.003953, gcu : 0.011810
min_rc,wn,mult : 35 15 2
wp: 2679955, wn : 15, rp : 631462, rn : 9, gcp : 5359910 wu: 0.003991, ru: 0.003991, gcu : 0.017883
min_rc,wn,mult : 35 21 1
wp: 1628170, wn : 21, rp : 5754541, rn : 21, gcp : 1628170 wu: 0.009196, ru: 0.001022, gcu : 0.058869
min_rc,wn,mult : 35 22 1
wp: 3615186, wn : 22, rp : 829699, rn : 30, gcp : 3615186 wu: 0.004339, ru: 0.010124, gcu : 0.026513
min_rc,wn,mult : 35 18 1
wp: 703320, wn : 18, rp : 1253124, rn : 35, gcp : 703320 wu: 0.018248, ru: 0.007820, gcu : 0.136281
min_rc,wn,mult : 35 17 2
wp: 139230, wn : 17, rp : 28946, rn : 9, gcp : 278460 wu: 0.087057, ru: 0.087057, gcu : 0.344211
WRsum : 0.250002, utilsum(noblock): 0.875086, utilsum(nogc): 0.120915 totutil : 0.996001
saving 1,289048,17,1929690,10116680,0,10878
saving 17,2390972,33,16404033,4781944,10879,21757
saving 6,1623238,13,920771,8116190,21758,32636
saving 15,2679955,9,631462,5359910,32637,43515
saving 21,1628170,21,5754541,1628170,43516,54394
saving 22,3615186,30,829699,3615186,54395,65273
saving 18,703320,35,1253124,703320,65274,76152
saving 17,139230,9,28946,278460,76153,87031
