[ SCHEMES ] 0, 0, 0, 0
[EXEC-main] 0, 1
[EXEC-task] 8, 0.250000
[EXEC-skew] -1, -2.000000, -2.000000, 32764
[EXEC-OP  ] 0, 0.320000, 35
[NOB MAXPE] : 1000, 2000
[LAT MODE ] : 0 (0=STATE, 1=FIXED_S, 2=FIXED_E)
expected_invalid : 34720, expected_fp : 5217, maxvalid : 87039
::UUNIFAST GEN::
[0]0.017146
[1]0.018523
[2]0.020294
[3]0.022687
[4]0.026177
[5]0.031962
[6]0.044363
[7]0.068848
[ALL]0.250000
min_rc,wn,mult : 35 3 11
wp: 138611, wn : 3, rp : 2122912, rn : 13, gcp : 1524721 wu: 0.015432, ru: 0.001715, gcu : 0.062863
min_rc,wn,mult : 35 27 1
wp: 10392795, wn : 27, rp : 688618, rn : 41, gcp : 10392795 wu: 0.001852, ru: 0.016671, gcu : 0.009223
min_rc,wn,mult : 35 24 1
wp: 8432250, wn : 24, rp : 337272, rn : 22, gcp : 8432250 wu: 0.002029, ru: 0.018264, gcu : 0.011367
min_rc,wn,mult : 35 22 1
wp: 3457113, wn : 22, rp : 15427, rn : 1, gcp : 3457113 wu: 0.004537, ru: 0.018149, gcu : 0.027725
min_rc,wn,mult : 35 6 5
wp: 204279, wn : 6, rp : 2085773, rn : 39, gcp : 1021395 wu: 0.020942, ru: 0.005235, gcu : 0.093841
min_rc,wn,mult : 35 13 2
wp: 322219, wn : 13, rp : 2102471, rn : 24, gcp : 644438 wu: 0.028766, ru: 0.003196, gcu : 0.148733
min_rc,wn,mult : 35 18 1
wp: 482160, wn : 18, rp : 331358, rn : 21, gcp : 482160 wu: 0.026618, ru: 0.017745, gcu : 0.198791
min_rc,wn,mult : 35 19 1
wp: 1967676, wn : 19, rp : 13556, rn : 3, gcp : 1967676 wu: 0.006885, ru: 0.061963, gcu : 0.048712
WRsum : 0.250003, utilsum(noblock): 0.851258, utilsum(nogc): 0.258188 totutil : 1.109446
::UUNIFAST GEN::
[0]0.001320
[1]0.001532
[2]0.001826
[3]0.002263
[4]0.002985
[5]0.004409
[6]0.008576
[7]0.227089
[ALL]0.250000
min_rc,wn,mult : 35 28 1
wp: 50395744, wn : 28, rp : 7572993, rn : 25, gcp : 50395744 wu: 0.000396, ru: 0.000924, gcu : 0.001902
min_rc,wn,mult : 35 22 1
wp: 14629396, wn : 22, rp : 15842450, rn : 26, gcp : 14629396 wu: 0.001072, ru: 0.000460, gcu : 0.006552
min_rc,wn,mult : 35 25 1
wp: 16272737, wn : 25, rp : 14953573, rn : 39, gcp : 16272737 wu: 0.001095, ru: 0.000730, gcu : 0.005890
min_rc,wn,mult : 35 13 2
wp: 8191380, wn : 13, rp : 7670858, rn : 31, gcp : 16382760 wu: 0.001132, ru: 0.001132, gcu : 0.005851
min_rc,wn,mult : 35 6 5
wp: 2866295, wn : 6, rp : 375204, rn : 2, gcp : 14331475 wu: 0.001493, ru: 0.001493, gcu : 0.006688
min_rc,wn,mult : 35 20 1
wp: 5390537, wn : 20, rp : 317535, rn : 2, gcp : 5390537 wu: 0.002645, ru: 0.001764, gcu : 0.017781
min_rc,wn,mult : 35 25 1
wp: 6927847, wn : 25, rp : 1865563, rn : 40, gcp : 6927847 wu: 0.002573, ru: 0.006004, gcu : 0.013835
min_rc,wn,mult : 35 29 1
wp: 101169, wn : 29, rp : 197279, rn : 16, gcp : 101169 wu: 0.204380, ru: 0.022709, gcu : 0.947415
WRsum : 0.250001, utilsum(noblock): 1.255915, utilsum(nogc): 0.034596 totutil : 1.290510
::UUNIFAST GEN::
[0]0.075159
[1]0.059638
[2]0.045372
[3]0.032482
[4]0.021134
[5]0.011576
[6]0.004259
[7]0.000380
[ALL]0.250000
min_rc,wn,mult : 35 18 1
wp: 284595, wn : 18, rp : 437737, rn : 47, gcp : 284595 wu: 0.045096, ru: 0.030064, gcu : 0.336791
min_rc,wn,mult : 35 13 2
wp: 172689, wn : 13, rp : 469498, rn : 10, gcp : 345378 wu: 0.053674, ru: 0.005964, gcu : 0.277519
min_rc,wn,mult : 35 2 17
wp: 34921, wn : 2, rp : 2221635, rn : 36, gcp : 593657 wu: 0.040835, ru: 0.004537, gcu : 0.161455
min_rc,wn,mult : 35 24 1
wp: 1053631, wn : 24, rp : 189643, rn : 11, gcp : 1053631 wu: 0.016241, ru: 0.016241, gcu : 0.090970
min_rc,wn,mult : 35 18 1
wp: 759091, wn : 18, rp : 66244, rn : 1, gcp : 759091 wu: 0.016907, ru: 0.004227, gcu : 0.126268
min_rc,wn,mult : 35 22 1
wp: 4516626, wn : 22, rp : 1105689, rn : 32, gcp : 4516626 wu: 0.003473, ru: 0.008104, gcu : 0.021221
min_rc,wn,mult : 35 27 1
wp: 7533621, wn : 27, rp : 5423925, rn : 33, gcp : 7533621 wu: 0.002555, ru: 0.001704, gcu : 0.012723
min_rc,wn,mult : 35 16 2
wp: 150274192, wn : 16, rp : 34117300, rn : 37, gcp : 300548384 wu: 0.000076, ru: 0.000304, gcu : 0.000319
WRsum : 0.250001, utilsum(noblock): 1.277267, utilsum(nogc): 0.100226 totutil : 1.377494
::UUNIFAST GEN::
[0]0.039128
[1]0.037979
[2]0.036658
[3]0.035094
[4]0.033151
[5]0.030517
[6]0.026090
[7]0.011383
[ALL]0.250000
min_rc,wn,mult : 35 28 1
wp: 566913, wn : 28, rp : 3506433, rn : 49, gcp : 566913 wu: 0.035215, ru: 0.003913, gcu : 0.169072
min_rc,wn,mult : 35 25 1
wp: 2346693, wn : 25, rp : 175096, rn : 19, gcp : 2346693 wu: 0.007596, ru: 0.030383, gcu : 0.040844
min_rc,wn,mult : 35 13 2
wp: 361212, wn : 13, rp : 407365, rn : 16, gcp : 722424 wu: 0.025661, ru: 0.010997, gcu : 0.132677
min_rc,wn,mult : 35 25 1
wp: 1269801, wn : 25, rp : 359034, rn : 27, gcp : 1269801 wu: 0.014038, ru: 0.021056, gcu : 0.075483
min_rc,wn,mult : 35 26 1
wp: 2795996, wn : 26, rp : 126693, rn : 12, gcp : 2795996 wu: 0.006630, ru: 0.026521, gcu : 0.034281
min_rc,wn,mult : 35 11 3
wp: 428345, wn : 11, rp : 504642, rn : 22, gcp : 1285035 wu: 0.018310, ru: 0.012207, gcu : 0.074589
min_rc,wn,mult : 35 28 1
wp: 1913019, wn : 28, rp : 411402, rn : 23, gcp : 1913019 wu: 0.010436, ru: 0.015654, gcu : 0.050104
min_rc,wn,mult : 35 11 3
wp: 1377979, wn : 11, rp : 295168, rn : 6, gcp : 4133937 wu: 0.005692, ru: 0.005692, gcu : 0.023186
WRsum : 0.250000, utilsum(noblock): 0.850236, utilsum(nogc): 0.027626 totutil : 0.877861
saving 28,566913,49,3506433,566913,0,10878
saving 25,2346693,19,175096,2346693,10879,21757
saving 13,361212,16,407365,722424,21758,32636
saving 25,1269801,27,359034,1269801,32637,43515
saving 26,2795996,12,126693,2795996,43516,54394
saving 11,428345,22,504642,1285035,54395,65273
saving 28,1913019,23,411402,1913019,65274,76152
saving 11,1377979,6,295168,4133937,76153,87031
