[ SCHEMES ] 0, 0, 0, 0
[EXEC-main] 0, 1
[EXEC-task] 8, 0.200000
[EXEC-skew] -1, -2.000000, -2.000000, 32764
[EXEC-OP  ] 0, 0.320000, 35
[NOB MAXPE] : 1000, 2000
[LAT MODE ] : 0 (0=STATE, 1=FIXED_S, 2=FIXED_E)
expected_invalid : 34720, expected_fp : 5217, maxvalid : 87039
::UUNIFAST GEN::
[0]0.042294
[1]0.038178
[2]0.033821
[3]0.029155
[4]0.024067
[5]0.018342
[6]0.011463
[7]0.002681
[ALL]0.200000
min_rc,wn,mult : 35 13 2
wp: 438317, wn : 13, rp : 357501, rn : 27, gcp : 876634 wu: 0.021147, ru: 0.021147, gcu : 0.109338
min_rc,wn,mult : 35 2 17
wp: 46689, wn : 2, rp : 1246799, rn : 34, gcp : 793713 wu: 0.030542, ru: 0.007636, gcu : 0.120760
min_rc,wn,mult : 35 7 5
wp: 368926, wn : 7, rp : 262164, rn : 19, gcp : 1844630 wu: 0.013528, ru: 0.020293, gcu : 0.051961
min_rc,wn,mult : 35 16 2
wp: 489111, wn : 16, rp : 2064833, rn : 43, gcp : 978222 wu: 0.023324, ru: 0.005831, gcu : 0.097983
min_rc,wn,mult : 35 2 17
wp: 84646, wn : 2, rp : 1357348, rn : 35, gcp : 1438982 wu: 0.016847, ru: 0.007220, gcu : 0.066609
min_rc,wn,mult : 35 6 5
wp: 388717, wn : 6, rp : 1335704, rn : 35, gcp : 1943585 wu: 0.011005, ru: 0.007337, gcu : 0.049316
min_rc,wn,mult : 35 17 2
wp: 2643549, wn : 17, rp : 1262052, rn : 31, gcp : 5287098 wu: 0.004585, ru: 0.006878, gcu : 0.018129
min_rc,wn,mult : 35 26 1
wp: 34572308, wn : 26, rp : 130545, rn : 1, gcp : 34572308 wu: 0.000536, ru: 0.002145, gcu : 0.002772
WRsum : 0.200001, utilsum(noblock): 0.716868, utilsum(nogc): 0.074964 totutil : 0.791832
saving 13,438317,27,357501,876634,0,10878
saving 2,46689,34,1246799,793713,10879,21757
saving 7,368926,19,262164,1844630,21758,32636
saving 16,489111,43,2064833,978222,32637,43515
saving 2,84646,35,1357348,1438982,43516,54394
saving 6,388717,35,1335704,1943585,54395,65273
saving 17,2643549,31,1262052,5287098,65274,76152
saving 26,34572308,1,130545,34572308,76153,87031
