[ SCHEMES ] 0, 0, 0, 0
[EXEC-main] 0, 1
[EXEC-task] 8, 0.100000
[EXEC-skew] -1, -2.000000, -2.000000, 32767
[EXEC-OP  ] 0, 0.320000, 35
[NOB MAXPE] : 1000, 2000
[LAT MODE ] : 0 (0=STATE, 1=FIXED_S, 2=FIXED_E)
expected_invalid : 34720, expected_fp : 5217, maxvalid : 87039
::UUNIFAST GEN::
[0]0.010280
[1]0.010665
[2]0.011138
[3]0.011743
[4]0.012561
[5]0.013777
[6]0.015873
[7]0.013962
[ALL]0.100000
min_rc,wn,mult : 35 23 1
wp: 3988153, wn : 23, rp : 1725062, rn : 38, gcp : 3988153 wu: 0.004112, ru: 0.006168, gcu : 0.024033
min_rc,wn,mult : 35 24 1
wp: 5348180, wn : 24, rp : 487562, rn : 13, gcp : 5348180 wu: 0.003200, ru: 0.007466, gcu : 0.017922
min_rc,wn,mult : 35 15 2
wp: 4800940, wn : 15, rp : 565608, rn : 18, gcp : 9601880 wu: 0.002228, ru: 0.008911, gcu : 0.009982
min_rc,wn,mult : 35 10 3
wp: 1214362, wn : 10, rp : 763021, rn : 16, gcp : 3643086 wu: 0.005871, ru: 0.005871, gcu : 0.026310
min_rc,wn,mult : 35 6 5
wp: 3405703, wn : 6, rp : 743023, rn : 30, gcp : 17028515 wu: 0.001256, ru: 0.011305, gcu : 0.005629
min_rc,wn,mult : 35 29 1
wp: 1875985, wn : 29, rp : 2743618, rn : 27, gcp : 1875985 wu: 0.011022, ru: 0.002755, gcu : 0.051093
min_rc,wn,mult : 35 21 1
wp: 1572200, wn : 21, rp : 1587635, rn : 36, gcp : 1572200 wu: 0.009524, ru: 0.006349, gcu : 0.060965
min_rc,wn,mult : 35 16 2
wp: 1167227, wn : 16, rp : 1938557, rn : 29, gcp : 2334454 wu: 0.009774, ru: 0.004189, gcu : 0.041058
WRsum : 0.100000, utilsum(noblock): 0.336992, utilsum(nogc): 0.007179 totutil : 0.344171
saving 23,3988153,38,1725062,3988153,0,10878
saving 24,5348180,13,487562,5348180,10879,21757
saving 15,4800940,18,565608,9601880,21758,32636
saving 10,1214362,16,763021,3643086,32637,43515
saving 6,3405703,30,743023,17028515,43516,54394
saving 29,1875985,27,2743618,1875985,54395,65273
saving 21,1572200,36,1587635,1572200,65274,76152
saving 16,1167227,29,1938557,2334454,76153,87031
