[ SCHEMES ] 0, 0, 0, 0
[EXEC-main] 0, 1
[EXEC-task] 8, 0.150000
[EXEC-skew] -1, -2.000000, -2.000000, 32764
[EXEC-OP  ] 0, 0.320000, 35
[NOB MAXPE] : 1000, 2000
[LAT MODE ] : 0 (0=STATE, 1=FIXED_S, 2=FIXED_E)
expected_invalid : 34720, expected_fp : 5217, maxvalid : 87039
::UUNIFAST GEN::
[0]0.011568
[1]0.012374
[2]0.013397
[3]0.014763
[4]0.016719
[5]0.019881
[6]0.026347
[7]0.034951
[ALL]0.150000
min_rc,wn,mult : 35 16 2
wp: 1095707, wn : 16, rp : 2420391, rn : 10, gcp : 2191414 wu: 0.010412, ru: 0.001157, gcu : 0.043738
min_rc,wn,mult : 35 5 7
wp: 320122, wn : 5, rp : 2262858, rn : 10, gcp : 2240854 wu: 0.011136, ru: 0.001237, gcu : 0.042773
min_rc,wn,mult : 35 11 3
wp: 731766, wn : 11, rp : 3866427, rn : 37, gcp : 2195298 wu: 0.010718, ru: 0.002679, gcu : 0.043661
min_rc,wn,mult : 35 18 1
wp: 2173410, wn : 18, rp : 1359298, rn : 43, gcp : 2173410 wu: 0.005905, ru: 0.008858, gcu : 0.044101
min_rc,wn,mult : 35 26 1
wp: 1231992, wn : 26, rp : 3851887, rn : 23, gcp : 1231992 wu: 0.015047, ru: 0.001672, gcu : 0.077800
min_rc,wn,mult : 35 22 1
wp: 7890041, wn : 22, rp : 453816, rn : 29, gcp : 7890041 wu: 0.001988, ru: 0.017893, gcu : 0.012148
min_rc,wn,mult : 35 15 2
wp: 1014803, wn : 15, rp : 566784, rn : 32, gcp : 2029606 wu: 0.010539, ru: 0.015808, gcu : 0.047225
min_rc,wn,mult : 35 25 1
wp: 1700013, wn : 25, rp : 274672, rn : 24, gcp : 1700013 wu: 0.010485, ru: 0.024465, gcu : 0.056381
WRsum : 0.150000, utilsum(noblock): 0.517829, utilsum(nogc): 0.012742 totutil : 0.530571
saving 16,1095707,10,2420391,2191414,0,10878
saving 5,320122,10,2262858,2240854,10879,21757
saving 11,731766,37,3866427,2195298,21758,32636
saving 18,2173410,43,1359298,2173410,32637,43515
saving 26,1231992,23,3851887,1231992,43516,54394
saving 22,7890041,29,453816,7890041,54395,65273
saving 15,1014803,32,566784,2029606,65274,76152
saving 25,1700013,24,274672,1700013,76153,87031
