[ SCHEMES ] 0, 0, 0, 0
[EXEC-main] 0, 1
[EXEC-task] 8, 0.300000
[EXEC-skew] -1, -2.000000, -2.000000, 32766
[EXEC-OP  ] 0, 0.320000, 35
[NOB MAXPE] : 1000, 2000
[LAT MODE ] : 0 (0=STATE, 1=FIXED_S, 2=FIXED_E)
expected_invalid : 34720, expected_fp : 5217, maxvalid : 87039
::UUNIFAST GEN::
[0]0.016107
[1]0.017702
[2]0.019791
[3]0.022683
[4]0.027029
[5]0.034546
[6]0.051955
[7]0.110188
[ALL]0.300000
min_rc,wn,mult : 35 27 1
wp: 2988021, wn : 27, rp : 637411, rn : 22, gcp : 2988021 wu: 0.006443, ru: 0.009664, gcu : 0.032078
min_rc,wn,mult : 35 22 1
wp: 1772268, wn : 22, rp : 253084, rn : 8, gcp : 1772268 wu: 0.008851, ru: 0.008851, gcu : 0.054083
min_rc,wn,mult : 35 4 8
wp: 480350, wn : 4, rp : 525488, rn : 26, gcp : 3842800 wu: 0.005937, ru: 0.013854, gcu : 0.024942
min_rc,wn,mult : 35 19 1
wp: 5972401, wn : 19, rp : 534916, rn : 39, gcp : 5972401 wu: 0.002268, ru: 0.020414, gcu : 0.016049
min_rc,wn,mult : 35 6 5
wp: 197841, wn : 6, rp : 2227222, rn : 43, gcp : 989205 wu: 0.021623, ru: 0.005406, gcu : 0.096895
min_rc,wn,mult : 35 16 2
wp: 1100755, wn : 16, rp : 277890, rn : 24, gcp : 2201510 wu: 0.010364, ru: 0.024182, gcu : 0.043538
min_rc,wn,mult : 35 19 1
wp: 521490, wn : 19, rp : 312578, rn : 29, gcp : 521490 wu: 0.025977, ru: 0.025977, gcu : 0.183798
min_rc,wn,mult : 35 27 1
wp: 249587, wn : 27, rp : 398108, rn : 47, gcp : 249587 wu: 0.077131, ru: 0.033056, gcu : 0.384030
WRsum : 0.300000, utilsum(noblock): 1.135414, utilsum(nogc): 0.017691 totutil : 1.153105
::UUNIFAST GEN::
[0]0.044820
[1]0.043899
[2]0.042829
[3]0.041542
[4]0.039909
[5]0.037619
[6]0.033472
[7]0.015909
[ALL]0.300000
min_rc,wn,mult : 35 2 17
wp: 45451, wn : 2, rp : 791314, rn : 38, gcp : 772667 wu: 0.031374, ru: 0.013446, gcu : 0.124050
min_rc,wn,mult : 35 8 4
wp: 162416, wn : 8, rp : 1116188, rn : 35, gcp : 649664 wu: 0.035120, ru: 0.008780, gcu : 0.147536
min_rc,wn,mult : 35 26 1
wp: 480930, wn : 26, rp : 588386, rn : 9, gcp : 480930 wu: 0.038546, ru: 0.004283, gcu : 0.199299
min_rc,wn,mult : 35 18 1
wp: 617881, wn : 18, rp : 215685, rn : 16, gcp : 617881 wu: 0.020771, ru: 0.020771, gcu : 0.155125
min_rc,wn,mult : 35 13 2
wp: 331787, wn : 13, rp : 958838, rn : 41, gcp : 663574 wu: 0.027937, ru: 0.011973, gcu : 0.144444
min_rc,wn,mult : 35 1 35
wp: 37906, wn : 1, rp : 461464, rn : 31, gcp : 1326710 wu: 0.018810, ru: 0.018810, gcu : 0.072246
min_rc,wn,mult : 35 28 1
wp: 1988118, wn : 28, rp : 274855, rn : 23, gcp : 1988118 wu: 0.010042, ru: 0.023431, gcu : 0.048211
min_rc,wn,mult : 35 14 2
wp: 1568626, wn : 14, rp : 1437358, rn : 49, gcp : 3137252 wu: 0.006364, ru: 0.009545, gcu : 0.030552
WRsum : 0.300001, utilsum(noblock): 1.221463, utilsum(nogc): 0.092334 totutil : 1.313797
::UUNIFAST GEN::
[0]0.014063
[1]0.015575
[2]0.017575
[3]0.020371
[4]0.024631
[5]0.032139
[6]0.050134
[7]0.125513
[ALL]0.300000
min_rc,wn,mult : 35 29 1
wp: 4901172, wn : 29, rp : 511995, rn : 18, gcp : 4901172 wu: 0.004219, ru: 0.009844, gcu : 0.019556
min_rc,wn,mult : 35 6 5
wp: 549326, wn : 6, rp : 287632, rn : 8, gcp : 2746630 wu: 0.007788, ru: 0.007788, gcu : 0.034897
min_rc,wn,mult : 35 29 1
wp: 5882594, wn : 29, rp : 896173, rn : 45, gcp : 5882594 wu: 0.003515, ru: 0.014060, gcu : 0.016294
min_rc,wn,mult : 35 28 1
wp: 1400052, wn : 28, rp : 1328707, rn : 29, gcp : 1400052 wu: 0.014259, ru: 0.006111, gcu : 0.068461
min_rc,wn,mult : 35 23 1
wp: 951141, wn : 23, rp : 1402053, rn : 37, gcp : 951141 wu: 0.017241, ru: 0.007389, gcu : 0.100773
min_rc,wn,mult : 35 2 17
wp: 221847, wn : 2, rp : 43560, rn : 4, gcp : 3771399 wu: 0.006428, ru: 0.025711, gcu : 0.025415
min_rc,wn,mult : 35 15 2
wp: 355547, wn : 15, rp : 656241, rn : 47, gcp : 711094 wu: 0.030080, ru: 0.020054, gcu : 0.134791
min_rc,wn,mult : 35 7 5
wp: 397648, wn : 7, rp : 66925, rn : 27, gcp : 1988240 wu: 0.012551, ru: 0.112961, gcu : 0.048208
WRsum : 0.300001, utilsum(noblock): 0.748395, utilsum(nogc): 0.080349 totutil : 0.828744
saving 29,4901172,18,511995,4901172,0,10878
saving 6,549326,8,287632,2746630,10879,21757
saving 29,5882594,45,896173,5882594,21758,32636
saving 28,1400052,29,1328707,1400052,32637,43515
saving 23,951141,37,1402053,951141,43516,54394
saving 2,221847,4,43560,3771399,54395,65273
saving 15,355547,47,656241,711094,65274,76152
saving 7,397648,27,66925,1988240,76153,87031
