[ SCHEMES ] 0, 0, 0, 0
[EXEC-main] 0, 1
[EXEC-task] 8, 0.200000
[EXEC-skew] -1, -2.000000, -2.000000, 32767
[EXEC-OP  ] 0, 0.320000, 35
[NOB MAXPE] : 1000, 2000
[LAT MODE ] : 0 (0=STATE, 1=FIXED_S, 2=FIXED_E)
expected_invalid : 34720, expected_fp : 5217, maxvalid : 87039
::UUNIFAST GEN::
[0]0.025229
[1]0.025441
[2]0.025689
[3]0.025989
[4]0.026360
[5]0.026821
[6]0.027167
[7]0.017304
[ALL]0.200000
min_rc,wn,mult : 35 13 2
wp: 612318, wn : 13, rp : 860113, rn : 31, gcp : 1224636 wu: 0.015138, ru: 0.010092, gcu : 0.078267
min_rc,wn,mult : 35 2 17
wp: 62279, wn : 2, rp : 4952701, rn : 45, gcp : 1058743 wu: 0.022897, ru: 0.002544, gcu : 0.090531
min_rc,wn,mult : 35 25 1
wp: 770963, wn : 25, rp : 1852908, rn : 17, gcp : 770963 wu: 0.023120, ru: 0.002569, gcu : 0.124324
min_rc,wn,mult : 35 13 2
wp: 396276, wn : 13, rp : 430949, rn : 4, gcp : 792552 wu: 0.023390, ru: 0.002599, gcu : 0.120937
min_rc,wn,mult : 35 3 11
wp: 202861, wn : 3, rp : 619618, rn : 35, gcp : 2231471 wu: 0.010544, ru: 0.015816, gcu : 0.042953
min_rc,wn,mult : 35 28 1
wp: 2481160, wn : 28, rp : 387759, rn : 26, gcp : 2481160 wu: 0.008046, ru: 0.018775, gcu : 0.038631
min_rc,wn,mult : 35 5 7
wp: 437423, wn : 5, rp : 677301, rn : 46, gcp : 3061961 wu: 0.008150, ru: 0.019017, gcu : 0.031303
min_rc,wn,mult : 35 22 1
wp: 1295002, wn : 22, rp : 2157511, rn : 40, gcp : 1295002 wu: 0.012113, ru: 0.005191, gcu : 0.074015
WRsum : 0.200001, utilsum(noblock): 0.800961, utilsum(nogc): 0.056199 totutil : 0.857160
saving 13,612318,31,860113,1224636,0,10878
saving 2,62279,45,4952701,1058743,10879,21757
saving 25,770963,17,1852908,770963,21758,32636
saving 13,396276,4,430949,792552,32637,43515
saving 3,202861,35,619618,2231471,43516,54394
saving 28,2481160,26,387759,2481160,54395,65273
saving 5,437423,46,677301,3061961,65274,76152
saving 22,1295002,40,2157511,1295002,76153,87031
