[ SCHEMES ] 0, 0, 0, 0
[EXEC-main] 0, 1
[EXEC-task] 8, 0.250000
[EXEC-skew] -1, -2.000000, -2.000000, 32766
[EXEC-OP  ] 0, 0.320000, 35
[NOB MAXPE] : 1000, 2000
[LAT MODE ] : 0 (0=STATE, 1=FIXED_S, 2=FIXED_E)
expected_invalid : 34720, expected_fp : 5217, maxvalid : 87039
::UUNIFAST GEN::
[0]0.003849
[1]0.004416
[2]0.005195
[3]0.006337
[4]0.008186
[5]0.011736
[6]0.021644
[7]0.188637
[ALL]0.250000
min_rc,wn,mult : 35 15 2
wp: 9261298, wn : 15, rp : 1766530, rn : 17, gcp : 18522596 wu: 0.001155, ru: 0.002695, gcu : 0.005175
min_rc,wn,mult : 35 16 2
wp: 4305493, wn : 16, rp : 7925609, rn : 50, gcp : 8610986 wu: 0.002650, ru: 0.001766, gcu : 0.011131
min_rc,wn,mult : 35 3 11
wp: 686260, wn : 3, rp : 3233988, rn : 24, gcp : 7548860 wu: 0.003117, ru: 0.002078, gcu : 0.012697
min_rc,wn,mult : 35 19 1
wp: 10689107, wn : 19, rp : 718025, rn : 13, gcp : 10689107 wu: 0.001267, ru: 0.005069, gcu : 0.008967
min_rc,wn,mult : 35 24 1
wp: 20904452, wn : 24, rp : 950153, rn : 25, gcp : 20904452 wu: 0.000819, ru: 0.007367, gcu : 0.004585
min_rc,wn,mult : 35 28 1
wp: 17010622, wn : 28, rp : 715734, rn : 27, gcp : 17010622 wu: 0.001174, ru: 0.010563, gcu : 0.005635
min_rc,wn,mult : 35 8 4
wp: 439228, wn : 8, rp : 420439, rn : 13, gcp : 1756912 wu: 0.012986, ru: 0.008658, gcu : 0.054555
min_rc,wn,mult : 35 10 3
wp: 377974, wn : 10, rp : 13194, rn : 8, gcp : 1133922 wu: 0.018864, ru: 0.169773, gcu : 0.084529
WRsum : 0.250001, utilsum(noblock): 0.437275, utilsum(nogc): 0.265272 totutil : 0.702547
saving 15,9261298,17,1766530,18522596,0,10878
saving 16,4305493,50,7925609,8610986,10879,21757
saving 3,686260,24,3233988,7548860,21758,32636
saving 19,10689107,13,718025,10689107,32637,43515
saving 24,20904452,25,950153,20904452,43516,54394
saving 28,17010622,27,715734,17010622,54395,65273
saving 8,439228,13,420439,1756912,65274,76152
saving 10,377974,8,13194,1133922,76153,87031
