[ SCHEMES ] 0, 0, 0, 0
[EXEC-main] 0, 1
[EXEC-task] 8, 0.100000
[EXEC-skew] -1, -2.000000, -2.000000, 32766
[EXEC-OP  ] 0, 0.320000, 35
[NOB MAXPE] : 1000, 2000
[LAT MODE ] : 0 (0=STATE, 1=FIXED_S, 2=FIXED_E)
expected_invalid : 34720, expected_fp : 5217, maxvalid : 87039
::UUNIFAST GEN::
[0]0.003500
[1]0.003928
[2]0.004504
[3]0.005323
[4]0.006600
[5]0.008926
[6]0.014836
[7]0.052384
[ALL]0.100000
min_rc,wn,mult : 35 25 1
wp: 16977862, wn : 25, rp : 800078, rn : 7, gcp : 16977862 wu: 0.001050, ru: 0.002450, gcu : 0.005646
min_rc,wn,mult : 35 10 3
wp: 2592814, wn : 10, rp : 1425502, rn : 6, gcp : 7778442 wu: 0.002750, ru: 0.001179, gcu : 0.012322
min_rc,wn,mult : 35 19 1
wp: 5013391, wn : 19, rp : 5129224, rn : 33, gcp : 5013391 wu: 0.002702, ru: 0.001801, gcu : 0.019119
min_rc,wn,mult : 35 21 1
wp: 9376893, wn : 21, rp : 1803609, rn : 24, gcp : 9376893 wu: 0.001597, ru: 0.003726, gcu : 0.010222
min_rc,wn,mult : 35 20 1
wp: 3086642, wn : 20, rp : 6080930, rn : 43, gcp : 3086642 wu: 0.004620, ru: 0.001980, gcu : 0.031053
min_rc,wn,mult : 35 3 11
wp: 342337, wn : 3, rp : 1986698, rn : 19, gcp : 3765707 wu: 0.006248, ru: 0.002678, gcu : 0.025453
min_rc,wn,mult : 35 11 3
wp: 1321641, wn : 11, rp : 534745, rn : 17, gcp : 3964923 wu: 0.005934, ru: 0.008901, gcu : 0.024174
min_rc,wn,mult : 35 16 2
wp: 362960, wn : 16, rp : 374159, rn : 28, gcp : 725920 wu: 0.031430, ru: 0.020954, gcu : 0.132038
WRsum : 0.100000, utilsum(noblock): 0.360027, utilsum(nogc): 0.010224 totutil : 0.370250
saving 25,16977862,7,800078,16977862,0,10878
saving 10,2592814,6,1425502,7778442,10879,21757
saving 19,5013391,33,5129224,5013391,21758,32636
saving 21,9376893,24,1803609,9376893,32637,43515
saving 20,3086642,43,6080930,3086642,43516,54394
saving 3,342337,19,1986698,3765707,54395,65273
saving 11,1321641,17,534745,3964923,65274,76152
saving 16,362960,28,374159,725920,76153,87031
