[ SCHEMES ] 0, 0, 0, 0
[EXEC-main] 0, 1
[EXEC-task] 8, 0.100000
[EXEC-skew] -1, -2.000000, -2.000000, 32767
[EXEC-OP  ] 0, 0.320000, 35
[NOB MAXPE] : 1000, 2000
[LAT MODE ] : 0 (0=STATE, 1=FIXED_S, 2=FIXED_E)
expected_invalid : 34720, expected_fp : 5217, maxvalid : 87039
::UUNIFAST GEN::
[0]0.001974
[1]0.002254
[2]0.002637
[3]0.003194
[4]0.004089
[5]0.005787
[6]0.010431
[7]0.069634
[ALL]0.100000
min_rc,wn,mult : 35 29 1
wp: 14961624, wn : 29, rp : 5672928, rn : 12, gcp : 14961624 wu: 0.001382, ru: 0.000592, gcu : 0.006406
min_rc,wn,mult : 35 3 11
wp: 1355608, wn : 3, rp : 414055, rn : 1, gcp : 14911688 wu: 0.001578, ru: 0.000676, gcu : 0.006428
min_rc,wn,mult : 35 18 1
wp: 48675640, wn : 18, rp : 2005922, rn : 17, gcp : 48675640 wu: 0.000264, ru: 0.002373, gcu : 0.001969
min_rc,wn,mult : 35 23 1
wp: 8557312, wn : 23, rp : 7232412, rn : 33, gcp : 8557312 wu: 0.001916, ru: 0.001278, gcu : 0.011201
min_rc,wn,mult : 35 26 1
wp: 5037517, wn : 26, rp : 12326129, rn : 18, gcp : 5037517 wu: 0.003680, ru: 0.000409, gcu : 0.019027
min_rc,wn,mult : 35 21 1
wp: 25871588, wn : 21, rp : 698832, rn : 13, gcp : 25871588 wu: 0.000579, ru: 0.005209, gcu : 0.003705
min_rc,wn,mult : 35 23 1
wp: 1746866, wn : 23, rp : 12884992, rn : 48, gcp : 1746866 wu: 0.009388, ru: 0.001043, gcu : 0.054869
min_rc,wn,mult : 35 21 1
wp: 2150244, wn : 21, rp : 111695, rn : 25, gcp : 2150244 wu: 0.006963, ru: 0.062671, gcu : 0.044576
WRsum : 0.100000, utilsum(noblock): 0.248181, utilsum(nogc): 0.031335 totutil : 0.279516
saving 29,14961624,12,5672928,14961624,0,10878
saving 3,1355608,1,414055,14911688,10879,21757
saving 18,48675640,17,2005922,48675640,21758,32636
saving 23,8557312,33,7232412,8557312,32637,43515
saving 26,5037517,18,12326129,5037517,43516,54394
saving 21,25871588,13,698832,25871588,54395,65273
saving 23,1746866,48,12884992,1746866,65274,76152
saving 21,2150244,25,111695,2150244,76153,87031
