[ SCHEMES ] 0, 0, 0, 0
[EXEC-main] 0, 1
[EXEC-task] 8, 0.150000
[EXEC-skew] -1, -2.000000, -2.000000, 32766
[EXEC-OP  ] 0, 0.320000, 35
[NOB MAXPE] : 1000, 2000
[LAT MODE ] : 0 (0=STATE, 1=FIXED_S, 2=FIXED_E)
expected_invalid : 34720, expected_fp : 5217, maxvalid : 87039
::UUNIFAST GEN::
[0]0.024581
[1]0.023634
[2]0.022559
[3]0.021304
[4]0.019773
[5]0.017758
[6]0.014565
[7]0.005826
[ALL]0.150000
min_rc,wn,mult : 35 1 35
wp: 58013, wn : 1, rp : 159475, rn : 7, gcp : 2030455 wu: 0.012290, ru: 0.012290, gcu : 0.047206
min_rc,wn,mult : 35 29 1
wp: 1249812, wn : 29, rp : 1698089, rn : 43, gcp : 1249812 wu: 0.016544, ru: 0.007090, gcu : 0.076691
min_rc,wn,mult : 35 22 1
wp: 1390652, wn : 22, rp : 695060, rn : 28, gcp : 1390652 wu: 0.011280, ru: 0.011280, gcu : 0.068924
min_rc,wn,mult : 35 14 2
wp: 585699, wn : 14, rp : 2760099, rn : 42, gcp : 1171398 wu: 0.017043, ru: 0.004261, gcu : 0.081824
min_rc,wn,mult : 35 15 2
wp: 1802944, wn : 15, rp : 323670, rn : 16, gcp : 3605888 wu: 0.005932, ru: 0.013841, gcu : 0.026581
min_rc,wn,mult : 35 7 5
wp: 936858, wn : 7, rp : 157676, rn : 7, gcp : 4684290 wu: 0.005327, ru: 0.012431, gcu : 0.020462
min_rc,wn,mult : 35 5 7
wp: 349656, wn : 5, rp : 64079, rn : 1, gcp : 2447592 wu: 0.010196, ru: 0.004370, gcu : 0.039161
min_rc,wn,mult : 35 28 1
wp: 34268288, wn : 28, rp : 2563313, rn : 48, gcp : 34268288 wu: 0.000583, ru: 0.005243, gcu : 0.002797
WRsum : 0.150000, utilsum(noblock): 0.513645, utilsum(nogc): 0.060331 totutil : 0.573977
saving 1,58013,7,159475,2030455,0,10878
saving 29,1249812,43,1698089,1249812,10879,21757
saving 22,1390652,28,695060,1390652,21758,32636
saving 14,585699,42,2760099,1171398,32637,43515
saving 15,1802944,16,323670,3605888,43516,54394
saving 7,936858,7,157676,4684290,54395,65273
saving 5,349656,1,64079,2447592,65274,76152
saving 28,34268288,48,2563313,34268288,76153,87031
