[ SCHEMES ] 0, 0, 0, 0
[EXEC-main] 0, 1
[EXEC-task] 8, 0.250000
[EXEC-skew] -1, -2.000000, -2.000000, 32764
[EXEC-OP  ] 0, 0.320000, 35
[NOB MAXPE] : 1000, 2000
[LAT MODE ] : 0 (0=STATE, 1=FIXED_S, 2=FIXED_E)
expected_invalid : 34720, expected_fp : 5217, maxvalid : 87039
::UUNIFAST GEN::
[0]0.011739
[1]0.013001
[2]0.014668
[3]0.016999
[4]0.020551
[5]0.026809
[6]0.041801
[7]0.104432
[ALL]0.250000
min_rc,wn,mult : 35 11 3
wp: 1670268, wn : 11, rp : 1629876, rn : 41, gcp : 5010804 wu: 0.004696, ru: 0.007043, gcu : 0.019128
min_rc,wn,mult : 35 28 1
wp: 3071195, wn : 28, rp : 1119931, rn : 26, gcp : 3071195 wu: 0.006500, ru: 0.006500, gcu : 0.031209
min_rc,wn,mult : 35 30 1
wp: 4860920, wn : 30, rp : 1227160, rn : 45, gcp : 4860920 wu: 0.004400, ru: 0.010268, gcu : 0.019718
min_rc,wn,mult : 35 8 4
wp: 671088, wn : 8, rp : 527082, rn : 16, gcp : 2684352 wu: 0.008500, ru: 0.008500, gcu : 0.035707
min_rc,wn,mult : 35 2 17
wp: 346949, wn : 2, rp : 630153, rn : 37, gcp : 5898133 wu: 0.004110, ru: 0.016440, gcu : 0.016251
min_rc,wn,mult : 35 9 3
wp: 398935, wn : 9, rp : 600548, rn : 23, gcp : 1196805 wu: 0.016085, ru: 0.010724, gcu : 0.080087
min_rc,wn,mult : 35 14 2
wp: 265331, wn : 14, rp : 2545397, rn : 38, gcp : 530662 wu: 0.037621, ru: 0.004180, gcu : 0.180622
min_rc,wn,mult : 35 30 1
wp: 292601, wn : 30, rp : 303864, rn : 34, gcp : 292601 wu: 0.073103, ru: 0.031330, gcu : 0.327576
WRsum : 0.250000, utilsum(noblock): 0.960298, utilsum(nogc): 0.013191 totutil : 0.973489
saving 11,1670268,41,1629876,5010804,0,10878
saving 28,3071195,26,1119931,3071195,10879,21757
saving 30,4860920,45,1227160,4860920,21758,32636
saving 8,671088,16,527082,2684352,32637,43515
saving 2,346949,37,630153,5898133,43516,54394
saving 9,398935,23,600548,1196805,54395,65273
saving 14,265331,38,2545397,530662,65274,76152
saving 30,292601,34,303864,292601,76153,87031
