[ SCHEMES ] 0, 0, 0, 0
[EXEC-main] 0, 1
[EXEC-task] 8, 0.100000
[EXEC-skew] -1, -2.000000, -2.000000, 32766
[EXEC-OP  ] 0, 0.320000, 35
[NOB MAXPE] : 1000, 2000
[LAT MODE ] : 0 (0=STATE, 1=FIXED_S, 2=FIXED_E)
expected_invalid : 34720, expected_fp : 5217, maxvalid : 87039
::UUNIFAST GEN::
[0]0.000292
[1]0.000339
[2]0.000406
[3]0.000505
[4]0.000669
[5]0.000995
[6]0.001960
[7]0.094835
[ALL]0.100000
min_rc,wn,mult : 35 28 1
wp: 76031392, wn : 28, rp : 403083648, rn : 42, gcp : 76031392 wu: 0.000263, ru: 0.000029, gcu : 0.001261
min_rc,wn,mult : 35 26 1
wp: 546359552, wn : 26, rp : 38510616, rn : 42, gcp : 546359552 wu: 0.000034, ru: 0.000305, gcu : 0.000175
min_rc,wn,mult : 35 25 1
wp: 73238768, wn : 25, rp : 50044780, rn : 29, gcp : 73238768 wu: 0.000243, ru: 0.000162, gcu : 0.001309
min_rc,wn,mult : 35 30 1
wp: 52975116, wn : 30, rp : 85988592, rn : 31, gcp : 52975116 wu: 0.000404, ru: 0.000101, gcu : 0.001809
min_rc,wn,mult : 35 19 1
wp: 50627424, wn : 19, rp : 22323352, rn : 32, gcp : 50627424 wu: 0.000268, ru: 0.000401, gcu : 0.001893
min_rc,wn,mult : 35 25 1
wp: 35831988, wn : 25, rp : 27580078, rn : 49, gcp : 35831988 wu: 0.000497, ru: 0.000497, gcu : 0.002675
min_rc,wn,mult : 35 7 5
wp: 4244962, wn : 7, rp : 9287714, rn : 26, gcp : 21224810 wu: 0.001176, ru: 0.000784, gcu : 0.004516
min_rc,wn,mult : 35 22 1
wp: 413507, wn : 22, rp : 24604, rn : 5, gcp : 413507 wu: 0.037934, ru: 0.056901, gcu : 0.231795
WRsum : 0.100000, utilsum(noblock): 0.345434, utilsum(nogc): 0.142253 totutil : 0.487687
saving 28,76031392,42,403083648,76031392,0,10878
saving 26,546359552,42,38510616,546359552,10879,21757
saving 25,73238768,29,50044780,73238768,21758,32636
saving 30,52975116,31,85988592,52975116,32637,43515
saving 19,50627424,32,22323352,50627424,43516,54394
saving 25,35831988,49,27580078,35831988,54395,65273
saving 7,4244962,26,9287714,21224810,65274,76152
saving 22,413507,5,24604,413507,76153,87031
