[ SCHEMES ] 0, 0, 0, 0
[EXEC-main] 0, 1
[EXEC-task] 8, 0.250000
[EXEC-skew] -1, -2.000000, -2.000000, 32767
[EXEC-OP  ] 0, 0.320000, 35
[NOB MAXPE] : 1000, 2000
[LAT MODE ] : 0 (0=STATE, 1=FIXED_S, 2=FIXED_E)
expected_invalid : 34720, expected_fp : 5217, maxvalid : 87039
::UUNIFAST GEN::
[0]0.000144
[1]0.000167
[2]0.000201
[3]0.000251
[4]0.000334
[5]0.000500
[6]0.000997
[7]0.247406
[ALL]0.250000
min_rc,wn,mult : 35 18 1
wp: 178718240, wn : 18, rp : 46789256, rn : 12, gcp : 178718240 wu: 0.000072, ru: 0.000072, gcu : 0.000536
min_rc,wn,mult : 35 21 1
wp: 223536912, wn : 21, rp : 16720854, rn : 6, gcp : 223536912 wu: 0.000067, ru: 0.000100, gcu : 0.000429
min_rc,wn,mult : 35 6 5
wp: 35508224, wn : 6, rp : 59263376, rn : 17, gcp : 177541120 wu: 0.000120, ru: 0.000080, gcu : 0.000540
min_rc,wn,mult : 35 1 35
wp: 3554037, wn : 1, rp : 223311200, rn : 40, gcp : 124391295 wu: 0.000201, ru: 0.000050, gcu : 0.000771
min_rc,wn,mult : 35 3 11
wp: 64047776, wn : 3, rp : 43783116, rn : 47, gcp : 704525536 wu: 0.000033, ru: 0.000301, gcu : 0.000136
min_rc,wn,mult : 35 17 2
wp: 34623448, wn : 17, rp : 13063655, rn : 7, gcp : 69246896 wu: 0.000350, ru: 0.000150, gcu : 0.001384
min_rc,wn,mult : 35 10 3
wp: 14299783, wn : 10, rp : 6738747, rn : 12, gcp : 42899349 wu: 0.000499, ru: 0.000499, gcu : 0.002234
min_rc,wn,mult : 35 23 1
wp: 132567, wn : 23, rp : 49796, rn : 22, gcp : 132567 wu: 0.123703, ru: 0.123703, gcu : 0.723023
WRsum : 0.250002, utilsum(noblock): 0.979055, utilsum(nogc): 0.070287 totutil : 1.049342
::UUNIFAST GEN::
[0]0.017910
[1]0.019279
[2]0.021033
[3]0.023393
[4]0.026813
[5]0.032431
[6]0.044276
[7]0.064865
[ALL]0.250000
min_rc,wn,mult : 35 7 5
wp: 348347, wn : 7, rp : 2501457, rn : 32, gcp : 1741735 wu: 0.014328, ru: 0.003582, gcu : 0.055031
min_rc,wn,mult : 35 18 1
wp: 1331365, wn : 18, rp : 929486, rn : 32, gcp : 1331365 wu: 0.009640, ru: 0.009640, gcu : 0.071993
min_rc,wn,mult : 35 6 5
wp: 225991, wn : 6, rp : 5724270, rn : 43, gcp : 1129955 wu: 0.018930, ru: 0.002103, gcu : 0.084826
min_rc,wn,mult : 35 26 1
wp: 2641559, wn : 26, rp : 854965, rn : 50, gcp : 2641559 wu: 0.007018, ru: 0.016375, gcu : 0.036285
min_rc,wn,mult : 35 24 1
wp: 797743, wn : 24, rp : 992051, rn : 19, gcp : 797743 wu: 0.021451, ru: 0.005363, gcu : 0.120150
min_rc,wn,mult : 35 24 1
wp: 1319107, wn : 24, rp : 115116, rn : 8, gcp : 1319107 wu: 0.012972, ru: 0.019459, gcu : 0.072662
min_rc,wn,mult : 35 18 1
wp: 1449311, wn : 18, rp : 47429, rn : 6, gcp : 1449311 wu: 0.008855, ru: 0.035421, gcu : 0.066134
min_rc,wn,mult : 35 27 1
wp: 329763, wn : 27, rp : 518001, rn : 12, gcp : 329763 wu: 0.058378, ru: 0.006486, gcu : 0.290660
WRsum : 0.250001, utilsum(noblock): 1.047742, utilsum(nogc): 0.073795 totutil : 1.121536
::UUNIFAST GEN::
[0]0.016545
[1]0.017924
[2]0.019702
[3]0.022114
[4]0.025651
[5]0.031552
[6]0.044366
[7]0.072146
[ALL]0.250000
min_rc,wn,mult : 35 25 1
wp: 1197056, wn : 25, rp : 6430864, rn : 38, gcp : 1197056 wu: 0.014891, ru: 0.001655, gcu : 0.080071
min_rc,wn,mult : 35 17 2
wp: 1352490, wn : 17, rp : 1562153, rn : 50, gcp : 2704980 wu: 0.008962, ru: 0.008962, gcu : 0.035434
min_rc,wn,mult : 35 15 2
wp: 1809488, wn : 15, rp : 669993, rn : 33, gcp : 3618976 wu: 0.005911, ru: 0.013791, gcu : 0.026485
min_rc,wn,mult : 35 3 11
wp: 138178, wn : 3, rp : 633077, rn : 15, gcp : 1519958 wu: 0.015480, ru: 0.006634, gcu : 0.063060
min_rc,wn,mult : 35 8 4
wp: 555931, wn : 8, rp : 163738, rn : 9, gcp : 2223724 wu: 0.010260, ru: 0.015390, gcu : 0.043103
min_rc,wn,mult : 35 25 1
wp: 1412330, wn : 25, rp : 162692, rn : 11, gcp : 1412330 wu: 0.012621, ru: 0.018931, gcu : 0.067866
min_rc,wn,mult : 35 18 1
wp: 1446368, wn : 18, rp : 228777, rn : 29, gcp : 1446368 wu: 0.008873, ru: 0.035493, gcu : 0.066269
min_rc,wn,mult : 35 4 8
wp: 98828, wn : 4, rp : 232862, rn : 36, gcp : 790624 wu: 0.028858, ru: 0.043287, gcu : 0.121232
WRsum : 0.250000, utilsum(noblock): 0.753520, utilsum(nogc): 0.035415 totutil : 0.788935
saving 25,1197056,38,6430864,1197056,0,10878
saving 17,1352490,50,1562153,2704980,10879,21757
saving 15,1809488,33,669993,3618976,21758,32636
saving 3,138178,15,633077,1519958,32637,43515
saving 8,555931,9,163738,2223724,43516,54394
saving 25,1412330,11,162692,1412330,54395,65273
saving 18,1446368,29,228777,1446368,65274,76152
saving 4,98828,36,232862,790624,76153,87031
