[ SCHEMES ] 0, 0, 0, 0
[EXEC-main] 0, 1
[EXEC-task] 8, 0.150000
[EXEC-skew] -1, -2.000000, -2.000000, 32766
[EXEC-OP  ] 0, 0.320000, 35
[NOB MAXPE] : 1000, 2000
[LAT MODE ] : 0 (0=STATE, 1=FIXED_S, 2=FIXED_E)
expected_invalid : 34720, expected_fp : 5217, maxvalid : 87039
::UUNIFAST GEN::
[0]0.000455
[1]0.000529
[2]0.000633
[3]0.000787
[4]0.001043
[5]0.001551
[6]0.003053
[7]0.141947
[ALL]0.150000
min_rc,wn,mult : 35 14 2
wp: 54803520, wn : 14, rp : 47142812, rn : 46, gcp : 109607040 wu: 0.000182, ru: 0.000273, gcu : 0.000874
min_rc,wn,mult : 35 16 2
wp: 26931096, wn : 16, rp : 42304104, rn : 16, gcp : 53862192 wu: 0.000424, ru: 0.000106, gcu : 0.001780
min_rc,wn,mult : 35 11 3
wp: 41305572, wn : 11, rp : 7583835, rn : 12, gcp : 123916716 wu: 0.000190, ru: 0.000443, gcu : 0.000773
min_rc,wn,mult : 35 29 1
wp: 43767656, wn : 29, rp : 1778054, rn : 2, gcp : 43767656 wu: 0.000472, ru: 0.000315, gcu : 0.002190
min_rc,wn,mult : 35 15 2
wp: 51253616, wn : 15, rp : 4360990, rn : 13, gcp : 102507232 wu: 0.000209, ru: 0.000835, gcu : 0.000935
min_rc,wn,mult : 35 7 5
wp: 6435021, wn : 7, rp : 13718419, rn : 38, gcp : 32175105 wu: 0.000776, ru: 0.000776, gcu : 0.002979
min_rc,wn,mult : 35 12 2
wp: 3113555, wn : 12, rp : 30262188, rn : 33, gcp : 6227110 wu: 0.002748, ru: 0.000305, gcu : 0.015392
min_rc,wn,mult : 35 2 17
wp: 14351, wn : 2, rp : 315610, rn : 48, gcp : 243967 wu: 0.099363, ru: 0.042584, gcu : 0.392877
WRsum : 0.150003, utilsum(noblock): 0.567804, utilsum(nogc): 0.243885 totutil : 0.811689
saving 14,54803520,46,47142812,109607040,0,10878
saving 16,26931096,16,42304104,53862192,10879,21757
saving 11,41305572,12,7583835,123916716,21758,32636
saving 29,43767656,2,1778054,43767656,32637,43515
saving 15,51253616,13,4360990,102507232,43516,54394
saving 7,6435021,38,13718419,32175105,54395,65273
saving 12,3113555,33,30262188,6227110,65274,76152
saving 2,14351,48,315610,243967,76153,87031
