[ SCHEMES ] 0, 0, 0, 0
[EXEC-main] 0, 1
[EXEC-task] 8, 0.200000
[EXEC-skew] -1, -2.000000, -2.000000, 32767
[EXEC-OP  ] 0, 0.320000, 35
[NOB MAXPE] : 1000, 2000
[LAT MODE ] : 0 (0=STATE, 1=FIXED_S, 2=FIXED_E)
expected_invalid : 34720, expected_fp : 5217, maxvalid : 87039
::UUNIFAST GEN::
[0]0.010744
[1]0.011807
[2]0.013200
[3]0.015128
[4]0.018026
[5]0.023037
[6]0.034641
[7]0.073417
[ALL]0.200000
min_rc,wn,mult : 35 28 1
wp: 2064667, wn : 28, rp : 11988390, rn : 46, gcp : 2064667 wu: 0.009669, ru: 0.001074, gcu : 0.046423
min_rc,wn,mult : 35 1 35
wp: 67097, wn : 1, rp : 4031468, rn : 17, gcp : 2348395 wu: 0.010626, ru: 0.001181, gcu : 0.040815
min_rc,wn,mult : 35 29 1
wp: 5221343, wn : 29, rp : 1121186, rn : 37, gcp : 5221343 wu: 0.003960, ru: 0.009240, gcu : 0.018357
min_rc,wn,mult : 35 8 4
wp: 942611, wn : 8, rp : 185085, rn : 6, gcp : 3770444 wu: 0.006051, ru: 0.009077, gcu : 0.025421
min_rc,wn,mult : 35 8 4
wp: 1582162, wn : 8, rp : 349496, rn : 18, gcp : 6328648 wu: 0.003605, ru: 0.014421, gcu : 0.015145
min_rc,wn,mult : 35 7 5
wp: 240724, wn : 7, rp : 2066250, rn : 17, gcp : 1203620 wu: 0.020733, ru: 0.002304, gcu : 0.079634
min_rc,wn,mult : 35 5 7
wp: 257285, wn : 5, rp : 390678, rn : 29, gcp : 1800995 wu: 0.013856, ru: 0.020784, gcu : 0.053220
min_rc,wn,mult : 35 3 11
wp: 58269, wn : 3, rp : 68648, rn : 9, gcp : 640959 wu: 0.036709, ru: 0.036709, gcu : 0.149540
WRsum : 0.200001, utilsum(noblock): 0.628557, utilsum(nogc): 0.060066 totutil : 0.688623
saving 28,2064667,46,11988390,2064667,0,10878
saving 1,67097,17,4031468,2348395,10879,21757
saving 29,5221343,37,1121186,5221343,21758,32636
saving 8,942611,6,185085,3770444,32637,43515
saving 8,1582162,18,349496,6328648,43516,54394
saving 7,240724,17,2066250,1203620,54395,65273
saving 5,257285,29,390678,1800995,65274,76152
saving 3,58269,9,68648,640959,76153,87031
