[ SCHEMES ] 0, 0, 0, 0
[EXEC-main] 0, 1
[EXEC-task] 8, 0.150000
[EXEC-skew] -1, -2.000000, -2.000000, 32765
[EXEC-OP  ] 0, 0.320000, 35
[NOB MAXPE] : 1000, 2000
[LAT MODE ] : 0 (0=STATE, 1=FIXED_S, 2=FIXED_E)
expected_invalid : 34720, expected_fp : 5217, maxvalid : 87039
::UUNIFAST GEN::
[0]0.010994
[1]0.011812
[2]0.012858
[3]0.014260
[4]0.016286
[5]0.019597
[6]0.026516
[7]0.037677
[ALL]0.150000
min_rc,wn,mult : 35 15 2
wp: 2431938, wn : 15, rp : 933815, rn : 22, gcp : 4863876 wu: 0.004398, ru: 0.006597, gcu : 0.019706
min_rc,wn,mult : 35 9 3
wp: 679051, wn : 9, rp : 2133346, rn : 18, gcp : 2037153 wu: 0.009450, ru: 0.002362, gcu : 0.047050
min_rc,wn,mult : 35 30 1
wp: 16636151, wn : 30, rp : 290361, rn : 12, gcp : 16636151 wu: 0.001286, ru: 0.011572, gcu : 0.005761
min_rc,wn,mult : 35 30 1
wp: 1875014, wn : 30, rp : 196354, rn : 2, gcp : 1875014 wu: 0.011408, ru: 0.002852, gcu : 0.051119
min_rc,wn,mult : 35 8 4
wp: 500347, wn : 8, rp : 2693550, rn : 47, gcp : 2001388 wu: 0.011400, ru: 0.004886, gcu : 0.047891
min_rc,wn,mult : 35 18 1
wp: 1091485, wn : 18, rp : 1214463, rn : 34, gcp : 1091485 wu: 0.011758, ru: 0.007839, gcu : 0.087815
min_rc,wn,mult : 35 30 1
wp: 1613371, wn : 30, rp : 126716, rn : 6, gcp : 1613371 wu: 0.013258, ru: 0.013258, gcu : 0.059409
min_rc,wn,mult : 35 30 1
wp: 2838604, wn : 30, rp : 148631, rn : 16, gcp : 2838604 wu: 0.007535, ru: 0.030142, gcu : 0.033766
WRsum : 0.150000, utilsum(noblock): 0.502520, utilsum(nogc): 0.027621 totutil : 0.530140
saving 15,2431938,22,933815,4863876,0,10878
saving 9,679051,18,2133346,2037153,10879,21757
saving 30,16636151,12,290361,16636151,21758,32636
saving 30,1875014,2,196354,1875014,32637,43515
saving 8,500347,47,2693550,2001388,43516,54394
saving 18,1091485,34,1214463,1091485,54395,65273
saving 30,1613371,6,126716,1613371,65274,76152
saving 30,2838604,16,148631,2838604,76153,87031
