[ SCHEMES ] 0, 0, 0, 0
[EXEC-main] 0, 1
[EXEC-task] 8, 0.200000
[EXEC-skew] -1, -2.000000, -2.000000, 32767
[EXEC-OP  ] 0, 0.320000, 35
[NOB MAXPE] : 1000, 2000
[LAT MODE ] : 0 (0=STATE, 1=FIXED_S, 2=FIXED_E)
expected_invalid : 34720, expected_fp : 5217, maxvalid : 87039
::UUNIFAST GEN::
[0]0.003456
[1]0.003957
[2]0.004643
[3]0.005647
[4]0.007266
[5]0.010360
[6]0.018916
[7]0.145755
[ALL]0.200000
min_rc,wn,mult : 35 4 8
wp: 4125927, wn : 4, rp : 810139, rn : 8, gcp : 33007416 wu: 0.000691, ru: 0.002765, gcu : 0.002904
min_rc,wn,mult : 35 30 1
wp: 10811738, wn : 30, rp : 2264450, rn : 16, gcp : 10811738 wu: 0.001978, ru: 0.001978, gcu : 0.008865
min_rc,wn,mult : 35 22 1
wp: 5630498, wn : 22, rp : 4221258, rn : 28, gcp : 5630498 wu: 0.002786, ru: 0.001857, gcu : 0.017023
min_rc,wn,mult : 35 7 5
wp: 1767710, wn : 7, rp : 2479257, rn : 25, gcp : 8838550 wu: 0.002823, ru: 0.002823, gcu : 0.010844
min_rc,wn,mult : 35 27 1
wp: 3784893, wn : 27, rp : 4110410, rn : 32, gcp : 3784893 wu: 0.005086, ru: 0.002180, gcu : 0.025324
min_rc,wn,mult : 35 4 8
wp: 550592, wn : 4, rp : 2108159, rn : 39, gcp : 4404736 wu: 0.005180, ru: 0.005180, gcu : 0.021760
min_rc,wn,mult : 35 25 1
wp: 1884621, wn : 25, rp : 947332, rn : 32, gcp : 1884621 wu: 0.009458, ru: 0.009458, gcu : 0.050859
min_rc,wn,mult : 35 3 11
wp: 20964, wn : 3, rp : 134472, rn : 21, gcp : 230604 wu: 0.102028, ru: 0.043726, gcu : 0.415643
WRsum : 0.200004, utilsum(noblock): 0.753227, utilsum(nogc): 0.166953 totutil : 0.920180
saving 4,4125927,8,810139,33007416,0,10878
saving 30,10811738,16,2264450,10811738,10879,21757
saving 22,5630498,28,4221258,5630498,21758,32636
saving 7,1767710,25,2479257,8838550,32637,43515
saving 27,3784893,32,4110410,3784893,43516,54394
saving 4,550592,39,2108159,4404736,54395,65273
saving 25,1884621,32,947332,1884621,65274,76152
saving 3,20964,21,134472,230604,76153,87031
