[ SCHEMES ] 0, 0, 0, 0
[EXEC-main] 0, 1
[EXEC-task] 8, 0.300000
[EXEC-skew] -1, -2.000000, -2.000000, 32764
[EXEC-OP  ] 0, 0.320000, 35
[NOB MAXPE] : 1000, 2000
[LAT MODE ] : 0 (0=STATE, 1=FIXED_S, 2=FIXED_E)
expected_invalid : 34720, expected_fp : 5217, maxvalid : 87039
::UUNIFAST GEN::
[0]0.010186
[1]0.011447
[2]0.013141
[3]0.015558
[4]0.019334
[5]0.026230
[6]0.043839
[7]0.160265
[ALL]0.300000
min_rc,wn,mult : 35 4 8
wp: 466658, wn : 4, rp : 1786786, rn : 26, gcp : 3733264 wu: 0.006112, ru: 0.004074, gcu : 0.025674
min_rc,wn,mult : 35 24 1
wp: 4982851, wn : 24, rp : 104828, rn : 3, gcp : 4982851 wu: 0.003434, ru: 0.008013, gcu : 0.019236
min_rc,wn,mult : 35 15 2
wp: 1356394, wn : 15, rp : 53266, rn : 1, gcp : 2712788 wu: 0.007885, ru: 0.005257, gcu : 0.035332
min_rc,wn,mult : 35 4 8
wp: 261879, wn : 4, rp : 179973, rn : 3, gcp : 2095032 wu: 0.010890, ru: 0.004667, gcu : 0.045751
min_rc,wn,mult : 35 17 2
wp: 783677, wn : 17, rp : 3620651, rn : 50, gcp : 1567354 wu: 0.015467, ru: 0.003867, gcu : 0.061153
min_rc,wn,mult : 35 3 11
wp: 271828, wn : 3, rp : 182998, rn : 12, gcp : 2990108 wu: 0.007869, ru: 0.018361, gcu : 0.032055
min_rc,wn,mult : 35 14 2
wp: 758993, wn : 14, rp : 200735, rn : 22, gcp : 1517986 wu: 0.013152, ru: 0.030687, gcu : 0.063142
min_rc,wn,mult : 35 27 1
wp: 150149, wn : 27, rp : 384362, rn : 44, gcp : 150149 wu: 0.128212, ru: 0.032053, gcu : 0.638359
WRsum : 0.300001, utilsum(noblock): 1.220704, utilsum(nogc): 0.065708 totutil : 1.286412
::UUNIFAST GEN::
[0]0.067803
[1]0.059991
[2]0.051903
[3]0.043467
[4]0.034574
[5]0.025022
[6]0.014371
[7]0.002869
[ALL]0.300000
min_rc,wn,mult : 35 22 1
wp: 771153, wn : 22, rp : 265474, rn : 45, gcp : 771153 wu: 0.020341, ru: 0.047462, gcu : 0.124293
min_rc,wn,mult : 35 23 1
wp: 1366781, wn : 23, rp : 140020, rn : 24, gcp : 1366781 wu: 0.011998, ru: 0.047993, gcu : 0.070128
min_rc,wn,mult : 35 19 1
wp: 326259, wn : 19, rp : 1321705, rn : 49, gcp : 326259 wu: 0.041522, ru: 0.010381, gcu : 0.293782
min_rc,wn,mult : 35 12 2
wp: 1968375, wn : 12, rp : 7157, rn : 1, gcp : 3936750 wu: 0.004347, ru: 0.039121, gcu : 0.024347
min_rc,wn,mult : 35 27 1
wp: 1392008, wn : 27, rp : 53990, rn : 4, gcp : 1392008 wu: 0.013830, ru: 0.020744, gcu : 0.068857
min_rc,wn,mult : 35 22 1
wp: 6268828, wn : 22, rp : 99467, rn : 8, gcp : 6268828 wu: 0.002502, ru: 0.022520, gcu : 0.015290
min_rc,wn,mult : 35 1 35
wp: 70878, wn : 1, rp : 649473, rn : 10, gcp : 2480730 wu: 0.010059, ru: 0.004311, gcu : 0.038637
min_rc,wn,mult : 35 3 11
wp: 1065251, wn : 3, rp : 7483489, rn : 23, gcp : 11717761 wu: 0.002008, ru: 0.000861, gcu : 0.008180
WRsum : 0.300002, utilsum(noblock): 0.943516, utilsum(nogc): 0.489032 totutil : 1.432548
::UUNIFAST GEN::
[0]0.022604
[1]0.024227
[2]0.026296
[3]0.029063
[4]0.033044
[5]0.039510
[6]0.052869
[7]0.072385
[ALL]0.300000
min_rc,wn,mult : 35 4 8
wp: 630873, wn : 4, rp : 774213, rn : 50, gcp : 5046984 wu: 0.004521, ru: 0.018083, gcu : 0.018991
min_rc,wn,mult : 35 10 3
wp: 1471468, wn : 10, rp : 722319, rn : 50, gcp : 4414404 wu: 0.004845, ru: 0.019382, gcu : 0.021713
min_rc,wn,mult : 35 1 35
wp: 54227, wn : 1, rp : 979600, rn : 46, gcp : 1897945 wu: 0.013148, ru: 0.013148, gcu : 0.050501
min_rc,wn,mult : 35 16 2
wp: 981301, wn : 16, rp : 305079, rn : 19, gcp : 1962602 wu: 0.011625, ru: 0.017438, gcu : 0.048838
min_rc,wn,mult : 35 4 8
wp: 431546, wn : 4, rp : 201247, rn : 19, gcp : 3452368 wu: 0.006609, ru: 0.026435, gcu : 0.027763
min_rc,wn,mult : 35 7 5
wp: 140356, wn : 7, rp : 1559080, rn : 22, gcp : 701780 wu: 0.035559, ru: 0.003951, gcu : 0.136580
min_rc,wn,mult : 35 25 1
wp: 842881, wn : 25, rp : 238323, rn : 27, gcp : 842881 wu: 0.021148, ru: 0.031722, gcu : 0.113716
min_rc,wn,mult : 35 17 2
wp: 837254, wn : 17, rp : 164397, rn : 34, gcp : 1674508 wu: 0.014477, ru: 0.057908, gcu : 0.057240
WRsum : 0.300001, utilsum(noblock): 0.775343, utilsum(nogc): 0.064543 totutil : 0.839887
saving 4,630873,50,774213,5046984,0,10878
saving 10,1471468,50,722319,4414404,10879,21757
saving 1,54227,46,979600,1897945,21758,32636
saving 16,981301,19,305079,1962602,32637,43515
saving 4,431546,19,201247,3452368,43516,54394
saving 7,140356,22,1559080,701780,54395,65273
saving 25,842881,27,238323,842881,65274,76152
saving 17,837254,34,164397,1674508,76153,87031
