[ SCHEMES ] 0, 0, 0, 0
[EXEC-main] 0, 1
[EXEC-task] 8, 0.250000
[EXEC-skew] -1, -2.000000, -2.000000, 32766
[EXEC-OP  ] 0, 0.320000, 35
[NOB MAXPE] : 1000, 2000
[LAT MODE ] : 0 (0=STATE, 1=FIXED_S, 2=FIXED_E)
expected_invalid : 34720, expected_fp : 5217, maxvalid : 87039
::UUNIFAST GEN::
[0]0.076830
[1]0.060339
[2]0.045351
[3]0.031990
[4]0.020423
[5]0.010899
[6]0.003849
[7]0.000319
[ALL]0.250000
min_rc,wn,mult : 35 16 2
wp: 742421, wn : 16, rp : 127554, rn : 28, gcp : 1484842 wu: 0.015366, ru: 0.061464, gcu : 0.064552
min_rc,wn,mult : 35 28 1
wp: 413578, wn : 28, rp : 348032, rn : 15, gcp : 413578 wu: 0.048271, ru: 0.012068, gcu : 0.231756
min_rc,wn,mult : 35 18 1
wp: 1414962, wn : 18, rp : 331855, rn : 43, gcp : 1414962 wu: 0.009070, ru: 0.036281, gcu : 0.067740
min_rc,wn,mult : 35 1 35
wp: 24764, wn : 1, rp : 2188194, rn : 25, gcp : 866740 wu: 0.028791, ru: 0.003199, gcu : 0.110586
min_rc,wn,mult : 35 27 1
wp: 1047323, wn : 27, rp : 2741941, rn : 20, gcp : 1047323 wu: 0.018381, ru: 0.002042, gcu : 0.091518
min_rc,wn,mult : 35 26 1
wp: 17008638, wn : 26, rp : 599434, rn : 21, gcp : 17008638 wu: 0.001090, ru: 0.009809, gcu : 0.005635
min_rc,wn,mult : 35 27 1
wp: 25009498, wn : 27, rp : 3182861, rn : 35, gcp : 25009498 wu: 0.000770, ru: 0.003079, gcu : 0.003833
min_rc,wn,mult : 35 16 2
wp: 119252384, wn : 16, rp : 52685132, rn : 42, gcp : 238504768 wu: 0.000096, ru: 0.000223, gcu : 0.000402
WRsum : 0.250002, utilsum(noblock): 0.826022, utilsum(nogc): 0.141334 totutil : 0.967356
saving 16,742421,28,127554,1484842,0,10878
saving 28,413578,15,348032,413578,10879,21757
saving 18,1414962,43,331855,1414962,21758,32636
saving 1,24764,25,2188194,866740,32637,43515
saving 27,1047323,20,2741941,1047323,43516,54394
saving 26,17008638,21,599434,17008638,54395,65273
saving 27,25009498,35,3182861,25009498,65274,76152
saving 16,119252384,42,52685132,238504768,76153,87031
