[ SCHEMES ] 0, 0, 0, 0
[EXEC-main] 0, 1
[EXEC-task] 8, 0.150000
[EXEC-skew] -1, -2.000000, -2.000000, 32764
[EXEC-OP  ] 0, 0.320000, 35
[NOB MAXPE] : 1000, 2000
[LAT MODE ] : 0 (0=STATE, 1=FIXED_S, 2=FIXED_E)
expected_invalid : 34720, expected_fp : 5217, maxvalid : 87039
::UUNIFAST GEN::
[0]0.046940
[1]0.036545
[2]0.027186
[3]0.018937
[4]0.011898
[5]0.006211
[6]0.002119
[7]0.000165
[ALL]0.150000
min_rc,wn,mult : 35 1 35
wp: 37973, wn : 1, rp : 39766, rn : 4, gcp : 1329055 wu: 0.018776, ru: 0.028164, gcu : 0.072118
min_rc,wn,mult : 35 25 1
wp: 1219397, wn : 25, rp : 459711, rn : 36, gcp : 1219397 wu: 0.014618, ru: 0.021927, gcu : 0.078604
min_rc,wn,mult : 35 11 3
wp: 576994, wn : 11, rp : 782764, rn : 38, gcp : 1730982 wu: 0.013593, ru: 0.013593, gcu : 0.055373
min_rc,wn,mult : 35 6 5
wp: 1129520, wn : 6, rp : 905623, rn : 49, gcp : 5647600 wu: 0.003787, ru: 0.015150, gcu : 0.016972
min_rc,wn,mult : 35 14 2
wp: 2796561, wn : 14, rp : 874100, rn : 26, gcp : 5593122 wu: 0.003569, ru: 0.008329, gcu : 0.017137
min_rc,wn,mult : 35 21 1
wp: 24108424, wn : 21, rp : 2053805, rn : 41, gcp : 24108424 wu: 0.000621, ru: 0.005590, gcu : 0.003976
min_rc,wn,mult : 35 28 1
wp: 11779233, wn : 28, rp : 27093888, rn : 41, gcp : 11779233 wu: 0.001695, ru: 0.000424, gcu : 0.008137
min_rc,wn,mult : 35 11 3
wp: 59399608, wn : 11, rp : 305366848, rn : 36, gcp : 178198824 wu: 0.000132, ru: 0.000033, gcu : 0.000538
WRsum : 0.150001, utilsum(noblock): 0.402855, utilsum(nogc): 0.092171 totutil : 0.495026
saving 1,37973,4,39766,1329055,0,10878
saving 25,1219397,36,459711,1219397,10879,21757
saving 11,576994,38,782764,1730982,21758,32636
saving 6,1129520,49,905623,5647600,32637,43515
saving 14,2796561,26,874100,5593122,43516,54394
saving 21,24108424,41,2053805,24108424,54395,65273
saving 28,11779233,41,27093888,11779233,65274,76152
saving 11,59399608,36,305366848,178198824,76153,87031
