[ SCHEMES ] 0, 0, 0, 0
[EXEC-main] 0, 1
[EXEC-task] 8, 0.250000
[EXEC-skew] -1, -2.000000, -2.000000, 32766
[EXEC-OP  ] 0, 0.320000, 35
[NOB MAXPE] : 1000, 2000
[LAT MODE ] : 0 (0=STATE, 1=FIXED_S, 2=FIXED_E)
expected_invalid : 34720, expected_fp : 5217, maxvalid : 87039
::UUNIFAST GEN::
[0]0.003349
[1]0.003851
[2]0.004542
[3]0.005558
[4]0.007209
[5]0.010397
[6]0.019379
[7]0.195715
[ALL]0.250000
min_rc,wn,mult : 35 9 3
wp: 19159230, wn : 9, rp : 371553, rn : 4, gcp : 57477690 wu: 0.000335, ru: 0.003014, gcu : 0.001668
min_rc,wn,mult : 35 30 1
wp: 55546232, wn : 30, rp : 1211854, rn : 15, gcp : 55546232 wu: 0.000385, ru: 0.003466, gcu : 0.001726
min_rc,wn,mult : 35 4 8
wp: 1046589, wn : 4, rp : 2311890, rn : 15, gcp : 8372712 wu: 0.002725, ru: 0.001817, gcu : 0.011448
min_rc,wn,mult : 35 3 11
wp: 962145, wn : 3, rp : 2686871, rn : 32, gcp : 10583595 wu: 0.002223, ru: 0.003335, gcu : 0.009056
min_rc,wn,mult : 35 1 35
wp: 988991, wn : 1, rp : 560998, rn : 13, gcp : 34614685 wu: 0.000721, ru: 0.006488, gcu : 0.002769
min_rc,wn,mult : 35 12 2
wp: 4114479, wn : 12, rp : 1043527, rn : 31, gcp : 8228958 wu: 0.002079, ru: 0.008318, gcu : 0.011648
min_rc,wn,mult : 35 11 3
wp: 1011807, wn : 11, rp : 1155909, rn : 48, gcp : 3035421 wu: 0.007751, ru: 0.011627, gcu : 0.031577
min_rc,wn,mult : 35 29 1
wp: 264121, wn : 29, rp : 97761, rn : 41, gcp : 264121 wu: 0.078286, ru: 0.117429, gcu : 0.362898
WRsum : 0.250001, utilsum(noblock): 0.682790, utilsum(nogc): 0.035802 totutil : 0.718591
saving 9,19159230,4,371553,57477690,0,10878
saving 30,55546232,15,1211854,55546232,10879,21757
saving 4,1046589,15,2311890,8372712,21758,32636
saving 3,962145,32,2686871,10583595,32637,43515
saving 1,988991,13,560998,34614685,43516,54394
saving 12,4114479,31,1043527,8228958,54395,65273
saving 11,1011807,48,1155909,3035421,65274,76152
saving 29,264121,41,97761,264121,76153,87031
