[ SCHEMES ] 0, 0, 0, 0
[EXEC-main] 0, 1
[EXEC-task] 8, 0.250000
[EXEC-skew] -1, -2.000000, -2.000000, 32764
[EXEC-OP  ] 0, 0.320000, 35
[NOB MAXPE] : 1000, 2000
[LAT MODE ] : 0 (0=STATE, 1=FIXED_S, 2=FIXED_E)
expected_invalid : 34720, expected_fp : 5217, maxvalid : 87039
::UUNIFAST GEN::
[0]0.070262
[1]0.057430
[2]0.045247
[3]0.033804
[4]0.023227
[5]0.013719
[6]0.005685
[7]0.000627
[ALL]0.250000
min_rc,wn,mult : 35 8 4
wp: 115973, wn : 8, rp : 92985, rn : 7, gcp : 463892 wu: 0.049184, ru: 0.021079, gcu : 0.206619
min_rc,wn,mult : 35 7 5
wp: 144843, wn : 7, rp : 304720, rn : 25, gcp : 724215 wu: 0.034458, ru: 0.022972, gcu : 0.132349
min_rc,wn,mult : 35 10 3
wp: 262631, wn : 10, rp : 309411, rn : 20, gcp : 787893 wu: 0.027148, ru: 0.018099, gcu : 0.121652
min_rc,wn,mult : 35 2 17
wp: 421846, wn : 2, rp : 64424, rn : 7, gcp : 7171382 wu: 0.003380, ru: 0.030423, gcu : 0.013365
min_rc,wn,mult : 35 27 1
wp: 920919, wn : 27, rp : 3013760, rn : 25, gcp : 920919 wu: 0.020904, ru: 0.002323, gcu : 0.104080
min_rc,wn,mult : 35 5 7
wp: 1299304, wn : 5, rp : 739856, rn : 29, gcp : 9095128 wu: 0.002744, ru: 0.010975, gcu : 0.010538
min_rc,wn,mult : 35 20 1
wp: 2787091, wn : 20, rp : 11820708, rn : 24, gcp : 2787091 wu: 0.005116, ru: 0.000568, gcu : 0.034390
min_rc,wn,mult : 35 12 2
wp: 19504560, wn : 12, rp : 23829788, rn : 16, gcp : 39009120 wu: 0.000439, ru: 0.000188, gcu : 0.002457
WRsum : 0.250001, utilsum(noblock): 0.875452, utilsum(nogc): 0.054328 totutil : 0.929780
saving 8,115973,7,92985,463892,0,10878
saving 7,144843,25,304720,724215,10879,21757
saving 10,262631,20,309411,787893,21758,32636
saving 2,421846,7,64424,7171382,32637,43515
saving 27,920919,25,3013760,920919,43516,54394
saving 5,1299304,29,739856,9095128,54395,65273
saving 20,2787091,24,11820708,2787091,65274,76152
saving 12,19504560,16,23829788,39009120,76153,87031
