[ SCHEMES ] 0, 0, 0, 0
[EXEC-main] 0, 1
[EXEC-task] 8, 0.250000
[EXEC-skew] -1, -2.000000, -2.000000, 32765
[EXEC-OP  ] 0, 0.320000, 35
[NOB MAXPE] : 1000, 2000
[LAT MODE ] : 0 (0=STATE, 1=FIXED_S, 2=FIXED_E)
expected_invalid : 34720, expected_fp : 5217, maxvalid : 87039
::UUNIFAST GEN::
[0]0.000971
[1]0.001128
[2]0.001346
[3]0.001673
[4]0.002213
[5]0.003282
[6]0.006431
[7]0.232957
[ALL]0.250000
min_rc,wn,mult : 35 7 5
wp: 7345477, wn : 7, rp : 11538477, rn : 12, gcp : 36727385 wu: 0.000679, ru: 0.000291, gcu : 0.002610
min_rc,wn,mult : 35 17 2
wp: 15355158, wn : 17, rp : 31450986, rn : 38, gcp : 30710316 wu: 0.000789, ru: 0.000338, gcu : 0.003121
min_rc,wn,mult : 35 15 2
wp: 26476476, wn : 15, rp : 8912138, rn : 30, gcp : 52952952 wu: 0.000404, ru: 0.000943, gcu : 0.001810
min_rc,wn,mult : 35 8 4
wp: 17049074, wn : 8, rp : 1883050, rn : 9, gcp : 68196296 wu: 0.000335, ru: 0.001338, gcu : 0.001405
min_rc,wn,mult : 35 10 3
wp: 5370312, wn : 10, rp : 1581719, rn : 5, gcp : 16110936 wu: 0.001328, ru: 0.000885, gcu : 0.005949
min_rc,wn,mult : 35 21 1
wp: 45625192, wn : 21, rp : 663604, rn : 7, gcp : 45625192 wu: 0.000328, ru: 0.002954, gcu : 0.002101
min_rc,wn,mult : 35 30 1
wp: 33261092, wn : 30, rp : 1161054, rn : 24, gcp : 33261092 wu: 0.000643, ru: 0.005788, gcu : 0.002882
min_rc,wn,mult : 35 20 1
wp: 122426, wn : 20, rp : 98559, rn : 41, gcp : 122426 wu: 0.116478, ru: 0.116478, gcu : 0.782914
WRsum : 0.250000, utilsum(noblock): 1.052792, utilsum(nogc): 0.035512 totutil : 1.088304
::UUNIFAST GEN::
[0]0.048278
[1]0.044673
[2]0.040751
[3]0.036408
[4]0.031467
[5]0.025573
[6]0.017763
[7]0.005089
[ALL]0.250000
min_rc,wn,mult : 35 13 2
wp: 383984, wn : 13, rp : 57997, rn : 5, gcp : 767968 wu: 0.024139, ru: 0.024139, gcu : 0.124809
min_rc,wn,mult : 35 8 4
wp: 141870, wn : 8, rp : 3133890, rn : 50, gcp : 567480 wu: 0.040206, ru: 0.004467, gcu : 0.168903
min_rc,wn,mult : 35 14 2
wp: 489906, wn : 14, rp : 192389, rn : 14, gcp : 979812 wu: 0.020375, ru: 0.020375, gcu : 0.097824
min_rc,wn,mult : 35 1 35
wp: 97919, wn : 1, rp : 28840, rn : 3, gcp : 3427165 wu: 0.007282, ru: 0.029126, gcu : 0.027967
min_rc,wn,mult : 35 7 5
wp: 317223, wn : 7, rp : 605082, rn : 34, gcp : 1586115 wu: 0.015733, ru: 0.015733, gcu : 0.060430
min_rc,wn,mult : 35 14 2
wp: 975835, wn : 14, rp : 766434, rn : 42, gcp : 1951670 wu: 0.010229, ru: 0.015344, gcu : 0.049111
min_rc,wn,mult : 35 16 2
wp: 6422508, wn : 16, rp : 840721, rn : 48, gcp : 12845016 wu: 0.001776, ru: 0.015986, gcu : 0.007462
min_rc,wn,mult : 35 6 5
wp: 1050870, wn : 6, rp : 1100490, rn : 4, gcp : 5254350 wu: 0.004071, ru: 0.001018, gcu : 0.018242
WRsum : 0.250001, utilsum(noblock): 0.804749, utilsum(nogc): 0.121359 totutil : 0.926108
saving 13,383984,5,57997,767968,0,10878
saving 8,141870,50,3133890,567480,10879,21757
saving 14,489906,14,192389,979812,21758,32636
saving 1,97919,3,28840,3427165,32637,43515
saving 7,317223,34,605082,1586115,43516,54394
saving 14,975835,42,766434,1951670,54395,65273
saving 16,6422508,48,840721,12845016,65274,76152
saving 6,1050870,4,1100490,5254350,76153,87031
