[ SCHEMES ] 0, 0, 0, 0
[EXEC-main] 0, 1
[EXEC-task] 8, 0.200000
[EXEC-skew] -1, -2.000000, -2.000000, 32766
[EXEC-OP  ] 0, 0.320000, 35
[NOB MAXPE] : 1000, 2000
[LAT MODE ] : 0 (0=STATE, 1=FIXED_S, 2=FIXED_E)
expected_invalid : 34720, expected_fp : 5217, maxvalid : 87039
::UUNIFAST GEN::
[0]0.006143
[1]0.006929
[2]0.007988
[3]0.009507
[4]0.011895
[5]0.016295
[6]0.027708
[7]0.113536
[ALL]0.200000
min_rc,wn,mult : 35 6 5
wp: 773802, wn : 6, rp : 16409387, rn : 36, gcp : 3869010 wu: 0.005529, ru: 0.000614, gcu : 0.024774
min_rc,wn,mult : 35 22 1
wp: 4527912, wn : 22, rp : 2828862, rn : 35, gcp : 4527912 wu: 0.003464, ru: 0.003464, gcu : 0.021168
min_rc,wn,mult : 35 3 11
wp: 1338848, wn : 3, rp : 1445881, rn : 33, gcp : 14727328 wu: 0.001598, ru: 0.006391, gcu : 0.006508
min_rc,wn,mult : 35 13 2
wp: 4874864, wn : 13, rp : 1472609, rn : 40, gcp : 9749728 wu: 0.001901, ru: 0.007606, gcu : 0.009831
min_rc,wn,mult : 35 1 35
wp: 149854, wn : 1, rp : 1608534, rn : 41, gcp : 5244890 wu: 0.004758, ru: 0.007137, gcu : 0.018275
min_rc,wn,mult : 35 15 2
wp: 1312667, wn : 15, rp : 996620, rn : 29, gcp : 2625334 wu: 0.008148, ru: 0.008148, gcu : 0.036509
min_rc,wn,mult : 35 4 8
wp: 147043, wn : 4, rp : 1077907, rn : 32, gcp : 1176344 wu: 0.019396, ru: 0.008312, gcu : 0.081480
min_rc,wn,mult : 35 21 1
wp: 263758, wn : 21, rp : 182497, rn : 37, gcp : 263758 wu: 0.056768, ru: 0.056768, gcu : 0.363398
WRsum : 0.200001, utilsum(noblock): 0.761944, utilsum(nogc): 0.023803 totutil : 0.785746
saving 6,773802,36,16409387,3869010,0,10878
saving 22,4527912,35,2828862,4527912,10879,21757
saving 3,1338848,33,1445881,14727328,21758,32636
saving 13,4874864,40,1472609,9749728,32637,43515
saving 1,149854,41,1608534,5244890,43516,54394
saving 15,1312667,29,996620,2625334,54395,65273
saving 4,147043,32,1077907,1176344,65274,76152
saving 21,263758,37,182497,263758,76153,87031
