[ SCHEMES ] 0, 0, 0, 0
[EXEC-main] 0, 1
[EXEC-task] 8, 0.100000
[EXEC-skew] -1, -2.000000, -2.000000, 32764
[EXEC-OP  ] 0, 0.320000, 35
[NOB MAXPE] : 1000, 2000
[LAT MODE ] : 0 (0=STATE, 1=FIXED_S, 2=FIXED_E)
expected_invalid : 34720, expected_fp : 5217, maxvalid : 87039
::UUNIFAST GEN::
[0]0.017948
[1]0.016910
[2]0.015758
[3]0.014450
[4]0.012915
[5]0.011000
[6]0.008259
[7]0.002759
[ALL]0.100000
min_rc,wn,mult : 35 19 1
wp: 7547750, wn : 19, rp : 173336, rn : 10, gcp : 7547750 wu: 0.001795, ru: 0.016154, gcu : 0.012699
min_rc,wn,mult : 35 12 2
wp: 722798, wn : 12, rp : 662311, rn : 12, gcp : 1445596 wu: 0.011837, ru: 0.005073, gcu : 0.066304
min_rc,wn,mult : 35 16 2
wp: 1206570, wn : 16, rp : 399792, rn : 9, gcp : 2413140 wu: 0.009455, ru: 0.006303, gcu : 0.039720
min_rc,wn,mult : 35 11 3
wp: 775357, wn : 11, rp : 1937652, rn : 30, gcp : 2326071 wu: 0.010115, ru: 0.004335, gcu : 0.041206
min_rc,wn,mult : 35 23 1
wp: 1587193, wn : 23, rp : 3252009, rn : 30, gcp : 1587193 wu: 0.010332, ru: 0.002583, gcu : 0.060389
min_rc,wn,mult : 35 7 5
wp: 567148, wn : 7, rp : 1781783, rn : 14, gcp : 2835740 wu: 0.008800, ru: 0.002200, gcu : 0.033800
min_rc,wn,mult : 35 14 2
wp: 2417345, wn : 14, rp : 203423, rn : 3, gcp : 4834690 wu: 0.004129, ru: 0.004129, gcu : 0.019825
min_rc,wn,mult : 35 28 1
wp: 14474277, wn : 28, rp : 609015, rn : 3, gcp : 14474277 wu: 0.001379, ru: 0.001379, gcu : 0.006622
WRsum : 0.100000, utilsum(noblock): 0.380566, utilsum(nogc): 0.020192 totutil : 0.400758
saving 19,7547750,10,173336,7547750,0,10878
saving 12,722798,12,662311,1445596,10879,21757
saving 16,1206570,9,399792,2413140,21758,32636
saving 11,775357,30,1937652,2326071,32637,43515
saving 23,1587193,30,3252009,1587193,43516,54394
saving 7,567148,14,1781783,2835740,54395,65273
saving 14,2417345,3,203423,4834690,65274,76152
saving 28,14474277,3,609015,14474277,76153,87031
