[ SCHEMES ] 0, 0, 0, 0
[EXEC-main] 0, 1
[EXEC-task] 8, 0.150000
[EXEC-skew] -1, -2.000000, -2.000000, 32764
[EXEC-OP  ] 0, 0.320000, 35
[NOB MAXPE] : 1000, 2000
[LAT MODE ] : 0 (0=STATE, 1=FIXED_S, 2=FIXED_E)
expected_invalid : 34720, expected_fp : 5217, maxvalid : 87039
::UUNIFAST GEN::
[0]0.033259
[1]0.029602
[2]0.025791
[3]0.021785
[4]0.017520
[5]0.012875
[6]0.007581
[7]0.001585
[ALL]0.150000
min_rc,wn,mult : 35 10 3
wp: 428756, wn : 10, rp : 353589, rn : 21, gcp : 1286268 wu: 0.016629, ru: 0.016629, gcu : 0.074517
min_rc,wn,mult : 35 25 1
wp: 3010745, wn : 25, rp : 331055, rn : 28, gcp : 3010745 wu: 0.005920, ru: 0.023682, gcu : 0.031836
min_rc,wn,mult : 35 18 1
wp: 2488049, wn : 18, rp : 502107, rn : 37, gcp : 2488049 wu: 0.005158, ru: 0.020633, gcu : 0.038524
min_rc,wn,mult : 35 4 8
wp: 1309129, wn : 4, rp : 371297, rn : 26, gcp : 10473032 wu: 0.002179, ru: 0.019607, gcu : 0.009152
min_rc,wn,mult : 35 2 17
wp: 406966, wn : 2, rp : 119863, rn : 6, gcp : 6918422 wu: 0.003504, ru: 0.014016, gcu : 0.013854
min_rc,wn,mult : 35 20 1
wp: 5537712, wn : 20, rp : 706776, rn : 26, gcp : 5537712 wu: 0.002575, ru: 0.010300, gcu : 0.017308
min_rc,wn,mult : 35 4 8
wp: 752371, wn : 4, rp : 2142095, rn : 29, gcp : 6018968 wu: 0.003791, ru: 0.003791, gcu : 0.015924
min_rc,wn,mult : 35 19 1
wp: 21361912, wn : 19, rp : 6181346, rn : 21, gcp : 21361912 wu: 0.000634, ru: 0.000951, gcu : 0.004487
WRsum : 0.150000, utilsum(noblock): 0.355603, utilsum(nogc): 0.029200 totutil : 0.384803
saving 10,428756,21,353589,1286268,0,10878
saving 25,3010745,28,331055,3010745,10879,21757
saving 18,2488049,37,502107,2488049,21758,32636
saving 4,1309129,26,371297,10473032,32637,43515
saving 2,406966,6,119863,6918422,43516,54394
saving 20,5537712,26,706776,5537712,54395,65273
saving 4,752371,29,2142095,6018968,65274,76152
saving 19,21361912,21,6181346,21361912,76153,87031
