[ SCHEMES ] 0, 0, 0, 0
[EXEC-main] 0, 1
[EXEC-task] 8, 0.200000
[EXEC-skew] -1, -2.000000, -2.000000, 32766
[EXEC-OP  ] 0, 0.320000, 35
[NOB MAXPE] : 1000, 2000
[LAT MODE ] : 0 (0=STATE, 1=FIXED_S, 2=FIXED_E)
expected_invalid : 34720, expected_fp : 5217, maxvalid : 87039
::UUNIFAST GEN::
[0]0.041234
[1]0.037490
[2]0.033496
[3]0.029177
[4]0.024409
[5]0.018954
[6]0.012213
[7]0.003028
[ALL]0.200000
min_rc,wn,mult : 35 28 1
wp: 1210420, wn : 28, rp : 396117, rn : 35, gcp : 1210420 wu: 0.016493, ru: 0.024740, gcu : 0.079187
min_rc,wn,mult : 35 26 1
wp: 988949, wn : 26, rp : 433178, rn : 29, gcp : 988949 wu: 0.018745, ru: 0.018745, gcu : 0.096920
min_rc,wn,mult : 35 1 35
wp: 42572, wn : 1, rp : 468113, rn : 28, gcp : 1490020 wu: 0.016748, ru: 0.016748, gcu : 0.064327
min_rc,wn,mult : 35 14 2
wp: 570200, wn : 14, rp : 383865, rn : 16, gcp : 1140400 wu: 0.017506, ru: 0.011671, gcu : 0.084049
min_rc,wn,mult : 35 15 2
wp: 1095405, wn : 15, rp : 19118, rn : 1, gcp : 2190810 wu: 0.009764, ru: 0.014645, gcu : 0.043750
min_rc,wn,mult : 35 4 8
wp: 376181, wn : 4, rp : 763265, rn : 31, gcp : 3009448 wu: 0.007581, ru: 0.011372, gcu : 0.031849
min_rc,wn,mult : 35 5 7
wp: 583803, wn : 5, rp : 1008759, rn : 22, gcp : 4086621 wu: 0.006107, ru: 0.006107, gcu : 0.023454
min_rc,wn,mult : 35 28 1
wp: 10989869, wn : 28, rp : 3236848, rn : 14, gcp : 10989869 wu: 0.001817, ru: 0.001211, gcu : 0.008722
WRsum : 0.200001, utilsum(noblock): 0.632259, utilsum(nogc): 0.183074 totutil : 0.815333
saving 28,1210420,35,396117,1210420,0,10878
saving 26,988949,29,433178,988949,10879,21757
saving 1,42572,28,468113,1490020,21758,32636
saving 14,570200,16,383865,1140400,32637,43515
saving 15,1095405,1,19118,2190810,43516,54394
saving 4,376181,31,763265,3009448,54395,65273
saving 5,583803,22,1008759,4086621,65274,76152
saving 28,10989869,14,3236848,10989869,76153,87031
