[ SCHEMES ] 0, 0, 0, 0
[EXEC-main] 0, 1
[EXEC-task] 8, 0.150000
[EXEC-skew] -1, -2.000000, -2.000000, 32766
[EXEC-OP  ] 0, 0.320000, 35
[NOB MAXPE] : 1000, 2000
[LAT MODE ] : 0 (0=STATE, 1=FIXED_S, 2=FIXED_E)
expected_invalid : 34720, expected_fp : 5217, maxvalid : 87039
::UUNIFAST GEN::
[0]0.008058
[1]0.008855
[2]0.009900
[3]0.011346
[4]0.013520
[5]0.017278
[6]0.025980
[7]0.055063
[ALL]0.150000
min_rc,wn,mult : 35 15 2
wp: 1659100, wn : 15, rp : 2084928, rn : 12, gcp : 3318200 wu: 0.006446, ru: 0.001612, gcu : 0.028886
min_rc,wn,mult : 35 2 17
wp: 402580, wn : 2, rp : 52698, rn : 1, gcp : 6843860 wu: 0.003542, ru: 0.005313, gcu : 0.014005
min_rc,wn,mult : 35 7 5
wp: 840213, wn : 7, rp : 2333270, rn : 33, gcp : 4201065 wu: 0.005940, ru: 0.003960, gcu : 0.022815
min_rc,wn,mult : 35 27 1
wp: 5655651, wn : 27, rp : 1304404, rn : 37, gcp : 5655651 wu: 0.003404, ru: 0.007942, gcu : 0.016947
min_rc,wn,mult : 35 15 2
wp: 2636930, wn : 15, rp : 1331409, rn : 45, gcp : 5273860 wu: 0.004056, ru: 0.009464, gcu : 0.018174
min_rc,wn,mult : 35 5 7
wp: 229261, wn : 5, rp : 7940867, rn : 49, gcp : 1604827 wu: 0.015550, ru: 0.001728, gcu : 0.059725
min_rc,wn,mult : 35 27 1
wp: 926225, wn : 27, rp : 2155467, rn : 40, gcp : 926225 wu: 0.020784, ru: 0.005196, gcu : 0.103483
min_rc,wn,mult : 35 18 1
wp: 2330797, wn : 18, rp : 146903, rn : 26, gcp : 2330797 wu: 0.005506, ru: 0.049556, gcu : 0.041123
WRsum : 0.150000, utilsum(noblock): 0.455160, utilsum(nogc): 0.066416 totutil : 0.521576
saving 15,1659100,12,2084928,3318200,0,10878
saving 2,402580,1,52698,6843860,10879,21757
saving 7,840213,33,2333270,4201065,21758,32636
saving 27,5655651,37,1304404,5655651,32637,43515
saving 15,2636930,45,1331409,5273860,43516,54394
saving 5,229261,49,7940867,1604827,54395,65273
saving 27,926225,40,2155467,926225,65274,76152
saving 18,2330797,26,146903,2330797,76153,87031
