[ SCHEMES ] 0, 0, 0, 0
[EXEC-main] 0, 1
[EXEC-task] 8, 0.200000
[EXEC-skew] -1, -2.000000, -2.000000, 32764
[EXEC-OP  ] 0, 0.320000, 35
[NOB MAXPE] : 1000, 2000
[LAT MODE ] : 0 (0=STATE, 1=FIXED_S, 2=FIXED_E)
expected_invalid : 34720, expected_fp : 5217, maxvalid : 87039
::UUNIFAST GEN::
[0]0.003401
[1]0.003895
[2]0.004572
[3]0.005563
[4]0.007162
[5]0.010220
[6]0.018688
[7]0.146500
[ALL]0.200000
min_rc,wn,mult : 35 12 2
wp: 4192910, wn : 12, rp : 9056216, rn : 44, gcp : 8385820 wu: 0.002041, ru: 0.001360, gcu : 0.011430
min_rc,wn,mult : 35 5 7
wp: 1307609, wn : 5, rp : 9106198, rn : 38, gcp : 9153263 wu: 0.002726, ru: 0.001168, gcu : 0.010472
min_rc,wn,mult : 35 17 2
wp: 2945691, wn : 17, rp : 28171322, rn : 46, gcp : 5891382 wu: 0.004115, ru: 0.000457, gcu : 0.016269
min_rc,wn,mult : 35 18 1
wp: 3295877, wn : 18, rp : 335562, rn : 2, gcp : 3295877 wu: 0.003894, ru: 0.001669, gcu : 0.029081
min_rc,wn,mult : 35 25 1
wp: 8296053, wn : 25, rp : 1284550, rn : 23, gcp : 8296053 wu: 0.002149, ru: 0.005013, gcu : 0.011554
min_rc,wn,mult : 35 11 3
wp: 1918594, wn : 11, rp : 91326, rn : 2, gcp : 5755782 wu: 0.004088, ru: 0.006132, gcu : 0.016653
min_rc,wn,mult : 35 10 3
wp: 1271771, wn : 10, rp : 663533, rn : 31, gcp : 3815313 wu: 0.005606, ru: 0.013081, gcu : 0.025122
min_rc,wn,mult : 35 30 1
wp: 730035, wn : 30, rp : 93174, rn : 39, gcp : 730035 wu: 0.029300, ru: 0.117200, gcu : 0.131294
WRsum : 0.200000, utilsum(noblock): 0.451875, utilsum(nogc): 0.038324 totutil : 0.490199
saving 12,4192910,44,9056216,8385820,0,10878
saving 5,1307609,38,9106198,9153263,10879,21757
saving 17,2945691,46,28171322,5891382,21758,32636
saving 18,3295877,2,335562,3295877,32637,43515
saving 25,8296053,23,1284550,8296053,43516,54394
saving 11,1918594,2,91326,5755782,54395,65273
saving 10,1271771,31,663533,3815313,65274,76152
saving 30,730035,39,93174,730035,76153,87031
