[ SCHEMES ] 0, 0, 0, 0
[EXEC-main] 0, 1
[EXEC-task] 8, 0.100000
[EXEC-skew] -1, -2.000000, -2.000000, 32766
[EXEC-OP  ] 0, 0.320000, 35
[NOB MAXPE] : 1000, 2000
[LAT MODE ] : 0 (0=STATE, 1=FIXED_S, 2=FIXED_E)
expected_invalid : 34720, expected_fp : 5217, maxvalid : 87039
::UUNIFAST GEN::
[0]0.010663
[1]0.011011
[2]0.011437
[3]0.011977
[4]0.012702
[5]0.013763
[6]0.015526
[7]0.012920
[ALL]0.100000
min_rc,wn,mult : 35 27 1
wp: 18054846, wn : 27, rp : 437670, rn : 15, gcp : 18054846 wu: 0.001066, ru: 0.009596, gcu : 0.005309
min_rc,wn,mult : 35 19 1
wp: 12302704, wn : 19, rp : 847606, rn : 30, gcp : 12302704 wu: 0.001101, ru: 0.009910, gcu : 0.007791
min_rc,wn,mult : 35 30 1
wp: 4675513, wn : 30, rp : 408023, rn : 10, gcp : 4675513 wu: 0.004575, ru: 0.006862, gcu : 0.020500
min_rc,wn,mult : 35 10 3
wp: 1190574, wn : 10, rp : 514301, rn : 11, gcp : 3571722 wu: 0.005989, ru: 0.005989, gcu : 0.026836
min_rc,wn,mult : 35 13 2
wp: 912150, wn : 13, rp : 2535008, rn : 23, gcp : 1824300 wu: 0.010162, ru: 0.002540, gcu : 0.052540
min_rc,wn,mult : 35 30 1
wp: 2220243, wn : 30, rp : 2712592, rn : 40, gcp : 2220243 wu: 0.009634, ru: 0.004129, gcu : 0.043171
min_rc,wn,mult : 35 18 1
wp: 4132978, wn : 18, rp : 225423, rn : 10, gcp : 4132978 wu: 0.003105, ru: 0.012421, gcu : 0.023191
min_rc,wn,mult : 35 4 8
wp: 315347, wn : 4, rp : 3611971, rn : 50, gcp : 2522776 wu: 0.009044, ru: 0.003876, gcu : 0.037993
WRsum : 0.100000, utilsum(noblock): 0.317331, utilsum(nogc): 0.015526 totutil : 0.332857
saving 27,18054846,15,437670,18054846,0,10878
saving 19,12302704,30,847606,12302704,10879,21757
saving 30,4675513,10,408023,4675513,21758,32636
saving 10,1190574,11,514301,3571722,32637,43515
saving 13,912150,23,2535008,1824300,43516,54394
saving 30,2220243,40,2712592,2220243,54395,65273
saving 18,4132978,10,225423,4132978,65274,76152
saving 4,315347,50,3611971,2522776,76153,87031
