[ SCHEMES ] 0, 0, 0, 0
[EXEC-main] 0, 1
[EXEC-task] 8, 0.300000
[EXEC-skew] -1, -2.000000, -2.000000, 32767
[EXEC-OP  ] 0, 0.320000, 35
[NOB MAXPE] : 1000, 2000
[LAT MODE ] : 0 (0=STATE, 1=FIXED_S, 2=FIXED_E)
expected_invalid : 34720, expected_fp : 5217, maxvalid : 87039
::UUNIFAST GEN::
[0]0.061634
[1]0.056093
[2]0.050175
[3]0.043767
[4]0.036681
[5]0.028556
[6]0.018477
[7]0.004617
[ALL]0.300000
min_rc,wn,mult : 35 30 1
wp: 3470497, wn : 30, rp : 232195, rn : 46, gcp : 3470497 wu: 0.006163, ru: 0.055470, gcu : 0.027618
min_rc,wn,mult : 35 4 8
wp: 63554, wn : 4, rp : 1023294, rn : 41, gcp : 508432 wu: 0.044875, ru: 0.011219, gcu : 0.188519
min_rc,wn,mult : 35 3 11
wp: 47367, wn : 3, rp : 558043, rn : 10, gcp : 521037 wu: 0.045158, ru: 0.005018, gcu : 0.183958
min_rc,wn,mult : 35 11 3
wp: 1791987, wn : 11, rp : 142166, rn : 20, gcp : 5375961 wu: 0.004377, ru: 0.039390, gcu : 0.017829
min_rc,wn,mult : 35 29 1
wp: 1878987, wn : 29, rp : 436191, rn : 40, gcp : 1878987 wu: 0.011004, ru: 0.025677, gcu : 0.051011
min_rc,wn,mult : 35 18 1
wp: 898881, wn : 18, rp : 294163, rn : 15, gcp : 898881 wu: 0.014278, ru: 0.014278, gcu : 0.106631
min_rc,wn,mult : 35 21 1
wp: 1012955, wn : 21, rp : 1666948, rn : 22, gcp : 1012955 wu: 0.014782, ru: 0.003695, gcu : 0.094623
min_rc,wn,mult : 35 18 1
wp: 3474651, wn : 18, rp : 5458077, rn : 18, gcp : 3474651 wu: 0.003694, ru: 0.000923, gcu : 0.027585
WRsum : 0.300001, utilsum(noblock): 0.997777, utilsum(nogc): 0.073891 totutil : 1.071668
::UUNIFAST GEN::
[0]0.034057
[1]0.034878
[2]0.035870
[3]0.037112
[4]0.038746
[5]0.041064
[6]0.044600
[7]0.033673
[ALL]0.300000
min_rc,wn,mult : 35 20 1
wp: 1046769, wn : 20, rp : 493288, rn : 36, gcp : 1046769 wu: 0.013623, ru: 0.020434, gcu : 0.091567
min_rc,wn,mult : 35 3 11
wp: 306637, wn : 3, rp : 401395, rn : 40, gcp : 3373007 wu: 0.006976, ru: 0.027903, gcu : 0.028416
min_rc,wn,mult : 35 2 17
wp: 44171, wn : 2, rp : 2732072, rn : 35, gcp : 750907 wu: 0.032283, ru: 0.003587, gcu : 0.127644
min_rc,wn,mult : 35 27 1
wp: 741047, wn : 27, rp : 628735, rn : 25, gcp : 741047 wu: 0.025978, ru: 0.011133, gcu : 0.129343
min_rc,wn,mult : 35 30 1
wp: 1380143, wn : 30, rp : 409504, rn : 34, gcp : 1380143 wu: 0.015498, ru: 0.023248, gcu : 0.069449
min_rc,wn,mult : 35 10 3
wp: 434075, wn : 10, rp : 56821, rn : 5, gcp : 1302225 wu: 0.016426, ru: 0.024639, gcu : 0.073604
min_rc,wn,mult : 35 30 1
wp: 1198998, wn : 30, rp : 470854, rn : 45, gcp : 1198998 wu: 0.017840, ru: 0.026760, gcu : 0.079941
min_rc,wn,mult : 35 9 3
wp: 211744, wn : 9, rp : 748380, rn : 9, gcp : 635232 wu: 0.030305, ru: 0.003367, gcu : 0.150888
WRsum : 0.300001, utilsum(noblock): 1.050853, utilsum(nogc): 0.079238 totutil : 1.130090
::UUNIFAST GEN::
[0]0.005420
[1]0.006200
[2]0.007267
[3]0.008827
[4]0.011340
[5]0.016131
[6]0.029332
[7]0.215483
[ALL]0.300000
min_rc,wn,mult : 35 12 2
wp: 15786451, wn : 12, rp : 2812712, rn : 49, gcp : 31572902 wu: 0.000542, ru: 0.004878, gcu : 0.003036
min_rc,wn,mult : 35 29 1
wp: 33352612, wn : 29, rp : 752747, rn : 15, gcp : 33352612 wu: 0.000620, ru: 0.005580, gcu : 0.002874
min_rc,wn,mult : 35 18 1
wp: 4414897, wn : 18, rp : 128426, rn : 2, gcp : 4414897 wu: 0.002907, ru: 0.004360, gcu : 0.021710
min_rc,wn,mult : 35 13 2
wp: 2100077, wn : 13, rp : 2601023, rn : 41, gcp : 4200154 wu: 0.004414, ru: 0.004414, gcu : 0.022820
min_rc,wn,mult : 35 14 2
wp: 1760485, wn : 14, rp : 1333326, rn : 27, gcp : 3520970 wu: 0.005670, ru: 0.005670, gcu : 0.027222
min_rc,wn,mult : 35 11 3
wp: 540238, wn : 11, rp : 694327, rn : 4, gcp : 1620714 wu: 0.014518, ru: 0.001613, gcu : 0.059140
min_rc,wn,mult : 35 2 17
wp: 121541, wn : 2, rp : 620489, rn : 39, gcp : 2066197 wu: 0.011733, ru: 0.017599, gcu : 0.046389
min_rc,wn,mult : 35 3 11
wp: 19853, wn : 3, rp : 114347, rn : 44, gcp : 218383 wu: 0.107742, ru: 0.107742, gcu : 0.438903
WRsum : 0.300001, utilsum(noblock): 0.922096, utilsum(nogc): 0.176296 totutil : 1.098391
::UUNIFAST GEN::
[0]0.037410
[1]0.037791
[2]0.038241
[3]0.038787
[4]0.039473
[5]0.040351
[6]0.041200
[7]0.026746
[ALL]0.300000
min_rc,wn,mult : 35 28 1
wp: 2668249, wn : 28, rp : 243248, rn : 26, gcp : 2668249 wu: 0.007482, ru: 0.029928, gcu : 0.035922
min_rc,wn,mult : 35 8 4
wp: 251558, wn : 8, rp : 277842, rn : 15, gcp : 1006232 wu: 0.022675, ru: 0.015116, gcu : 0.095255
min_rc,wn,mult : 35 11 3
wp: 512733, wn : 11, rp : 170845, rn : 14, gcp : 1538199 wu: 0.015296, ru: 0.022945, gcu : 0.062312
min_rc,wn,mult : 35 9 3
wp: 413600, wn : 9, rp : 360941, rn : 30, gcp : 1240800 wu: 0.015515, ru: 0.023272, gcu : 0.077248
min_rc,wn,mult : 35 19 1
wp: 428999, wn : 19, rp : 1170431, rn : 33, gcp : 428999 wu: 0.031578, ru: 0.007895, gcu : 0.223425
min_rc,wn,mult : 35 1 35
wp: 176698, wn : 1, rp : 192752, rn : 25, gcp : 6184430 wu: 0.004035, ru: 0.036316, gcu : 0.015498
min_rc,wn,mult : 35 6 5
wp: 346115, wn : 6, rp : 9708, rn : 1, gcp : 1730575 wu: 0.012360, ru: 0.028840, gcu : 0.055386
min_rc,wn,mult : 35 8 4
wp: 2132646, wn : 8, rp : 46528, rn : 4, gcp : 8530584 wu: 0.002675, ru: 0.024072, gcu : 0.011236
WRsum : 0.300003, utilsum(noblock): 0.876285, utilsum(nogc): 0.360527 totutil : 1.236812
::UUNIFAST GEN::
[0]0.002108
[1]0.002441
[2]0.002903
[3]0.003588
[4]0.004716
[5]0.006930
[6]0.013357
[7]0.263957
[ALL]0.300000
min_rc,wn,mult : 35 5 7
wp: 5636704, wn : 5, rp : 1328143, rn : 7, gcp : 39456928 wu: 0.000632, ru: 0.001476, gcu : 0.002429
min_rc,wn,mult : 35 28 1
wp: 16358195, wn : 28, rp : 2064849, rn : 9, gcp : 16358195 wu: 0.001220, ru: 0.001220, gcu : 0.005859
min_rc,wn,mult : 35 17 2
wp: 8351701, wn : 17, rp : 6945396, rn : 36, gcp : 16703402 wu: 0.001451, ru: 0.001451, gcu : 0.005738
min_rc,wn,mult : 35 16 2
wp: 3974100, wn : 16, rp : 390164, rn : 1, gcp : 7948200 wu: 0.002871, ru: 0.000718, gcu : 0.012059
min_rc,wn,mult : 35 26 1
wp: 19654604, wn : 26, rp : 1187461, rn : 16, gcp : 19654604 wu: 0.000943, ru: 0.003773, gcu : 0.004877
min_rc,wn,mult : 35 4 8
wp: 1371814, wn : 4, rp : 2597404, rn : 45, gcp : 10974512 wu: 0.002079, ru: 0.004851, gcu : 0.008734
min_rc,wn,mult : 35 14 2
wp: 934137, wn : 14, rp : 2829925, rn : 27, gcp : 1868274 wu: 0.010686, ru: 0.002671, gcu : 0.051304
min_rc,wn,mult : 35 6 5
wp: 18007, wn : 6, rp : 31823, rn : 3, gcp : 90035 wu: 0.237561, ru: 0.026396, gcu : 1.064575
WRsum : 0.300013, utilsum(noblock): 1.455588, utilsum(nogc): 0.194369 totutil : 1.649957
::UUNIFAST GEN::
[0]0.077916
[1]0.065717
[2]0.053731
[3]0.041998
[4]0.030577
[5]0.019568
[6]0.009214
[7]0.001278
[ALL]0.300000
min_rc,wn,mult : 35 23 1
wp: 526177, wn : 23, rp : 215617, rn : 36, gcp : 526177 wu: 0.031166, ru: 0.046749, gcu : 0.182161
min_rc,wn,mult : 35 29 1
wp: 629278, wn : 29, rp : 213036, rn : 25, gcp : 629278 wu: 0.032858, ru: 0.032858, gcu : 0.152316
min_rc,wn,mult : 35 3 11
wp: 66348, wn : 3, rp : 416890, rn : 32, gcp : 729828 wu: 0.032239, ru: 0.021492, gcu : 0.131331
min_rc,wn,mult : 35 30 1
wp: 636631, wn : 30, rp : 1400053, rn : 42, gcp : 636631 wu: 0.033599, ru: 0.008400, gcu : 0.150557
min_rc,wn,mult : 35 8 4
wp: 621816, wn : 8, rp : 366287, rn : 28, gcp : 2487264 wu: 0.009173, ru: 0.021404, gcu : 0.038536
min_rc,wn,mult : 35 23 1
wp: 1047551, wn : 23, rp : 2003245, rn : 28, gcp : 1047551 wu: 0.015655, ru: 0.003914, gcu : 0.091498
min_rc,wn,mult : 35 18 1
wp: 1989740, wn : 18, rp : 4558077, rn : 45, gcp : 1989740 wu: 0.006450, ru: 0.002764, gcu : 0.048172
min_rc,wn,mult : 35 13 2
wp: 72504624, wn : 13, rp : 9491021, rn : 39, gcp : 145009248 wu: 0.000128, ru: 0.001151, gcu : 0.000661
WRsum : 0.300001, utilsum(noblock): 1.095232, utilsum(nogc): 0.052752 totutil : 1.147984
::UUNIFAST GEN::
[0]0.025668
[1]0.027184
[2]0.029089
[3]0.031595
[4]0.035123
[5]0.040679
[6]0.051494
[7]0.059167
[ALL]0.300000
min_rc,wn,mult : 35 7 5
wp: 648140, wn : 7, rp : 77917, rn : 5, gcp : 3240700 wu: 0.007700, ru: 0.017968, gcu : 0.029577
min_rc,wn,mult : 35 29 1
wp: 2535435, wn : 29, rp : 235432, rn : 16, gcp : 2535435 wu: 0.008155, ru: 0.019029, gcu : 0.037804
min_rc,wn,mult : 35 13 2
wp: 531069, wn : 13, rp : 24064, rn : 1, gcp : 1062138 wu: 0.017453, ru: 0.011636, gcu : 0.090242
min_rc,wn,mult : 35 3 11
wp: 338502, wn : 3, rp : 288020, rn : 26, gcp : 3723522 wu: 0.006319, ru: 0.025276, gcu : 0.025741
min_rc,wn,mult : 35 5 7
wp: 203000, wn : 5, rp : 143495, rn : 9, gcp : 1421000 wu: 0.017562, ru: 0.017562, gcu : 0.067452
min_rc,wn,mult : 35 26 1
wp: 1519050, wn : 26, rp : 491654, rn : 50, gcp : 1519050 wu: 0.012204, ru: 0.028475, gcu : 0.063098
min_rc,wn,mult : 35 3 11
wp: 103846, wn : 3, rp : 244686, rn : 27, gcp : 1142306 wu: 0.020598, ru: 0.030897, gcu : 0.083908
min_rc,wn,mult : 35 17 2
wp: 1024302, wn : 17, rp : 35492, rn : 6, gcp : 2048604 wu: 0.011833, ru: 0.047334, gcu : 0.046787
WRsum : 0.300001, utilsum(noblock): 0.744610, utilsum(nogc): 0.145445 totutil : 0.890056
saving 7,648140,5,77917,3240700,0,10878
saving 29,2535435,16,235432,2535435,10879,21757
saving 13,531069,1,24064,1062138,21758,32636
saving 3,338502,26,288020,3723522,32637,43515
saving 5,203000,9,143495,1421000,43516,54394
saving 26,1519050,50,491654,1519050,54395,65273
saving 3,103846,27,244686,1142306,65274,76152
saving 17,1024302,6,35492,2048604,76153,87031
