[ SCHEMES ] 0, 0, 0, 0
[EXEC-main] 0, 1
[EXEC-task] 8, 0.300000
[EXEC-skew] -1, -2.000000, -2.000000, 32764
[EXEC-OP  ] 0, 0.320000, 35
[NOB MAXPE] : 1000, 2000
[LAT MODE ] : 0 (0=STATE, 1=FIXED_S, 2=FIXED_E)
expected_invalid : 34720, expected_fp : 5217, maxvalid : 87039
::UUNIFAST GEN::
[0]0.009670
[1]0.010888
[2]0.012528
[3]0.014874
[4]0.018550
[5]0.025297
[6]0.042669
[7]0.165523
[ALL]0.300000
min_rc,wn,mult : 35 4 8
wp: 589863, wn : 4, rp : 57910, rn : 1, gcp : 4718904 wu: 0.004835, ru: 0.004835, gcu : 0.020312
min_rc,wn,mult : 35 18 1
wp: 3928929, wn : 18, rp : 1689862, rn : 46, gcp : 3928929 wu: 0.003267, ru: 0.007622, gcu : 0.024396
min_rc,wn,mult : 35 19 1
wp: 1544709, wn : 19, rp : 2160411, rn : 29, gcp : 1544709 wu: 0.008770, ru: 0.003759, gcu : 0.062050
min_rc,wn,mult : 35 12 2
wp: 821777, wn : 12, rp : 125501, rn : 2, gcp : 1643554 wu: 0.010412, ru: 0.004462, gcu : 0.058318
min_rc,wn,mult : 35 30 1
wp: 11530786, wn : 30, rp : 670847, rn : 40, gcp : 11530786 wu: 0.001855, ru: 0.016695, gcu : 0.008312
min_rc,wn,mult : 35 16 2
wp: 2254792, wn : 16, rp : 207532, rn : 15, gcp : 4509584 wu: 0.005059, ru: 0.020238, gcu : 0.021255
min_rc,wn,mult : 35 19 1
wp: 793726, wn : 19, rp : 284359, rn : 26, gcp : 793726 wu: 0.017068, ru: 0.025601, gcu : 0.120758
min_rc,wn,mult : 35 8 4
wp: 38289, wn : 8, rp : 287573, rn : 17, gcp : 153156 wu: 0.148971, ru: 0.016552, gcu : 0.625826
WRsum : 0.300002, utilsum(noblock): 1.241229, utilsum(nogc): 0.091410 totutil : 1.332639
::UUNIFAST GEN::
[0]0.058438
[1]0.053953
[2]0.049085
[3]0.043712
[4]0.037623
[5]0.030398
[6]0.020912
[7]0.005880
[ALL]0.300000
min_rc,wn,mult : 35 25 1
wp: 1016755, wn : 25, rp : 260106, rn : 38, gcp : 1016755 wu: 0.017531, ru: 0.040906, gcu : 0.094270
min_rc,wn,mult : 35 15 2
wp: 247787, wn : 15, rp : 1037948, rn : 40, gcp : 495574 wu: 0.043162, ru: 0.010791, gcu : 0.193410
min_rc,wn,mult : 35 19 1
wp: 919965, wn : 19, rp : 342262, rn : 42, gcp : 919965 wu: 0.014726, ru: 0.034360, gcu : 0.104188
min_rc,wn,mult : 35 6 5
wp: 326226, wn : 6, rp : 347730, rn : 38, gcp : 1631130 wu: 0.013114, ru: 0.030598, gcu : 0.058762
min_rc,wn,mult : 35 16 2
wp: 379024, wn : 16, rp : 595382, rn : 16, gcp : 758048 wu: 0.030098, ru: 0.007525, gcu : 0.126442
min_rc,wn,mult : 35 27 1
wp: 2110971, wn : 27, rp : 250013, rn : 19, gcp : 2110971 wu: 0.009119, ru: 0.021279, gcu : 0.045405
min_rc,wn,mult : 35 26 1
wp: 2954942, wn : 26, rp : 191279, rn : 10, gcp : 2954942 wu: 0.006274, ru: 0.014638, gcu : 0.032437
min_rc,wn,mult : 35 3 11
wp: 1818967, wn : 3, rp : 1428642, rn : 24, gcp : 20008637 wu: 0.001176, ru: 0.004704, gcu : 0.004790
WRsum : 0.300000, utilsum(noblock): 0.959704, utilsum(nogc): 0.018298 totutil : 0.978002
saving 25,1016755,38,260106,1016755,0,10878
saving 15,247787,40,1037948,495574,10879,21757
saving 19,919965,42,342262,919965,21758,32636
saving 6,326226,38,347730,1631130,32637,43515
saving 16,379024,16,595382,758048,43516,54394
saving 27,2110971,19,250013,2110971,54395,65273
saving 26,2954942,10,191279,2954942,65274,76152
saving 3,1818967,24,1428642,20008637,76153,87031
