[ SCHEMES ] 0, 0, 0, 0
[EXEC-main] 0, 1
[EXEC-task] 8, 0.100000
[EXEC-skew] -1, -2.000000, -2.000000, 32765
[EXEC-OP  ] 0, 0.320000, 35
[NOB MAXPE] : 1000, 2000
[LAT MODE ] : 0 (0=STATE, 1=FIXED_S, 2=FIXED_E)
expected_invalid : 34720, expected_fp : 5217, maxvalid : 87039
::UUNIFAST GEN::
[0]0.000771
[1]0.000892
[2]0.001060
[3]0.001309
[4]0.001717
[5]0.002519
[6]0.004837
[7]0.086895
[ALL]0.100000
min_rc,wn,mult : 35 9 3
wp: 20809380, wn : 9, rp : 22397296, rn : 37, gcp : 62428140 wu: 0.000308, ru: 0.000463, gcu : 0.001535
min_rc,wn,mult : 35 28 1
wp: 44767068, wn : 28, rp : 1883607, rn : 3, gcp : 44767068 wu: 0.000446, ru: 0.000446, gcu : 0.002141
min_rc,wn,mult : 35 11 3
wp: 24670246, wn : 11, rp : 11701302, rn : 31, gcp : 74010738 wu: 0.000318, ru: 0.000742, gcu : 0.001295
min_rc,wn,mult : 35 4 8
wp: 21794380, wn : 4, rp : 10698503, rn : 45, gcp : 174355040 wu: 0.000131, ru: 0.001178, gcu : 0.000550
min_rc,wn,mult : 35 25 1
wp: 14826796, wn : 25, rp : 3260647, rn : 6, gcp : 14826796 wu: 0.001202, ru: 0.000515, gcu : 0.006465
min_rc,wn,mult : 35 15 2
wp: 6066009, wn : 15, rp : 6670057, rn : 18, gcp : 12132018 wu: 0.001763, ru: 0.000756, gcu : 0.007900
min_rc,wn,mult : 35 25 1
wp: 4094332, wn : 25, rp : 1157668, rn : 2, gcp : 4094332 wu: 0.004354, ru: 0.000484, gcu : 0.023410
min_rc,wn,mult : 35 16 2
wp: 218807, wn : 16, rp : 16111, rn : 2, gcp : 437614 wu: 0.052137, ru: 0.034758, gcu : 0.219026
WRsum : 0.100001, utilsum(noblock): 0.362324, utilsum(nogc): 0.217243 totutil : 0.579566
saving 9,20809380,37,22397296,62428140,0,10878
saving 28,44767068,3,1883607,44767068,10879,21757
saving 11,24670246,31,11701302,74010738,21758,32636
saving 4,21794380,45,10698503,174355040,32637,43515
saving 25,14826796,6,3260647,14826796,43516,54394
saving 15,6066009,18,6670057,12132018,54395,65273
saving 25,4094332,2,1157668,4094332,65274,76152
saving 16,218807,2,16111,437614,76153,87031
