[ SCHEMES ] 0, 0, 0, 0
[EXEC-main] 0, 1
[EXEC-task] 8, 0.250000
[EXEC-skew] -1, -2.000000, -2.000000, 32767
[EXEC-OP  ] 0, 0.320000, 35
[NOB MAXPE] : 1000, 2000
[LAT MODE ] : 0 (0=STATE, 1=FIXED_S, 2=FIXED_E)
expected_invalid : 34720, expected_fp : 5217, maxvalid : 87039
::UUNIFAST GEN::
[0]0.023106
[1]0.024272
[2]0.025724
[3]0.027612
[4]0.030231
[5]0.034266
[6]0.041783
[7]0.043004
[ALL]0.250000
min_rc,wn,mult : 35 14 2
wp: 2160019, wn : 14, rp : 30294, rn : 2, gcp : 4320038 wu: 0.004621, ru: 0.018485, gcu : 0.022187
min_rc,wn,mult : 35 2 17
wp: 195833, wn : 2, rp : 527350, rn : 32, gcp : 3329161 wu: 0.007282, ru: 0.016991, gcu : 0.028791
min_rc,wn,mult : 35 21 1
wp: 5820571, wn : 21, rp : 120940, rn : 10, gcp : 5820571 wu: 0.002572, ru: 0.023152, gcu : 0.016467
min_rc,wn,mult : 35 10 3
wp: 2582164, wn : 10, rp : 135204, rn : 12, gcp : 7746492 wu: 0.002761, ru: 0.024851, gcu : 0.012373
min_rc,wn,mult : 35 23 1
wp: 5424476, wn : 23, rp : 41163, rn : 4, gcp : 5424476 wu: 0.003023, ru: 0.027208, gcu : 0.017670
min_rc,wn,mult : 35 2 17
wp: 46239, wn : 2, rp : 2124548, rn : 26, gcp : 786063 wu: 0.030839, ru: 0.003427, gcu : 0.121936
min_rc,wn,mult : 35 15 2
wp: 853212, wn : 15, rp : 402074, rn : 42, gcp : 1706424 wu: 0.012535, ru: 0.029248, gcu : 0.056170
min_rc,wn,mult : 35 16 2
wp: 294754, wn : 16, rp : 2148646, rn : 33, gcp : 589508 wu: 0.038703, ru: 0.004300, gcu : 0.162592
WRsum : 0.250002, utilsum(noblock): 0.688186, utilsum(nogc): 0.115534 totutil : 0.803721
saving 14,2160019,2,30294,4320038,0,10878
saving 2,195833,32,527350,3329161,10879,21757
saving 21,5820571,10,120940,5820571,21758,32636
saving 10,2582164,12,135204,7746492,32637,43515
saving 23,5424476,4,41163,5424476,43516,54394
saving 2,46239,26,2124548,786063,54395,65273
saving 15,853212,42,402074,1706424,65274,76152
saving 16,294754,33,2148646,589508,76153,87031
