[ SCHEMES ] 0, 0, 0, 0
[EXEC-main] 0, 1
[EXEC-task] 8, 0.100000
[EXEC-skew] -1, -2.000000, -2.000000, 32766
[EXEC-OP  ] 0, 0.320000, 35
[NOB MAXPE] : 1000, 2000
[LAT MODE ] : 0 (0=STATE, 1=FIXED_S, 2=FIXED_E)
expected_invalid : 34720, expected_fp : 5217, maxvalid : 87039
::UUNIFAST GEN::
[0]0.003927
[1]0.004387
[2]0.005001
[3]0.005870
[4]0.007213
[5]0.009630
[6]0.015645
[7]0.048326
[ALL]0.100000
min_rc,wn,mult : 35 5 7
wp: 1134667, wn : 5, rp : 3564732, rn : 10, gcp : 7942669 wu: 0.003142, ru: 0.000785, gcu : 0.012068
min_rc,wn,mult : 35 22 1
wp: 3972479, wn : 22, rp : 24251220, rn : 38, gcp : 3972479 wu: 0.003949, ru: 0.000439, gcu : 0.024128
min_rc,wn,mult : 35 27 1
wp: 5498940, wn : 27, rp : 2985936, rn : 16, gcp : 5498940 wu: 0.003501, ru: 0.001500, gcu : 0.017430
min_rc,wn,mult : 35 29 1
wp: 11742305, wn : 29, rp : 749617, rn : 11, gcp : 11742305 wu: 0.001761, ru: 0.004109, gcu : 0.008163
min_rc,wn,mult : 35 23 1
wp: 2842053, wn : 23, rp : 9122853, rn : 47, gcp : 2842053 wu: 0.005770, ru: 0.001443, gcu : 0.033725
min_rc,wn,mult : 35 5 7
wp: 925478, wn : 5, rp : 1502225, rn : 31, gcp : 6478346 wu: 0.003852, ru: 0.005778, gcu : 0.014795
min_rc,wn,mult : 35 6 5
wp: 683600, wn : 6, rp : 1252788, rn : 42, gcp : 3418000 wu: 0.006258, ru: 0.009387, gcu : 0.028042
min_rc,wn,mult : 35 22 1
wp: 649168, wn : 22, rp : 150642, rn : 13, gcp : 649168 wu: 0.024163, ru: 0.024163, gcu : 0.147649
WRsum : 0.100000, utilsum(noblock): 0.386001, utilsum(nogc): 0.023234 totutil : 0.409235
saving 5,1134667,10,3564732,7942669,0,10878
saving 22,3972479,38,24251220,3972479,10879,21757
saving 27,5498940,16,2985936,5498940,21758,32636
saving 29,11742305,11,749617,11742305,32637,43515
saving 23,2842053,47,9122853,2842053,43516,54394
saving 5,925478,31,1502225,6478346,54395,65273
saving 6,683600,42,1252788,3418000,65274,76152
saving 22,649168,13,150642,649168,76153,87031
