[ SCHEMES ] 0, 0, 0, 0
[EXEC-main] 0, 1
[EXEC-task] 8, 0.300000
[EXEC-skew] -1, -2.000000, -2.000000, 32764
[EXEC-OP  ] 0, 0.320000, 35
[NOB MAXPE] : 1000, 2000
[LAT MODE ] : 0 (0=STATE, 1=FIXED_S, 2=FIXED_E)
expected_invalid : 34720, expected_fp : 5217, maxvalid : 87039
::UUNIFAST GEN::
[0]0.061475
[1]0.055989
[2]0.050124
[3]0.043768
[4]0.036731
[5]0.028647
[6]0.018593
[7]0.004673
[ALL]0.300000
min_rc,wn,mult : 35 26 1
wp: 3015522, wn : 26, rp : 141701, rn : 28, gcp : 3015522 wu: 0.006148, ru: 0.055328, gcu : 0.031785
min_rc,wn,mult : 35 26 1
wp: 827750, wn : 26, rp : 400077, rn : 48, gcp : 827750 wu: 0.022396, ru: 0.033593, gcu : 0.115795
min_rc,wn,mult : 35 8 4
wp: 126440, wn : 8, rp : 726192, rn : 13, gcp : 505760 wu: 0.045112, ru: 0.005012, gcu : 0.189515
min_rc,wn,mult : 35 12 2
wp: 651619, wn : 12, rp : 374704, rn : 41, gcp : 1303238 wu: 0.013130, ru: 0.030638, gcu : 0.073547
min_rc,wn,mult : 35 15 2
wp: 2911746, wn : 15, rp : 313393, rn : 37, gcp : 5823492 wu: 0.003673, ru: 0.033057, gcu : 0.016459
min_rc,wn,mult : 35 28 1
wp: 1161492, wn : 28, rp : 1197330, rn : 49, gcp : 1161492 wu: 0.017188, ru: 0.011459, gcu : 0.082522
min_rc,wn,mult : 35 18 1
wp: 3451356, wn : 18, rp : 301193, rn : 16, gcp : 3451356 wu: 0.003719, ru: 0.014874, gcu : 0.027771
min_rc,wn,mult : 35 28 1
wp: 14240446, wn : 28, rp : 1283951, rn : 15, gcp : 14240446 wu: 0.001402, ru: 0.003271, gcu : 0.006731
WRsum : 0.300001, utilsum(noblock): 0.844126, utilsum(nogc): 0.027681 totutil : 0.871807
saving 26,3015522,28,141701,3015522,0,10878
saving 26,827750,48,400077,827750,10879,21757
saving 8,126440,13,726192,505760,21758,32636
saving 12,651619,41,374704,1303238,32637,43515
saving 15,2911746,37,313393,5823492,43516,54394
saving 28,1161492,49,1197330,1161492,54395,65273
saving 18,3451356,16,301193,3451356,65274,76152
saving 28,14240446,15,1283951,14240446,76153,87031
