[ SCHEMES ] 0, 0, 0, 0
[EXEC-main] 0, 1
[EXEC-task] 8, 0.300000
[EXEC-skew] -1, -2.000000, -2.000000, 32767
[EXEC-OP  ] 0, 0.320000, 35
[NOB MAXPE] : 1000, 2000
[LAT MODE ] : 0 (0=STATE, 1=FIXED_S, 2=FIXED_E)
expected_invalid : 34720, expected_fp : 5217, maxvalid : 87039
::UUNIFAST GEN::
[0]0.016480
[1]0.018086
[2]0.020187
[3]0.023089
[4]0.027440
[5]0.034938
[6]0.052194
[7]0.107586
[ALL]0.300000
min_rc,wn,mult : 35 18 1
wp: 865274, wn : 18, rp : 3058194, rn : 18, gcp : 865274 wu: 0.014832, ru: 0.001648, gcu : 0.110773
min_rc,wn,mult : 35 2 17
wp: 112634, wn : 2, rp : 980483, rn : 19, gcp : 1914778 wu: 0.012660, ru: 0.005426, gcu : 0.050058
min_rc,wn,mult : 35 3 11
wp: 353194, wn : 3, rp : 891655, rn : 45, gcp : 3885134 wu: 0.006056, ru: 0.014131, gcu : 0.024671
min_rc,wn,mult : 35 1 35
wp: 51467, wn : 1, rp : 545718, rn : 18, gcp : 1801345 wu: 0.013853, ru: 0.009236, gcu : 0.053210
min_rc,wn,mult : 35 22 1
wp: 2858265, wn : 22, rp : 459188, rn : 36, gcp : 2858265 wu: 0.005488, ru: 0.021952, gcu : 0.033534
min_rc,wn,mult : 35 6 5
wp: 174923, wn : 6, rp : 801425, rn : 30, gcp : 874615 wu: 0.024456, ru: 0.010481, gcu : 0.109590
min_rc,wn,mult : 35 30 1
wp: 4098182, wn : 30, rp : 41724, rn : 7, gcp : 4098182 wu: 0.005219, ru: 0.046974, gcu : 0.023388
min_rc,wn,mult : 35 13 2
wp: 430771, wn : 13, rp : 110609, rn : 34, gcp : 861542 wu: 0.021517, ru: 0.086069, gcu : 0.111253
WRsum : 0.300001, utilsum(noblock): 0.816477, utilsum(nogc): 0.083885 totutil : 0.900362
saving 18,865274,18,3058194,865274,0,10878
saving 2,112634,19,980483,1914778,10879,21757
saving 3,353194,45,891655,3885134,21758,32636
saving 1,51467,18,545718,1801345,32637,43515
saving 22,2858265,36,459188,2858265,43516,54394
saving 6,174923,30,801425,874615,54395,65273
saving 30,4098182,7,41724,4098182,65274,76152
saving 13,430771,34,110609,861542,76153,87031
