[ SCHEMES ] 0, 0, 0, 0
[EXEC-main] 0, 1
[EXEC-task] 8, 0.250000
[EXEC-skew] -1, -2.000000, -2.000000, 32766
[EXEC-OP  ] 0, 0.320000, 35
[NOB MAXPE] : 1000, 2000
[LAT MODE ] : 0 (0=STATE, 1=FIXED_S, 2=FIXED_E)
expected_invalid : 34720, expected_fp : 5217, maxvalid : 87039
::UUNIFAST GEN::
[0]0.017761
[1]0.019133
[2]0.020891
[3]0.023257
[4]0.026692
[5]0.032344
[6]0.044300
[7]0.065621
[ALL]0.250000
min_rc,wn,mult : 35 27 1
wp: 3612910, wn : 27, rp : 540500, rn : 24, gcp : 3612910 wu: 0.005328, ru: 0.012433, gcu : 0.026530
min_rc,wn,mult : 35 13 2
wp: 2422246, wn : 13, rp : 841475, rn : 46, gcp : 4844492 wu: 0.003827, ru: 0.015306, gcu : 0.019785
min_rc,wn,mult : 35 20 1
wp: 1365206, wn : 20, rp : 857801, rn : 32, gcp : 1365206 wu: 0.010445, ru: 0.010445, gcu : 0.070208
min_rc,wn,mult : 35 30 1
wp: 4598539, wn : 30, rp : 601959, rn : 40, gcp : 4598539 wu: 0.004651, ru: 0.018606, gcu : 0.020843
min_rc,wn,mult : 35 12 2
wp: 356155, wn : 12, rp : 2307764, rn : 22, gcp : 712310 wu: 0.024023, ru: 0.002669, gcu : 0.134561
min_rc,wn,mult : 35 30 1
wp: 2204397, wn : 30, rp : 160769, rn : 13, gcp : 2204397 wu: 0.009703, ru: 0.022641, gcu : 0.043481
min_rc,wn,mult : 35 10 3
wp: 178831, wn : 10, rp : 758466, rn : 12, gcp : 536493 wu: 0.039870, ru: 0.004430, gcu : 0.178658
min_rc,wn,mult : 35 14 2
wp: 253527, wn : 14, rp : 213346, rn : 20, gcp : 507054 wu: 0.039372, ru: 0.026248, gcu : 0.189031
WRsum : 0.250000, utilsum(noblock): 0.933098, utilsum(nogc): 0.021770 totutil : 0.954869
saving 27,3612910,24,540500,3612910,0,10878
saving 13,2422246,46,841475,4844492,10879,21757
saving 20,1365206,32,857801,1365206,21758,32636
saving 30,4598539,40,601959,4598539,32637,43515
saving 12,356155,22,2307764,712310,43516,54394
saving 30,2204397,13,160769,2204397,54395,65273
saving 10,178831,12,758466,536493,65274,76152
saving 14,253527,20,213346,507054,76153,87031
