[ SCHEMES ] 0, 0, 0, 0
[EXEC-main] 0, 1
[EXEC-task] 8, 0.200000
[EXEC-skew] -1, -2.000000, -2.000000, 32764
[EXEC-OP  ] 0, 0.320000, 35
[NOB MAXPE] : 1000, 2000
[LAT MODE ] : 0 (0=STATE, 1=FIXED_S, 2=FIXED_E)
expected_invalid : 34720, expected_fp : 5217, maxvalid : 87039
::UUNIFAST GEN::
[0]0.004339
[1]0.004943
[2]0.005767
[3]0.006965
[4]0.008880
[5]0.012496
[6]0.022290
[7]0.134319
[ALL]0.200000
min_rc,wn,mult : 35 16 2
wp: 5258357, wn : 16, rp : 3226551, rn : 25, gcp : 10516714 wu: 0.002169, ru: 0.002169, gcu : 0.009114
min_rc,wn,mult : 35 29 1
wp: 6971342, wn : 29, rp : 6230613, rn : 44, gcp : 6971342 wu: 0.002966, ru: 0.001977, gcu : 0.013749
min_rc,wn,mult : 35 14 2
wp: 17307562, wn : 14, rp : 1078857, rn : 20, gcp : 34615124 wu: 0.000577, ru: 0.005191, gcu : 0.002769
min_rc,wn,mult : 35 27 1
wp: 9213694, wn : 27, rp : 1780423, rn : 31, gcp : 9213694 wu: 0.002089, ru: 0.004875, gcu : 0.010403
min_rc,wn,mult : 35 13 2
wp: 2609537, wn : 13, rp : 1208718, rn : 23, gcp : 5219074 wu: 0.003552, ru: 0.005328, gcu : 0.018365
min_rc,wn,mult : 35 28 1
wp: 5325370, wn : 28, rp : 416127, rn : 13, gcp : 5325370 wu: 0.003749, ru: 0.008747, gcu : 0.017999
min_rc,wn,mult : 35 3 11
wp: 106623, wn : 3, rp : 4019682, rn : 32, gcp : 1172853 wu: 0.020061, ru: 0.002229, gcu : 0.081723
min_rc,wn,mult : 35 13 2
wp: 172518, wn : 13, rp : 41691, rn : 12, gcp : 345036 wu: 0.053728, ru: 0.080592, gcu : 0.277794
WRsum : 0.200002, utilsum(noblock): 0.631917, utilsum(nogc): 0.083951 totutil : 0.715868
saving 16,5258357,25,3226551,10516714,0,10878
saving 29,6971342,44,6230613,6971342,10879,21757
saving 14,17307562,20,1078857,34615124,21758,32636
saving 27,9213694,31,1780423,9213694,32637,43515
saving 13,2609537,23,1208718,5219074,43516,54394
saving 28,5325370,13,416127,5325370,54395,65273
saving 3,106623,32,4019682,1172853,65274,76152
saving 13,172518,12,41691,345036,76153,87031
