[ SCHEMES ] 0, 0, 0, 0
[EXEC-main] 0, 1
[EXEC-task] 8, 0.250000
[EXEC-skew] -1, -2.000000, -2.000000, 32765
[EXEC-OP  ] 0, 0.320000, 35
[NOB MAXPE] : 1000, 2000
[LAT MODE ] : 0 (0=STATE, 1=FIXED_S, 2=FIXED_E)
expected_invalid : 34720, expected_fp : 5217, maxvalid : 87039
::UUNIFAST GEN::
[0]0.018674
[1]0.020030
[2]0.021761
[3]0.024077
[4]0.027413
[5]0.032844
[6]0.044105
[7]0.061096
[ALL]0.250000
min_rc,wn,mult : 35 20 1
wp: 848492, wn : 20, rp : 2549046, rn : 17, gcp : 848492 wu: 0.016806, ru: 0.001867, gcu : 0.112964
min_rc,wn,mult : 35 23 1
wp: 8187030, wn : 23, rp : 326169, rn : 21, gcp : 8187030 wu: 0.002003, ru: 0.018027, gcu : 0.011707
min_rc,wn,mult : 35 27 1
wp: 1105842, wn : 27, rp : 1479741, rn : 23, gcp : 1105842 wu: 0.017408, ru: 0.004352, gcu : 0.086675
min_rc,wn,mult : 35 14 2
wp: 518236, wn : 14, rp : 1162944, rn : 20, gcp : 1036472 wu: 0.019261, ru: 0.004815, gcu : 0.092476
min_rc,wn,mult : 35 30 1
wp: 2600917, wn : 30, rp : 248053, rn : 17, gcp : 2600917 wu: 0.008224, ru: 0.019189, gcu : 0.036852
min_rc,wn,mult : 35 22 1
wp: 795976, wn : 22, rp : 554128, rn : 26, gcp : 795976 wu: 0.019707, ru: 0.013138, gcu : 0.120417
min_rc,wn,mult : 35 27 1
wp: 2182430, wn : 27, rp : 158713, rn : 20, gcp : 2182430 wu: 0.008821, ru: 0.035284, gcu : 0.043918
min_rc,wn,mult : 35 4 8
wp: 466804, wn : 4, rp : 208778, rn : 41, gcp : 3734432 wu: 0.006110, ru: 0.054987, gcu : 0.025666
WRsum : 0.250000, utilsum(noblock): 0.780677, utilsum(nogc): 0.022052 totutil : 0.802729
saving 20,848492,17,2549046,848492,0,10878
saving 23,8187030,21,326169,8187030,10879,21757
saving 27,1105842,23,1479741,1105842,21758,32636
saving 14,518236,20,1162944,1036472,32637,43515
saving 30,2600917,17,248053,2600917,43516,54394
saving 22,795976,26,554128,795976,54395,65273
saving 27,2182430,20,158713,2182430,65274,76152
saving 4,466804,41,208778,3734432,76153,87031
