[ SCHEMES ] 0, 0, 0, 0
[EXEC-main] 0, 1
[EXEC-task] 8, 0.100000
[EXEC-skew] -1, -2.000000, -2.000000, 32764
[EXEC-OP  ] 0, 0.320000, 35
[NOB MAXPE] : 1000, 2000
[LAT MODE ] : 0 (0=STATE, 1=FIXED_S, 2=FIXED_E)
expected_invalid : 34720, expected_fp : 5217, maxvalid : 87039
::UUNIFAST GEN::
[0]0.017480
[1]0.016570
[2]0.015554
[3]0.014390
[4]0.013009
[5]0.011258
[6]0.008681
[7]0.003059
[ALL]0.100000
min_rc,wn,mult : 35 18 1
wp: 815799, wn : 18, rp : 1922220, rn : 12, gcp : 815799 wu: 0.015732, ru: 0.001748, gcu : 0.117491
min_rc,wn,mult : 35 25 1
wp: 1536740, wn : 25, rp : 1746093, rn : 31, gcp : 1536740 wu: 0.011599, ru: 0.004971, gcu : 0.062372
min_rc,wn,mult : 35 24 1
wp: 1833659, wn : 24, rp : 360045, rn : 8, gcp : 1833659 wu: 0.009332, ru: 0.006221, gcu : 0.052272
min_rc,wn,mult : 35 27 1
wp: 3344525, wn : 27, rp : 551311, rn : 17, gcp : 3344525 wu: 0.005756, ru: 0.008634, gcu : 0.028658
min_rc,wn,mult : 35 7 5
wp: 1278903, wn : 7, rp : 1445204, rn : 47, gcp : 6394515 wu: 0.003903, ru: 0.009106, gcu : 0.014989
min_rc,wn,mult : 35 19 1
wp: 4010942, wn : 19, rp : 106587, rn : 3, gcp : 4010942 wu: 0.003378, ru: 0.007881, gcu : 0.023897
min_rc,wn,mult : 35 3 11
wp: 2464138, wn : 3, rp : 537602, rn : 15, gcp : 27105518 wu: 0.000868, ru: 0.007812, gcu : 0.003536
min_rc,wn,mult : 35 28 1
wp: 9323501, wn : 28, rp : 5186987, rn : 17, gcp : 9323501 wu: 0.002141, ru: 0.000918, gcu : 0.010280
WRsum : 0.100000, utilsum(noblock): 0.413496, utilsum(nogc): 0.032837 totutil : 0.446333
saving 18,815799,12,1922220,815799,0,10878
saving 25,1536740,31,1746093,1536740,10879,21757
saving 24,1833659,8,360045,1833659,21758,32636
saving 27,3344525,17,551311,3344525,32637,43515
saving 7,1278903,47,1445204,6394515,43516,54394
saving 19,4010942,3,106587,4010942,54395,65273
saving 3,2464138,15,537602,27105518,65274,76152
saving 28,9323501,17,5186987,9323501,76153,87031
