[ SCHEMES ] 0, 0, 0, 0
[EXEC-main] 0, 1
[EXEC-task] 8, 0.100000
[EXEC-skew] -1, -2.000000, -2.000000, 32767
[EXEC-OP  ] 0, 0.320000, 35
[NOB MAXPE] : 1000, 2000
[LAT MODE ] : 0 (0=STATE, 1=FIXED_S, 2=FIXED_E)
expected_invalid : 34720, expected_fp : 5217, maxvalid : 87039
::UUNIFAST GEN::
[0]0.014219
[1]0.014055
[2]0.013860
[3]0.013622
[4]0.013310
[5]0.012850
[6]0.011903
[7]0.006180
[ALL]0.100000
min_rc,wn,mult : 35 22 1
wp: 5515688, wn : 22, rp : 935339, rn : 38, gcp : 5515688 wu: 0.002844, ru: 0.011376, gcu : 0.017378
min_rc,wn,mult : 35 30 1
wp: 3804783, wn : 30, rp : 763684, rn : 23, gcp : 3804783 wu: 0.005622, ru: 0.008433, gcu : 0.025192
min_rc,wn,mult : 35 3 11
wp: 514418, wn : 3, rp : 144297, rn : 5, gcp : 5658598 wu: 0.004158, ru: 0.009702, gcu : 0.016939
min_rc,wn,mult : 35 4 8
wp: 2093681, wn : 4, rp : 365423, rn : 16, gcp : 16749448 wu: 0.001362, ru: 0.012260, gcu : 0.005723
min_rc,wn,mult : 35 7 5
wp: 749937, wn : 7, rp : 1262167, rn : 30, gcp : 3749685 wu: 0.006655, ru: 0.006655, gcu : 0.025562
min_rc,wn,mult : 35 19 1
wp: 1171419, wn : 19, rp : 3922313, rn : 18, gcp : 1171419 wu: 0.011565, ru: 0.001285, gcu : 0.081823
min_rc,wn,mult : 35 21 1
wp: 2096465, wn : 21, rp : 646875, rn : 11, gcp : 2096465 wu: 0.007142, ru: 0.004761, gcu : 0.045719
min_rc,wn,mult : 35 27 1
wp: 3461008, wn : 27, rp : 14044669, rn : 31, gcp : 3461008 wu: 0.005562, ru: 0.000618, gcu : 0.027694
WRsum : 0.100000, utilsum(noblock): 0.346029, utilsum(nogc): 0.024256 totutil : 0.370284
saving 22,5515688,38,935339,5515688,0,10878
saving 30,3804783,23,763684,3804783,10879,21757
saving 3,514418,5,144297,5658598,21758,32636
saving 4,2093681,16,365423,16749448,32637,43515
saving 7,749937,30,1262167,3749685,43516,54394
saving 19,1171419,18,3922313,1171419,54395,65273
saving 21,2096465,11,646875,2096465,65274,76152
saving 27,3461008,31,14044669,3461008,76153,87031
