[ SCHEMES ] 0, 0, 0, 0
[EXEC-main] 0, 1
[EXEC-task] 8, 0.200000
[EXEC-skew] -1, -2.000000, -2.000000, 32767
[EXEC-OP  ] 0, 0.320000, 35
[NOB MAXPE] : 1000, 2000
[LAT MODE ] : 0 (0=STATE, 1=FIXED_S, 2=FIXED_E)
expected_invalid : 34720, expected_fp : 5217, maxvalid : 87039
::UUNIFAST GEN::
[0]0.026138
[1]0.026209
[2]0.026290
[3]0.026381
[4]0.026478
[5]0.026545
[6]0.026218
[7]0.015742
[ALL]0.200000
min_rc,wn,mult : 35 1 35
wp: 136392, wn : 1, rp : 669526, rn : 50, gcp : 4773720 wu: 0.005228, ru: 0.020910, gcu : 0.020078
min_rc,wn,mult : 35 27 1
wp: 2448391, wn : 27, rp : 137357, rn : 9, gcp : 2448391 wu: 0.007863, ru: 0.018346, gcu : 0.039148
min_rc,wn,mult : 35 16 2
wp: 867867, wn : 16, rp : 596430, rn : 28, gcp : 1735734 wu: 0.013145, ru: 0.013145, gcu : 0.055221
min_rc,wn,mult : 35 28 1
wp: 945953, wn : 28, rp : 212275, rn : 4, gcp : 945953 wu: 0.021105, ru: 0.005276, gcu : 0.101325
min_rc,wn,mult : 35 3 11
wp: 201959, wn : 3, rp : 528739, rn : 30, gcp : 2221549 wu: 0.010591, ru: 0.015887, gcu : 0.043145
min_rc,wn,mult : 35 12 2
wp: 1611611, wn : 12, rp : 632891, rn : 48, gcp : 3223222 wu: 0.005309, ru: 0.021236, gcu : 0.029737
min_rc,wn,mult : 35 25 1
wp: 2266278, wn : 25, rp : 656044, rn : 43, gcp : 2266278 wu: 0.007865, ru: 0.018352, gcu : 0.042294
min_rc,wn,mult : 35 29 1
wp: 6567516, wn : 29, rp : 778179, rn : 35, gcp : 6567516 wu: 0.003148, ru: 0.012593, gcu : 0.014594
WRsum : 0.200000, utilsum(noblock): 0.545543, utilsum(nogc): 0.025661 totutil : 0.571204
saving 1,136392,50,669526,4773720,0,10878
saving 27,2448391,9,137357,2448391,10879,21757
saving 16,867867,28,596430,1735734,21758,32636
saving 28,945953,4,212275,945953,32637,43515
saving 3,201959,30,528739,2221549,43516,54394
saving 12,1611611,48,632891,3223222,54395,65273
saving 25,2266278,43,656044,2266278,65274,76152
saving 29,6567516,35,778179,6567516,76153,87031
