[ SCHEMES ] 0, 0, 0, 0
[EXEC-main] 0, 1
[EXEC-task] 8, 0.100000
[EXEC-skew] -1, -2.000000, -2.000000, 32765
[EXEC-OP  ] 0, 0.320000, 35
[NOB MAXPE] : 1000, 2000
[LAT MODE ] : 0 (0=STATE, 1=FIXED_S, 2=FIXED_E)
expected_invalid : 34720, expected_fp : 5217, maxvalid : 87039
::UUNIFAST GEN::
[0]0.010435
[1]0.010806
[2]0.011261
[3]0.011840
[4]0.012621
[5]0.013774
[6]0.015734
[7]0.013530
[ALL]0.100000
min_rc,wn,mult : 35 23 1
wp: 1746101, wn : 23, rp : 2951517, rn : 11, gcp : 1746101 wu: 0.009392, ru: 0.001044, gcu : 0.054893
min_rc,wn,mult : 35 6 5
wp: 565539, wn : 6, rp : 1641007, rn : 19, gcp : 2827695 wu: 0.007564, ru: 0.003242, gcu : 0.033897
min_rc,wn,mult : 35 10 3
wp: 703523, wn : 10, rp : 2983809, rn : 12, gcp : 2110569 wu: 0.010135, ru: 0.001126, gcu : 0.045414
min_rc,wn,mult : 35 15 2
wp: 1129158, wn : 15, rp : 2246703, rn : 19, gcp : 2258316 wu: 0.009472, ru: 0.002368, gcu : 0.042443
min_rc,wn,mult : 35 4 8
wp: 2259813, wn : 4, rp : 591629, rn : 24, gcp : 18078504 wu: 0.001262, ru: 0.011358, gcu : 0.005302
min_rc,wn,mult : 35 7 5
wp: 1207830, wn : 7, rp : 1219688, rn : 42, gcp : 6039150 wu: 0.004132, ru: 0.009642, gcu : 0.015871
min_rc,wn,mult : 35 23 1
wp: 1302839, wn : 23, rp : 4448990, rn : 50, gcp : 1302839 wu: 0.012587, ru: 0.003147, gcu : 0.073569
min_rc,wn,mult : 35 6 5
wp: 3161966, wn : 6, rp : 1149746, rn : 50, gcp : 15809830 wu: 0.001353, ru: 0.012177, gcu : 0.006063
WRsum : 0.100000, utilsum(noblock): 0.377451, utilsum(nogc): 0.006189 totutil : 0.383640
saving 23,1746101,11,2951517,1746101,0,10878
saving 6,565539,19,1641007,2827695,10879,21757
saving 10,703523,12,2983809,2110569,21758,32636
saving 15,1129158,19,2246703,2258316,32637,43515
saving 4,2259813,24,591629,18078504,43516,54394
saving 7,1207830,42,1219688,6039150,54395,65273
saving 23,1302839,50,4448990,1302839,65274,76152
saving 6,3161966,50,1149746,15809830,76153,87031
