[ SCHEMES ] 0, 0, 0, 0
[EXEC-main] 0, 1
[EXEC-task] 8, 0.200000
[EXEC-skew] -1, -2.000000, -2.000000, 32767
[EXEC-OP  ] 0, 0.320000, 35
[NOB MAXPE] : 1000, 2000
[LAT MODE ] : 0 (0=STATE, 1=FIXED_S, 2=FIXED_E)
expected_invalid : 34720, expected_fp : 5217, maxvalid : 87039
::UUNIFAST GEN::
[0]0.005978
[1]0.006748
[2]0.007789
[3]0.009282
[4]0.011634
[5]0.015977
[6]0.027287
[7]0.115305
[ALL]0.200000
min_rc,wn,mult : 35 1 35
wp: 149099, wn : 1, rp : 936839, rn : 4, gcp : 5218465 wu: 0.004782, ru: 0.001196, gcu : 0.018367
min_rc,wn,mult : 35 23 1
wp: 6075164, wn : 23, rp : 3250164, rn : 47, gcp : 6075164 wu: 0.002699, ru: 0.004049, gcu : 0.015777
min_rc,wn,mult : 35 18 1
wp: 2746199, wn : 18, rp : 1977160, rn : 22, gcp : 2746199 wu: 0.004673, ru: 0.003116, gcu : 0.034902
min_rc,wn,mult : 35 5 7
wp: 426741, wn : 5, rp : 11161124, rn : 37, gcp : 2987187 wu: 0.008354, ru: 0.000928, gcu : 0.032087
min_rc,wn,mult : 35 3 11
wp: 1838593, wn : 3, rp : 187192, rn : 7, gcp : 20224523 wu: 0.001163, ru: 0.010471, gcu : 0.004739
min_rc,wn,mult : 35 5 7
wp: 743779, wn : 5, rp : 250360, rn : 10, gcp : 5206453 wu: 0.004793, ru: 0.011184, gcu : 0.018410
min_rc,wn,mult : 35 9 3
wp: 335956, wn : 9, rp : 718297, rn : 21, gcp : 1007868 wu: 0.019101, ru: 0.008186, gcu : 0.095101
min_rc,wn,mult : 35 27 1
wp: 556522, wn : 27, rp : 3469, rn : 1, gcp : 556522 wu: 0.034592, ru: 0.080714, gcu : 0.172229
WRsum : 0.200001, utilsum(noblock): 0.591613, utilsum(nogc): 1.008936 totutil : 1.600549
::UUNIFAST GEN::
[0]0.014815
[1]0.015903
[2]0.017291
[3]0.019152
[4]0.021835
[5]0.026212
[6]0.035317
[7]0.049476
[ALL]0.200000
min_rc,wn,mult : 35 11 3
wp: 2647019, wn : 11, rp : 921377, rn : 39, gcp : 7941057 wu: 0.002963, ru: 0.011852, gcu : 0.012070
min_rc,wn,mult : 35 11 3
wp: 4931858, wn : 11, rp : 704281, rn : 36, gcp : 14795574 wu: 0.001590, ru: 0.014312, gcu : 0.006478
min_rc,wn,mult : 35 12 2
wp: 824700, wn : 12, rp : 1700294, rn : 42, gcp : 1649400 wu: 0.010375, ru: 0.006916, gcu : 0.058111
min_rc,wn,mult : 35 26 1
wp: 1382788, wn : 26, rp : 1851873, rn : 38, gcp : 1382788 wu: 0.013406, ru: 0.005746, gcu : 0.069316
min_rc,wn,mult : 35 5 7
wp: 544220, wn : 5, rp : 164869, rn : 9, gcp : 3809540 wu: 0.006551, ru: 0.015285, gcu : 0.025160
min_rc,wn,mult : 35 9 3
wp: 2448130, wn : 9, rp : 557848, rn : 47, gcp : 7344390 wu: 0.002621, ru: 0.023591, gcu : 0.013051
min_rc,wn,mult : 35 4 8
wp: 807549, wn : 4, rp : 26427, rn : 3, gcp : 6460392 wu: 0.003532, ru: 0.031785, gcu : 0.014836
min_rc,wn,mult : 35 8 4
wp: 576446, wn : 8, rp : 84890, rn : 12, gcp : 2305784 wu: 0.009895, ru: 0.039580, gcu : 0.041569
WRsum : 0.200001, utilsum(noblock): 0.440593, utilsum(nogc): 0.132440 totutil : 0.573033
saving 11,2647019,39,921377,7941057,0,10878
saving 11,4931858,36,704281,14795574,10879,21757
saving 12,824700,42,1700294,1649400,21758,32636
saving 26,1382788,38,1851873,1382788,32637,43515
saving 5,544220,9,164869,3809540,43516,54394
saving 9,2448130,47,557848,7344390,54395,65273
saving 4,807549,3,26427,6460392,65274,76152
saving 8,576446,12,84890,2305784,76153,87031
