[ SCHEMES ] 0, 0, 0, 0
[EXEC-main] 0, 1
[EXEC-task] 8, 0.250000
[EXEC-skew] -1, -2.000000, -2.000000, 32766
[EXEC-OP  ] 0, 0.320000, 35
[NOB MAXPE] : 1000, 2000
[LAT MODE ] : 0 (0=STATE, 1=FIXED_S, 2=FIXED_E)
expected_invalid : 34720, expected_fp : 5217, maxvalid : 87039
::UUNIFAST GEN::
[0]0.022866
[1]0.024047
[2]0.025520
[3]0.027439
[4]0.030106
[5]0.034227
[6]0.041956
[7]0.043839
[ALL]0.250000
min_rc,wn,mult : 35 14 2
wp: 485052, wn : 14, rp : 3061343, rn : 25, gcp : 970104 wu: 0.020579, ru: 0.002287, gcu : 0.098803
min_rc,wn,mult : 35 10 3
wp: 1482502, wn : 10, rp : 87328, rn : 6, gcp : 4447506 wu: 0.004809, ru: 0.019238, gcu : 0.021551
min_rc,wn,mult : 35 14 2
wp: 558772, wn : 14, rp : 73144, rn : 2, gcp : 1117544 wu: 0.017864, ru: 0.007656, gcu : 0.085768
min_rc,wn,mult : 35 22 1
wp: 952781, wn : 22, rp : 127555, rn : 5, gcp : 952781 wu: 0.016463, ru: 0.010976, gcu : 0.100599
min_rc,wn,mult : 35 7 5
wp: 331562, wn : 7, rp : 874246, rn : 47, gcp : 1657810 wu: 0.015053, ru: 0.015053, gcu : 0.057817
min_rc,wn,mult : 35 11 3
wp: 1145719, wn : 11, rp : 51128, rn : 5, gcp : 3437157 wu: 0.006845, ru: 0.027382, gcu : 0.027886
min_rc,wn,mult : 35 13 2
wp: 2209227, wn : 13, rp : 44491, rn : 6, gcp : 4418454 wu: 0.004196, ru: 0.037760, gcu : 0.021693
min_rc,wn,mult : 35 2 17
wp: 46469, wn : 2, rp : 702575, rn : 33, gcp : 789973 wu: 0.030687, ru: 0.013152, gcu : 0.121332
WRsum : 0.250001, utilsum(noblock): 0.785449, utilsum(nogc): 0.078668 totutil : 0.864117
saving 14,485052,25,3061343,970104,0,10878
saving 10,1482502,6,87328,4447506,10879,21757
saving 14,558772,2,73144,1117544,21758,32636
saving 22,952781,5,127555,952781,32637,43515
saving 7,331562,47,874246,1657810,43516,54394
saving 11,1145719,5,51128,3437157,54395,65273
saving 13,2209227,6,44491,4418454,65274,76152
saving 2,46469,33,702575,789973,76153,87031
