[ SCHEMES ] 0, 0, 0, 0
[EXEC-main] 0, 1
[EXEC-task] 8, 0.300000
[EXEC-skew] -1, -2.000000, -2.000000, 32766
[EXEC-OP  ] 0, 0.320000, 35
[NOB MAXPE] : 1000, 2000
[LAT MODE ] : 0 (0=STATE, 1=FIXED_S, 2=FIXED_E)
expected_invalid : 34720, expected_fp : 5217, maxvalid : 87039
::UUNIFAST GEN::
[0]0.060329
[1]0.055229
[2]0.049747
[3]0.043763
[4]0.037080
[5]0.029309
[6]0.019446
[7]0.005098
[ALL]0.300000
min_rc,wn,mult : 35 27 1
wp: 1595507, wn : 27, rp : 237863, rn : 41, gcp : 1595507 wu: 0.012066, ru: 0.048263, gcu : 0.060074
min_rc,wn,mult : 35 7 5
wp: 150614, wn : 7, rp : 557675, rn : 44, gcp : 753070 wu: 0.033138, ru: 0.022092, gcu : 0.127278
min_rc,wn,mult : 35 14 2
wp: 286652, wn : 14, rp : 825515, rn : 44, gcp : 573304 wu: 0.034823, ru: 0.014924, gcu : 0.167187
min_rc,wn,mult : 35 9 3
wp: 1466307, wn : 9, rp : 291469, rn : 41, gcp : 4398921 wu: 0.004376, ru: 0.039387, gcu : 0.021789
min_rc,wn,mult : 35 23 1
wp: 737104, wn : 23, rp : 339807, rn : 18, gcp : 737104 wu: 0.022248, ru: 0.014832, gcu : 0.130035
min_rc,wn,mult : 35 7 5
wp: 283815, wn : 7, rp : 597087, rn : 25, gcp : 1419075 wu: 0.017585, ru: 0.011724, gcu : 0.067543
min_rc,wn,mult : 35 15 2
wp: 1374995, wn : 15, rp : 527970, rn : 22, gcp : 2749990 wu: 0.007778, ru: 0.011667, gcu : 0.034854
min_rc,wn,mult : 35 1 35
wp: 199798, wn : 1, rp : 5858515, rn : 32, gcp : 6992930 wu: 0.003569, ru: 0.001529, gcu : 0.013707
WRsum : 0.300000, utilsum(noblock): 0.922467, utilsum(nogc): 0.023238 totutil : 0.945705
saving 27,1595507,41,237863,1595507,0,10878
saving 7,150614,44,557675,753070,10879,21757
saving 14,286652,44,825515,573304,21758,32636
saving 9,1466307,41,291469,4398921,32637,43515
saving 23,737104,18,339807,737104,43516,54394
saving 7,283815,25,597087,1419075,54395,65273
saving 15,1374995,22,527970,2749990,65274,76152
saving 1,199798,32,5858515,6992930,76153,87031
