[ SCHEMES ] 0, 0, 0, 0
[EXEC-main] 0, 1
[EXEC-task] 8, 0.250000
[EXEC-skew] -1, -2.000000, -2.000000, 32767
[EXEC-OP  ] 0, 0.320000, 35
[NOB MAXPE] : 1000, 2000
[LAT MODE ] : 0 (0=STATE, 1=FIXED_S, 2=FIXED_E)
expected_invalid : 34720, expected_fp : 5217, maxvalid : 87039
::UUNIFAST GEN::
[0]0.030468
[1]0.030886
[2]0.031382
[3]0.031992
[4]0.032769
[5]0.033807
[6]0.035063
[7]0.023633
[ALL]0.250000
min_rc,wn,mult : 35 11 3
wp: 321772, wn : 11, rp : 505448, rn : 11, gcp : 965316 wu: 0.024374, ru: 0.006094, gcu : 0.099293
min_rc,wn,mult : 35 14 2
wp: 403991, wn : 14, rp : 634601, rn : 14, gcp : 807982 wu: 0.024708, ru: 0.006177, gcu : 0.118628
min_rc,wn,mult : 35 11 3
wp: 624794, wn : 11, rp : 713777, rn : 48, gcp : 1874382 wu: 0.012553, ru: 0.018829, gcu : 0.051136
min_rc,wn,mult : 35 1 35
wp: 24763, wn : 1, rp : 3588444, rn : 41, gcp : 866705 wu: 0.028792, ru: 0.003199, gcu : 0.110590
min_rc,wn,mult : 35 7 5
wp: 304615, wn : 7, rp : 410141, rn : 24, gcp : 1523075 wu: 0.016385, ru: 0.016385, gcu : 0.062931
min_rc,wn,mult : 35 6 5
wp: 1265412, wn : 6, rp : 220860, rn : 24, gcp : 6327060 wu: 0.003381, ru: 0.030426, gcu : 0.015149
min_rc,wn,mult : 35 24 1
wp: 2440150, wn : 24, rp : 59891, rn : 6, gcp : 2440150 wu: 0.007013, ru: 0.028051, gcu : 0.039280
min_rc,wn,mult : 35 11 3
wp: 663739, wn : 11, rp : 450222, rn : 19, gcp : 1991217 wu: 0.011816, ru: 0.011816, gcu : 0.048136
WRsum : 0.250001, utilsum(noblock): 0.795144, utilsum(nogc): 0.141340 totutil : 0.936484
saving 11,321772,11,505448,965316,0,10878
saving 14,403991,14,634601,807982,10879,21757
saving 11,624794,48,713777,1874382,21758,32636
saving 1,24763,41,3588444,866705,32637,43515
saving 7,304615,24,410141,1523075,43516,54394
saving 6,1265412,24,220860,6327060,54395,65273
saving 24,2440150,6,59891,2440150,65274,76152
saving 11,663739,19,450222,1991217,76153,87031
