[ SCHEMES ] 0, 0, 0, 0
[EXEC-main] 0, 1
[EXEC-task] 8, 0.250000
[EXEC-skew] -1, -2.000000, -2.000000, 32765
[EXEC-OP  ] 0, 0.320000, 35
[NOB MAXPE] : 1000, 2000
[LAT MODE ] : 0 (0=STATE, 1=FIXED_S, 2=FIXED_E)
expected_invalid : 34720, expected_fp : 5217, maxvalid : 87039
::UUNIFAST GEN::
[0]0.030625
[1]0.031021
[2]0.031491
[3]0.032066
[4]0.032798
[5]0.033769
[6]0.034902
[7]0.023328
[ALL]0.250000
min_rc,wn,mult : 35 1 35
wp: 33259, wn : 1, rp : 1371427, rn : 45, gcp : 1164065 wu: 0.021438, ru: 0.009188, gcu : 0.082340
min_rc,wn,mult : 35 6 5
wp: 197010, wn : 6, rp : 1414106, rn : 47, gcp : 985050 wu: 0.021715, ru: 0.009306, gcu : 0.097304
min_rc,wn,mult : 35 24 1
wp: 5433941, wn : 24, rp : 493969, rn : 50, gcp : 5433941 wu: 0.003149, ru: 0.028342, gcu : 0.017639
min_rc,wn,mult : 35 3 11
wp: 333526, wn : 3, rp : 32744, rn : 3, gcp : 3668786 wu: 0.006413, ru: 0.025653, gcu : 0.026126
min_rc,wn,mult : 35 11 3
wp: 597817, wn : 11, rp : 540675, rn : 38, gcp : 1793451 wu: 0.013119, ru: 0.019679, gcu : 0.053444
min_rc,wn,mult : 35 17 2
wp: 398825, wn : 17, rp : 995006, rn : 12, gcp : 797650 wu: 0.030392, ru: 0.003377, gcu : 0.120164
min_rc,wn,mult : 35 5 7
wp: 170239, wn : 5, rp : 722023, rn : 36, gcp : 1191673 wu: 0.020941, ru: 0.013961, gcu : 0.080432
min_rc,wn,mult : 35 26 1
wp: 1135247, wn : 26, rp : 1560368, rn : 39, gcp : 1135247 wu: 0.016329, ru: 0.006998, gcu : 0.084430
WRsum : 0.250001, utilsum(noblock): 0.811879, utilsum(nogc): 0.106890 totutil : 0.918769
saving 1,33259,45,1371427,1164065,0,10878
saving 6,197010,47,1414106,985050,10879,21757
saving 24,5433941,50,493969,5433941,21758,32636
saving 3,333526,3,32744,3668786,32637,43515
saving 11,597817,38,540675,1793451,43516,54394
saving 17,398825,12,995006,797650,54395,65273
saving 5,170239,36,722023,1191673,65274,76152
saving 26,1135247,39,1560368,1135247,76153,87031
