[ SCHEMES ] 0, 0, 0, 0
[EXEC-main] 0, 1
[EXEC-task] 8, 0.150000
[EXEC-skew] -1, -2.000000, -2.000000, 32767
[EXEC-OP  ] 0, 0.320000, 35
[NOB MAXPE] : 1000, 2000
[LAT MODE ] : 0 (0=STATE, 1=FIXED_S, 2=FIXED_E)
expected_invalid : 34720, expected_fp : 5217, maxvalid : 87039
::UUNIFAST GEN::
[0]0.000040
[1]0.000047
[2]0.000056
[3]0.000070
[4]0.000093
[5]0.000140
[6]0.000279
[7]0.149275
[ALL]0.150000
min_rc,wn,mult : 35 1 35
wp: 59367884, wn : 1, rp : 99917896, rn : 10, gcp : 2077875940 wu: 0.000012, ru: 0.000028, gcu : 0.000046
min_rc,wn,mult : 35 17 2
wp: 519195040, wn : 17, rp : 155917008, rn : 13, gcp : 1038390080 wu: 0.000023, ru: 0.000023, gcu : 0.000092
min_rc,wn,mult : 35 23 1
wp: 325315296, wn : 23, rp : 699867264, rn : 14, gcp : 325315296 wu: 0.000050, ru: 0.000006, gcu : 0.000295
min_rc,wn,mult : 35 21 1
wp: 427898720, wn : 21, rp : 40009232, rn : 5, gcp : 427898720 wu: 0.000035, ru: 0.000035, gcu : 0.000224
min_rc,wn,mult : 35 29 1
wp: 739037312, wn : 29, rp : 17156160, rn : 4, gcp : 739037312 wu: 0.000028, ru: 0.000065, gcu : 0.000130
min_rc,wn,mult : 35 24 1
wp: 244837392, wn : 24, rp : 152236432, rn : 38, gcp : 244837392 wu: 0.000070, ru: 0.000070, gcu : 0.000391
min_rc,wn,mult : 35 8 4
wp: 34052876, wn : 8, rp : 120355184, rn : 48, gcp : 136211504 wu: 0.000168, ru: 0.000112, gcu : 0.000704
min_rc,wn,mult : 35 13 2
wp: 68992, wn : 13, rp : 206330, rn : 11, gcp : 137984 wu: 0.134348, ru: 0.014928, gcu : 0.694638
WRsum : 0.150001, utilsum(noblock): 0.846522, utilsum(nogc): 0.050731 totutil : 0.897252
saving 1,59367884,10,99917896,2077875940,0,10878
saving 17,519195040,13,155917008,1038390080,10879,21757
saving 23,325315296,14,699867264,325315296,21758,32636
saving 21,427898720,5,40009232,427898720,32637,43515
saving 29,739037312,4,17156160,739037312,43516,54394
saving 24,244837392,38,152236432,244837392,54395,65273
saving 8,34052876,48,120355184,136211504,65274,76152
saving 13,68992,11,206330,137984,76153,87031
