[ SCHEMES ] 0, 0, 0, 0
[EXEC-main] 0, 1
[EXEC-task] 8, 0.100000
[EXEC-skew] -1, -2.000000, -2.000000, 32766
[EXEC-OP  ] 0, 0.320000, 35
[NOB MAXPE] : 1000, 2000
[LAT MODE ] : 0 (0=STATE, 1=FIXED_S, 2=FIXED_E)
expected_invalid : 34720, expected_fp : 5217, maxvalid : 87039
::UUNIFAST GEN::
[0]0.017252
[1]0.016403
[2]0.015451
[3]0.014356
[4]0.013050
[5]0.011382
[6]0.008890
[7]0.003216
[ALL]0.100000
min_rc,wn,mult : 35 5 7
wp: 1033228, wn : 5, rp : 608633, rn : 30, gcp : 7232596 wu: 0.003450, ru: 0.013801, gcu : 0.013252
min_rc,wn,mult : 35 6 5
wp: 2608081, wn : 6, rp : 531072, rn : 28, gcp : 13040405 wu: 0.001640, ru: 0.014763, gcu : 0.007350
min_rc,wn,mult : 35 23 1
wp: 3537935, wn : 23, rp : 1268556, rn : 49, gcp : 3537935 wu: 0.004635, ru: 0.010815, gcu : 0.027092
min_rc,wn,mult : 35 20 1
wp: 1655494, wn : 20, rp : 146277, rn : 3, gcp : 1655494 wu: 0.008614, ru: 0.005742, gcu : 0.057898
min_rc,wn,mult : 35 28 1
wp: 7649015, wn : 28, rp : 455937, rn : 17, gcp : 7649015 wu: 0.002610, ru: 0.010440, gcu : 0.012531
min_rc,wn,mult : 35 20 1
wp: 1392037, wn : 20, rp : 6887949, rn : 28, gcp : 1392037 wu: 0.010244, ru: 0.001138, gcu : 0.068855
min_rc,wn,mult : 35 23 1
wp: 4611522, wn : 23, rp : 734888, rn : 14, gcp : 4611522 wu: 0.003556, ru: 0.005334, gcu : 0.020785
min_rc,wn,mult : 35 28 1
wp: 8868033, wn : 28, rp : 12769304, rn : 44, gcp : 8868033 wu: 0.002251, ru: 0.000965, gcu : 0.010808
WRsum : 0.100000, utilsum(noblock): 0.318571, utilsum(nogc): 0.023927 totutil : 0.342498
saving 5,1033228,30,608633,7232596,0,10878
saving 6,2608081,28,531072,13040405,10879,21757
saving 23,3537935,49,1268556,3537935,21758,32636
saving 20,1655494,3,146277,1655494,32637,43515
saving 28,7649015,17,455937,7649015,43516,54394
saving 20,1392037,28,6887949,1392037,54395,65273
saving 23,4611522,14,734888,4611522,65274,76152
saving 28,8868033,44,12769304,8868033,76153,87031
