[ SCHEMES ] 0, 0, 0, 0
[EXEC-main] 0, 1
[EXEC-task] 8, 0.250000
[EXEC-skew] -1, -2.000000, -2.000000, 32765
[EXEC-OP  ] 0, 0.320000, 35
[NOB MAXPE] : 1000, 2000
[LAT MODE ] : 0 (0=STATE, 1=FIXED_S, 2=FIXED_E)
expected_invalid : 34720, expected_fp : 5217, maxvalid : 87039
::UUNIFAST GEN::
[0]0.018981
[1]0.020330
[2]0.022049
[3]0.024345
[4]0.027645
[5]0.032995
[6]0.044013
[7]0.059642
[ALL]0.250000
min_rc,wn,mult : 35 5 7
wp: 1878242, wn : 5, rp : 81955, rn : 5, gcp : 13147694 wu: 0.001898, ru: 0.017082, gcu : 0.007290
min_rc,wn,mult : 35 10 3
wp: 701412, wn : 10, rp : 1184432, rn : 43, gcp : 2104236 wu: 0.010165, ru: 0.010165, gcu : 0.045550
min_rc,wn,mult : 35 5 7
wp: 404214, wn : 5, rp : 1015921, rn : 48, gcp : 2829498 wu: 0.008820, ru: 0.013229, gcu : 0.033875
min_rc,wn,mult : 35 13 2
wp: 634553, wn : 13, rp : 546308, rn : 19, gcp : 1269106 wu: 0.014607, ru: 0.009738, gcu : 0.075525
min_rc,wn,mult : 35 12 2
wp: 515834, wn : 12, rp : 1164787, rn : 46, gcp : 1031668 wu: 0.016587, ru: 0.011058, gcu : 0.092907
min_rc,wn,mult : 35 30 1
wp: 3241379, wn : 30, rp : 328835, rn : 31, gcp : 3241379 wu: 0.006599, ru: 0.026396, gcu : 0.029570
min_rc,wn,mult : 35 4 8
wp: 129597, wn : 4, rp : 318085, rn : 25, gcp : 1036776 wu: 0.022007, ru: 0.022007, gcu : 0.092449
min_rc,wn,mult : 35 30 1
wp: 398489, wn : 30, rp : 187787, rn : 4, gcp : 398489 wu: 0.053678, ru: 0.005964, gcu : 0.240531
WRsum : 0.250000, utilsum(noblock): 0.867698, utilsum(nogc): 0.042706 totutil : 0.910405
saving 5,1878242,5,81955,13147694,0,10878
saving 10,701412,43,1184432,2104236,10879,21757
saving 5,404214,48,1015921,2829498,21758,32636
saving 13,634553,19,546308,1269106,32637,43515
saving 12,515834,46,1164787,1031668,43516,54394
saving 30,3241379,31,328835,3241379,54395,65273
saving 4,129597,25,318085,1036776,65274,76152
saving 30,398489,4,187787,398489,76153,87031
