[ SCHEMES ] 0, 0, 0, 0
[EXEC-main] 0, 1
[EXEC-task] 8, 0.200000
[EXEC-skew] -1, -2.000000, -2.000000, 32765
[EXEC-OP  ] 0, 0.320000, 35
[NOB MAXPE] : 1000, 2000
[LAT MODE ] : 0 (0=STATE, 1=FIXED_S, 2=FIXED_E)
expected_invalid : 34720, expected_fp : 5217, maxvalid : 87039
::UUNIFAST GEN::
[0]0.033118
[1]0.031773
[2]0.030248
[3]0.028473
[4]0.026318
[5]0.023499
[6]0.019088
[7]0.007483
[ALL]0.200000
min_rc,wn,mult : 35 1 35
wp: 23921, wn : 1, rp : 4142757, rn : 49, gcp : 837235 wu: 0.029806, ru: 0.003312, gcu : 0.114483
min_rc,wn,mult : 35 22 1
wp: 1234238, wn : 22, rp : 719697, rn : 49, gcp : 1234238 wu: 0.012709, ru: 0.019064, gcu : 0.077658
min_rc,wn,mult : 35 1 35
wp: 78573, wn : 1, rp : 555413, rn : 42, gcp : 2750055 wu: 0.009074, ru: 0.021173, gcu : 0.034853
min_rc,wn,mult : 35 9 3
wp: 1126870, wn : 9, rp : 503992, rn : 41, gcp : 3380610 wu: 0.005695, ru: 0.022778, gcu : 0.028353
min_rc,wn,mult : 35 13 2
wp: 880468, wn : 13, rp : 620605, rn : 35, gcp : 1760936 wu: 0.010527, ru: 0.015791, gcu : 0.054431
min_rc,wn,mult : 35 20 1
wp: 1011373, wn : 20, rp : 1251095, rn : 42, gcp : 1011373 wu: 0.014100, ru: 0.009400, gcu : 0.094771
min_rc,wn,mult : 35 26 1
wp: 9711703, wn : 26, rp : 798627, rn : 49, gcp : 9711703 wu: 0.001909, ru: 0.017179, gcu : 0.009869
min_rc,wn,mult : 35 16 2
wp: 1693952, wn : 16, rp : 12348268, rn : 33, gcp : 3387904 wu: 0.006735, ru: 0.000748, gcu : 0.028292
WRsum : 0.200000, utilsum(noblock): 0.642711, utilsum(nogc): 0.146315 totutil : 0.789025
saving 1,23921,49,4142757,837235,0,10878
saving 22,1234238,49,719697,1234238,10879,21757
saving 1,78573,42,555413,2750055,21758,32636
saving 9,1126870,41,503992,3380610,32637,43515
saving 13,880468,35,620605,1760936,43516,54394
saving 20,1011373,42,1251095,1011373,54395,65273
saving 26,9711703,49,798627,9711703,65274,76152
saving 16,1693952,33,12348268,3387904,76153,87031
