[ SCHEMES ] 0, 0, 0, 0
[EXEC-main] 0, 1
[EXEC-task] 8, 0.150000
[EXEC-skew] -1, -2.000000, -2.000000, 32766
[EXEC-OP  ] 0, 0.320000, 35
[NOB MAXPE] : 1000, 2000
[LAT MODE ] : 0 (0=STATE, 1=FIXED_S, 2=FIXED_E)
expected_invalid : 34720, expected_fp : 5217, maxvalid : 87039
::UUNIFAST GEN::
[0]0.024129
[1]0.023290
[2]0.022333
[3]0.021208
[4]0.019827
[5]0.017988
[6]0.015006
[7]0.006218
[ALL]0.150000
min_rc,wn,mult : 35 18 1
wp: 1772964, wn : 18, rp : 132620, rn : 8, gcp : 1772964 wu: 0.007239, ru: 0.016890, gcu : 0.054061
min_rc,wn,mult : 35 28 1
wp: 952422, wn : 28, rp : 3005541, rn : 25, gcp : 952422 wu: 0.020961, ru: 0.002329, gcu : 0.100637
min_rc,wn,mult : 35 11 3
wp: 3511872, wn : 11, rp : 696533, rn : 50, gcp : 10535616 wu: 0.002233, ru: 0.020100, gcu : 0.009098
min_rc,wn,mult : 35 25 1
wp: 8404742, wn : 25, rp : 234709, rn : 16, gcp : 8404742 wu: 0.002121, ru: 0.019087, gcu : 0.011404
min_rc,wn,mult : 35 7 5
wp: 629312, wn : 7, rp : 894394, rn : 38, gcp : 3146560 wu: 0.007931, ru: 0.011896, gcu : 0.030462
min_rc,wn,mult : 35 2 17
wp: 99096, wn : 2, rp : 3891570, rn : 50, gcp : 1684632 wu: 0.014390, ru: 0.003598, gcu : 0.056896
min_rc,wn,mult : 35 25 1
wp: 3959450, wn : 25, rp : 1279463, rn : 48, gcp : 3959450 wu: 0.004502, ru: 0.010504, gcu : 0.024208
min_rc,wn,mult : 35 14 2
wp: 16052266, wn : 14, rp : 1751065, rn : 35, gcp : 32104532 wu: 0.000622, ru: 0.005597, gcu : 0.002986
WRsum : 0.150000, utilsum(noblock): 0.439751, utilsum(nogc): 0.035319 totutil : 0.475071
saving 18,1772964,8,132620,1772964,0,10878
saving 28,952422,25,3005541,952422,10879,21757
saving 11,3511872,50,696533,10535616,21758,32636
saving 25,8404742,16,234709,8404742,32637,43515
saving 7,629312,38,894394,3146560,43516,54394
saving 2,99096,50,3891570,1684632,54395,65273
saving 25,3959450,48,1279463,3959450,65274,76152
saving 14,16052266,35,1751065,32104532,76153,87031
