[ SCHEMES ] 0, 0, 0, 0
[EXEC-main] 0, 1
[EXEC-task] 8, 0.150000
[EXEC-skew] -1, -2.000000, -2.000000, 32765
[EXEC-OP  ] 0, 0.320000, 35
[NOB MAXPE] : 1000, 2000
[LAT MODE ] : 0 (0=STATE, 1=FIXED_S, 2=FIXED_E)
expected_invalid : 34720, expected_fp : 5217, maxvalid : 87039
::UUNIFAST GEN::
[0]0.000753
[1]0.000873
[2]0.001041
[3]0.001291
[4]0.001704
[5]0.002519
[6]0.004907
[7]0.136911
[ALL]0.150000
min_rc,wn,mult : 35 1 35
wp: 9473017, wn : 1, rp : 2066732, rn : 5, gcp : 331555595 wu: 0.000075, ru: 0.000677, gcu : 0.000289
min_rc,wn,mult : 35 15 2
wp: 17494490, wn : 15, rp : 50228844, rn : 47, gcp : 34988980 wu: 0.000611, ru: 0.000262, gcu : 0.002739
min_rc,wn,mult : 35 19 1
wp: 130101952, wn : 19, rp : 5378098, rn : 18, gcp : 130101952 wu: 0.000104, ru: 0.000937, gcu : 0.000737
min_rc,wn,mult : 35 12 2
wp: 7362059, wn : 12, rp : 34693576, rn : 16, gcp : 14724118 wu: 0.001162, ru: 0.000129, gcu : 0.006510
min_rc,wn,mult : 35 23 1
wp: 48114828, wn : 23, rp : 3902233, rn : 19, gcp : 48114828 wu: 0.000341, ru: 0.001363, gcu : 0.001992
min_rc,wn,mult : 35 10 3
wp: 3144967, wn : 10, rp : 40015636, rn : 36, gcp : 9434901 wu: 0.002267, ru: 0.000252, gcu : 0.010159
min_rc,wn,mult : 35 10 3
wp: 7265264, wn : 10, rp : 1069919, rn : 15, gcp : 21795792 wu: 0.000981, ru: 0.003926, gcu : 0.004398
min_rc,wn,mult : 35 15 2
wp: 130193, wn : 15, rp : 127819, rn : 25, gcp : 260386 wu: 0.082147, ru: 0.054765, gcu : 0.368104
WRsum : 0.150001, utilsum(noblock): 0.544928, utilsum(nogc): 0.027382 totutil : 0.572310
saving 1,9473017,5,2066732,331555595,0,10878
saving 15,17494490,47,50228844,34988980,10879,21757
saving 19,130101952,18,5378098,130101952,21758,32636
saving 12,7362059,16,34693576,14724118,32637,43515
saving 23,48114828,19,3902233,48114828,43516,54394
saving 10,3144967,36,40015636,9434901,54395,65273
saving 10,7265264,15,1069919,21795792,65274,76152
saving 15,130193,25,127819,260386,76153,87031
