[ SCHEMES ] 0, 0, 0, 0
[EXEC-main] 0, 1
[EXEC-task] 8, 0.100000
[EXEC-skew] -1, -2.000000, -2.000000, 32764
[EXEC-OP  ] 0, 0.320000, 35
[NOB MAXPE] : 1000, 2000
[LAT MODE ] : 0 (0=STATE, 1=FIXED_S, 2=FIXED_E)
expected_invalid : 34720, expected_fp : 5217, maxvalid : 87039
::UUNIFAST GEN::
[0]0.000455
[1]0.000528
[2]0.000630
[3]0.000782
[4]0.001033
[5]0.001529
[6]0.002985
[7]0.092059
[ALL]0.100000
min_rc,wn,mult : 35 25 1
wp: 391896192, wn : 25, rp : 1368002, rn : 2, gcp : 391896192 wu: 0.000045, ru: 0.000409, gcu : 0.000245
min_rc,wn,mult : 35 13 2
wp: 35107692, wn : 13, rp : 45603260, rn : 43, gcp : 70215384 wu: 0.000264, ru: 0.000264, gcu : 0.001365
min_rc,wn,mult : 35 10 3
wp: 113184856, wn : 10, rp : 19754874, rn : 40, gcp : 339554568 wu: 0.000063, ru: 0.000567, gcu : 0.000282
min_rc,wn,mult : 35 24 1
wp: 36480108, wn : 24, rp : 9849117, rn : 11, gcp : 36480108 wu: 0.000469, ru: 0.000313, gcu : 0.002627
min_rc,wn,mult : 35 29 1
wp: 22246114, wn : 29, rp : 111160640, rn : 41, gcp : 22246114 wu: 0.000929, ru: 0.000103, gcu : 0.004309
min_rc,wn,mult : 35 16 2
wp: 37313796, wn : 16, rp : 9158365, rn : 40, gcp : 74627592 wu: 0.000306, ru: 0.001223, gcu : 0.001284
min_rc,wn,mult : 35 4 8
wp: 1194262, wn : 4, rp : 11255883, rn : 24, gcp : 9554096 wu: 0.002388, ru: 0.000597, gcu : 0.010032
min_rc,wn,mult : 35 6 5
wp: 116175, wn : 6, rp : 136868, rn : 27, gcp : 580875 wu: 0.036824, ru: 0.055235, gcu : 0.165008
WRsum : 0.100001, utilsum(noblock): 0.285153, utilsum(nogc): 0.030127 totutil : 0.315280
saving 25,391896192,2,1368002,391896192,0,10878
saving 13,35107692,43,45603260,70215384,10879,21757
saving 10,113184856,40,19754874,339554568,21758,32636
saving 24,36480108,11,9849117,36480108,32637,43515
saving 29,22246114,41,111160640,22246114,43516,54394
saving 16,37313796,40,9158365,74627592,54395,65273
saving 4,1194262,24,11255883,9554096,65274,76152
saving 6,116175,27,136868,580875,76153,87031
