[ SCHEMES ] 0, 0, 0, 0
[EXEC-main] 0, 1
[EXEC-task] 8, 0.150000
[EXEC-skew] -1, -2.000000, -2.000000, 32765
[EXEC-OP  ] 0, 0.320000, 35
[NOB MAXPE] : 1000, 2000
[LAT MODE ] : 0 (0=STATE, 1=FIXED_S, 2=FIXED_E)
expected_invalid : 34720, expected_fp : 5217, maxvalid : 87039
::UUNIFAST GEN::
[0]0.000283
[1]0.000329
[2]0.000394
[3]0.000491
[4]0.000652
[5]0.000972
[6]0.001926
[7]0.144954
[ALL]0.150000
min_rc,wn,mult : 35 27 1
wp: 97339320, wn : 27, rp : 112317840, rn : 34, gcp : 97339320 wu: 0.000198, ru: 0.000085, gcu : 0.000985
min_rc,wn,mult : 35 29 1
wp: 314290176, wn : 29, rp : 1063999, rn : 1, gcp : 314290176 wu: 0.000066, ru: 0.000263, gcu : 0.000305
min_rc,wn,mult : 35 15 2
wp: 30177344, wn : 15, rp : 334193984, rn : 47, gcp : 60354688 wu: 0.000354, ru: 0.000039, gcu : 0.001588
min_rc,wn,mult : 35 16 2
wp: 58112792, wn : 16, rp : 3803548, rn : 4, gcp : 116225584 wu: 0.000196, ru: 0.000294, gcu : 0.000825
min_rc,wn,mult : 35 16 2
wp: 29168446, wn : 16, rp : 4295493, rn : 4, gcp : 58336892 wu: 0.000391, ru: 0.000261, gcu : 0.001643
min_rc,wn,mult : 35 11 3
wp: 26885146, wn : 11, rp : 12751849, rn : 31, gcp : 80655438 wu: 0.000292, ru: 0.000681, gcu : 0.001188
min_rc,wn,mult : 35 20 1
wp: 9256510, wn : 20, rp : 10905285, rn : 15, gcp : 9256510 wu: 0.001541, ru: 0.000385, gcu : 0.010355
min_rc,wn,mult : 35 8 4
wp: 65584, wn : 8, rp : 169019, rn : 35, gcp : 262336 wu: 0.086972, ru: 0.057982, gcu : 0.365367
WRsum : 0.150000, utilsum(noblock): 0.532256, utilsum(nogc): 0.053367 totutil : 0.585623
saving 27,97339320,34,112317840,97339320,0,10878
saving 29,314290176,1,1063999,314290176,10879,21757
saving 15,30177344,47,334193984,60354688,21758,32636
saving 16,58112792,4,3803548,116225584,32637,43515
saving 16,29168446,4,4295493,58336892,43516,54394
saving 11,26885146,31,12751849,80655438,54395,65273
saving 20,9256510,15,10905285,9256510,65274,76152
saving 8,65584,35,169019,262336,76153,87031
