[ SCHEMES ] 0, 0, 0, 0
[EXEC-main] 0, 1
[EXEC-task] 8, 0.100000
[EXEC-skew] -1, -2.000000, -2.000000, 32764
[EXEC-OP  ] 0, 0.320000, 35
[NOB MAXPE] : 1000, 2000
[LAT MODE ] : 0 (0=STATE, 1=FIXED_S, 2=FIXED_E)
expected_invalid : 34720, expected_fp : 5217, maxvalid : 87039
::UUNIFAST GEN::
[0]0.000683
[1]0.000791
[2]0.000941
[3]0.001164
[4]0.001530
[5]0.002250
[6]0.004342
[7]0.088298
[ALL]0.100000
min_rc,wn,mult : 35 27 1
wp: 31300516, wn : 27, rp : 163892368, rn : 40, gcp : 31300516 wu: 0.000615, ru: 0.000068, gcu : 0.003062
min_rc,wn,mult : 35 1 35
wp: 1287097, wn : 1, rp : 33022856, rn : 28, gcp : 45048395 wu: 0.000554, ru: 0.000237, gcu : 0.002128
min_rc,wn,mult : 35 24 1
wp: 45446524, wn : 24, rp : 3966036, rn : 8, gcp : 45446524 wu: 0.000377, ru: 0.000565, gcu : 0.002109
min_rc,wn,mult : 35 28 1
wp: 19056556, wn : 28, rp : 120272792, rn : 50, gcp : 19056556 wu: 0.001048, ru: 0.000116, gcu : 0.005030
min_rc,wn,mult : 35 5 7
wp: 3327670, wn : 5, rp : 17685346, rn : 29, gcp : 23293690 wu: 0.001071, ru: 0.000459, gcu : 0.004115
min_rc,wn,mult : 35 20 1
wp: 7041168, wn : 20, rp : 3732905, rn : 3, gcp : 7041168 wu: 0.002025, ru: 0.000225, gcu : 0.013613
min_rc,wn,mult : 35 6 5
wp: 9853306, wn : 6, rp : 859880, rn : 12, gcp : 49266530 wu: 0.000434, ru: 0.003908, gcu : 0.001946
min_rc,wn,mult : 35 8 4
wp: 215332, wn : 8, rp : 86072, rn : 19, gcp : 861328 wu: 0.026489, ru: 0.061808, gcu : 0.111280
WRsum : 0.100001, utilsum(noblock): 0.243283, utilsum(nogc): 0.040664 totutil : 0.283946
saving 27,31300516,40,163892368,31300516,0,10878
saving 1,1287097,28,33022856,45048395,10879,21757
saving 24,45446524,8,3966036,45446524,21758,32636
saving 28,19056556,50,120272792,19056556,32637,43515
saving 5,3327670,29,17685346,23293690,43516,54394
saving 20,7041168,3,3732905,7041168,54395,65273
saving 6,9853306,12,859880,49266530,65274,76152
saving 8,215332,19,86072,861328,76153,87031
