[ SCHEMES ] 0, 0, 0, 0
[EXEC-main] 0, 1
[EXEC-task] 8, 0.200000
[EXEC-skew] -1, -2.000000, -2.000000, 32767
[EXEC-OP  ] 0, 0.320000, 35
[NOB MAXPE] : 1000, 2000
[LAT MODE ] : 0 (0=STATE, 1=FIXED_S, 2=FIXED_E)
expected_invalid : 34720, expected_fp : 5217, maxvalid : 87039
::UUNIFAST GEN::
[0]0.041797
[1]0.037857
[2]0.033672
[3]0.029168
[4]0.024229
[5]0.018629
[6]0.011810
[7]0.002839
[ALL]0.200000
min_rc,wn,mult : 35 10 3
wp: 243695, wn : 10, rp : 826218, rn : 37, gcp : 731085 wu: 0.029258, ru: 0.012539, gcu : 0.131105
min_rc,wn,mult : 35 19 1
wp: 894609, wn : 19, rp : 73961, rn : 6, gcp : 894609 wu: 0.015143, ru: 0.022714, gcu : 0.107141
min_rc,wn,mult : 35 4 8
wp: 423502, wn : 4, rp : 426175, rn : 41, gcp : 3388016 wu: 0.006734, ru: 0.026937, gcu : 0.028291
min_rc,wn,mult : 35 7 5
wp: 1711113, wn : 7, rp : 490641, rn : 46, gcp : 8555565 wu: 0.002917, ru: 0.026251, gcu : 0.011203
min_rc,wn,mult : 35 2 17
wp: 588551, wn : 2, rp : 564979, rn : 44, gcp : 10005367 wu: 0.002423, ru: 0.021806, gcu : 0.009580
min_rc,wn,mult : 35 19 1
wp: 1038877, wn : 19, rp : 2254594, rn : 45, gcp : 1038877 wu: 0.013040, ru: 0.005589, gcu : 0.092262
min_rc,wn,mult : 35 27 1
wp: 1811171, wn : 27, rp : 3793384, rn : 16, gcp : 1811171 wu: 0.010629, ru: 0.001181, gcu : 0.052921
min_rc,wn,mult : 35 4 8
wp: 1674587, wn : 4, rp : 1972865, rn : 8, gcp : 13396696 wu: 0.001703, ru: 0.001135, gcu : 0.007155
WRsum : 0.200001, utilsum(noblock): 0.639658, utilsum(nogc): 0.047322 totutil : 0.686980
saving 10,243695,37,826218,731085,0,10878
saving 19,894609,6,73961,894609,10879,21757
saving 4,423502,41,426175,3388016,21758,32636
saving 7,1711113,46,490641,8555565,32637,43515
saving 2,588551,44,564979,10005367,43516,54394
saving 19,1038877,45,2254594,1038877,54395,65273
saving 27,1811171,16,3793384,1811171,65274,76152
saving 4,1674587,8,1972865,13396696,76153,87031
