[ SCHEMES ] 0, 0, 0, 0
[EXEC-main] 0, 1
[EXEC-task] 8, 0.250000
[EXEC-skew] -1, -2.000000, -2.000000, 32767
[EXEC-OP  ] 0, 0.320000, 35
[NOB MAXPE] : 1000, 2000
[LAT MODE ] : 0 (0=STATE, 1=FIXED_S, 2=FIXED_E)
expected_invalid : 34720, expected_fp : 5217, maxvalid : 87039
::UUNIFAST GEN::
[0]0.030384
[1]0.030813
[2]0.031324
[3]0.031951
[4]0.032753
[5]0.033827
[6]0.035150
[7]0.023798
[ALL]0.250000
min_rc,wn,mult : 35 2 17
wp: 117332, wn : 2, rp : 199668, rn : 13, gcp : 1994644 wu: 0.012153, ru: 0.018230, gcu : 0.048053
min_rc,wn,mult : 35 13 2
wp: 501359, wn : 13, rp : 817840, rn : 36, gcp : 1002718 wu: 0.018488, ru: 0.012325, gcu : 0.095589
min_rc,wn,mult : 35 13 2
wp: 493181, wn : 13, rp : 513985, rn : 23, gcp : 986362 wu: 0.018794, ru: 0.012530, gcu : 0.097174
min_rc,wn,mult : 35 22 1
wp: 4909375, wn : 22, rp : 360272, rn : 37, gcp : 4909375 wu: 0.003195, ru: 0.028756, gcu : 0.019524
min_rc,wn,mult : 35 13 2
wp: 404280, wn : 13, rp : 1310819, rn : 46, gcp : 808560 wu: 0.022927, ru: 0.009826, gcu : 0.118543
min_rc,wn,mult : 35 15 2
wp: 1053878, wn : 15, rp : 555761, rn : 47, gcp : 2107756 wu: 0.010148, ru: 0.023679, gcu : 0.045474
min_rc,wn,mult : 35 25 1
wp: 1014225, wn : 25, rp : 350498, rn : 22, gcp : 1014225 wu: 0.017575, ru: 0.017575, gcu : 0.094505
min_rc,wn,mult : 35 13 2
wp: 649143, wn : 13, rp : 558869, rn : 19, gcp : 1298286 wu: 0.014279, ru: 0.009519, gcu : 0.073827
WRsum : 0.250000, utilsum(noblock): 0.842690, utilsum(nogc): 0.029830 totutil : 0.872520
saving 2,117332,13,199668,1994644,0,10878
saving 13,501359,36,817840,1002718,10879,21757
saving 13,493181,23,513985,986362,21758,32636
saving 22,4909375,37,360272,4909375,32637,43515
saving 13,404280,46,1310819,808560,43516,54394
saving 15,1053878,47,555761,2107756,54395,65273
saving 25,1014225,22,350498,1014225,65274,76152
saving 13,649143,19,558869,1298286,76153,87031
