[ SCHEMES ] 0, 0, 0, 0
[EXEC-main] 0, 1
[EXEC-task] 8, 0.250000
[EXEC-skew] -1, -2.000000, -2.000000, 32764
[EXEC-OP  ] 0, 0.320000, 35
[NOB MAXPE] : 1000, 2000
[LAT MODE ] : 0 (0=STATE, 1=FIXED_S, 2=FIXED_E)
expected_invalid : 34720, expected_fp : 5217, maxvalid : 87039
::UUNIFAST GEN::
[0]0.000502
[1]0.000584
[2]0.000699
[3]0.000871
[4]0.001156
[5]0.001725
[6]0.003413
[7]0.241050
[ALL]0.250000
min_rc,wn,mult : 35 28 1
wp: 79596384, wn : 28, rp : 3349076, rn : 3, gcp : 79596384 wu: 0.000251, ru: 0.000251, gcu : 0.001204
min_rc,wn,mult : 35 8 4
wp: 48838632, wn : 8, rp : 25172788, rn : 42, gcp : 195354528 wu: 0.000117, ru: 0.000467, gcu : 0.000491
min_rc,wn,mult : 35 24 1
wp: 27202600, wn : 24, rp : 28041952, rn : 7, gcp : 27202600 wu: 0.000629, ru: 0.000070, gcu : 0.003524
min_rc,wn,mult : 35 19 1
wp: 17282896, wn : 19, rp : 138242752, rn : 43, gcp : 17282896 wu: 0.000784, ru: 0.000087, gcu : 0.005546
min_rc,wn,mult : 35 12 2
wp: 12330408, wn : 12, rp : 1210559, rn : 2, gcp : 24660816 wu: 0.000694, ru: 0.000463, gcu : 0.003887
min_rc,wn,mult : 35 19 1
wp: 78551320, wn : 19, rp : 2345142, rn : 13, gcp : 78551320 wu: 0.000172, ru: 0.001552, gcu : 0.001220
min_rc,wn,mult : 35 28 1
wp: 6499236, wn : 28, rp : 25431794, rn : 31, gcp : 6499236 wu: 0.003072, ru: 0.000341, gcu : 0.014748
min_rc,wn,mult : 35 27 1
wp: 88736, wn : 27, rp : 92926, rn : 8, gcp : 88736 wu: 0.216945, ru: 0.024105, gcu : 1.080159
WRsum : 0.250002, utilsum(noblock): 1.360780, utilsum(nogc): 0.039443 totutil : 1.400223
::UUNIFAST GEN::
[0]0.091687
[1]0.065412
[2]0.043898
[3]0.026975
[4]0.014443
[5]0.006053
[6]0.001470
[7]0.000063
[ALL]0.250000
min_rc,wn,mult : 35 23 1
wp: 223573, wn : 23, rp : 335925, rn : 22, gcp : 223573 wu: 0.073350, ru: 0.018337, gcu : 0.428715
min_rc,wn,mult : 35 2 17
wp: 72668, wn : 2, rp : 6115, rn : 1, gcp : 1235356 wu: 0.019623, ru: 0.045788, gcu : 0.077588
min_rc,wn,mult : 35 21 1
wp: 682177, wn : 21, rp : 76541, rn : 6, gcp : 682177 wu: 0.021949, ru: 0.021949, gcu : 0.140505
min_rc,wn,mult : 35 29 1
wp: 1277536, wn : 29, rp : 1219643, rn : 47, gcp : 1277536 wu: 0.016185, ru: 0.010790, gcu : 0.075026
min_rc,wn,mult : 35 14 2
wp: 1382272, wn : 14, rp : 193867, rn : 5, gcp : 2764544 wu: 0.007221, ru: 0.007221, gcu : 0.034671
min_rc,wn,mult : 35 2 17
wp: 1177955, wn : 2, rp : 2717723, rn : 47, gcp : 20025235 wu: 0.001211, ru: 0.004842, gcu : 0.004786
min_rc,wn,mult : 35 13 2
wp: 7880111, wn : 13, rp : 46656652, rn : 49, gcp : 15760222 wu: 0.001176, ru: 0.000294, gcu : 0.006082
min_rc,wn,mult : 35 1 35
wp: 18983918, wn : 1, rp : 145374752, rn : 13, gcp : 664437130 wu: 0.000038, ru: 0.000025, gcu : 0.000144
WRsum : 0.250001, utilsum(noblock): 1.017518, utilsum(nogc): 0.572363 totutil : 1.589881
::UUNIFAST GEN::
[0]0.092771
[1]0.065700
[2]0.043711
[3]0.026579
[4]0.014041
[5]0.005777
[6]0.001365
[7]0.000055
[ALL]0.250000
min_rc,wn,mult : 35 3 11
wp: 38427, wn : 3, rp : 286727, rn : 38, gcp : 422697 wu: 0.055663, ru: 0.037108, gcu : 0.226756
min_rc,wn,mult : 35 12 2
wp: 144697, wn : 12, rp : 1917799, rn : 45, gcp : 289394 wu: 0.059130, ru: 0.006570, gcu : 0.331206
min_rc,wn,mult : 35 5 7
wp: 116511, wn : 5, rp : 384341, rn : 18, gcp : 815577 wu: 0.030598, ru: 0.013113, gcu : 0.117523
min_rc,wn,mult : 35 28 1
wp: 1073028, wn : 28, rp : 632078, rn : 18, gcp : 1073028 wu: 0.018605, ru: 0.007974, gcu : 0.089326
min_rc,wn,mult : 35 18 1
wp: 9140297, wn : 18, rp : 509614, rn : 23, gcp : 9140297 wu: 0.001404, ru: 0.012637, gcu : 0.010486
min_rc,wn,mult : 35 8 4
wp: 1645469, wn : 8, rp : 2665522, rn : 22, gcp : 6581876 wu: 0.003466, ru: 0.002311, gcu : 0.014563
min_rc,wn,mult : 35 21 1
wp: 12191589, wn : 21, rp : 57452648, rn : 28, gcp : 12191589 wu: 0.001228, ru: 0.000136, gcu : 0.007862
min_rc,wn,mult : 35 22 1
wp: -2147483648, wn : 22, rp : 140754800, rn : 25, gcp : -2147483648 wu: 0.000006, ru: 0.000050, gcu : -0.000045
WRsum : 0.249989, utilsum(noblock): 1.047666, utilsum(nogc): -0.000002 totutil : 1.047664
::UUNIFAST GEN::
[0]0.025916
[1]0.026860
[2]0.028017
[3]0.029492
[4]0.031487
[5]0.034440
[6]0.039489
[7]0.034299
[ALL]0.250000
min_rc,wn,mult : 35 5 7
wp: 458529, wn : 5, rp : 46303, rn : 3, gcp : 3209703 wu: 0.007775, ru: 0.018141, gcu : 0.029862
min_rc,wn,mult : 35 19 1
wp: 720508, wn : 19, rp : 903450, rn : 26, gcp : 720508 wu: 0.018802, ru: 0.008058, gcu : 0.133030
min_rc,wn,mult : 35 21 1
wp: 1781422, wn : 21, rp : 228433, rn : 16, gcp : 1781422 wu: 0.008405, ru: 0.019612, gcu : 0.053805
min_rc,wn,mult : 35 24 1
wp: 644685, wn : 24, rp : 1139275, rn : 12, gcp : 644685 wu: 0.026543, ru: 0.002949, gcu : 0.148676
min_rc,wn,mult : 35 28 1
wp: 905782, wn : 28, rp : 859625, rn : 29, gcp : 905782 wu: 0.022041, ru: 0.009446, gcu : 0.105819
min_rc,wn,mult : 35 17 2
wp: 1759733, wn : 17, rp : 487806, rn : 48, gcp : 3519466 wu: 0.006888, ru: 0.027552, gcu : 0.027234
min_rc,wn,mult : 35 5 7
wp: 451389, wn : 5, rp : 186126, rn : 21, gcp : 3159723 wu: 0.007898, ru: 0.031591, gcu : 0.030335
min_rc,wn,mult : 35 12 2
wp: 415757, wn : 12, rp : 897989, rn : 44, gcp : 831514 wu: 0.020579, ru: 0.013720, gcu : 0.115270
WRsum : 0.250000, utilsum(noblock): 0.894031, utilsum(nogc): 0.075589 totutil : 0.969620
saving 5,458529,3,46303,3209703,0,10878
saving 19,720508,26,903450,720508,10879,21757
saving 21,1781422,16,228433,1781422,21758,32636
saving 24,644685,12,1139275,644685,32637,43515
saving 28,905782,29,859625,905782,43516,54394
saving 17,1759733,48,487806,3519466,54395,65273
saving 5,451389,21,186126,3159723,65274,76152
saving 12,415757,44,897989,831514,76153,87031
