[ SCHEMES ] 0, 0, 0, 0
[EXEC-main] 0, 1
[EXEC-task] 8, 0.100000
[EXEC-skew] -1, -2.000000, -2.000000, 32767
[EXEC-OP  ] 0, 0.320000, 35
[NOB MAXPE] : 1000, 2000
[LAT MODE ] : 0 (0=STATE, 1=FIXED_S, 2=FIXED_E)
expected_invalid : 34720, expected_fp : 5217, maxvalid : 87039
::UUNIFAST GEN::
[0]0.002204
[1]0.002510
[2]0.002928
[3]0.003533
[4]0.004502
[5]0.006328
[6]0.011268
[7]0.066727
[ALL]0.100000
min_rc,wn,mult : 35 25 1
wp: 10107963, wn : 25, rp : 29850388, rn : 47, gcp : 10107963 wu: 0.001763, ru: 0.000441, gcu : 0.009483
min_rc,wn,mult : 35 2 17
wp: 5680422, wn : 2, rp : 5576852, rn : 45, gcp : 96567174 wu: 0.000251, ru: 0.002259, gcu : 0.000993
min_rc,wn,mult : 35 18 1
wp: 21919448, wn : 18, rp : 1673761, rn : 14, gcp : 21919448 wu: 0.000586, ru: 0.002342, gcu : 0.004373
min_rc,wn,mult : 35 5 7
wp: 2017965, wn : 5, rp : 7607702, rn : 48, gcp : 14125755 wu: 0.001767, ru: 0.001767, gcu : 0.006785
min_rc,wn,mult : 35 21 1
wp: 33261126, wn : 21, rp : 3109969, rn : 45, gcp : 33261126 wu: 0.000450, ru: 0.004051, gcu : 0.002882
min_rc,wn,mult : 35 22 1
wp: 2754100, wn : 22, rp : 6194356, rn : 14, gcp : 2754100 wu: 0.005696, ru: 0.000633, gcu : 0.034802
min_rc,wn,mult : 35 27 1
wp: 4271348, wn : 27, rp : 124250, rn : 3, gcp : 4271348 wu: 0.004507, ru: 0.006761, gcu : 0.022440
min_rc,wn,mult : 35 20 1
wp: 712355, wn : 20, rp : 281745, rn : 47, gcp : 712355 wu: 0.020018, ru: 0.046709, gcu : 0.134552
WRsum : 0.100000, utilsum(noblock): 0.316310, utilsum(nogc): 0.028169 totutil : 0.344479
saving 25,10107963,47,29850388,10107963,0,10878
saving 2,5680422,45,5576852,96567174,10879,21757
saving 18,21919448,14,1673761,21919448,21758,32636
saving 5,2017965,48,7607702,14125755,32637,43515
saving 21,33261126,45,3109969,33261126,43516,54394
saving 22,2754100,14,6194356,2754100,54395,65273
saving 27,4271348,3,124250,4271348,65274,76152
saving 20,712355,47,281745,712355,76153,87031
