[ SCHEMES ] 0, 0, 0, 0
[EXEC-main] 0, 1
[EXEC-task] 8, 0.100000
[EXEC-skew] -1, -2.000000, -2.000000, 32765
[EXEC-OP  ] 0, 0.320000, 35
[NOB MAXPE] : 1000, 2000
[LAT MODE ] : 0 (0=STATE, 1=FIXED_S, 2=FIXED_E)
expected_invalid : 34720, expected_fp : 5217, maxvalid : 87039
::UUNIFAST GEN::
[0]0.031140
[1]0.024302
[2]0.018129
[3]0.012672
[4]0.007997
[5]0.004200
[6]0.001446
[7]0.000115
[ALL]0.100000
min_rc,wn,mult : 35 7 5
wp: 320550, wn : 7, rp : 413614, rn : 23, gcp : 1602750 wu: 0.015570, ru: 0.015570, gcu : 0.059803
min_rc,wn,mult : 35 4 8
wp: 234715, wn : 4, rp : 92174, rn : 4, gcp : 1877720 wu: 0.012151, ru: 0.012151, gcu : 0.051045
min_rc,wn,mult : 35 2 17
wp: 157315, wn : 2, rp : 741345, rn : 24, gcp : 2674355 wu: 0.009065, ru: 0.009065, gcu : 0.035840
min_rc,wn,mult : 35 29 1
wp: 4079260, wn : 29, rp : 1252101, rn : 34, gcp : 4079260 wu: 0.005069, ru: 0.007603, gcu : 0.023497
min_rc,wn,mult : 35 2 17
wp: 222906, wn : 2, rp : 6302652, rn : 36, gcp : 3789402 wu: 0.006397, ru: 0.001599, gcu : 0.025294
min_rc,wn,mult : 35 20 1
wp: 3772906, wn : 20, rp : 16668521, rn : 25, gcp : 3772906 wu: 0.003780, ru: 0.000420, gcu : 0.025405
min_rc,wn,mult : 35 9 3
wp: 44373416, wn : 9, rp : 645397, rn : 3, gcp : 133120248 wu: 0.000145, ru: 0.001302, gcu : 0.000720
min_rc,wn,mult : 35 7 5
wp: 435614752, wn : 7, rp : 27153796, rn : 10, gcp : -2116893536 wu: 0.000011, ru: 0.000103, gcu : -0.000045
WRsum : 0.100000, utilsum(noblock): 0.321558, utilsum(nogc): -0.000002 totutil : 0.321557
::UUNIFAST GEN::
[0]0.006174
[1]0.006723
[2]0.007435
[3]0.008408
[4]0.009846
[5]0.012278
[6]0.017683
[7]0.031452
[ALL]0.100000
min_rc,wn,mult : 35 4 8
wp: 513252, wn : 4, rp : 11337619, rn : 25, gcp : 4106016 wu: 0.005557, ru: 0.000617, gcu : 0.023344
min_rc,wn,mult : 35 6 5
wp: 795399, wn : 6, rp : 9995480, rn : 48, gcp : 3976995 wu: 0.005378, ru: 0.001345, gcu : 0.024101
min_rc,wn,mult : 35 4 8
wp: 1278664, wn : 4, rp : 1237417, rn : 23, gcp : 10229312 wu: 0.002230, ru: 0.005204, gcu : 0.009370
min_rc,wn,mult : 35 29 1
wp: 4918661, wn : 29, rp : 1864985, rn : 28, gcp : 4918661 wu: 0.004204, ru: 0.004204, gcu : 0.019487
min_rc,wn,mult : 35 30 1
wp: 2413748, wn : 30, rp : 1137474, rn : 4, gcp : 2413748 wu: 0.008862, ru: 0.000985, gcu : 0.039710
min_rc,wn,mult : 35 20 1
wp: 5806948, wn : 20, rp : 1054698, rn : 37, gcp : 5806948 wu: 0.002456, ru: 0.009823, gcu : 0.016506
min_rc,wn,mult : 35 21 1
wp: 940818, wn : 21, rp : 3800221, rn : 24, gcp : 940818 wu: 0.015915, ru: 0.001768, gcu : 0.101878
min_rc,wn,mult : 35 10 3
wp: 377818, wn : 10, rp : 1090534, rn : 49, gcp : 1133454 wu: 0.018871, ru: 0.012581, gcu : 0.084564
WRsum : 0.100000, utilsum(noblock): 0.418959, utilsum(nogc): 0.009264 totutil : 0.428223
saving 4,513252,25,11337619,4106016,0,10878
saving 6,795399,48,9995480,3976995,10879,21757
saving 4,1278664,23,1237417,10229312,21758,32636
saving 29,4918661,28,1864985,4918661,32637,43515
saving 30,2413748,4,1137474,2413748,43516,54394
saving 20,5806948,37,1054698,5806948,54395,65273
saving 21,940818,24,3800221,940818,65274,76152
saving 10,377818,49,1090534,1133454,76153,87031
