[ SCHEMES ] 0, 0, 0, 0
[EXEC-main] 0, 1
[EXEC-task] 8, 0.100000
[EXEC-skew] -1, -2.000000, -2.000000, 32765
[EXEC-OP  ] 0, 0.320000, 35
[NOB MAXPE] : 1000, 2000
[LAT MODE ] : 0 (0=STATE, 1=FIXED_S, 2=FIXED_E)
expected_invalid : 34720, expected_fp : 5217, maxvalid : 87039
::UUNIFAST GEN::
[0]0.000931
[1]0.001075
[2]0.001275
[3]0.001571
[4]0.002055
[5]0.002999
[6]0.005711
[7]0.084383
[ALL]0.100000
min_rc,wn,mult : 35 13 2
wp: 49769968, wn : 13, rp : 7141445, rn : 19, gcp : 99539936 wu: 0.000186, ru: 0.000745, gcu : 0.000963
min_rc,wn,mult : 35 30 1
wp: 22099732, wn : 30, rp : 18225304, rn : 7, gcp : 22099732 wu: 0.000968, ru: 0.000108, gcu : 0.004337
min_rc,wn,mult : 35 26 1
wp: 36345748, wn : 26, rp : 10247444, rn : 28, gcp : 36345748 wu: 0.000510, ru: 0.000765, gcu : 0.002637
min_rc,wn,mult : 35 1 35
wp: 4539707, wn : 1, rp : 3565548, rn : 18, gcp : 158889745 wu: 0.000157, ru: 0.001414, gcu : 0.000603
min_rc,wn,mult : 35 24 1
wp: 13881636, wn : 24, rp : 4769987, rn : 14, gcp : 13881636 wu: 0.001233, ru: 0.000822, gcu : 0.006905
min_rc,wn,mult : 35 12 2
wp: 9510188, wn : 12, rp : 2534271, rn : 19, gcp : 19020376 wu: 0.000900, ru: 0.002099, gcu : 0.005039
min_rc,wn,mult : 35 6 5
wp: 936338, wn : 6, rp : 735413, rn : 3, gcp : 4681690 wu: 0.004569, ru: 0.001142, gcu : 0.020473
min_rc,wn,mult : 35 12 2
wp: 337981, wn : 12, rp : 28441, rn : 6, gcp : 675962 wu: 0.025315, ru: 0.059068, gcu : 0.141796
WRsum : 0.100001, utilsum(noblock): 0.282755, utilsum(nogc): 0.123062 totutil : 0.405817
saving 13,49769968,19,7141445,99539936,0,10878
saving 30,22099732,7,18225304,22099732,10879,21757
saving 26,36345748,28,10247444,36345748,21758,32636
saving 1,4539707,18,3565548,158889745,32637,43515
saving 24,13881636,14,4769987,13881636,43516,54394
saving 12,9510188,19,2534271,19020376,54395,65273
saving 6,936338,3,735413,4681690,65274,76152
saving 12,337981,6,28441,675962,76153,87031
