[ SCHEMES ] 0, 0, 0, 0
[EXEC-main] 0, 1
[EXEC-task] 8, 0.100000
[EXEC-skew] -1, -2.000000, -2.000000, 32766
[EXEC-OP  ] 0, 0.320000, 35
[NOB MAXPE] : 1000, 2000
[LAT MODE ] : 0 (0=STATE, 1=FIXED_S, 2=FIXED_E)
expected_invalid : 34720, expected_fp : 5217, maxvalid : 87039
::UUNIFAST GEN::
[0]0.012825
[1]0.012899
[2]0.012985
[3]0.013087
[4]0.013210
[5]0.013349
[6]0.013364
[7]0.008281
[ALL]0.100000
min_rc,wn,mult : 35 4 8
wp: 444747, wn : 4, rp : 218319, rn : 5, gcp : 3557976 wu: 0.006413, ru: 0.006413, gcu : 0.026939
min_rc,wn,mult : 35 21 1
wp: 11607791, wn : 21, rp : 988872, rn : 41, gcp : 11607791 wu: 0.001290, ru: 0.011609, gcu : 0.008257
min_rc,wn,mult : 35 18 1
wp: 1647270, wn : 18, rp : 646894, rn : 12, gcp : 1647270 wu: 0.007791, ru: 0.005194, gcu : 0.058187
min_rc,wn,mult : 35 23 1
wp: 2088427, wn : 23, rp : 909285, rn : 17, gcp : 2088427 wu: 0.007852, ru: 0.005235, gcu : 0.045895
min_rc,wn,mult : 35 2 17
wp: 215901, wn : 2, rp : 1907684, rn : 45, gcp : 3670317 wu: 0.006605, ru: 0.006605, gcu : 0.026115
min_rc,wn,mult : 35 16 2
wp: 4273081, wn : 16, rp : 209758, rn : 8, gcp : 8546162 wu: 0.002670, ru: 0.010679, gcu : 0.011215
min_rc,wn,mult : 35 17 2
wp: 1007783, wn : 17, rp : 7333261, rn : 35, gcp : 2015566 wu: 0.012027, ru: 0.001336, gcu : 0.047554
min_rc,wn,mult : 35 2 17
wp: 573994, wn : 2, rp : 1835494, rn : 38, gcp : 9757898 wu: 0.002484, ru: 0.005797, gcu : 0.009823
WRsum : 0.100000, utilsum(noblock): 0.333986, utilsum(nogc): 0.016686 totutil : 0.350671
saving 4,444747,5,218319,3557976,0,10878
saving 21,11607791,41,988872,11607791,10879,21757
saving 18,1647270,12,646894,1647270,21758,32636
saving 23,2088427,17,909285,2088427,32637,43515
saving 2,215901,45,1907684,3670317,43516,54394
saving 16,4273081,8,209758,8546162,54395,65273
saving 17,1007783,35,7333261,2015566,65274,76152
saving 2,573994,38,1835494,9757898,76153,87031
