[ SCHEMES ] 0, 0, 0, 0
[EXEC-main] 0, 1
[EXEC-task] 8, 0.200000
[EXEC-skew] -1, -2.000000, -2.000000, 32765
[EXEC-OP  ] 0, 0.320000, 35
[NOB MAXPE] : 1000, 2000
[LAT MODE ] : 0 (0=STATE, 1=FIXED_S, 2=FIXED_E)
expected_invalid : 34720, expected_fp : 5217, maxvalid : 87039
::UUNIFAST GEN::
[0]0.004047
[1]0.004618
[2]0.005398
[3]0.006534
[4]0.008356
[5]0.011810
[6]0.021230
[7]0.138007
[ALL]0.200000
min_rc,wn,mult : 35 27 1
wp: 23785392, wn : 27, rp : 3373025, rn : 39, gcp : 23785392 wu: 0.000809, ru: 0.003237, gcu : 0.004030
min_rc,wn,mult : 35 11 3
wp: 2122986, wn : 11, rp : 4850684, rn : 16, gcp : 6368958 wu: 0.003694, ru: 0.000924, gcu : 0.015049
min_rc,wn,mult : 35 22 1
wp: 9686193, wn : 22, rp : 2815825, rn : 38, gcp : 9686193 wu: 0.001619, ru: 0.003779, gcu : 0.009895
min_rc,wn,mult : 35 3 11
wp: 545614, wn : 3, rp : 2892597, rn : 27, gcp : 6001754 wu: 0.003920, ru: 0.002614, gcu : 0.015970
min_rc,wn,mult : 35 11 3
wp: 1564320, wn : 11, rp : 2596894, rn : 31, gcp : 4692960 wu: 0.005014, ru: 0.003342, gcu : 0.020424
min_rc,wn,mult : 35 22 1
wp: 1897401, wn : 22, rp : 79028, rn : 1, gcp : 1897401 wu: 0.008267, ru: 0.003543, gcu : 0.050516
min_rc,wn,mult : 35 24 1
wp: 895577, wn : 24, rp : 6198703, rn : 47, gcp : 895577 wu: 0.019107, ru: 0.002123, gcu : 0.107025
min_rc,wn,mult : 35 28 1
wp: 180824, wn : 28, rp : 152166, rn : 15, gcp : 180824 wu: 0.110405, ru: 0.027601, gcu : 0.530068
WRsum : 0.200000, utilsum(noblock): 0.952978, utilsum(nogc): 0.044288 totutil : 0.997266
saving 27,23785392,39,3373025,23785392,0,10878
saving 11,2122986,16,4850684,6368958,10879,21757
saving 22,9686193,38,2815825,9686193,21758,32636
saving 3,545614,27,2892597,6001754,32637,43515
saving 11,1564320,31,2596894,4692960,43516,54394
saving 22,1897401,1,79028,1897401,54395,65273
saving 24,895577,47,6198703,895577,65274,76152
saving 28,180824,15,152166,180824,76153,87031
