[ SCHEMES ] 0, 0, 0, 0
[EXEC-main] 0, 1
[EXEC-task] 8, 0.150000
[EXEC-skew] -1, -2.000000, -2.000000, 32766
[EXEC-OP  ] 0, 0.320000, 35
[NOB MAXPE] : 1000, 2000
[LAT MODE ] : 0 (0=STATE, 1=FIXED_S, 2=FIXED_E)
expected_invalid : 34720, expected_fp : 5217, maxvalid : 87039
::UUNIFAST GEN::
[0]0.011114
[1]0.011930
[2]0.012971
[3]0.014366
[4]0.016379
[5]0.019660
[6]0.026487
[7]0.037093
[ALL]0.150000
min_rc,wn,mult : 35 21 1
wp: 13472337, wn : 21, rp : 1091727, rn : 39, gcp : 13472337 wu: 0.001111, ru: 0.010002, gcu : 0.007115
min_rc,wn,mult : 35 19 1
wp: 3785201, wn : 19, rp : 1676475, rn : 50, gcp : 3785201 wu: 0.003579, ru: 0.008351, gcu : 0.025322
min_rc,wn,mult : 35 28 1
wp: 2565209, wn : 28, rp : 1187263, rn : 22, gcp : 2565209 wu: 0.007783, ru: 0.005188, gcu : 0.037365
min_rc,wn,mult : 35 19 1
wp: 1347099, wn : 19, rp : 2013969, rn : 31, gcp : 1347099 wu: 0.010056, ru: 0.004310, gcu : 0.071152
min_rc,wn,mult : 35 11 3
wp: 598563, wn : 11, rp : 4273820, rn : 50, gcp : 1795689 wu: 0.013103, ru: 0.003276, gcu : 0.053377
min_rc,wn,mult : 35 11 3
wp: 664875, wn : 11, rp : 284837, rn : 8, gcp : 1994625 wu: 0.011796, ru: 0.007864, gcu : 0.048054
min_rc,wn,mult : 35 16 2
wp: 1435682, wn : 16, rp : 317138, rn : 21, gcp : 2871364 wu: 0.007946, ru: 0.018541, gcu : 0.033381
min_rc,wn,mult : 35 6 5
wp: 384438, wn : 6, rp : 237241, rn : 22, gcp : 1922190 wu: 0.011128, ru: 0.025965, gcu : 0.049864
WRsum : 0.150000, utilsum(noblock): 0.475630, utilsum(nogc): 0.014753 totutil : 0.490383
saving 21,13472337,39,1091727,13472337,0,10878
saving 19,3785201,50,1676475,3785201,10879,21757
saving 28,2565209,22,1187263,2565209,21758,32636
saving 19,1347099,31,2013969,1347099,32637,43515
saving 11,598563,50,4273820,1795689,43516,54394
saving 11,664875,8,284837,1994625,54395,65273
saving 16,1435682,21,317138,2871364,65274,76152
saving 6,384438,22,237241,1922190,76153,87031
