[ SCHEMES ] 0, 0, 0, 0
[EXEC-main] 0, 1
[EXEC-task] 8, 0.150000
[EXEC-skew] -1, -2.000000, -2.000000, 32765
[EXEC-OP  ] 0, 0.320000, 35
[NOB MAXPE] : 1000, 2000
[LAT MODE ] : 0 (0=STATE, 1=FIXED_S, 2=FIXED_E)
expected_invalid : 34720, expected_fp : 5217, maxvalid : 87039
::UUNIFAST GEN::
[0]0.046165
[1]0.036231
[2]0.027209
[3]0.019174
[4]0.012226
[5]0.006513
[6]0.002294
[7]0.000189
[ALL]0.150000
min_rc,wn,mult : 35 22 1
wp: 377536, wn : 22, rp : 2244135, rn : 37, gcp : 377536 wu: 0.041548, ru: 0.004616, gcu : 0.253880
min_rc,wn,mult : 35 11 3
wp: 432944, wn : 11, rp : 525516, rn : 34, gcp : 1298832 wu: 0.018116, ru: 0.018116, gcu : 0.073796
min_rc,wn,mult : 35 6 5
wp: 524088, wn : 6, rp : 602739, rn : 41, gcp : 2620440 wu: 0.008163, ru: 0.019046, gcu : 0.036577
min_rc,wn,mult : 35 26 1
wp: 1933681, wn : 26, rp : 554924, rn : 19, gcp : 1933681 wu: 0.009587, ru: 0.009587, gcu : 0.049568
min_rc,wn,mult : 35 4 8
wp: 333255, wn : 4, rp : 1679520, rn : 22, gcp : 2666040 wu: 0.008558, ru: 0.003668, gcu : 0.035952
min_rc,wn,mult : 35 25 1
wp: 5473714, wn : 25, rp : 1203756, rn : 14, gcp : 5473714 wu: 0.003256, ru: 0.003256, gcu : 0.017511
min_rc,wn,mult : 35 6 5
wp: 9326105, wn : 6, rp : 4425431, rn : 29, gcp : 46630525 wu: 0.000459, ru: 0.001835, gcu : 0.002055
min_rc,wn,mult : 35 4 8
wp: 18852438, wn : 4, rp : 37017408, rn : 5, gcp : 150819504 wu: 0.000151, ru: 0.000038, gcu : 0.000636
WRsum : 0.150000, utilsum(noblock): 0.619976, utilsum(nogc): 0.010502 totutil : 0.630479
saving 22,377536,37,2244135,377536,0,10878
saving 11,432944,34,525516,1298832,10879,21757
saving 6,524088,41,602739,2620440,21758,32636
saving 26,1933681,19,554924,1933681,32637,43515
saving 4,333255,22,1679520,2666040,43516,54394
saving 25,5473714,14,1203756,5473714,54395,65273
saving 6,9326105,29,4425431,46630525,65274,76152
saving 4,18852438,5,37017408,150819504,76153,87031
