[ SCHEMES ] 0, 0, 0, 0
[EXEC-main] 0, 1
[EXEC-task] 8, 0.250000
[EXEC-skew] -1, -2.000000, -2.000000, 32766
[EXEC-OP  ] 0, 0.320000, 35
[NOB MAXPE] : 1000, 2000
[LAT MODE ] : 0 (0=STATE, 1=FIXED_S, 2=FIXED_E)
expected_invalid : 34720, expected_fp : 5217, maxvalid : 87039
::UUNIFAST GEN::
[0]0.000747
[1]0.000869
[2]0.001038
[3]0.001292
[4]0.001712
[5]0.002546
[6]0.005012
[7]0.236785
[ALL]0.250000
min_rc,wn,mult : 35 4 8
wp: 12727910, wn : 4, rp : 16601624, rn : 31, gcp : 101823280 wu: 0.000224, ru: 0.000523, gcu : 0.000941
min_rc,wn,mult : 35 25 1
wp: 25652478, wn : 25, rp : 9670948, rn : 6, gcp : 25652478 wu: 0.000695, ru: 0.000174, gcu : 0.003736
min_rc,wn,mult : 35 10 3
wp: 7629974, wn : 10, rp : 124048616, rn : 46, gcp : 22889922 wu: 0.000934, ru: 0.000104, gcu : 0.004187
min_rc,wn,mult : 35 8 4
wp: 44156236, wn : 8, rp : 722519, rn : 3, gcp : 176624944 wu: 0.000129, ru: 0.001163, gcu : 0.000543
min_rc,wn,mult : 35 27 1
wp: 28113816, wn : 27, rp : 2998651, rn : 11, gcp : 28113816 wu: 0.000685, ru: 0.001027, gcu : 0.003409
min_rc,wn,mult : 35 6 5
wp: 5602008, wn : 6, rp : 942834, rn : 6, gcp : 28010040 wu: 0.000764, ru: 0.001782, gcu : 0.003422
min_rc,wn,mult : 35 5 7
wp: 1778320, wn : 5, rp : 2048518, rn : 22, gcp : 12448240 wu: 0.002005, ru: 0.003007, gcu : 0.007700
min_rc,wn,mult : 35 13 2
wp: 43494, wn : 13, rp : 319276, rn : 27, gcp : 86988 wu: 0.213107, ru: 0.023679, gcu : 1.101865
WRsum : 0.250003, utilsum(noblock): 1.375807, utilsum(nogc): 0.080471 totutil : 1.456277
::UUNIFAST GEN::
[0]0.023002
[1]0.024174
[2]0.025636
[3]0.027537
[4]0.030177
[5]0.034250
[6]0.041859
[7]0.043365
[ALL]0.250000
min_rc,wn,mult : 35 17 2
wp: 2634806, wn : 17, rp : 365190, rn : 24, gcp : 5269612 wu: 0.004600, ru: 0.018401, gcu : 0.018189
min_rc,wn,mult : 35 29 1
wp: 2851079, wn : 29, rp : 231649, rn : 14, gcp : 2851079 wu: 0.007252, ru: 0.016922, gcu : 0.033618
min_rc,wn,mult : 35 2 17
wp: 111251, wn : 2, rp : 1004848, rn : 46, gcp : 1891267 wu: 0.012818, ru: 0.012818, gcu : 0.050680
min_rc,wn,mult : 35 18 1
wp: 4660591, wn : 18, rp : 22595, rn : 2, gcp : 4660591 wu: 0.002754, ru: 0.024784, gcu : 0.020566
min_rc,wn,mult : 35 27 1
wp: 911329, wn : 27, rp : 1515490, rn : 49, gcp : 911329 wu: 0.021124, ru: 0.009053, gcu : 0.105175
min_rc,wn,mult : 35 26 1
wp: 1082518, wn : 26, rp : 16350, rn : 1, gcp : 1082518 wu: 0.017125, ru: 0.017125, gcu : 0.088543
min_rc,wn,mult : 35 22 1
wp: 624559, wn : 22, rp : 183951, rn : 11, gcp : 624559 wu: 0.025115, ru: 0.016744, gcu : 0.153467
min_rc,wn,mult : 35 20 1
wp: 411045, wn : 20, rp : 581113, rn : 18, gcp : 411045 wu: 0.034692, ru: 0.008673, gcu : 0.233184
WRsum : 0.250001, utilsum(noblock): 0.953423, utilsum(nogc): 0.214067 totutil : 1.167490
::UUNIFAST GEN::
[0]0.010902
[1]0.012119
[2]0.013735
[3]0.016006
[4]0.019488
[5]0.025682
[6]0.040768
[7]0.111299
[ALL]0.250000
min_rc,wn,mult : 35 10 3
wp: 934325, wn : 10, rp : 1455433, rn : 17, gcp : 2802975 wu: 0.007631, ru: 0.003271, gcu : 0.034195
min_rc,wn,mult : 35 26 1
wp: 7648159, wn : 26, rp : 1443983, rn : 50, gcp : 7648159 wu: 0.002424, ru: 0.009695, gcu : 0.012532
min_rc,wn,mult : 35 4 8
wp: 519111, wn : 4, rp : 815434, rn : 24, gcp : 4152888 wu: 0.005494, ru: 0.008241, gcu : 0.023080
min_rc,wn,mult : 35 3 11
wp: 222729, wn : 3, rp : 1705616, rn : 39, gcp : 2450019 wu: 0.009604, ru: 0.006402, gcu : 0.039122
min_rc,wn,mult : 35 26 1
wp: 1189052, wn : 26, rp : 2442503, rn : 34, gcp : 1189052 wu: 0.015591, ru: 0.003898, gcu : 0.080610
min_rc,wn,mult : 35 14 2
wp: 485843, wn : 14, rp : 2016966, rn : 37, gcp : 971686 wu: 0.020546, ru: 0.005136, gcu : 0.098642
min_rc,wn,mult : 35 10 3
wp: 291484, wn : 10, rp : 600956, rn : 35, gcp : 874452 wu: 0.024461, ru: 0.016307, gcu : 0.109610
min_rc,wn,mult : 35 6 5
wp: 384368, wn : 6, rp : 100629, rn : 36, gcp : 1921840 wu: 0.011130, ru: 0.100169, gcu : 0.049874
WRsum : 0.250001, utilsum(noblock): 0.697666, utilsum(nogc): 0.034781 totutil : 0.732447
saving 10,934325,17,1455433,2802975,0,10878
saving 26,7648159,50,1443983,7648159,10879,21757
saving 4,519111,24,815434,4152888,21758,32636
saving 3,222729,39,1705616,2450019,32637,43515
saving 26,1189052,34,2442503,1189052,43516,54394
saving 14,485843,37,2016966,971686,54395,65273
saving 10,291484,35,600956,874452,65274,76152
saving 6,384368,36,100629,1921840,76153,87031
