[ SCHEMES ] 0, 0, 0, 0
[EXEC-main] 0, 1
[EXEC-task] 8, 0.250000
[EXEC-skew] -1, -2.000000, -2.000000, 32766
[EXEC-OP  ] 0, 0.320000, 35
[NOB MAXPE] : 1000, 2000
[LAT MODE ] : 0 (0=STATE, 1=FIXED_S, 2=FIXED_E)
expected_invalid : 34720, expected_fp : 5217, maxvalid : 87039
::UUNIFAST GEN::
[0]0.000282
[1]0.000329
[2]0.000394
[3]0.000492
[4]0.000654
[5]0.000978
[6]0.001945
[7]0.244925
[ALL]0.250000
min_rc,wn,mult : 35 10 3
wp: 28058288, wn : 10, rp : 426423008, rn : 43, gcp : 84174864 wu: 0.000254, ru: 0.000028, gcu : 0.001139
min_rc,wn,mult : 35 12 2
wp: 86685912, wn : 12, rp : 25531614, rn : 21, gcp : 173371824 wu: 0.000099, ru: 0.000230, gcu : 0.000553
min_rc,wn,mult : 35 30 1
wp: 542573184, wn : 30, rp : 10259033, rn : 13, gcp : 542573184 wu: 0.000039, ru: 0.000355, gcu : 0.000177
min_rc,wn,mult : 35 19 1
wp: 45898908, wn : 19, rp : 55497460, rn : 39, gcp : 45898908 wu: 0.000295, ru: 0.000197, gcu : 0.002088
min_rc,wn,mult : 35 20 1
wp: 108959024, wn : 20, rp : 7488067, rn : 14, gcp : 108959024 wu: 0.000131, ru: 0.000523, gcu : 0.000880
min_rc,wn,mult : 35 27 1
wp: 21863740, wn : 27, rp : 8586041, rn : 3, gcp : 21863740 wu: 0.000880, ru: 0.000098, gcu : 0.004384
min_rc,wn,mult : 35 25 1
wp: 15273466, wn : 25, rp : 13315550, rn : 37, gcp : 15273466 wu: 0.001167, ru: 0.000778, gcu : 0.006276
min_rc,wn,mult : 35 18 1
wp: 130999, wn : 18, rp : 59065, rn : 31, gcp : 130999 wu: 0.097970, ru: 0.146955, gcu : 0.731677
WRsum : 0.250002, utilsum(noblock): 0.997175, utilsum(nogc): 0.059257 totutil : 1.056432
::UUNIFAST GEN::
[0]0.019138
[1]0.020484
[2]0.022196
[3]0.024482
[4]0.027761
[5]0.033069
[6]0.043962
[7]0.058908
[ALL]0.250000
min_rc,wn,mult : 35 16 2
wp: 1192178, wn : 16, rp : 1287486, rn : 44, gcp : 2384356 wu: 0.009569, ru: 0.009569, gcu : 0.040199
min_rc,wn,mult : 35 5 7
wp: 248625, wn : 5, rp : 364510, rn : 8, gcp : 1740375 wu: 0.014339, ru: 0.006145, gcu : 0.055074
min_rc,wn,mult : 35 14 2
wp: 642452, wn : 14, rp : 84098, rn : 2, gcp : 1284904 wu: 0.015537, ru: 0.006659, gcu : 0.074596
min_rc,wn,mult : 35 25 1
wp: 808997, wn : 25, rp : 2744919, rn : 24, gcp : 808997 wu: 0.022033, ru: 0.002448, gcu : 0.118479
min_rc,wn,mult : 35 17 2
wp: 623742, wn : 17, rp : 1311191, rn : 39, gcp : 1247484 wu: 0.019433, ru: 0.008328, gcu : 0.076834
min_rc,wn,mult : 35 5 7
wp: 359345, wn : 5, rp : 326586, rn : 27, gcp : 2515415 wu: 0.009921, ru: 0.023149, gcu : 0.038105
min_rc,wn,mult : 35 17 2
wp: 919056, wn : 17, rp : 382150, rn : 42, gcp : 1838112 wu: 0.013189, ru: 0.030773, gcu : 0.052145
min_rc,wn,mult : 35 13 2
wp: 174830, wn : 13, rp : 2186464, rn : 46, gcp : 349660 wu: 0.053017, ru: 0.005891, gcu : 0.274121
WRsum : 0.250000, utilsum(noblock): 0.979553, utilsum(nogc): 0.041618 totutil : 1.021171
::UUNIFAST GEN::
[0]0.005554
[1]0.006324
[2]0.007373
[3]0.008896
[4]0.011330
[5]0.015919
[6]0.028318
[7]0.166286
[ALL]0.250000
min_rc,wn,mult : 35 2 17
wp: 320951, wn : 2, rp : 1512476, rn : 6, gcp : 5456167 wu: 0.004443, ru: 0.001111, gcu : 0.017567
min_rc,wn,mult : 35 24 1
wp: 3382515, wn : 24, rp : 9076969, rn : 41, gcp : 3382515 wu: 0.005059, ru: 0.001265, gcu : 0.028337
min_rc,wn,mult : 35 9 3
wp: 2901176, wn : 9, rp : 1953106, rn : 36, gcp : 8703528 wu: 0.002212, ru: 0.005161, gcu : 0.011013
min_rc,wn,mult : 35 14 2
wp: 1246766, wn : 14, rp : 13534326, rn : 43, gcp : 2493532 wu: 0.008006, ru: 0.000890, gcu : 0.038439
min_rc,wn,mult : 35 27 1
wp: 2831859, wn : 27, rp : 2842009, rn : 46, gcp : 2831859 wu: 0.006798, ru: 0.004532, gcu : 0.033847
min_rc,wn,mult : 35 14 2
wp: 1567584, wn : 14, rp : 644915, rn : 22, gcp : 3135168 wu: 0.006368, ru: 0.009552, gcu : 0.030572
min_rc,wn,mult : 35 22 1
wp: 692393, wn : 22, rp : 494377, rn : 10, gcp : 692393 wu: 0.022655, ru: 0.005664, gcu : 0.138432
min_rc,wn,mult : 35 18 1
wp: 85755, wn : 18, rp : 639861, rn : 38, gcp : 85755 wu: 0.149657, ru: 0.016629, gcu : 1.117707
WRsum : 0.250002, utilsum(noblock): 1.665915, utilsum(nogc): 0.040814 totutil : 1.706729
::UUNIFAST GEN::
[0]0.003369
[1]0.003874
[2]0.004568
[3]0.005590
[4]0.007249
[5]0.010452
[6]0.019473
[7]0.195425
[ALL]0.250000
min_rc,wn,mult : 35 29 1
wp: 8766560, wn : 29, rp : 5816956, rn : 21, gcp : 8766560 wu: 0.002359, ru: 0.001011, gcu : 0.010933
min_rc,wn,mult : 35 4 8
wp: 3681251, wn : 4, rp : 2258832, rn : 25, gcp : 29450008 wu: 0.000775, ru: 0.003099, gcu : 0.003255
min_rc,wn,mult : 35 5 7
wp: 1114851, wn : 5, rp : 6129339, rn : 30, gcp : 7803957 wu: 0.003198, ru: 0.001370, gcu : 0.012282
min_rc,wn,mult : 35 20 1
wp: 5102384, wn : 20, rp : 2204115, rn : 22, gcp : 5102384 wu: 0.002795, ru: 0.002795, gcu : 0.018785
min_rc,wn,mult : 35 28 1
wp: 3934217, wn : 28, rp : 1029996, rn : 8, gcp : 3934217 wu: 0.005074, ru: 0.002175, gcu : 0.024363
min_rc,wn,mult : 35 3 11
wp: 341069, wn : 3, rp : 133940, rn : 2, gcp : 3751759 wu: 0.006271, ru: 0.004181, gcu : 0.025548
min_rc,wn,mult : 35 22 1
wp: 8055307, wn : 22, rp : 766878, rn : 48, gcp : 8055307 wu: 0.001947, ru: 0.017526, gcu : 0.011899
min_rc,wn,mult : 35 5 7
wp: 45605, wn : 5, rp : 50147, rn : 21, gcp : 319235 wu: 0.078170, ru: 0.117255, gcu : 0.300246
WRsum : 0.250002, utilsum(noblock): 0.657313, utilsum(nogc): 0.076746 totutil : 0.734059
saving 29,8766560,21,5816956,8766560,0,10878
saving 4,3681251,25,2258832,29450008,10879,21757
saving 5,1114851,30,6129339,7803957,21758,32636
saving 20,5102384,22,2204115,5102384,32637,43515
saving 28,3934217,8,1029996,3934217,43516,54394
saving 3,341069,2,133940,3751759,54395,65273
saving 22,8055307,48,766878,8055307,65274,76152
saving 5,45605,21,50147,319235,76153,87031
