[ SCHEMES ] 0, 0, 0, 0
[EXEC-main] 0, 1
[EXEC-task] 8, 0.150000
[EXEC-skew] -1, -2.000000, -2.000000, 32766
[EXEC-OP  ] 0, 0.320000, 35
[NOB MAXPE] : 1000, 2000
[LAT MODE ] : 0 (0=STATE, 1=FIXED_S, 2=FIXED_E)
expected_invalid : 34720, expected_fp : 5217, maxvalid : 87039
::UUNIFAST GEN::
[0]0.011764
[1]0.012564
[2]0.013578
[3]0.014929
[4]0.016859
[5]0.019966
[6]0.026274
[7]0.034066
[ALL]0.150000
min_rc,wn,mult : 35 28 1
wp: 16970740, wn : 28, rp : 661163, rn : 25, gcp : 16970740 wu: 0.001176, ru: 0.010587, gcu : 0.005648
min_rc,wn,mult : 35 4 8
wp: 283757, wn : 4, rp : 3677308, rn : 33, gcp : 2270056 wu: 0.010051, ru: 0.002513, gcu : 0.042223
min_rc,wn,mult : 35 27 1
wp: 2362955, wn : 27, rp : 1752792, rn : 34, gcp : 2362955 wu: 0.008147, ru: 0.005431, gcu : 0.040563
min_rc,wn,mult : 35 13 2
wp: 1241760, wn : 13, rp : 600181, rn : 16, gcp : 2483520 wu: 0.007464, ru: 0.007464, gcu : 0.038594
min_rc,wn,mult : 35 27 1
wp: 11418753, wn : 27, rp : 92267, rn : 5, gcp : 11418753 wu: 0.001686, ru: 0.015173, gcu : 0.008394
min_rc,wn,mult : 35 4 8
wp: 238069, wn : 4, rp : 1121899, rn : 32, gcp : 1904552 wu: 0.011980, ru: 0.007986, gcu : 0.050326
min_rc,wn,mult : 35 10 3
wp: 452280, wn : 10, rp : 985755, rn : 37, gcp : 1356840 wu: 0.015765, ru: 0.010510, gcu : 0.070641
min_rc,wn,mult : 35 9 3
wp: 470923, wn : 9, rp : 630148, rn : 46, gcp : 1412769 wu: 0.013626, ru: 0.020440, gcu : 0.067845
WRsum : 0.150000, utilsum(noblock): 0.474235, utilsum(nogc): 0.037933 totutil : 0.512168
saving 28,16970740,25,661163,16970740,0,10878
saving 4,283757,33,3677308,2270056,10879,21757
saving 27,2362955,34,1752792,2362955,21758,32636
saving 13,1241760,16,600181,2483520,32637,43515
saving 27,11418753,5,92267,11418753,43516,54394
saving 4,238069,32,1121899,1904552,54395,65273
saving 10,452280,37,985755,1356840,65274,76152
saving 9,470923,46,630148,1412769,76153,87031
