[ SCHEMES ] 0, 0, 0, 0
[EXEC-main] 0, 1
[EXEC-task] 8, 0.300000
[EXEC-skew] -1, -2.000000, -2.000000, 32767
[EXEC-OP  ] 0, 0.320000, 35
[NOB MAXPE] : 1000, 2000
[LAT MODE ] : 0 (0=STATE, 1=FIXED_S, 2=FIXED_E)
expected_invalid : 34720, expected_fp : 5217, maxvalid : 87039
::UUNIFAST GEN::
[0]0.014562
[1]0.016098
[2]0.018123
[3]0.020949
[4]0.025240
[5]0.032769
[6]0.050663
[7]0.121597
[ALL]0.300000
min_rc,wn,mult : 35 10 3
wp: 816075, wn : 10, rp : 1297937, rn : 27, gcp : 2448225 wu: 0.008737, ru: 0.005825, gcu : 0.039150
min_rc,wn,mult : 35 4 8
wp: 590563, wn : 4, rp : 1143027, rn : 46, gcp : 4724504 wu: 0.004829, ru: 0.011268, gcu : 0.020288
min_rc,wn,mult : 35 8 4
wp: 1573661, wn : 8, rp : 598675, rn : 31, gcp : 6294644 wu: 0.003625, ru: 0.014499, gcu : 0.015227
min_rc,wn,mult : 35 16 2
wp: 777943, wn : 16, rp : 1069262, rn : 24, gcp : 1555886 wu: 0.014664, ru: 0.006285, gcu : 0.061604
min_rc,wn,mult : 35 27 1
wp: 1089592, wn : 27, rp : 1479127, rn : 40, gcp : 1089592 wu: 0.017668, ru: 0.007572, gcu : 0.087968
min_rc,wn,mult : 35 29 1
wp: 1051658, wn : 29, rp : 405872, rn : 19, gcp : 1051658 wu: 0.019661, ru: 0.013108, gcu : 0.091141
min_rc,wn,mult : 35 9 3
wp: 211101, wn : 9, rp : 469772, rn : 34, gcp : 633303 wu: 0.030398, ru: 0.020265, gcu : 0.151348
min_rc,wn,mult : 35 6 5
wp: 39090, wn : 6, rp : 1082266, rn : 47, gcp : 195450 wu: 0.109437, ru: 0.012160, gcu : 0.490402
WRsum : 0.300003, utilsum(noblock): 1.257130, utilsum(nogc): 0.089537 totutil : 1.346667
::UUNIFAST GEN::
[0]0.031725
[1]0.032798
[2]0.034109
[3]0.035774
[4]0.038014
[5]0.041304
[6]0.046821
[7]0.039455
[ALL]0.300000
min_rc,wn,mult : 35 2 17
wp: 49943, wn : 2, rp : 2118212, rn : 24, gcp : 849031 wu: 0.028552, ru: 0.003172, gcu : 0.112892
min_rc,wn,mult : 35 8 4
wp: 434787, wn : 8, rp : 369945, rn : 26, gcp : 1739148 wu: 0.013119, ru: 0.019679, gcu : 0.055113
min_rc,wn,mult : 35 9 3
wp: 268762, wn : 9, rp : 136817, rn : 5, gcp : 806286 wu: 0.023876, ru: 0.010233, gcu : 0.118877
min_rc,wn,mult : 35 12 2
wp: 2391656, wn : 12, rp : 17392, rn : 2, gcp : 4783312 wu: 0.003577, ru: 0.032197, gcu : 0.020038
min_rc,wn,mult : 35 11 3
wp: 229242, wn : 11, rp : 2357020, rn : 32, gcp : 687726 wu: 0.034213, ru: 0.003801, gcu : 0.139371
min_rc,wn,mult : 35 27 1
wp: 1165196, wn : 27, rp : 79088, rn : 7, gcp : 1165196 wu: 0.016522, ru: 0.024783, gcu : 0.082260
min_rc,wn,mult : 35 15 2
wp: 285529, wn : 15, rp : 1375453, rn : 46, gcp : 571058 wu: 0.037457, ru: 0.009364, gcu : 0.167845
min_rc,wn,mult : 35 13 2
wp: 469848, wn : 13, rp : 198705, rn : 14, gcp : 939696 wu: 0.019728, ru: 0.019728, gcu : 0.102000
WRsum : 0.300002, utilsum(noblock): 1.098398, utilsum(nogc): 0.201242 totutil : 1.299640
::UUNIFAST GEN::
[0]0.016700
[1]0.018312
[2]0.020419
[3]0.023325
[4]0.027677
[5]0.035161
[6]0.052322
[7]0.106084
[ALL]0.300000
min_rc,wn,mult : 35 10 3
wp: 4269491, wn : 10, rp : 447108, rn : 24, gcp : 12808473 wu: 0.001670, ru: 0.015030, gcu : 0.007483
min_rc,wn,mult : 35 16 2
wp: 6229816, wn : 16, rp : 84947, rn : 5, gcp : 12459632 wu: 0.001831, ru: 0.016481, gcu : 0.007693
min_rc,wn,mult : 35 9 3
wp: 349189, wn : 9, rp : 3839611, rn : 28, gcp : 1047567 wu: 0.018377, ru: 0.002042, gcu : 0.091497
min_rc,wn,mult : 35 8 4
wp: 2445415, wn : 8, rp : 80027, rn : 6, gcp : 9781660 wu: 0.002333, ru: 0.020993, gcu : 0.009799
min_rc,wn,mult : 35 16 2
wp: 515226, wn : 16, rp : 606998, rn : 12, gcp : 1030452 wu: 0.022142, ru: 0.005535, gcu : 0.093016
min_rc,wn,mult : 35 20 1
wp: 675930, wn : 20, rp : 258806, rn : 13, gcp : 675930 wu: 0.021097, ru: 0.014065, gcu : 0.141803
min_rc,wn,mult : 35 22 1
wp: 999328, wn : 22, rp : 359314, rn : 47, gcp : 999328 wu: 0.015697, ru: 0.036625, gcu : 0.095913
min_rc,wn,mult : 35 10 3
wp: 96015, wn : 10, rp : 26394, rn : 3, gcp : 288045 wu: 0.074259, ru: 0.031825, gcu : 0.332757
WRsum : 0.300001, utilsum(noblock): 1.079963, utilsum(nogc): 0.132606 totutil : 1.212569
::UUNIFAST GEN::
[0]0.011644
[1]0.013015
[2]0.014845
[3]0.017435
[4]0.021445
[5]0.028673
[6]0.046697
[7]0.146246
[ALL]0.300000
min_rc,wn,mult : 35 1 35
wp: 102056, wn : 1, rp : 2524920, rn : 42, gcp : 3571960 wu: 0.006986, ru: 0.004658, gcu : 0.026834
min_rc,wn,mult : 35 26 1
wp: 2034853, wn : 26, rp : 3442280, rn : 48, gcp : 2034853 wu: 0.009110, ru: 0.003904, gcu : 0.047104
min_rc,wn,mult : 35 5 7
wp: 343079, wn : 5, rp : 1508972, rn : 24, gcp : 2401553 wu: 0.010391, ru: 0.004453, gcu : 0.039911
min_rc,wn,mult : 35 12 2
wp: 613409, wn : 12, rp : 2248307, rn : 28, gcp : 1226818 wu: 0.013948, ru: 0.003487, gcu : 0.078128
min_rc,wn,mult : 35 20 1
wp: 1329883, wn : 20, rp : 208901, rn : 8, gcp : 1329883 wu: 0.010723, ru: 0.010723, gcu : 0.072073
min_rc,wn,mult : 35 19 1
wp: 787436, wn : 19, rp : 317369, rn : 13, gcp : 787436 wu: 0.017204, ru: 0.011469, gcu : 0.121723
min_rc,wn,mult : 35 27 1
wp: 2061267, wn : 27, rp : 179883, rn : 24, gcp : 2061267 wu: 0.009339, ru: 0.037358, gcu : 0.046500
min_rc,wn,mult : 35 8 4
wp: 55718, wn : 8, rp : 242513, rn : 38, gcp : 222872 wu: 0.102372, ru: 0.043874, gcu : 0.430063
WRsum : 0.300001, utilsum(noblock): 1.162337, utilsum(nogc): 0.062816 totutil : 1.225153
::UUNIFAST GEN::
[0]0.081337
[1]0.067468
[2]0.054088
[3]0.041274
[4]0.029139
[5]0.017870
[6]0.007860
[7]0.000964
[ALL]0.300000
min_rc,wn,mult : 35 4 8
wp: 43829, wn : 4, rp : 103273, rn : 6, gcp : 350632 wu: 0.065070, ru: 0.016267, gcu : 0.273361
min_rc,wn,mult : 35 9 3
wp: 317040, wn : 9, rp : 83002, rn : 14, gcp : 951120 wu: 0.020240, ru: 0.047227, gcu : 0.100775
min_rc,wn,mult : 35 9 3
wp: 148301, wn : 9, rp : 181187, rn : 7, gcp : 444903 wu: 0.043270, ru: 0.010818, gcu : 0.215438
min_rc,wn,mult : 35 4 8
wp: 172748, wn : 4, rp : 56533, rn : 5, gcp : 1381984 wu: 0.016510, ru: 0.024764, gcu : 0.069356
min_rc,wn,mult : 35 1 35
wp: 244686, wn : 1, rp : 298947, rn : 28, gcp : 8564010 wu: 0.002914, ru: 0.026225, gcu : 0.011192
min_rc,wn,mult : 35 12 2
wp: 797999, wn : 12, rp : 274207, rn : 7, gcp : 1595998 wu: 0.010722, ru: 0.007148, gcu : 0.060056
min_rc,wn,mult : 35 24 1
wp: 2418848, wn : 24, rp : 5699389, rn : 16, gcp : 2418848 wu: 0.007074, ru: 0.000786, gcu : 0.039626
min_rc,wn,mult : 35 12 2
wp: 17742300, wn : 12, rp : 16257555, rn : 28, gcp : 35484600 wu: 0.000482, ru: 0.000482, gcu : 0.002701
WRsum : 0.300002, utilsum(noblock): 1.072507, utilsum(nogc): 0.079856 totutil : 1.152363
::UUNIFAST GEN::
[0]0.048036
[1]0.046410
[2]0.044552
[3]0.042367
[4]0.039678
[5]0.036087
[6]0.030231
[7]0.012637
[ALL]0.300000
min_rc,wn,mult : 35 23 1
wp: 1137963, wn : 23, rp : 266466, rn : 32, gcp : 1137963 wu: 0.014411, ru: 0.033625, gcu : 0.084229
min_rc,wn,mult : 35 1 35
wp: 21947, wn : 1, rp : 945190, rn : 47, gcp : 768145 wu: 0.032487, ru: 0.013923, gcu : 0.124780
min_rc,wn,mult : 35 26 1
wp: 693489, wn : 26, rp : 78559, rn : 5, gcp : 693489 wu: 0.026731, ru: 0.017821, gcu : 0.138213
min_rc,wn,mult : 35 4 8
wp: 112193, wn : 4, rp : 297399, rn : 18, gcp : 897544 wu: 0.025420, ru: 0.016947, gcu : 0.106790
min_rc,wn,mult : 35 12 2
wp: 1078166, wn : 12, rp : 211701, rn : 24, gcp : 2156332 wu: 0.007936, ru: 0.031743, gcu : 0.044450
min_rc,wn,mult : 35 8 4
wp: 316128, wn : 8, rp : 465547, rn : 30, gcp : 1264512 wu: 0.018043, ru: 0.018043, gcu : 0.075799
min_rc,wn,mult : 35 30 1
wp: 1768860, wn : 30, rp : 138928, rn : 9, gcp : 1768860 wu: 0.012093, ru: 0.018139, gcu : 0.054187
min_rc,wn,mult : 35 11 3
wp: 886591, wn : 11, rp : 1181669, rn : 16, gcp : 2659773 wu: 0.008846, ru: 0.003791, gcu : 0.036037
WRsum : 0.300001, utilsum(noblock): 0.964485, utilsum(nogc): 0.159475 totutil : 1.123960
::UUNIFAST GEN::
[0]0.041911
[1]0.041555
[2]0.041132
[3]0.040608
[4]0.039912
[5]0.038848
[6]0.036491
[7]0.019543
[ALL]0.300000
min_rc,wn,mult : 35 21 1
wp: 446572, wn : 21, rp : 1369571, rn : 41, gcp : 446572 wu: 0.033529, ru: 0.008382, gcu : 0.214633
min_rc,wn,mult : 35 1 35
wp: 28596, wn : 1, rp : 421127, rn : 25, gcp : 1000860 wu: 0.024933, ru: 0.016622, gcu : 0.095767
min_rc,wn,mult : 35 23 1
wp: 498361, wn : 23, rp : 204219, rn : 6, gcp : 498361 wu: 0.032906, ru: 0.008226, gcu : 0.192328
min_rc,wn,mult : 35 15 2
wp: 438949, wn : 15, rp : 86189, rn : 5, gcp : 877898 wu: 0.024365, ru: 0.016243, gcu : 0.109180
min_rc,wn,mult : 35 11 3
wp: 218342, wn : 11, rp : 631390, rn : 9, gcp : 655026 wu: 0.035921, ru: 0.003991, gcu : 0.146329
min_rc,wn,mult : 35 14 2
wp: 513905, wn : 14, rp : 374798, rn : 26, gcp : 1027810 wu: 0.019424, ru: 0.019424, gcu : 0.093256
min_rc,wn,mult : 35 18 1
wp: 879259, wn : 18, rp : 12788, rn : 1, gcp : 879259 wu: 0.014596, ru: 0.021895, gcu : 0.109011
min_rc,wn,mult : 35 17 2
wp: 689139, wn : 17, rp : 4441509, rn : 31, gcp : 1378278 wu: 0.017589, ru: 0.001954, gcu : 0.069543
WRsum : 0.300002, utilsum(noblock): 1.330047, utilsum(nogc): 0.273694 totutil : 1.603742
::UUNIFAST GEN::
[0]0.042785
[1]0.042267
[2]0.041656
[3]0.040908
[4]0.039933
[5]0.038497
[6]0.035578
[7]0.018376
[ALL]0.300000
min_rc,wn,mult : 35 9 3
wp: 374954, wn : 9, rp : 76350, rn : 7, gcp : 1124862 wu: 0.017114, ru: 0.025671, gcu : 0.085210
min_rc,wn,mult : 35 6 5
wp: 112459, wn : 6, rp : 3246036, rn : 49, gcp : 562295 wu: 0.038040, ru: 0.004227, gcu : 0.170460
min_rc,wn,mult : 35 19 1
wp: 406512, wn : 19, rp : 1377947, rn : 41, gcp : 406512 wu: 0.033325, ru: 0.008331, gcu : 0.235784
min_rc,wn,mult : 35 11 3
wp: 479303, wn : 11, rp : 182522, rn : 16, gcp : 1437909 wu: 0.016363, ru: 0.024545, gcu : 0.066659
min_rc,wn,mult : 35 3 11
wp: 59516, wn : 3, rp : 1612693, rn : 23, gcp : 654676 wu: 0.035940, ru: 0.003993, gcu : 0.146407
min_rc,wn,mult : 35 10 3
wp: 370421, wn : 10, rp : 392760, rn : 27, gcp : 1111263 wu: 0.019248, ru: 0.019248, gcu : 0.086252
min_rc,wn,mult : 35 20 1
wp: 2004056, wn : 20, rp : 344315, rn : 35, gcp : 2004056 wu: 0.007116, ru: 0.028462, gcu : 0.047828
min_rc,wn,mult : 35 25 1
wp: 2425084, wn : 25, rp : 253959, rn : 10, gcp : 2425084 wu: 0.007350, ru: 0.011025, gcu : 0.039524
WRsum : 0.300001, utilsum(noblock): 1.178124, utilsum(nogc): 0.058808 totutil : 1.236931
::UUNIFAST GEN::
[0]0.037783
[1]0.038109
[2]0.038493
[3]0.038956
[4]0.039531
[5]0.040249
[6]0.040814
[7]0.026066
[ALL]0.300000
min_rc,wn,mult : 35 1 35
wp: 26958, wn : 1, rp : 444650, rn : 18, gcp : 943530 wu: 0.026448, ru: 0.011335, gcu : 0.101586
min_rc,wn,mult : 35 13 2
wp: 304031, wn : 13, rp : 330632, rn : 9, gcp : 608062 wu: 0.030487, ru: 0.007622, gcu : 0.157630
min_rc,wn,mult : 35 21 1
wp: 432202, wn : 21, rp : 1236596, rn : 17, gcp : 432202 wu: 0.034643, ru: 0.003849, gcu : 0.221769
min_rc,wn,mult : 35 19 1
wp: 386388, wn : 19, rp : 1221885, rn : 17, gcp : 386388 wu: 0.035061, ru: 0.003896, gcu : 0.248064
min_rc,wn,mult : 35 7 5
wp: 252509, wn : 7, rp : 113328, rn : 8, gcp : 1262545 wu: 0.019766, ru: 0.019766, gcu : 0.075917
min_rc,wn,mult : 35 17 2
wp: 501923, wn : 17, rp : 400014, rn : 23, gcp : 1003846 wu: 0.024149, ru: 0.016099, gcu : 0.095482
min_rc,wn,mult : 35 11 3
wp: 384331, wn : 11, rp : 644880, rn : 47, gcp : 1152993 wu: 0.020407, ru: 0.020407, gcu : 0.083131
min_rc,wn,mult : 35 12 2
wp: 410299, wn : 12, rp : 1289019, rn : 24, gcp : 820598 wu: 0.020853, ru: 0.005213, gcu : 0.116804
WRsum : 0.300001, utilsum(noblock): 1.400383, utilsum(nogc): 0.129832 totutil : 1.530215
::UUNIFAST GEN::
[0]0.062981
[1]0.056971
[2]0.050594
[3]0.043745
[4]0.036251
[5]0.027778
[6]0.017514
[7]0.004166
[ALL]0.300000
min_rc,wn,mult : 35 28 1
wp: 3169823, wn : 28, rp : 187709, rn : 38, gcp : 3169823 wu: 0.006298, ru: 0.056683, gcu : 0.030238
min_rc,wn,mult : 35 10 3
wp: 208585, wn : 10, rp : 73721, rn : 6, gcp : 625755 wu: 0.034183, ru: 0.022788, gcu : 0.153173
min_rc,wn,mult : 35 2 17
wp: 93949, wn : 2, rp : 181838, rn : 23, gcp : 1597133 wu: 0.015178, ru: 0.035416, gcu : 0.060013
min_rc,wn,mult : 35 6 5
wp: 108658, wn : 6, rp : 2112217, rn : 33, gcp : 543290 wu: 0.039371, ru: 0.004375, gcu : 0.176423
min_rc,wn,mult : 35 26 1
wp: 639232, wn : 26, rp : 1892386, rn : 49, gcp : 639232 wu: 0.029000, ru: 0.007250, gcu : 0.149944
min_rc,wn,mult : 35 6 5
wp: 220010, wn : 6, rp : 537596, rn : 16, gcp : 1100050 wu: 0.019445, ru: 0.008333, gcu : 0.087131
min_rc,wn,mult : 35 12 2
wp: 2442666, wn : 12, rp : 459641, rn : 23, gcp : 4885332 wu: 0.003503, ru: 0.014011, gcu : 0.019620
min_rc,wn,mult : 35 20 1
wp: 6846658, wn : 20, rp : 6318515, rn : 47, gcp : 6846658 wu: 0.002083, ru: 0.002083, gcu : 0.013999
WRsum : 0.300001, utilsum(noblock): 0.990543, utilsum(nogc): 0.047476 totutil : 1.038020
::UUNIFAST GEN::
[0]0.051516
[1]0.049032
[2]0.046242
[3]0.043031
[4]0.039192
[5]0.034276
[6]0.026893
[7]0.009818
[ALL]0.300000
min_rc,wn,mult : 35 13 2
wp: 899622, wn : 13, rp : 122292, rn : 18, gcp : 1799244 wu: 0.010303, ru: 0.041213, gcu : 0.053272
min_rc,wn,mult : 35 18 1
wp: 654368, wn : 18, rp : 323598, rn : 34, gcp : 654368 wu: 0.019613, ru: 0.029419, gcu : 0.146476
min_rc,wn,mult : 35 8 4
wp: 411167, wn : 8, rp : 181652, rn : 21, gcp : 1644668 wu: 0.013873, ru: 0.032370, gcu : 0.058279
min_rc,wn,mult : 35 9 3
wp: 248539, wn : 9, rp : 455481, rn : 28, gcp : 745617 wu: 0.025819, ru: 0.017213, gcu : 0.128550
min_rc,wn,mult : 35 10 3
wp: 227407, wn : 10, rp : 71443, rn : 2, gcp : 682221 wu: 0.031353, ru: 0.007838, gcu : 0.140496
min_rc,wn,mult : 35 15 2
wp: 445756, wn : 15, rp : 925829, rn : 34, gcp : 891512 wu: 0.023993, ru: 0.010283, gcu : 0.107513
min_rc,wn,mult : 35 2 17
wp: 132563, wn : 2, rp : 607352, rn : 35, gcp : 2253571 wu: 0.010757, ru: 0.016136, gcu : 0.042532
min_rc,wn,mult : 35 30 1
wp: 2723234, wn : 30, rp : 285182, rn : 2, gcp : 2723234 wu: 0.007855, ru: 0.001964, gcu : 0.035197
WRsum : 0.300000, utilsum(noblock): 1.012314, utilsum(nogc): 0.048990 totutil : 1.061304
::UUNIFAST GEN::
[0]0.104541
[1]0.076888
[2]0.053485
[3]0.034334
[4]0.019435
[5]0.008790
[6]0.002400
[7]0.000126
[ALL]0.300000
min_rc,wn,mult : 35 16 2
wp: 363747, wn : 16, rp : 49741, rn : 13, gcp : 727494 wu: 0.031362, ru: 0.073179, gcu : 0.131752
min_rc,wn,mult : 35 22 1
wp: 255014, wn : 22, rp : 91041, rn : 5, gcp : 255014 wu: 0.061510, ru: 0.015378, gcu : 0.375858
min_rc,wn,mult : 35 26 1
wp: 495143, wn : 26, rp : 383907, rn : 22, gcp : 495143 wu: 0.037440, ru: 0.016046, gcu : 0.193578
min_rc,wn,mult : 35 6 5
wp: 155749, wn : 6, rp : 326208, rn : 8, gcp : 778745 wu: 0.027467, ru: 0.006867, gcu : 0.123081
min_rc,wn,mult : 35 13 2
wp: 4769203, wn : 13, rp : 448215, rn : 28, gcp : 9538406 wu: 0.001944, ru: 0.017492, gcu : 0.010049
min_rc,wn,mult : 35 21 1
wp: 2838937, wn : 21, rp : 637068, rn : 8, gcp : 2838937 wu: 0.005274, ru: 0.003516, gcu : 0.033762
min_rc,wn,mult : 35 22 1
wp: 21782646, wn : 22, rp : 1499761, rn : 9, gcp : 21782646 wu: 0.000720, ru: 0.001680, gcu : 0.004400
min_rc,wn,mult : 35 28 1
wp: 226533632, wn : 28, rp : 333604928, rn : 45, gcp : 226533632 wu: 0.000088, ru: 0.000038, gcu : 0.000423
WRsum : 0.300000, utilsum(noblock): 1.172905, utilsum(nogc): 0.070364 totutil : 1.243269
::UUNIFAST GEN::
[0]0.038846
[1]0.039010
[2]0.039199
[3]0.039420
[4]0.039676
[5]0.039932
[6]0.039704
[7]0.024213
[ALL]0.300000
min_rc,wn,mult : 35 19 1
wp: 387485, wn : 19, rp : 2955269, rn : 41, gcp : 387485 wu: 0.034961, ru: 0.003885, gcu : 0.247362
min_rc,wn,mult : 35 20 1
wp: 731097, wn : 20, rp : 531148, rn : 37, gcp : 731097 wu: 0.019505, ru: 0.019505, gcu : 0.131103
min_rc,wn,mult : 35 27 1
wp: 613885, wn : 27, rp : 1750041, rn : 49, gcp : 613885 wu: 0.031359, ru: 0.007840, gcu : 0.156135
min_rc,wn,mult : 35 10 3
wp: 452182, wn : 10, rp : 47353, rn : 4, gcp : 1356546 wu: 0.015768, ru: 0.023652, gcu : 0.070657
min_rc,wn,mult : 35 5 7
wp: 898535, wn : 5, rp : 211716, rn : 27, gcp : 6289745 wu: 0.003968, ru: 0.035708, gcu : 0.015239
min_rc,wn,mult : 35 2 17
wp: 59517, wn : 2, rp : 596011, rn : 34, gcp : 1011789 wu: 0.023959, ru: 0.015973, gcu : 0.094732
min_rc,wn,mult : 35 14 2
wp: 502815, wn : 14, rp : 197458, rn : 14, gcp : 1005630 wu: 0.019852, ru: 0.019852, gcu : 0.095312
min_rc,wn,mult : 35 26 1
wp: 7656203, wn : 26, rp : 269827, rn : 21, gcp : 7656203 wu: 0.002421, ru: 0.021792, gcu : 0.012519
WRsum : 0.300001, utilsum(noblock): 1.123060, utilsum(nogc): 0.073913 totutil : 1.196973
::UUNIFAST GEN::
[0]0.050875
[1]0.048557
[2]0.045945
[3]0.042926
[4]0.039298
[5]0.034619
[6]0.027492
[7]0.010288
[ALL]0.300000
min_rc,wn,mult : 35 1 35
wp: 46715, wn : 1, rp : 393118, rn : 50, gcp : 1635025 wu: 0.015263, ru: 0.035613, gcu : 0.058622
min_rc,wn,mult : 35 5 7
wp: 104884, wn : 5, rp : 903411, rn : 47, gcp : 734188 wu: 0.033990, ru: 0.014567, gcu : 0.130551
min_rc,wn,mult : 35 23 1
wp: 509900, wn : 23, rp : 792260, rn : 39, gcp : 509900 wu: 0.032161, ru: 0.013783, gcu : 0.187976
min_rc,wn,mult : 35 4 8
wp: 73821, wn : 4, rp : 1630706, rn : 25, gcp : 590568 wu: 0.038634, ru: 0.004293, gcu : 0.162300
min_rc,wn,mult : 35 30 1
wp: 777568, wn : 30, rp : 617498, rn : 26, gcp : 777568 wu: 0.027509, ru: 0.011790, gcu : 0.123268
min_rc,wn,mult : 35 1 35
wp: 25744, wn : 1, rp : 1253662, rn : 31, gcp : 901040 wu: 0.027695, ru: 0.006924, gcu : 0.106376
min_rc,wn,mult : 35 6 5
wp: 259344, wn : 6, rp : 178231, rn : 7, gcp : 1296720 wu: 0.016495, ru: 0.010997, gcu : 0.073916
min_rc,wn,mult : 35 29 1
wp: 6699292, wn : 29, rp : 1671826, rn : 43, gcp : 6699292 wu: 0.003086, ru: 0.007202, gcu : 0.014307
WRsum : 0.300002, utilsum(noblock): 1.157319, utilsum(nogc): 0.135954 totutil : 1.293273
::UUNIFAST GEN::
[0]0.030631
[1]0.031807
[2]0.033250
[3]0.035097
[4]0.037602
[5]0.041333
[6]0.047801
[7]0.042478
[ALL]0.300000
min_rc,wn,mult : 35 16 2
wp: 465534, wn : 16, rp : 2011006, rn : 44, gcp : 931068 wu: 0.024505, ru: 0.006126, gcu : 0.102945
min_rc,wn,mult : 35 8 4
wp: 199259, wn : 8, rp : 1232447, rn : 14, gcp : 797036 wu: 0.028626, ru: 0.003181, gcu : 0.120257
min_rc,wn,mult : 35 8 4
wp: 1715465, wn : 8, rp : 140348, rn : 15, gcp : 6861860 wu: 0.003325, ru: 0.029925, gcu : 0.013968
min_rc,wn,mult : 35 13 2
wp: 377281, wn : 13, rp : 292523, rn : 11, gcp : 754562 wu: 0.024568, ru: 0.010529, gcu : 0.127026
min_rc,wn,mult : 35 27 1
wp: 1279921, wn : 27, rp : 24821, rn : 2, gcp : 1279921 wu: 0.015041, ru: 0.022561, gcu : 0.074887
min_rc,wn,mult : 35 23 1
wp: 1983742, wn : 23, rp : 220160, rn : 26, gcp : 1983742 wu: 0.008267, ru: 0.033067, gcu : 0.048317
min_rc,wn,mult : 35 14 2
wp: 261030, wn : 14, rp : 87864, rn : 3, gcp : 522060 wu: 0.038241, ru: 0.009560, gcu : 0.183598
min_rc,wn,mult : 35 15 2
wp: 503551, wn : 15, rp : 435045, rn : 33, gcp : 1007102 wu: 0.021239, ru: 0.021239, gcu : 0.095173
WRsum : 0.300001, utilsum(noblock): 1.066172, utilsum(nogc): 0.141010 totutil : 1.207182
::UUNIFAST GEN::
[0]0.046488
[1]0.045212
[2]0.043742
[3]0.041996
[4]0.039818
[5]0.036844
[6]0.031776
[7]0.014124
[ALL]0.300000
min_rc,wn,mult : 35 22 1
wp: 562373, wn : 22, rp : 45173, rn : 3, gcp : 562373 wu: 0.027893, ru: 0.018595, gcu : 0.170437
min_rc,wn,mult : 35 4 8
wp: 90115, wn : 4, rp : 598662, rn : 29, gcp : 720920 wu: 0.031648, ru: 0.013564, gcu : 0.132954
min_rc,wn,mult : 35 11 3
wp: 358600, wn : 11, rp : 294452, rn : 23, gcp : 1075800 wu: 0.021871, ru: 0.021871, gcu : 0.089096
min_rc,wn,mult : 35 10 3
wp: 565925, wn : 10, rp : 361938, rn : 38, gcp : 1697775 wu: 0.012599, ru: 0.029397, gcu : 0.056456
min_rc,wn,mult : 35 17 2
wp: 1014706, wn : 17, rp : 20091, rn : 2, gcp : 2029412 wu: 0.011945, ru: 0.027872, gcu : 0.047230
min_rc,wn,mult : 35 21 1
wp: 580548, wn : 21, rp : 354643, rn : 14, gcp : 580548 wu: 0.025791, ru: 0.011053, gcu : 0.165101
min_rc,wn,mult : 35 10 3
wp: 249315, wn : 10, rp : 1321756, rn : 15, gcp : 747945 wu: 0.028598, ru: 0.003178, gcu : 0.128150
min_rc,wn,mult : 35 24 1
wp: 12115510, wn : 24, rp : 947163, rn : 43, gcp : 12115510 wu: 0.001412, ru: 0.012712, gcu : 0.007911
WRsum : 0.300001, utilsum(noblock): 1.097335, utilsum(nogc): 0.174207 totutil : 1.271542
::UUNIFAST GEN::
[0]0.003348
[1]0.003859
[2]0.004565
[3]0.005606
[4]0.007305
[5]0.010606
[6]0.020001
[7]0.244710
[ALL]0.300000
min_rc,wn,mult : 35 5 7
wp: 1330913, wn : 5, rp : 20070096, rn : 48, gcp : 9316391 wu: 0.002679, ru: 0.000670, gcu : 0.010288
min_rc,wn,mult : 35 30 1
wp: 13856830, wn : 30, rp : 2902225, rn : 24, gcp : 13856830 wu: 0.001544, ru: 0.002315, gcu : 0.006917
min_rc,wn,mult : 35 21 1
wp: 4685939, wn : 21, rp : 5725069, rn : 28, gcp : 4685939 wu: 0.003195, ru: 0.001369, gcu : 0.020455
min_rc,wn,mult : 35 24 1
wp: 10174897, wn : 24, rp : 499469, rn : 7, gcp : 10174897 wu: 0.001682, ru: 0.003924, gcu : 0.009420
min_rc,wn,mult : 35 26 1
wp: 5075176, wn : 26, rp : 2223024, rn : 29, gcp : 5075176 wu: 0.003653, ru: 0.003653, gcu : 0.018886
min_rc,wn,mult : 35 5 7
wp: 480208, wn : 5, rp : 1408072, rn : 16, gcp : 3361456 wu: 0.007424, ru: 0.003182, gcu : 0.028514
min_rc,wn,mult : 35 13 2
wp: 662033, wn : 13, rp : 886615, rn : 19, gcp : 1324066 wu: 0.014001, ru: 0.006000, gcu : 0.072390
min_rc,wn,mult : 35 4 8
wp: 23309, wn : 4, rp : 73229, rn : 32, gcp : 186472 wu: 0.122355, ru: 0.122355, gcu : 0.514013
WRsum : 0.300002, utilsum(noblock): 0.980885, utilsum(nogc): 0.150157 totutil : 1.131042
::UUNIFAST GEN::
[0]0.005973
[1]0.006818
[2]0.007973
[3]0.009656
[4]0.012357
[5]0.017482
[6]0.031480
[7]0.208261
[ALL]0.300000
min_rc,wn,mult : 35 17 2
wp: 2536764, wn : 17, rp : 703203, rn : 3, gcp : 5073528 wu: 0.004778, ru: 0.001195, gcu : 0.018892
min_rc,wn,mult : 35 1 35
wp: 261440, wn : 1, rp : 684463, rn : 10, gcp : 9150400 wu: 0.002727, ru: 0.004091, gcu : 0.010475
min_rc,wn,mult : 35 5 7
wp: 2235607, wn : 5, rp : 438969, rn : 10, gcp : 15649249 wu: 0.001595, ru: 0.006379, gcu : 0.006125
min_rc,wn,mult : 35 4 8
wp: 738401, wn : 4, rp : 1691523, rn : 35, gcp : 5907208 wu: 0.003862, ru: 0.005794, gcu : 0.016226
min_rc,wn,mult : 35 24 1
wp: 1730967, wn : 24, rp : 1359525, rn : 12, gcp : 1730967 wu: 0.009886, ru: 0.002471, gcu : 0.055373
min_rc,wn,mult : 35 9 3
wp: 3670641, wn : 9, rp : 320330, rn : 18, gcp : 11011923 wu: 0.001748, ru: 0.015734, gcu : 0.008704
min_rc,wn,mult : 35 26 1
wp: 981462, wn : 26, rp : 1067336, rn : 48, gcp : 981462 wu: 0.018888, ru: 0.012592, gcu : 0.097659
min_rc,wn,mult : 35 30 1
wp: 1027078, wn : 30, rp : 22407, rn : 15, gcp : 1027078 wu: 0.020826, ru: 0.187435, gcu : 0.093322
WRsum : 0.300007, utilsum(noblock): 0.606783, utilsum(nogc): 0.156201 totutil : 0.762984
saving 17,2536764,3,703203,5073528,0,10878
saving 1,261440,10,684463,9150400,10879,21757
saving 5,2235607,10,438969,15649249,21758,32636
saving 4,738401,35,1691523,5907208,32637,43515
saving 24,1730967,12,1359525,1730967,43516,54394
saving 9,3670641,18,320330,11011923,54395,65273
saving 26,981462,48,1067336,981462,65274,76152
saving 30,1027078,15,22407,1027078,76153,87031
