[ SCHEMES ] 0, 0, 0, 0
[EXEC-main] 0, 1
[EXEC-task] 8, 0.200000
[EXEC-skew] -1, -2.000000, -2.000000, 32767
[EXEC-OP  ] 0, 0.320000, 35
[NOB MAXPE] : 1000, 2000
[LAT MODE ] : 0 (0=STATE, 1=FIXED_S, 2=FIXED_E)
expected_invalid : 34720, expected_fp : 5217, maxvalid : 87039
::UUNIFAST GEN::
[0]0.042778
[1]0.038487
[2]0.033962
[3]0.029137
[4]0.023905
[5]0.018064
[6]0.011132
[7]0.002536
[ALL]0.200000
min_rc,wn,mult : 35 2 17
wp: 37039, wn : 2, rp : 327273, rn : 5, gcp : 629663 wu: 0.038500, ru: 0.004278, gcu : 0.152223
min_rc,wn,mult : 35 16 2
wp: 2964102, wn : 16, rp : 40417, rn : 5, gcp : 5928204 wu: 0.003849, ru: 0.034638, gcu : 0.016168
min_rc,wn,mult : 35 20 1
wp: 1049696, wn : 20, rp : 302296, rn : 22, gcp : 1049696 wu: 0.013585, ru: 0.020377, gcu : 0.091311
min_rc,wn,mult : 35 21 1
wp: 2569405, wn : 21, rp : 348353, rn : 29, gcp : 2569405 wu: 0.005827, ru: 0.023310, gcu : 0.037304
min_rc,wn,mult : 35 26 1
wp: 861659, wn : 26, rp : 2694021, rn : 23, gcp : 861659 wu: 0.021514, ru: 0.002390, gcu : 0.111238
min_rc,wn,mult : 35 14 2
wp: 1381486, wn : 14, rp : 723359, rn : 28, gcp : 2762972 wu: 0.007226, ru: 0.010838, gcu : 0.034691
min_rc,wn,mult : 35 5 7
wp: 533762, wn : 5, rp : 2200926, rn : 35, gcp : 3736334 wu: 0.006679, ru: 0.004453, gcu : 0.025653
min_rc,wn,mult : 35 20 1
wp: 18746842, wn : 20, rp : 5994783, rn : 38, gcp : 18746842 wu: 0.000761, ru: 0.001775, gcu : 0.005113
WRsum : 0.200001, utilsum(noblock): 0.673701, utilsum(nogc): 0.094495 totutil : 0.768196
saving 2,37039,5,327273,629663,0,10878
saving 16,2964102,5,40417,5928204,10879,21757
saving 20,1049696,22,302296,1049696,21758,32636
saving 21,2569405,29,348353,2569405,32637,43515
saving 26,861659,23,2694021,861659,43516,54394
saving 14,1381486,28,723359,2762972,54395,65273
saving 5,533762,35,2200926,3736334,65274,76152
saving 20,18746842,38,5994783,18746842,76153,87031
